10-06 15:28:39.655 D/CCodecConfig( 8874):   c2::u32 coded.aac-packaging.value = 0
10-06 15:28:39.655 D/CCodecConfig( 8874):   c2::u32 coded.bitrate.value = 64000
10-06 15:28:39.655 D/CCodecConfig( 8874):   c2::u32 coded.pl.level = 0
10-06 15:28:39.655 D/CCodecConfig( 8874):   c2::u32 coded.pl.profile = 8192
10-06 15:28:39.655 D/CCodecConfig( 8874):   c2::i32 coding.drc.album-mode.value = 0
10-06 15:28:39.655 D/CCodecConfig( 8874):   c2::float coding.drc.attenuation-factor.value = 1
10-06 15:28:39.655 D/CCodecConfig( 8874):   c2::float coding.drc.boost-factor.value = 1
10-06 15:28:39.655 D/CCodecConfig( 8874):   c2::i32 coding.drc.compression-mode.value = 3
10-06 15:28:39.655 D/CCodecConfig( 8874):   c2::i32 coding.drc.effect-type.value = 3
10-06 15:28:39.655 D/CCodecConfig( 8874):   c2::float coding.drc.encoded-level.value = 0.25
10-06 15:28:39.655 D/CCodecConfig( 8874):   c2::float coding.drc.reference-level.value = -16
10-06 15:28:39.655 D/CCodecConfig( 8874):   c2::u32 input.buffers.max-size.value = 8192
10-06 15:28:39.655 D/CCodecConfig( 8874):   c2::u32 input.delay.value = 0
10-06 15:28:39.655 D/CCodecConfig( 8874):   string input.media-type.value = "audio/mp4a-latm"
10-06 15:28:39.655 D/CCodecConfig( 8874):   c2::u32 output.delay.value = 2
10-06 15:28:39.655 D/CCodecConfig( 8874):   c2::float output.drc.output-loudness.value = 0.25
10-06 15:28:39.655 D/CCodecConfig( 8874):   c2::u32 output.large-frame.max-size = 0
10-06 15:28:39.655 D/CCodecConfig( 8874):   c2::u32 output.large-frame.threshold-size = 0
10-06 15:28:39.655 D/CCodecConfig( 8874):   string output.media-type.value = "audio/raw"
10-06 15:28:39.655 D/CCodecConfig( 8874):   c2::u32 raw.channel-count.value = 1
10-06 15:28:39.655 D/CCodecConfig( 8874):   c2::u32 raw.channel-mask.value = 0
10-06 15:28:39.655 D/CCodecConfig( 8874):   c2::u32 raw.max-channel-count.value = 8
10-06 15:28:39.655 D/CCodecConfig( 8874):   c2::u32 raw.sample-rate.value = 44100
10-06 15:28:39.655 D/CCodecConfig( 8874): }
10-06 15:28:39.659 I/CCodec  ( 8874): setting up 'default' as default (vendor) store
10-06 15:28:39.666 I/MediaCodec( 8874): MediaCodec will operate in async mode
10-06 15:28:39.668 I/CCodec  ( 8874): Created component [c2.android.aac.decoder] for [c2.android.aac.decoder]
10-06 15:28:39.669 D/CCodecConfig( 8874): read media type: audio/mp4a-latm
10-06 15:28:39.672 E/MediaCodec( 8874): Media Quality Service not found.
10-06 15:28:39.672 D/CCodec  ( 8874): [c2.android.aac.decoder] buffers are bound to CCodec for this session
10-06 15:28:39.673 D/CCodecConfig( 8874): no c2 equivalents for log-session-id
10-06 15:28:39.673 D/CCodecConfig( 8874): no c2 equivalents for importance
10-06 15:28:39.673 D/CCodecConfig( 8874): no c2 equivalents for flags
10-06 15:28:39.676 D/CCodecConfig( 8874): c2 config diff is   c2::u32 raw.channel-count.value = 2
10-06 15:28:39.676 W/Codec2Client( 8874): query -- param skipped: index = 1107298332.
10-06 15:28:39.676 D/CCodec  ( 8874): encoding statistics level = 0
10-06 15:28:39.676 D/CCodec  ( 8874): setup formats input: AMessage(what = 0x00000000) = {
10-06 15:28:39.676 D/CCodec  ( 8874):   int32_t aac-drc-album-mode = 0
10-06 15:28:39.676 D/CCodec  ( 8874):   int32_t aac-drc-boost-level = 127
10-06 15:28:39.676 D/CCodec  ( 8874):   int32_t aac-drc-cut-level = 127
10-06 15:28:39.676 D/CCodec  ( 8874):   int32_t aac-drc-effect-type = 3
10-06 15:28:39.676 D/CCodec  ( 8874):   int32_t aac-encoded-target-level = -1
10-06 15:28:39.676 D/CCodec  ( 8874):   int32_t aac-max-output-channel_count = 8
10-06 15:28:39.676 D/CCodec  ( 8874):   int32_t aac-target-ref-level = 64
10-06 15:28:39.676 D/CCodec  ( 8874):   int32_t bitrate = 64000
10-06 15:28:39.676 D/CCodec  ( 8874):   int32_t channel-count = 2
10-06 15:28:39.676 D/CCodec  ( 8874):   int32_t channel-mask = 0
10-06 15:28:39.676 D/CCodec  ( 8874):   int32_t level = 0
10-06 15:28:39.676 D/CCodec  ( 8874):   int32_t max-input-size = 8192
10-06 15:28:39.676 D/CCodec  ( 8874):   int32_t max-output-channel-count = 8
10-06 15:28:39.676 D/CCodec  ( 8874):   string mime = "audio/mp4a-latm"
10-06 15:28:39.676 D/CCodec  ( 8874):   int32_t profile = 2
10-06 15:28:39.676 D/CCodec  ( 8874):   int32_t sample-rate = 44100
10-06 15:28:39.676 D/CCodec  ( 8874): }
10-06 15:28:39.676 D/CCodec  ( 8874): setup formats output: AMessage(what = 0x00000000) = {
10-06 15:28:39.676 D/CCodec  ( 8874):   int32_t aac-drc-album-mode = 0
10-06 15:28:39.676 D/CCodec  ( 8874):   int32_t aac-drc-boost-level = 127
10-06 15:28:39.676 D/CCodec  ( 8874):   int32_t aac-drc-cut-level = 127
10-06 15:28:39.676 D/CCodec  ( 8874):   int32_t aac-drc-effect-type = 3
10-06 15:28:39.676 D/CCodec  ( 8874):   int32_t aac-drc-output-loudness = -1
10-06 15:28:39.676 D/CCodec  ( 8874):   int32_t aac-encoded-target-level = -1
10-06 15:28:39.676 D/CCodec  ( 8874):   int32_t aac-max-output-channel_count = 8
10-06 15:28:39.676 D/CCodec  ( 8874):   int32_t aac-target-ref-level = 64
10-06 15:28:39.676 D/CCodec  ( 8874):   int32_t buffer-batch-max-output-size = 0
10-06 15:28:39.676 D/CCodec  ( 8874):   int32_t buffer-batch-threshold-output-size = 0
10-06 15:28:39.676 D/CCodec  ( 8874):   int32_t channel-count = 2
10-06 15:28:39.676 D/CCodec  ( 8874):   int32_t channel-mask = 0
10-06 15:28:39.676 D/CCodec  ( 8874):   int32_t max-output-channel-count = 8
10-06 15:28:39.676 D/CCodec  ( 8874):   string mime = "audio/raw"
10-06 15:28:39.676 D/CCodec  ( 8874):   int32_t sample-rate = 44100
10-06 15:28:39.676 D/CCodec  ( 8874):   int32_t android._config-pcm-encoding = 2
10-06 15:28:39.676 D/CCodec  ( 8874): }
10-06 15:28:39.677 I/CCodecConfig( 8874): query failed after returning 21 values (BAD_INDEX)
10-06 15:28:39.677 E/tesproplayersgo( 8874): Failed to query component interface for required system resources: 6
10-06 15:28:39.678 D/MediaCodec( 8874): keep callback message for reclaim
10-06 15:28:39.684 D/ReflectedParamUpdater( 8874): extent() != 1 for single value type: algo.buffers.max-count.values
10-06 15:28:39.684 W/Codec2Client( 8874): query -- param skipped: index = 1342179345.
10-06 15:28:39.684 W/Codec2Client( 8874): query -- param skipped: index = 2415921170.
10-06 15:28:39.684 W/Codec2Client( 8874): query -- param skipped: index = 1610614798.
10-06 15:28:39.685 D/ReflectedParamUpdater( 8874): extent() != 1 for single value type: output.subscribed-indices.values
10-06 15:28:39.686 D/C2Store ( 8874): Using DMABUF Heaps
10-06 15:28:39.686 D/ReflectedParamUpdater( 8874): extent() != 1 for single value type: input.buffers.allocator-ids.values
10-06 15:28:39.686 D/ReflectedParamUpdater( 8874): extent() != 1 for single value type: output.buffers.allocator-ids.values
10-06 15:28:39.686 D/ReflectedParamUpdater( 8874): extent() != 1 for single value type: algo.buffers.allocator-ids.values
10-06 15:28:39.687 D/ReflectedParamUpdater( 8874): extent() != 1 for single value type: output.buffers.pool-ids.values
10-06 15:28:39.689 D/CCodecBufferChannel( 8874): [c2.android.aac.decoder#367] Created input block pool with allocatorID 16 => poolID 17 - OK (0)
10-06 15:28:39.689 D/ReflectedParamUpdater( 8874): extent() != 1 for single value type: algo.buffers.pool-ids.values
10-06 15:28:39.692 I/CCodecBufferChannel( 8874): [c2.android.aac.decoder#367] Created output block pool with allocatorID 16 => poolID 49 - OK
10-06 15:28:39.692 D/CCodecBufferChannel( 8874): [c2.android.aac.decoder#367] Configured output block pool ids 49 => OK
10-06 15:28:39.694 E/Codec2-ComponentInterface(  634): We have a failed config
10-06 15:28:39.698 I/DMABUFHEAPS( 8874): Using DMA-BUF heap named: system
10-06 15:28:39.699 I/CCodecConfig( 8874): query failed after returning 21 values (BAD_INDEX)
10-06 15:28:39.700 D/SimpleC2Component(  634): Using output block pool with poolID 49 => got 49 - 0
10-06 15:28:39.700 D/CCodecConfig( 8874): c2 config diff is Dict {
10-06 15:28:39.700 D/CCodecConfig( 8874):   c2::u32 coded.aac-packaging.value = 0
10-06 15:28:39.700 D/CCodecConfig( 8874):   c2::u32 coded.bitrate.value = 64000
10-06 15:28:39.700 D/CCodecConfig( 8874):   c2::u32 coded.pl.level = 0
10-06 15:28:39.700 D/CCodecConfig( 8874):   c2::u32 coded.pl.profile = 8192
10-06 15:28:39.700 D/CCodecConfig( 8874):   c2::i32 coding.drc.album-mode.value = 0
10-06 15:28:39.700 D/CCodecConfig( 8874):   c2::float coding.drc.attenuation-factor.value = 1
10-06 15:28:39.700 D/CCodecConfig( 8874):   c2::float coding.drc.boost-factor.value = 1
10-06 15:28:39.700 D/CCodecConfig( 8874):   c2::i32 coding.drc.compression-mode.value = 3
10-06 15:28:39.700 D/CCodecConfig( 8874):   c2::i32 coding.drc.effect-type.value = 3
10-06 15:28:39.700 D/CCodecConfig( 8874):   c2::float coding.drc.encoded-level.value = 0.25
10-06 15:28:39.700 D/CCodecConfig( 8874):   c2::float coding.drc.reference-level.value = -16
10-06 15:28:39.700 D/CCodecConfig( 8874):   c2::u32 input.buffers.max-size.value = 8192
10-06 15:28:39.700 D/CCodecConfig( 8874):   c2::u32 input.delay.value = 0
10-06 15:28:39.700 D/CCodecConfig( 8874):   string input.media-type.value = "audio/mp4a-latm"
10-06 15:28:39.700 D/CCodecConfig( 8874):   c2::u32 output.delay.value = 2
10-06 15:28:39.700 D/CCodecConfig( 8874):   c2::float output.drc.output-loudness.value = 0.25
10-06 15:28:39.700 D/CCodecConfig( 8874):   c2::u32 output.large-frame.max-size = 0
10-06 15:28:39.700 D/CCodecConfig( 8874):   c2::u32 output.large-frame.threshold-size = 0
10-06 15:28:39.700 D/CCodecConfig( 8874):   string output.media-type.value = "audio/raw"
10-06 15:28:39.700 D/CCodecConfig( 8874):   c2::u32 raw.channel-count.value = 1
10-06 15:28:39.700 D/CCodecConfig( 8874):   c2::u32 raw.channel-mask.value = 0
10-06 15:28:39.700 D/CCodecConfig( 8874):   c2::u32 raw.max-channel-count.value = 8
10-06 15:28:39.700 D/CCodecConfig( 8874):   c2::u32 raw.sample-rate.value = 44100
10-06 15:28:39.700 D/CCodecConfig( 8874): }
10-06 15:28:39.706 I/MediaCodec( 8874): MediaCodec will operate in async mode
10-06 15:28:39.709 E/MediaCodec( 8874): Media Quality Service not found.
10-06 15:28:39.710 D/CCodec  ( 8874): [c2.android.aac.decoder] buffers are bound to CCodec for this session
10-06 15:28:39.710 D/CCodecConfig( 8874): no c2 equivalents for log-session-id
10-06 15:28:39.710 D/CCodecConfig( 8874): no c2 equivalents for importance
10-06 15:28:39.710 D/CCodecConfig( 8874): no c2 equivalents for flags
10-06 15:28:39.711 E/Codec2-ComponentInterface(  634): We have a failed config
10-06 15:28:39.711 D/CCodecConfig( 8874): config failed => CORRUPTED
10-06 15:28:39.713 D/CCodecConfig( 8874): c2 config diff is   c2::u32 raw.channel-count.value = 2
10-06 15:28:39.713 D/CCodecConfig( 8874):   c2::u32 raw.sample-rate.value = 48000
10-06 15:28:39.716 W/Codec2Client( 8874): query -- param skipped: index = 1107298332.
10-06 15:28:39.716 D/CCodec  ( 8874): client requested max input size 778, which is smaller than what component recommended (8192); overriding with component recommendation.
10-06 15:28:39.716 W/CCodec  ( 8874): This behavior is subject to change. It is recommended that app developers double check whether the requested max input size is in reasonable range.
10-06 15:28:39.716 D/CCodec  ( 8874): encoding statistics level = 0
10-06 15:28:39.716 D/CCodec  ( 8874): setup formats input: AMessage(what = 0x00000000) = {
10-06 15:28:39.716 D/CCodec  ( 8874):   int32_t aac-drc-album-mode = 0
10-06 15:28:39.716 D/CCodec  ( 8874):   int32_t aac-drc-boost-level = 127
10-06 15:28:39.716 D/CCodec  ( 8874):   int32_t aac-drc-cut-level = 127
10-06 15:28:39.716 D/CCodec  ( 8874):   int32_t aac-drc-effect-type = 3
10-06 15:28:39.716 D/CCodec  ( 8874):   int32_t aac-encoded-target-level = -1
10-06 15:28:39.716 D/CCodec  ( 8874):   int32_t aac-max-output-channel_count = 8
10-06 15:28:39.716 D/CCodec  ( 8874):   int32_t aac-target-ref-level = 64
10-06 15:28:39.716 D/CCodec  ( 8874):   int32_t bitrate = 64000
10-06 15:28:39.716 D/CCodec  ( 8874):   int32_t channel-count = 2
10-06 15:28:39.716 D/CCodec  ( 8874):   int32_t channel-mask = 0
10-06 15:28:39.716 D/CCodec  ( 8874):   int32_t level = 0
10-06 15:28:39.716 D/CCodec  ( 8874):   int32_t max-input-size = 8192
10-06 15:28:39.716 D/CCodec  ( 8874):   int32_t max-output-channel-count = 8
10-06 15:28:39.716 D/CCodec  ( 8874):   string mime = "audio/mp4a-latm"
10-06 15:28:39.716 D/CCodec  ( 8874):   int32_t profile = 2
10-06 15:28:39.716 D/CCodec  ( 8874):   int32_t sample-rate = 48000
10-06 15:28:39.716 D/CCodec  ( 8874): }
10-06 15:28:39.716 D/CCodec  ( 8874): setup formats output: AMessage(what = 0x00000000) = {
10-06 15:28:39.716 D/CCodec  ( 8874):   int32_t aac-drc-album-mode = 0
10-06 15:28:39.716 D/CCodec  ( 8874):   int32_t aac-drc-boost-level = 127
10-06 15:28:39.716 D/CCodec  ( 8874):   int32_t aac-drc-cut-level = 127
10-06 15:28:39.716 D/CCodec  ( 8874):   int32_t aac-drc-effect-type = 3
10-06 15:28:39.716 D/CCodec  ( 8874):   int32_t aac-drc-output-loudness = -1
10-06 15:28:39.716 D/CCodec  ( 8874):   int32_t aac-encoded-target-level = -1
10-06 15:28:39.716 D/CCodec  ( 8874):   int32_t aac-max-output-channel_count = 8
10-06 15:28:39.716 D/CCodec  ( 8874):   int32_t aac-target-ref-level = 64
10-06 15:28:39.716 D/CCodec  ( 8874):   int32_t buffer-batch-max-output-size = 0
10-06 15:28:39.716 D/CCodec  ( 8874):   int32_t buffer-batch-threshold-output-size = 0
10-06 15:28:39.716 D/CCodec  ( 8874):   int32_t channel-count = 2
10-06 15:28:39.716 D/CCodec  ( 8874):   int32_t channel-mask = 0
10-06 15:28:39.716 D/CCodec  ( 8874):   int32_t max-output-channel-count = 8
10-06 15:28:39.716 D/CCodec  ( 8874):   string mime = "audio/raw"
10-06 15:28:39.716 D/CCodec  ( 8874):   int32_t sample-rate = 48000
10-06 15:28:39.716 D/CCodec  ( 8874):   int32_t android._config-pcm-encoding = 2
10-06 15:28:39.716 D/CCodec  ( 8874): }
10-06 15:28:39.717 I/CCodecConfig( 8874): query failed after returning 21 values (BAD_INDEX)
10-06 15:28:39.719 E/tesproplayersgo( 8874): Failed to query component interface for required system resources: 6
10-06 15:28:39.722 I/DMCodecAdapterFactory( 8874): Creating an asynchronous MediaCodec adapter for track type video
10-06 15:28:39.725 D/MediaCodec( 8874): keep callback message for reclaim
10-06 15:28:39.728 D/SimpleC2Component(  634): applied 2 configUpdates => OK (0)
10-06 15:28:39.729 I/C2SoftAacDec(  634): Reconfiguring decoder: 0->44100 Hz, 0->2 channels
10-06 15:28:39.732 W/Codec2Client( 8874): query -- param skipped: index = 1342179345.
10-06 15:28:39.732 W/Codec2Client( 8874): query -- param skipped: index = 2415921170.
10-06 15:28:39.732 W/Codec2Client( 8874): query -- param skipped: index = 1610614798.
10-06 15:28:39.734 D/CCodec  ( 8874): allocate(c2.goldfish.vp9.decoder)
10-06 15:28:39.736 D/CCodecBufferChannel( 8874): [c2.android.aac.decoder#525] Created input block pool with allocatorID 16 => poolID 18 - OK (0)
10-06 15:28:39.738 D/CCodecConfig( 8874): c2 config diff is   c2::u32 raw.channel-mask.value = 12
10-06 15:28:39.740 I/CCodecBufferChannel( 8874): [c2.android.aac.decoder#525] Created output block pool with allocatorID 16 => poolID 50 - OK
10-06 15:28:39.740 D/CCodecBufferChannel( 8874): [c2.android.aac.decoder#525] Configured output block pool ids 50 => OK
10-06 15:28:39.741 D/CCodecBuffers( 8874): [c2.android.aac.decoder#367:Output[N]] popFromStashAndRegister: at 1000000000000us, output format changed to AMessage(what = 0x00000000) = {
10-06 15:28:39.741 D/CCodecBuffers( 8874):   int32_t aac-drc-album-mode = 0
10-06 15:28:39.741 D/CCodecBuffers( 8874):   int32_t aac-drc-boost-level = 127
10-06 15:28:39.741 D/CCodecBuffers( 8874):   int32_t aac-drc-cut-level = 127
10-06 15:28:39.741 D/CCodecBuffers( 8874):   int32_t aac-drc-effect-type = 3
10-06 15:28:39.741 D/CCodecBuffers( 8874):   int32_t aac-drc-output-loudness = -1
10-06 15:28:39.741 D/CCodecBuffers( 8874):   int32_t aac-encoded-target-level = -1
10-06 15:28:39.741 D/CCodecBuffers( 8874):   int32_t aac-max-output-channel_count = 8
10-06 15:28:39.741 D/CCodecBuffers( 8874):   int32_t aac-target-ref-level = 64
10-06 15:28:39.741 D/CCodecBuffers( 8874):   int32_t buffer-batch-max-output-size = 0
10-06 15:28:39.741 D/CCodecBuffers( 8874):   int32_t buffer-batch-threshold-output-size = 0
10-06 15:28:39.741 D/CCodecBuffers( 8874):   int32_t channel-count = 2
10-06 15:28:39.741 D/CCodecBuffers( 8874):   int32_t channel-mask = 12
10-06 15:28:39.741 D/CCodecBuffers( 8874):   int32_t max-output-channel-count = 8
10-06 15:28:39.741 D/CCodecBuffers( 8874):   string mime = "audio/raw"
10-06 15:28:39.741 D/CCodecBuffers( 8874):   int32_t sample-rate = 44100
10-06 15:28:39.741 D/CCodecBuffers( 8874):   int32_t android._config-pcm-encoding = 2
10-06 15:28:39.741 D/CCodecBuffers( 8874): }
10-06 15:28:39.741 E/Codec2-ComponentInterface(  634): We have a failed config
10-06 15:28:39.741 I/CCodec  ( 8874): setting up 'default' as default (vendor) store
10-06 15:28:39.743 I/GoldfishComponentStore(  498): in init
10-06 15:28:39.743 I/GoldfishComponentStore(  498): loading dll of path libcodec2_goldfish_vp9dec.so
10-06 15:28:39.746 I/GoldfishComponentStore(  498): Create()
10-06 15:28:39.749 I/C2GoldfishVpxDec(  498): platform store is 0x708f0f45db08, reflector is 0x708f2f461db8
10-06 15:28:39.753 I/android.hardware.media.c2@1.0-service-goldfish(  498): missing struct descriptor #Param::CoreIndex(--005) for field values of struct #Param::CoreIndex(F-10821)
10-06 15:28:39.753 I/GoldfishComponentStore(  498): created interface
10-06 15:28:39.753 I/android.hardware.media.c2@1.0-service-goldfish(  498): missing struct descriptor #Param::CoreIndex(--005) for field values of struct #Param::CoreIndex(F-10821)
10-06 15:28:39.755 I/GoldfishComponentStore(  498): created component
10-06 15:28:39.756 D/SimpleC2Component(  634): Using output block pool with poolID 50 => got 50 - 0
10-06 15:28:39.758 I/ResourceTimer(  707): GetResourceValue count=21677 pvalues=8000,12000,16000,70000
10-06 15:28:39.760 I/ResourceTimer(  707): RetrieveAttributes count=12994 pvalues=9000,32000,46000,520000
10-06 15:28:39.762 I/CCodec  ( 8874): Created component [c2.goldfish.vp9.decoder] for [c2.goldfish.vp9.decoder]
10-06 15:28:39.764 D/CCodecConfig( 8874): read media type: video/x-vnd.on2.vp9
10-06 15:28:39.766 D/ReflectedParamUpdater( 8874): extent() != 1 for single value type: algo.buffers.max-count.values
10-06 15:28:39.768 D/ReflectedParamUpdater( 8874): extent() != 1 for single value type: output.subscribed-indices.values
10-06 15:28:39.768 D/ReflectedParamUpdater( 8874): extent() != 1 for single value type: input.buffers.allocator-ids.values
10-06 15:28:39.768 D/ReflectedParamUpdater( 8874): extent() != 1 for single value type: output.buffers.allocator-ids.values
10-06 15:28:39.768 D/ReflectedParamUpdater( 8874): extent() != 1 for single value type: algo.buffers.allocator-ids.values
10-06 15:28:39.768 D/ReflectedParamUpdater( 8874): extent() != 1 for single value type: output.buffers.pool-ids.values
10-06 15:28:39.768 D/ReflectedParamUpdater( 8874): extent() != 1 for single value type: algo.buffers.pool-ids.values
10-06 15:28:39.769 I/DMCodecAdapterFactory( 8874): Creating an asynchronous MediaCodec adapter for track type video
10-06 15:28:39.772 D/ReflectedParamUpdater( 8874): ignored struct field coded.color-format.locations
10-06 15:28:39.773 D/ReflectedParamUpdater( 8874): ignored struct field resources.needed.values
10-06 15:28:39.774 D/CCodec  ( 8874): allocate(c2.goldfish.h264.decoder)
10-06 15:28:39.774 D/CCodecConfig( 8874): ignoring local param raw.size (0xd2001800) as it is already supported
10-06 15:28:39.774 D/CCodecConfig( 8874): ignoring local param default.color (0x5200180b) as it is already supported
10-06 15:28:39.776 D/ReflectedParamUpdater( 8874): ignored struct field raw.hdr-static-info.mastering
10-06 15:28:39.777 I/CCodecConfig( 8874): query failed after returning 13 values (BAD_INDEX)
10-06 15:28:39.780 I/CCodec  ( 8874): setting up 'default' as default (vendor) store
10-06 15:28:39.781 I/GoldfishComponentStore(  498): in init
10-06 15:28:39.781 I/GoldfishComponentStore(  498): loading dll of path libcodec2_goldfish_avcdec.so
10-06 15:28:39.781 D/CCodecConfig( 8874): c2 config diff is Dict {
10-06 15:28:39.781 D/CCodecConfig( 8874):   c2::u32 coded.pl.level = 28680
10-06 15:28:39.781 D/CCodecConfig( 8874):   c2::u32 coded.pl.profile = 28672
10-06 15:28:39.781 D/CCodecConfig( 8874):   c2::u32 coded.vui.color.matrix = 0
10-06 15:28:39.781 D/CCodecConfig( 8874):   c2::u32 coded.vui.color.primaries = 0
10-06 15:28:39.781 D/CCodecConfig( 8874):   c2::u32 coded.vui.color.range = 2
10-06 15:28:39.781 D/CCodecConfig( 8874):   c2::u32 coded.vui.color.transfer = 0
10-06 15:28:39.781 D/CCodecConfig( 8874):   c2::u32 default.color.matrix = 0
10-06 15:28:39.781 D/CCodecConfig( 8874):   c2::u32 default.color.primaries = 0
10-06 15:28:39.781 D/CCodecConfig( 8874):   c2::u32 default.color.range = 0
10-06 15:28:39.781 D/CCodecConfig( 8874):   c2::u32 default.color.transfer = 0
10-06 15:28:39.781 D/CCodecConfig( 8874):   c2::u32 input.buffers.max-size.value = 6291456
10-06 15:28:39.781 D/CCodecConfig( 8874):   c2::u32 input.delay.value = 0
10-06 15:28:39.781 D/CCodecConfig( 8874):   Buffer input.hdr10-plus-info.value = {
10-06 15:28:39.781 D/CCodecConfig( 8874):   }
10-06 15:28:39.781 D/CCodecConfig( 8874):   string input.media-type.value = "video/x-vnd.on2.vp9"
10-06 15:28:39.781 D/CCodecConfig( 8874):   Buffer output.hdr10-plus-info.value = {
10-06 15:28:39.781 D/CCodecConfig( 8874):   }
10-06 15:28:39.781 D/CCodecConfig( 8874):   string output.media-type.value = "video/raw"
10-06 15:28:39.781 D/CCodecConfig( 8874):   c2::u32 raw.color.matrix = 0
10-06 15:28:39.781 D/CCodecConfig( 8874):   c2::u32 raw.color.primaries = 0
10-06 15:28:39.781 D/CCodecConfig( 8874):   c2::u32 raw.color.range = 2
10-06 15:28:39.781 D/CCodecConfig( 8874):   c2::u32 raw.color.transfer = 0
10-06 15:28:39.781 D/CCodecConfig( 8874):   c2::u32 raw.max-size.height = 240
10-06 15:28:39.781 D/CCodecConfig( 8874):   c2::u32 raw.max-size.width = 320
10-06 15:28:39.781 D/CCodecConfig( 8874):   c2::u32 raw.pixel-format.value = 35
10-06 15:28:39.781 D/CCodecConfig( 8874):   c2::i32 raw.rotation.flip = 0
10-06 15:28:39.781 D/CCodecConfig( 8874):   c2::i32 raw.rotation.value = 0
10-06 15:28:39.781 D/CCodecConfig( 8874):   c2::u32 raw.sar.height = 1
10-06 15:28:39.781 D/CCodecConfig( 8874):   c2::u32 raw.sar.width = 1
10-06 15:28:39.782 W/ColorUtils( 8874): expected specified color aspects (2:0:0:0)
10-06 15:28:39.784 I/GoldfishComponentStore(  498): Create()
10-06 15:28:39.786 I/android.hardware.media.c2@1.0-service-goldfish(  498): missing struct descriptor #Param::CoreIndex(--005) for field values of struct #Param::CoreIndex(F-10821)
10-06 15:28:39.786 I/GoldfishComponentStore(  498): created interface
10-06 15:28:39.787 I/android.hardware.media.c2@1.0-service-goldfish(  498): missing struct descriptor #Param::CoreIndex(--005) for field values of struct #Param::CoreIndex(F-10821)
10-06 15:28:39.787 I/GoldfishComponentStore(  498): created component
10-06 15:28:39.792 I/CCodec  ( 8874): Created component [c2.goldfish.h264.decoder] for [c2.goldfish.h264.decoder]
10-06 15:28:39.793 I/MediaCodec( 8874): MediaCodec will operate in async mode
10-06 15:28:39.793 D/CCodecConfig( 8874): read media type: video/avc
10-06 15:28:39.798 E/MediaCodec( 8874): Media Quality Service not found.
10-06 15:28:39.802 D/SurfaceUtils( 8874): connecting to surface 0x7de5e9206b70, reason connectToSurface
10-06 15:28:39.802 I/MediaCodec( 8874): [c2.goldfish.vp9.decoder] setting surface generation to 9086977
10-06 15:28:39.802 D/SurfaceUtils( 8874): disconnecting from surface 0x7de5e9206b70, reason connectToSurface(reconnect)
10-06 15:28:39.802 D/SurfaceUtils( 8874): connecting to surface 0x7de5e9206b60, reason connectToSurface(reconnect-with-listener)
10-06 15:28:39.806 D/CCodec  ( 8874): [c2.goldfish.vp9.decoder] buffers are bound to CCodec for this session
10-06 15:28:39.807 D/CCodecConfig( 8874): no c2 equivalents for log-session-id
10-06 15:28:39.808 D/CCodecConfig( 8874): no c2 equivalents for importance
10-06 15:28:39.808 D/CCodecConfig( 8874): no c2 equivalents for color-standard
10-06 15:28:39.808 D/CCodecConfig( 8874): no c2 equivalents for native-window
10-06 15:28:39.808 D/CCodecConfig( 8874): no c2 equivalents for native-window-generation
10-06 15:28:39.808 D/CCodecConfig( 8874): no c2 equivalents for flags
10-06 15:28:39.810 D/CCodecConfig( 8874): config failed => CORRUPTED
10-06 15:28:39.810 D/ReflectedParamUpdater( 8874): extent() != 1 for single value type: algo.buffers.max-count.values
10-06 15:28:39.810 D/CCodecConfig( 8874): c2 config diff is   c2::u32 default.color.matrix = 1
10-06 15:28:39.810 D/CCodecConfig( 8874):   c2::u32 default.color.primaries = 1
10-06 15:28:39.810 D/CCodecConfig( 8874):   c2::u32 default.color.range = 2
10-06 15:28:39.810 D/CCodecConfig( 8874):   c2::u32 default.color.transfer = 3
10-06 15:28:39.810 D/CCodecConfig( 8874):   c2::u32 raw.max-size.height = 360
10-06 15:28:39.810 D/CCodecConfig( 8874):   c2::u32 raw.max-size.width = 640
10-06 15:28:39.810 D/CCodecConfig( 8874):   c2::u32 raw.size.height = 360
10-06 15:28:39.810 D/CCodecConfig( 8874):   c2::u32 raw.size.width = 640
10-06 15:28:39.811 W/Codec2Client( 8874): query -- param skipped: index = 1107298332.
10-06 15:28:39.811 D/CCodec  ( 8874): client requested max input size 86400, which is smaller than what component recommended (6291456); overriding with component recommendation.
10-06 15:28:39.811 W/CCodec  ( 8874): This behavior is subject to change. It is recommended that app developers double check whether the requested max input size is in reasonable range.
10-06 15:28:39.811 D/CCodec  ( 8874): encoding statistics level = 0
10-06 15:28:39.811 D/CCodec  ( 8874): setup formats input: AMessage(what = 0x00000000) = {
10-06 15:28:39.811 D/CCodec  ( 8874):   int32_t height = 360
10-06 15:28:39.811 D/CCodec  ( 8874):   int32_t level = 256
10-06 15:28:39.811 D/CCodec  ( 8874):   int32_t max-input-size = 6291456
10-06 15:28:39.811 D/CCodec  ( 8874):   string mime = "video/x-vnd.on2.vp9"
10-06 15:28:39.811 D/CCodec  ( 8874):   int32_t profile = 1
10-06 15:28:39.811 D/CCodec  ( 8874):   int32_t width = 640
10-06 15:28:39.811 D/CCodec  ( 8874):   Rect crop(0, 0, 639, 359)
10-06 15:28:39.811 D/CCodec  ( 8874): }
10-06 15:28:39.811 D/CCodec  ( 8874): setup formats output: AMessage(what = 0x00000000) = {
10-06 15:28:39.811 D/CCodec  ( 8874):   int32_t android._color-format = 2135033992
10-06 15:28:39.811 D/CCodec  ( 8874):   int32_t android._video-scaling = 1
10-06 15:28:39.811 D/CCodec  ( 8874):   int32_t rotation-degrees = 0
10-06 15:28:39.811 D/CCodec  ( 8874):   int32_t color-standard = 4
10-06 15:28:39.811 D/CCodec  ( 8874):   int32_t color-range = 2
10-06 15:28:39.811 D/CCodec  ( 8874):   int32_t color-transfer = 3
10-06 15:28:39.811 D/CCodec  ( 8874):   int32_t sar-height = 1
10-06 15:28:39.811 D/CCodec  ( 8874):   int32_t sar-width = 1
10-06 15:28:39.811 D/CCodec  ( 8874):   Rect crop(0, 0, 639, 359)
10-06 15:28:39.811 D/CCodec  ( 8874):   int32_t width = 640
10-06 15:28:39.811 D/CCodec  ( 8874):   Buffer hdr10-plus-info = {
10-06 15:28:39.811 D/CCodec  ( 8874):   }
10-06 15:28:39.811 D/CCodec  ( 8874):   int32_t height = 360
10-06 15:28:39.811 D/CCodec  ( 8874):   int32_t max-height = 360
10-06 15:28:39.811 D/CCodec  ( 8874):   int32_t max-width = 640
10-06 15:28:39.811 D/CCodec  ( 8874):   string mime = "video/raw"
10-06 15:28:39.811 D/CCodec  ( 8874):   int32_t android._dataspace = 259
10-06 15:28:39.811 D/CCodec  ( 8874):   int32_t color-format = 2130708361
10-06 15:28:39.811 D/CCodec  ( 8874): }
10-06 15:28:39.812 I/CCodecConfig( 8874): query failed after returning 13 values (BAD_INDEX)
10-06 15:28:39.812 D/CCodecConfig( 8874): c2 config diff is   c2::u32 raw.color.matrix = 1
10-06 15:28:39.812 D/CCodecConfig( 8874):   c2::u32 raw.color.primaries = 1
10-06 15:28:39.812 D/CCodecConfig( 8874):   c2::u32 raw.color.transfer = 3
10-06 15:28:39.813 D/MediaCodec( 8874): keep callback message for reclaim
10-06 15:28:39.813 I/C2GoldfishVpxDec(  498): calling init GoldfishVPX
10-06 15:28:39.813 W/Codec2Client( 8874): query -- param skipped: index = 1342179345.
10-06 15:28:39.813 W/Codec2Client( 8874): query -- param skipped: index = 2415921170.
10-06 15:28:39.814 W/Codec2Client( 8874): query -- param skipped: index = 2684356609.
10-06 15:28:39.815 D/ReflectedParamUpdater( 8874): extent() != 1 for single value type: output.subscribed-indices.values
10-06 15:28:39.815 D/ReflectedParamUpdater( 8874): extent() != 1 for single value type: input.buffers.allocator-ids.values
10-06 15:28:39.816 D/CCodecBufferChannel( 8874): [c2.goldfish.vp9.decoder#788] Created input block pool with allocatorID 16 => poolID 19 - OK (0)
10-06 15:28:39.816 D/ReflectedParamUpdater( 8874): extent() != 1 for single value type: output.buffers.allocator-ids.values
10-06 15:28:39.816 D/ReflectedParamUpdater( 8874): extent() != 1 for single value type: algo.buffers.allocator-ids.values
10-06 15:28:39.817 D/ReflectedParamUpdater( 8874): extent() != 1 for single value type: output.buffers.pool-ids.values
10-06 15:28:39.817 D/ReflectedParamUpdater( 8874): extent() != 1 for single value type: algo.buffers.pool-ids.values
10-06 15:28:39.818 D/CCodecBufferChannel( 8874): [c2.goldfish.vp9.decoder#788] Query output surface allocator returned 0 params => BAD_INDEX (6)
10-06 15:28:39.819 I/CCodecBufferChannel( 8874): [c2.goldfish.vp9.decoder#788] Created output block pool with allocatorID 18 => poolID 24 - OK
10-06 15:28:39.820 D/ReflectedParamUpdater( 8874): ignored struct field coded.color-format.locations
10-06 15:28:39.821 D/CCodecBufferChannel( 8874): [c2.goldfish.vp9.decoder#788] Configured output block pool ids 24 => OK
10-06 15:28:39.821 D/Codec2-OutputBufferQueue( 8874): remote graphic buffer migration 0/0
10-06 15:28:39.822 D/Codec2Client( 8874): setOutputSurface -- failed to set consumer usage (6/BAD_INDEX)
10-06 15:28:39.822 D/Codec2Client( 8874): setOutputSurface -- generation=9086977 consumer usage=0x900
10-06 15:28:39.823 D/ReflectedParamUpdater( 8874): ignored struct field resources.needed.values
10-06 15:28:39.823 D/CCodecConfig( 8874): ignoring local param raw.size (0xd2001800) as it is already supported
10-06 15:28:39.823 D/CCodecConfig( 8874): ignoring local param default.color (0x5200180b) as it is already supported
10-06 15:28:39.824 D/ReflectedParamUpdater( 8874): ignored struct field raw.hdr-static-info.mastering
10-06 15:28:39.824 I/CCodecConfig( 8874): query failed after returning 12 values (BAD_INDEX)
10-06 15:28:39.825 D/CCodecConfig( 8874): c2 config diff is Dict {
10-06 15:28:39.825 D/CCodecConfig( 8874):   c2::u32 coded.pl.level = 20496
10-06 15:28:39.825 D/CCodecConfig( 8874):   c2::u32 coded.pl.profile = 20481
10-06 15:28:39.825 D/CCodecConfig( 8874):   c2::u32 coded.vui.color.matrix = 0
10-06 15:28:39.825 D/CCodecConfig( 8874):   c2::u32 coded.vui.color.primaries = 0
10-06 15:28:39.825 D/CCodecConfig( 8874):   c2::u32 coded.vui.color.range = 2
10-06 15:28:39.825 D/CCodecConfig( 8874):   c2::u32 coded.vui.color.transfer = 0
10-06 15:28:39.825 D/CCodecConfig( 8874):   c2::u32 default.color.matrix = 0
10-06 15:28:39.825 D/CCodecConfig( 8874):   c2::u32 default.color.primaries = 0
10-06 15:28:39.825 D/CCodecConfig( 8874):   c2::u32 default.color.range = 0
10-06 15:28:39.825 D/CCodecConfig( 8874):   c2::u32 default.color.transfer = 0
10-06 15:28:39.825 D/CCodecConfig( 8874):   c2::u32 input.buffers.max-size.value = 6291456
10-06 15:28:39.825 D/CCodecConfig( 8874):   c2::u32 input.delay.value = 0
10-06 15:28:39.825 D/CCodecConfig( 8874):   string input.media-type.value = "video/avc"
10-06 15:28:39.825 D/CCodecConfig( 8874):   c2::u32 output.delay.value = 8
10-06 15:28:39.825 D/CCodecConfig( 8874):   string output.media-type.value = "video/raw"
10-06 15:28:39.825 D/CCodecConfig( 8874):   c2::u32 raw.color.matrix = 0
10-06 15:28:39.825 D/CCodecConfig( 8874):   c2::u32 raw.color.primaries = 0
10-06 15:28:39.825 D/CCodecConfig( 8874):   c2::u32 raw.color.range = 2
10-06 15:28:39.825 D/CCodecConfig( 8874):   c2::u32 raw.color.transfer = 0
10-06 15:28:39.825 D/CCodecConfig( 8874):   c2::u32 raw.max-size.height = 240
10-06 15:28:39.825 D/CCodecConfig( 8874):   c2::u32 raw.max-size.width = 320
10-06 15:28:39.825 D/CCodecConfig( 8874):   c2::u32 raw.pixel-format.value = 35
10-06 15:28:39.825 D/CCodecConfig( 8874):   c2::i32 raw.rotation.flip = 0
10-06 15:28:39.825 D/CCodecConfig( 8874):   c2::i32 raw.rotation.value = 0
10-06 15:28:39.825 D/CCodecConfig( 8874):   c2::u32 raw.sar.height = 1
10-06 15:28:39.825 D/CCodecConfig( 8874):   c2::u32 raw.sar.width = 1
10-06 15:28:39.825 D/CCodecConfig( 8874):   c2::u32 raw.size.height = 240
10-06 15:28:39.825 D/CCodecConfig( 8874):   c2::u32 raw.size.width = 320
10-06 15:28:39.825 D/CCodecConfig( 8874):   c2:
10-06 15:28:39.825 W/ColorUtils( 8874): expected specified color aspects (2:0:0:0)
10-06 15:28:39.835 I/MediaCodec( 8874): MediaCodec will operate in async mode
10-06 15:28:39.838 D/C2BqBuffer(  498): local generation change 9086977 , bqId: 38113539784707 migrated buffers # 0
10-06 15:28:39.838 E/MediaCodec( 8874): Media Quality Service not found.
10-06 15:28:39.838 D/Codec2Client( 8874): Surface configure completed
10-06 15:28:39.840 D/SurfaceUtils( 8874): connecting to surface 0x7de5e91ed5e0, reason connectToSurface
10-06 15:28:39.840 I/MediaCodec( 8874): [c2.goldfish.h264.decoder] setting surface generation to 9086978
10-06 15:28:39.840 D/SurfaceUtils( 8874): disconnecting from surface 0x7de5e91ed5e0, reason connectToSurface(reconnect)
10-06 15:28:39.840 D/SurfaceUtils( 8874): connecting to surface 0x7de5e91ed5d0, reason connectToSurface(reconnect-with-listener)
10-06 15:28:39.841 D/CCodec  ( 8874): [c2.goldfish.h264.decoder] buffers are bound to CCodec for this session
10-06 15:28:39.841 D/CCodecConfig( 8874): no c2 equivalents for log-session-id
10-06 15:28:39.841 D/CCodecConfig( 8874): no c2 equivalents for importance
10-06 15:28:39.842 D/CCodecConfig( 8874): no c2 equivalents for color-standard
10-06 15:28:39.842 D/CCodecConfig( 8874): no c2 equivalents for csd-1
10-06 15:28:39.842 D/CCodecConfig( 8874): no c2 equivalents for native-window
10-06 15:28:39.842 D/CCodecConfig( 8874): no c2 equivalents for native-window-generation
10-06 15:28:39.842 D/CCodecConfig( 8874): no c2 equivalents for flags
10-06 15:28:39.843 D/CCodecConfig( 8874): config failed => CORRUPTED
10-06 15:28:39.846 D/CCodecConfig( 8874): c2 config diff is   c2::u32 default.color.matrix = 1
10-06 15:28:39.846 D/CCodecConfig( 8874):   c2::u32 default.color.primaries = 1
10-06 15:28:39.846 D/CCodecConfig( 8874):   c2::u32 default.color.range = 2
10-06 15:28:39.846 D/CCodecConfig( 8874):   c2::u32 default.color.transfer = 3
10-06 15:28:39.846 D/CCodecConfig( 8874):   c2::u32 raw.max-size.height = 360
10-06 15:28:39.846 D/CCodecConfig( 8874):   c2::u32 raw.max-size.width = 640
10-06 15:28:39.846 D/CCodecConfig( 8874):   c2::u32 raw.size.height = 360
10-06 15:28:39.846 D/CCodecConfig( 8874):   c2::u32 raw.size.width = 640
10-06 15:28:39.846 W/Codec2Client( 8874): query -- param skipped: index = 1107298332.
10-06 15:28:39.846 D/CCodec  ( 8874): client requested max input size 41389, which is smaller than what component recommended (6291456); overriding with component recommendation.
10-06 15:28:39.846 W/CCodec  ( 8874): This behavior is subject to change. It is recommended that app developers double check whether the requested max input size is in reasonable range.
10-06 15:28:39.847 D/CCodec  ( 8874): encoding statistics level = 0
10-06 15:28:39.847 D/CCodec  ( 8874): setup formats input: AMessage(what = 0x00000000) = {
10-06 15:28:39.847 D/CCodec  ( 8874):   int32_t height = 360
10-06 15:28:39.847 D/CCodec  ( 8874):   int32_t level = 65536
10-06 15:28:39.847 D/CCodec  ( 8874):   int32_t max-input-size = 6291456
10-06 15:28:39.847 D/CCodec  ( 8874):   string mime = "video/avc"
10-06 15:28:39.847 D/CCodec  ( 8874):   int32_t profile = 65536
10-06 15:28:39.847 D/CCodec  ( 8874):   int32_t width = 640
10-06 15:28:39.847 D/CCodec  ( 8874):   Rect crop(0, 0, 639, 359)
10-06 15:28:39.847 D/CCodec  ( 8874): }
10-06 15:28:39.847 D/CCodec  ( 8874): setup formats output: AMessage(what = 0x00000000) = {
10-06 15:28:39.847 D/CCodec  ( 8874):   int32_t android._color-format = 2135033992
10-06 15:28:39.847 D/CCodec  ( 8874):   int32_t android._video-scaling = 1
10-06 15:28:39.847 D/CCodec  ( 8874):   int32_t rotation-degrees = 0
10-06 15:28:39.847 D/CCodec  ( 8874):   int32_t color-standard = 4
10-06 15:28:39.847 D/CCodec  ( 8874):   int32_t color-range = 2
10-06 15:28:39.847 D/CCodec  ( 8874):   int32_t color-transfer = 3
10-06 15:28:39.847 D/CCodec  ( 8874):   int32_t sar-height = 1
10-06 15:28:39.847 D/CCodec  ( 8874):   int32_t sar-width = 1
10-06 15:28:39.847 D/CCodec  ( 8874):   Rect crop(0, 0, 639, 359)
10-06 15:28:39.847 D/CCodec  ( 8874):   int32_t width = 640
10-06 15:28:39.847 D/CCodec  ( 8874):   int32_t height = 360
10-06 15:28:39.847 D/CCodec  ( 8874):   int32_t max-height = 360
10-06 15:28:39.847 D/CCodec  ( 8874):   int32_t max-width = 640
10-06 15:28:39.847 D/CCodec  ( 8874):   string mime = "video/raw"
10-06 15:28:39.847 D/CCodec  ( 8874):   int32_t android._dataspace = 259
10-06 15:28:39.847 D/CCodec  ( 8874):   int32_t color-format = 2130708361
10-06 15:28:39.847 D/CCodec  ( 8874): }
10-06 15:28:39.847 I/CCodecConfig( 8874): query failed after returning 12 values (BAD_INDEX)
10-06 15:28:39.848 D/CCodecConfig( 8874): c2 config diff is   c2::u32 raw.color.matrix = 1
10-06 15:28:39.848 D/CCodecConfig( 8874):   c2::u32 raw.color.primaries = 1
10-06 15:28:39.848 D/CCodecConfig( 8874):   c2::u32 raw.color.transfer = 3
10-06 15:28:39.849 D/MediaCodec( 8874): keep callback message for reclaim
10-06 15:28:39.850 D/C2GoldfishAvcDec(  498): calling onInit
10-06 15:28:39.851 W/Codec2Client( 8874): query -- param skipped: index = 1342179345.
10-06 15:28:39.851 W/Codec2Client( 8874): query -- param skipped: index = 2415921170.
10-06 15:28:39.851 W/Codec2Client( 8874): query -- param skipped: index = 1610614798.
10-06 15:28:39.852 W/ResourceManagerServiceUtils(  631): Ignoring request to add new resource entry with value <= 0
10-06 15:28:39.852 W/Codec2Client( 8874): query -- param skipped: index = 2684356609.
10-06 15:28:39.854 D/CCodecBufferChannel( 8874): [c2.goldfish.h264.decoder#380] Created input block pool with allocatorID 16 => poolID 20 - OK (0)
10-06 15:28:39.855 D/CCodecBufferChannel( 8874): [c2.goldfish.h264.decoder#380] Query output surface allocator returned 0 params => BAD_INDEX (6)
10-06 15:28:39.859 I/CCodecBufferChannel( 8874): [c2.goldfish.h264.decoder#380] Created output block pool with allocatorID 18 => poolID 25 - OK
10-06 15:28:39.860 D/CCodecBufferChannel( 8874): [c2.goldfish.h264.decoder#380] Configured output block pool ids 25 => OK
10-06 15:28:39.860 D/Codec2-OutputBufferQueue( 8874): remote graphic buffer migration 0/0
10-06 15:28:39.860 D/Codec2Client( 8874): setOutputSurface -- failed to set consumer usage (6/BAD_INDEX)
10-06 15:28:39.860 D/Codec2Client( 8874): setOutputSurface -- generation=9086978 consumer usage=0x900
10-06 15:28:39.865 D/C2BqBuffer(  498): local generation change 9086978 , bqId: 38113539784708 migrated buffers # 0
10-06 15:28:39.865 D/Codec2Client( 8874): Surface configure completed
10-06 15:28:39.875 W/ResourceManagerServiceUtils(  631): Ignoring request to add new resource entry with value <= 0
10-06 15:28:39.875 D/NativePermissionController(  551): checkPermission: missing 1 for 10219
10-06 15:28:39.875 D/NativePermissionController(  551): checkPermission: missing 3 for 10219
10-06 15:28:39.875 D/NativePermissionController(  551): checkPermission: missing 5 for 10219
10-06 15:28:39.876 W/AudioFlinger(  551): createTrack_l(): mismatch between requested flags (00000008) and output flags (00000002)
10-06 15:28:39.876 D/AudioFlinger(  551): Client defaulted notificationFrames to 8024 for frameCount 16048
10-06 15:28:39.877 I/AF::PthrPatchRecord(  551): creating track with enforcement level 0
10-06 15:28:39.882 D/SimpleC2Component(  498): Using output block pool with poolID 25 => got 25 - 0
10-06 15:28:39.895 D/CCodecBufferChannel( 8874): [c2.goldfish.h264.decoder#380] Ignoring stale input buffer done callback: last flush index = 0, frameIndex = 0
10-06 15:28:39.910 D/SimpleC2Component(  634): applied 2 configUpdates => OK (0)
10-06 15:28:39.910 I/C2SoftAacDec(  634): Reconfiguring decoder: 0->48000 Hz, 0->2 channels
10-06 15:28:39.911 D/CCodecConfig( 8874): c2 config diff is   c2::u32 raw.crop.height = 360
10-06 15:28:39.911 D/CCodecConfig( 8874):   c2::u32 raw.crop.left = 0
10-06 15:28:39.911 D/CCodecConfig( 8874):   c2::u32 raw.crop.top = 0
10-06 15:28:39.911 D/CCodecConfig( 8874):   c2::u32 raw.crop.width = 640
10-06 15:28:39.913 D/SimpleC2Component(  498): Using output block pool with poolID 24 => got 24 - 0
10-06 15:28:39.913 I/C2GoldfishVpxDec(  498): created decoder context w 640 h 360
10-06 15:28:39.938 D/CCodecConfig( 8874): c2 config diff is   c2::u32 raw.crop.height = 360
10-06 15:28:39.938 D/CCodecConfig( 8874):   c2::u32 raw.crop.left = 0
10-06 15:28:39.938 D/CCodecConfig( 8874):   c2::u32 raw.crop.top = 0
10-06 15:28:39.938 D/CCodecConfig( 8874):   c2::u32 raw.crop.width = 640
10-06 15:28:39.946 D/CompatChangeReporter( 8874): Compat change id reported: 247079863; UID 10219; state: ENABLED
10-06 15:28:39.969 D/NativeAdHelper( 8874):  Anuncio nativo cargado para holder 51924900
10-06 15:28:39.983 W/HWUI    ( 8874): Image decoding logging dropped!
10-06 15:28:39.987 D/CCodecConfig( 8874): c2 config diff is   c2::u32 raw.channel-mask.value = 12
10-06 15:28:39.988 D/CCodecBuffers( 8874): [c2.android.aac.decoder#525:Output[N]] popFromStashAndRegister: at 1000000000000us, output format changed to AMessage(what = 0x00000000) = {
10-06 15:28:39.988 D/CCodecBuffers( 8874):   int32_t aac-drc-album-mode = 0
10-06 15:28:39.988 D/CCodecBuffers( 8874):   int32_t aac-drc-boost-level = 127
10-06 15:28:39.988 D/CCodecBuffers( 8874):   int32_t aac-drc-cut-level = 127
10-06 15:28:39.988 D/CCodecBuffers( 8874):   int32_t aac-drc-effect-type = 3
10-06 15:28:39.988 D/CCodecBuffers( 8874):   int32_t aac-drc-output-loudness = -1
10-06 15:28:39.988 D/CCodecBuffers( 8874):   int32_t aac-encoded-target-level = -1
10-06 15:28:39.988 D/CCodecBuffers( 8874):   int32_t aac-max-output-channel_count = 8
10-06 15:28:39.988 D/CCodecBuffers( 8874):   int32_t aac-target-ref-level = 64
10-06 15:28:39.988 D/CCodecBuffers( 8874):   int32_t buffer-batch-max-output-size = 0
10-06 15:28:39.988 D/CCodecBuffers( 8874):   int32_t buffer-batch-threshold-output-size = 0
10-06 15:28:39.988 D/CCodecBuffers( 8874):   int32_t channel-count = 2
10-06 15:28:39.988 D/CCodecBuffers( 8874):   int32_t channel-mask = 12
10-06 15:28:39.988 D/CCodecBuffers( 8874):   int32_t max-output-channel-count = 8
10-06 15:28:39.988 D/CCodecBuffers( 8874):   string mime = "audio/raw"
10-06 15:28:39.988 D/CCodecBuffers( 8874):   int32_t sample-rate = 48000
10-06 15:28:39.988 D/CCodecBuffers( 8874):   int32_t android._config-pcm-encoding = 2
10-06 15:28:39.988 D/CCodecBuffers( 8874): }
10-06 15:28:39.997 D/AndroidRuntime( 8874): Shutting down VM
--------- beginning of crash
10-06 15:28:40.005 E/AndroidRuntime( 8874): FATAL EXCEPTION: main
10-06 15:28:40.005 E/AndroidRuntime( 8874): Process: com.follgramer.diamantesproplayersgo, PID: 8874
10-06 15:28:40.005 E/AndroidRuntime( 8874): java.lang.IllegalStateException: The specified child already has a parent. You must call removeView() on the child's parent first.
10-06 15:28:40.005 E/AndroidRuntime( 8874): 	at android.view.ViewGroup.addViewInner(ViewGroup.java:5289)
10-06 15:28:40.005 E/AndroidRuntime( 8874): 	at android.view.ViewGroup.addView(ViewGroup.java:5118)
10-06 15:28:40.005 E/AndroidRuntime( 8874): 	at android.view.ViewGroup.addView(ViewGroup.java:5058)
10-06 15:28:40.005 E/AndroidRuntime( 8874): 	at android.view.ViewGroup.addView(ViewGroup.java:5030)
10-06 15:28:40.005 E/AndroidRuntime( 8874): 	at com.follgramer.diamantesproplayersgo.ads.NativeAdHelper.loadNativeAd$lambda$4(NativeAdHelper.kt:124)
10-06 15:28:40.005 E/AndroidRuntime( 8874): 	at com.follgramer.diamantesproplayersgo.ads.NativeAdHelper.$r8$lambda$YzIRm0AxhLm7VLJ8p7GPc32kKms(Unknown Source:0)
10-06 15:28:40.005 E/AndroidRuntime( 8874): 	at com.follgramer.diamantesproplayersgo.ads.NativeAdHelper$$ExternalSyntheticLambda0.onNativeAdLoaded(D8$$SyntheticClass:0)
10-06 15:28:40.005 E/AndroidRuntime( 8874): 	at com.google.android.gms.internal.ads.zzbtf.zze(com.google.android.gms:play-services-ads-api@@24.5.0:2)
10-06 15:28:40.005 E/AndroidRuntime( 8874): 	at com.google.android.gms.internal.ads.zzbic.zzde(com.google.android.gms:play-services-ads-api@@24.5.0:5)
10-06 15:28:40.005 E/AndroidRuntime( 8874): 	at com.google.android.gms.internal.ads.zzayu.onTransact(com.google.android.gms:play-services-ads-api@@24.5.0:3)
10-06 15:28:40.005 E/AndroidRuntime( 8874): 	at android.os.Binder.transact(Binder.java:1273)
10-06 15:28:40.005 E/AndroidRuntime( 8874): 	at m84.atr.bo(:com.google.android.gms.policy_ads_fdr_dynamite@253405702@253405700017.794833465.794833465:8)
10-06 15:28:40.005 E/AndroidRuntime( 8874): 	at com.google.android.gms.ads.internal.formats.client.al.e(:com.google.android.gms.policy_ads_fdr_dynamite@253405702@253405700017.794833465.794833465:9)
10-06 15:28:40.005 E/AndroidRuntime( 8874): 	at com.google.android.gms.ads.nonagon.ad.nativead.ai.run(:com.google.android.gms.policy_ads_fdr_dynamite@253405702@253405700017.794833465.794833465:74)
10-06 15:28:40.005 E/AndroidRuntime( 8874): 	at android.os.Handler.handleCallback(Handler.java:995)
10-06 15:28:40.005 E/AndroidRuntime( 8874): 	at android.os.Handler.dispatchMessage(Handler.java:103)
10-06 15:28:40.005 E/AndroidRuntime( 8874): 	at m84.bhy.a(:com.google.android.gms.policy_ads_fdr_dynamite@253405702@253405700017.794833465.794833465:1)
10-06 15:28:40.005 E/AndroidRuntime( 8874): 	at com.google.android.gms.ads.internal.util.f.a(:com.google.android.gms.policy_ads_fdr_dynamite@253405702@253405700017.794833465.794833465:1)
10-06 15:28:40.005 E/AndroidRuntime( 8874): 	at m84.bhy.dispatchMessage(:com.google.android.gms.policy_ads_fdr_dynamite@253405702@253405700017.794833465.794833465:1)
10-06 15:28:40.005 E/AndroidRuntime( 8874): 	at android.os.Looper.loopOnce(Looper.java:248)
10-06 15:28:40.005 E/AndroidRuntime( 8874): 	at android.os.Looper.loop(Looper.java:338)
10-06 15:28:40.005 E/AndroidRuntime( 8874): 	at android.app.ActivityThread.main(ActivityThread.java:9067)
10-06 15:28:40.005 E/AndroidRuntime( 8874): 	at java.lang.reflect.Method.invoke(Native Method)
10-06 15:28:40.005 E/AndroidRuntime( 8874): 	at com.android.internal.os.RuntimeInit$MethodAndArgsCaller.run(RuntimeInit.java:593)
10-06 15:28:40.005 E/AndroidRuntime( 8874): 	at com.android.internal.os.ZygoteInit.main(ZygoteInit.java:932)
10-06 15:28:40.008 D/NativePermissionController(  551): checkPermission: missing 1 for 10219
10-06 15:28:40.008 D/NativePermissionController(  551): checkPermission: missing 3 for 10219
10-06 15:28:40.008 D/NativePermissionController(  551): checkPermission: missing 5 for 10219
10-06 15:28:40.009 W/AudioFlinger(  551): createTrack_l(): mismatch between requested flags (00000008) and output flags (00000002)
10-06 15:28:40.010 D/AudioFlinger(  551): Client defaulted notificationFrames to 8720 for frameCount 17440
10-06 15:28:40.010 I/AF::PthrPatchRecord(  551): creating track with enforcement level 0
10-06 15:28:40.056 I/DropBoxManagerService(  707): add tag=data_app_crash isTagEnabled=true flags=0x2
10-06 15:28:40.064 W/ActivityTaskManager(  707):   Force finishing activity com.follgramer.diamantesproplayersgo/.MainActivity
