10-06 15:28:30.746 V/WindowManager(  707):     startWCT=WindowContainerTransaction { changes= {} hops= [] errorCallbackToken=null taskFragmentOrganizer=null }
10-06 15:28:30.747 V/WindowManager(  707):     info={id=17 t=OPEN f=0x0 trk=0 r=[0@Point(0, 0)] c=[
10-06 15:28:30.747 V/WindowManager(  707):         {WCT{RemoteToken{d1e7aad Task{b8d390 #7 type=standard A=10219:com.follgramer.diamantesproplayersgo}}} m=OPEN f=NONE leash=Surface(name=Task=7)/@0x1cbf656 sb=Rect(0, 0 - 1080, 2400) eb=Rect(0, 0 - 1080, 2400) epz=Point(1080, 2400) d=0 taskParent=-1},
10-06 15:28:30.747 V/WindowManager(  707):         {WCT{RemoteToken{a70117c Task{6ac580f #1 type=home}}} m=TO_BACK f=SHOW_WALLPAPER leash=Surface(name=Task=1)/@0xb9cbd4c sb=Rect(0, 0 - 1080, 2400) eb=Rect(0, 0 - 1080, 2400) epz=Point(1080, 2400) d=0 taskParent=-1},
10-06 15:28:30.747 V/WindowManager(  707):         {m=TO_BACK f=IS_WALLPAPER leash=Surface(name=WallpaperWindowToken{5a46f62 showWhenLocked=false})/@0x6ff197f sb=Rect(0, 0 - 1080, 2400) eb=Rect(0, 0 - 1080, 2400) epz=Point(1080, 2400) d=0}
10-06 15:28:30.747 V/WindowManager(  707):     ]}
10-06 15:28:30.756 I/PlayCore( 8874): UID: [10219]  PID: [8874] IntegrityService : ServiceConnectionImpl.onServiceConnected(ComponentInfo{com.android.vending/com.google.android.finsky.integrityservice.IntegrityService})
10-06 15:28:30.765 I/PlayCore( 8874): UID: [10219]  PID: [8874] IntegrityService : linkToDeath
10-06 15:28:30.816 D/UserMessagingPlatform( 8874): Action[clear]: {"keys":["UMP_eids"]}
10-06 15:28:30.818 W/cr_media( 8874): BLUETOOTH_CONNECT permission is missing.
10-06 15:28:30.823 W/cr_media( 8874): getBluetoothAdapter() requires BLUETOOTH permission
10-06 15:28:30.823 W/cr_media( 8874): registerBluetoothIntentsIfNeeded: Requires BLUETOOTH permission
10-06 15:28:30.827 D/UserMessagingPlatform( 8874): Action[write]: {"UMP_consentModeValues":"4444","IABTCF_CmpSdkID":300,"IABTCF_gdprApplies":0}
10-06 15:28:30.829 D/UserMessagingPlatform( 8874): Writing to storage: [UMP_consentModeValues] 4444
10-06 15:28:30.829 D/UserMessagingPlatform( 8874): Writing to storage: [IABTCF_CmpSdkID] 300
10-06 15:28:30.829 D/UserMessagingPlatform( 8874): Writing to storage: [IABTCF_gdprApplies] 0
10-06 15:28:30.845 I/FontLog ( 1269): (REDACTED) Received query %s, URI %s
10-06 15:28:30.850 I/FontLog ( 1269): (REDACTED) Query [%s] resolved to %s
10-06 15:28:30.855 I/cr_LibraryLoader( 8976): Successfully loaded native library
10-06 15:28:30.855 I/cr_CachingUmaRecorder( 8976): Flushed 2 samples from 2 histograms, 0 samples were dropped.
10-06 15:28:30.879 W/libc    ( 8874): Access denied finding property "vendor.mesa.log"
10-06 15:28:30.879 W/libc    ( 8874): Access denied finding property "vendor.mesa.log.file"
10-06 15:28:30.879 E/MESA    ( 8874): Failed to open rendernode: No such file or directory
10-06 15:28:30.899 I/FontLog ( 1269): (REDACTED) Fetch %s end status %s
10-06 15:28:30.899 W/chromium( 8976): [WARNING:content/child/runtime_features.cc:559] Fenced frames cannot be enabled in this configuration. Use --enable-features=FencedFrames instead.
10-06 15:28:30.899 W/chromium( 8976): [WARNING:content/child/runtime_features.cc:584] Topics cannot be enabled in this configuration. Use --enable-features=BrowsingTopics in addition.
10-06 15:28:30.899 W/chromium( 8976): [WARNING:content/child/runtime_features.cc:605] SharedStorage cannot be enabled in this configuration. Use --enable-features=SharedStorageAPI in addition.
10-06 15:28:30.922 W/libc    ( 8874): Access denied finding property "vendor.mesa.vk.trace.per.submit"
10-06 15:28:30.923 W/libc    ( 8874): Access denied finding property "vendor.mesa.gallium.print.optio"
10-06 15:28:30.923 W/libc    ( 8874): Access denied finding property "vendor.mesa.vk.trace.frame"
10-06 15:28:30.925 I/FontLog ( 1269): (REDACTED) Pulling font file for id = %d, cache size = %d
10-06 15:28:30.937 W/libc    ( 8874): Access denied finding property "vendor.mesa.vk.wsi.headless.swa"
10-06 15:28:30.937 I/FontLog ( 1269): (REDACTED) Pulling font file for id = %d, cache size = %d
10-06 15:28:30.965 D/SplashActivity( 8874): AdMob inicializado
10-06 15:28:30.994 I/ImeTracker(  707): com.follgramer.diamantesproplayersgo:2b40e319: onRequestHide at ORIGIN_SERVER reason HIDE_UNSPECIFIED_WINDOW fromUser false
10-06 15:28:31.000 D/AdvertisingIdClient( 1692): AdvertisingIdClient already created.
10-06 15:28:31.000 D/AdvertisingIdClient( 1692): AdvertisingIdClient is not bounded. Starting to bind it...
10-06 15:28:31.004 D/AdsInit ( 8874): Iniciando AdMob...
10-06 15:28:31.012 D/AdvertisingIdClient( 1692): AdvertisingIdClient is bounded
10-06 15:28:31.013 I/FontLog ( 1269): (REDACTED) Received query %s, URI %s
10-06 15:28:31.014 D/InsetsController( 8874): hide(ime(), fromIme=false)
10-06 15:28:31.014 I/ImeTracker( 8874): com.follgramer.diamantesproplayersgo:2b40e319: onCancelled at PHASE_CLIENT_ALREADY_HIDDEN
10-06 15:28:31.019 I/FontLog ( 1269): (REDACTED) Query [%s] resolved to %s
10-06 15:28:31.020 I/FontLog ( 1269): (REDACTED) Font PFD returned from cache for %s
10-06 15:28:31.020 I/FontLog ( 1269): (REDACTED) Fetch %s end status %s
10-06 15:28:31.023 I/AdvertisingIdClient( 1692): shouldSendLog 46135
10-06 15:28:31.025 I/AdvertisingIdClient( 1692): GetInfoInternal elapse 23ms
10-06 15:28:31.040 I/GoogleInputMethodService( 7962): GoogleInputMethodService.onFinishInput():2084 
10-06 15:28:31.041 V/WindowManagerShell(  964): Transition animation finished (aborted=false), notifying core (#17) android.os.BinderProxy@e968351@0
10-06 15:28:31.044 I/ImeTracker(  707): system_server:238b1c80: onRequestHide at ORIGIN_SERVER reason IME_REQUESTED_CHANGED_LISTENER fromUser false
10-06 15:28:31.052 I/Module  ( 7962): DeviceLockedStatusModuleProvider$Module.updateDeviceLockedStatus():103 repeatCheckTimes = 0, locked = false
10-06 15:28:31.065 I/FontLog ( 1269): (REDACTED) Pulling font file for id = %d, cache size = %d
10-06 15:28:31.066 V/WindowManagerShell(  964): Track 0 became idle
10-06 15:28:31.066 V/WindowManagerShell(  964): All active transition animations finished
10-06 15:28:31.072 V/WindowManager(  707): Finish Transition (#17): created at 10-06 15:28:28.504 collect-started=1.056ms request-sent=31.107ms started=79.764ms ready=802.06ms sent=2219.663ms commit=31.659ms finished=2554.172ms
10-06 15:28:31.080 I/RemoteProvisionSysSvc(  707): getRegistration(android.hardware.security.keymint.IRemotelyProvisionedComponent/default)
10-06 15:28:31.081 I/ImeTracker(  707): system_server:238b1c80: onCancelled at PHASE_SERVER_SHOULD_HIDE
10-06 15:28:31.087 D/ActivityManager(  707): sync unfroze 4948 com.google.android.rkpdapp for 6
10-06 15:28:31.094 D/BackgroundInstallControlService(  707): Package event received: 0
10-06 15:28:31.094 D/BackgroundInstallControlService(  707): Package event received: 0
10-06 15:28:31.094 D/VRI[NexusLauncherActivity]( 1112): visibilityChanged oldVisibility=true newVisibility=false
10-06 15:28:31.094 D/BoundBrokerSvc( 1269): onRebind: Intent { act=com.google.android.gms.common.telemetry.service.START dat=chimera-action:/... xflg=0x4 cmp=com.google.android.gms/.chimera.PersistentApiService }
10-06 15:28:31.098 D/ActivityThread( 4948): Package [com.google.android.inputmethod.latin] reported as REPLACED, but missing application info. Assuming REMOVED.
10-06 15:28:31.101 D/ActivityThread( 4948): Package [com.google.android.inputmethod.latin] reported as REPLACED, but missing application info. Assuming REMOVED.
10-06 15:28:31.102 D/ActivityThread( 4948): Package [com.google.android.calendar] reported as REPLACED, but missing application info. Assuming REMOVED.
10-06 15:28:31.103 D/ActivityThread( 4948): Package [com.google.android.calendar] reported as REPLACED, but missing application info. Assuming REMOVED.
10-06 15:28:31.111 I/FontLog ( 1269): (REDACTED) Received query %s, URI %s
10-06 15:28:31.111 I/FontLog ( 1269): (REDACTED) Query [%s] resolved to %s
10-06 15:28:31.112 I/RegistrationProxy(  707): onServiceConnected: com.android.rkpdapp.service.RemoteProvisioningService
10-06 15:28:31.113 I/GoogleInputMethodService( 7962): GoogleInputMethodService.onStartInput():1345 onStartInput(EditorInfo{EditorInfo{packageName=com.follgramer.diamantesproplayersgo, inputType=0, inputTypeString=NULL, enableLearning=false, autoCorrection=false, autoComplete=false, imeOptions=0, privateImeOptions=null, actionName=UNSPECIFIED, actionLabel=null, initialSelStart=-1, initialSelEnd=-1, initialCapsMode=0, label=null, fieldId=0, fieldName=null, extras=null, hintText=null, hintLocales=[]}}, false)
10-06 15:28:31.113 I/FontLog ( 1269): (REDACTED) Fetch %s end status %s
10-06 15:28:31.115 I/FontLog ( 1269): (REDACTED) Pulling font file for id = %d, cache size = %d
10-06 15:28:31.118 I/FontLog ( 1269): (REDACTED) Received query %s, URI %s
10-06 15:28:31.119 I/FontLog ( 1269): (REDACTED) Query [%s] resolved to %s
10-06 15:28:31.121 I/FontLog ( 1269): (REDACTED) Font PFD returned from cache for %s
10-06 15:28:31.121 I/FontLog ( 1269): (REDACTED) Fetch %s end status %s
10-06 15:28:31.122 W/ParceledListSlice(  707): Element #55 is 25988 bytes.
10-06 15:28:31.123 I/FontLog ( 1269): (REDACTED) Pulling font file for id = %d, cache size = %d
10-06 15:28:31.124 W/ParceledListSlice(  707): Element #79 is 17084 bytes.
10-06 15:28:31.128 I/FontLog ( 1269): (REDACTED) Received query %s, URI %s
10-06 15:28:31.128 I/FontLog ( 1269): (REDACTED) Query [%s] resolved to %s
10-06 15:28:31.129 W/ParceledListSlice(  707): Element #80 is 21444 bytes.
10-06 15:28:31.129 I/Module  ( 7962): DeviceLockedStatusModuleProvider$Module.updateDeviceLockedStatus():103 repeatCheckTimes = 1, locked = false
10-06 15:28:31.131 I/FontLog ( 1269): (REDACTED) Font PFD returned from cache for %s
10-06 15:28:31.131 I/FontLog ( 1269): (REDACTED) Fetch %s end status %s
10-06 15:28:31.136 I/FontLog ( 1269): (REDACTED) Pulling font file for id = %d, cache size = %d
10-06 15:28:31.138 W/ParceledListSlice(  707): Element #136 is 25424 bytes.
10-06 15:28:31.140 W/ParceledListSlice(  707): Element #140 is 89776 bytes.
10-06 15:28:31.141 W/ParceledListSlice(  707): Overly large reply size: 94692
10-06 15:28:31.145 I/FontLog ( 1269): (REDACTED) Received query %s, URI %s
10-06 15:28:31.145 I/FontLog ( 1269): (REDACTED) Query [%s] resolved to %s
10-06 15:28:31.146 I/FontLog ( 1269): (REDACTED) Font PFD returned from cache for %s
10-06 15:28:31.146 W/PackageConfigPersister(  707): App-specific configuration not found for packageName: com.follgramer.diamantesproplayersgo and userId: 0
10-06 15:28:31.147 W/ParceledListSlice(  707): Element #166 is 17584 bytes.
10-06 15:28:31.148 I/FontLog ( 1269): (REDACTED) Fetch %s end status %s
10-06 15:28:31.148 I/RegistrationProxy(  707): IGetRegistrationCallback.onSuccess
10-06 15:28:31.155 I/FontLog ( 1269): (REDACTED) Pulling font file for id = %d, cache size = %d
10-06 15:28:31.164 I/RemoteProvisionSysSvc(  707): Fetching key 10146 for client 242135207
10-06 15:28:31.164 I/RegistrationProxy(  707): getKeyAsync operation started with callback 119425364
10-06 15:28:31.168 D/NexusLauncherModelDelegate( 1112): notifySmartspaceEvent: SmartspaceTargetEvent{mSmartspaceTarget=null, mSmartspaceActionId='null', mEventType=7}
10-06 15:28:31.169 I/RkpdRegistrationBinder( 4948): Key requested for : android.hardware.security.keymint.IRemotelyProvisionedComponent/default, clientUid: 1017, keyId: 10146, callback: 189185
10-06 15:28:31.180 I/RkpdRegistrationBinder( 4948): Key successfully assigned to client
10-06 15:28:31.190 D/BaseDepthController( 1112): setSurface:
10-06 15:28:31.190 D/BaseDepthController( 1112): 	mWaitingOnSurfaceValidity: false
10-06 15:28:31.190 D/BaseDepthController( 1112): 	mBaseSurface: null
10-06 15:28:31.191 D/BaseDepthController( 1112): mSurface is null and mCurrentBlur is: 0
10-06 15:28:31.191 I/RemoteProvisionSysSvc(  707): Successfully fetched key for client 242135207
10-06 15:28:31.192 D/StateManager( 1112): goToState - fromState: Normal, toState: Normal, partial trace:
10-06 15:28:31.192 D/StateManager( 1112): 	at com.android.launcher3.statemanager.StateManager.moveToRestState(go/retraceme 72a59688580715d19f0e415c69e80376c2f062d1648c80db6730905005a27c20:4)
10-06 15:28:31.192 D/StateManager( 1112): 	at com.android.launcher3.statemanager.StateManager.moveToRestState(go/retraceme 72a59688580715d19f0e415c69e80376c2f062d1648c80db6730905005a27c20:1)
10-06 15:28:31.192 D/StateManager( 1112): 	at com.android.launcher3.statemanager.StatefulActivity.onStop(go/retraceme 72a59688580715d19f0e415c69e80376c2f062d1648c80db6730905005a27c20:34)
10-06 15:28:31.194 D/StatsLog( 1112): LAUNCHER_ONSTOP
10-06 15:28:31.198 W/ParceledListSlice(  707): Element #55 is 25988 bytes.
10-06 15:28:31.198 D/StatsLog( 1112): LAUNCHER_GOOGLE_SEARCH_RESTORE_LIST_SIZE_AFTER_ACTIVITY_RESTART
10-06 15:28:31.201 W/ParceledListSlice(  707): Element #79 is 17084 bytes.
10-06 15:28:31.206 W/ParceledListSlice(  707): Element #80 is 21444 bytes.
10-06 15:28:31.207 D/BoundBrokerSvc( 1269): onRebind: Intent { act=com.google.android.gms.presencemanager.service.START dat=chimera-action:/... xflg=0x4 cmp=com.google.android.gms/.chimera.PersistentApiService }
10-06 15:28:31.207 W/ParceledListSlice(  707): Element #136 is 25424 bytes.
10-06 15:28:31.212 D/BackgroundInstallControlService(  707): Package event received: 0
10-06 15:28:31.218 W/ParceledListSlice(  707): Element #140 is 89776 bytes.
10-06 15:28:31.218 W/ParceledListSlice(  707): Overly large reply size: 94692
10-06 15:28:31.219 W/ParceledListSlice(  707): Element #166 is 17584 bytes.
10-06 15:28:31.233 D/BoundBrokerSvc( 1269): onRebind: Intent { act=com.google.android.gms.presencemanager.service.INTERNAL_IDENTITY dat=chimera-action:/... xflg=0x4 cmp=com.google.android.gms/.chimera.PersistentApiService }
10-06 15:28:31.238 D/SoftKeymaster(  273): system/keymaster/km_openssl/certificate_utils.cpp, Line 148: Using TAG_CERTIFICATE_NOT_BEFORE: 0
10-06 15:28:31.238 D/SoftKeymaster(  273): system/keymaster/km_openssl/certificate_utils.cpp, Line 154: Using TAG_CERTIFICATE_NOT_AFTER: 2461449600000
10-06 15:28:31.238 D/SoftKeymaster(  273): system/keymaster/km_openssl/certificate_utils.cpp, Line 159: Got certificate date params:  NotBefore = 0, NotAfter = 2461449600000
10-06 15:28:31.238 D/SoftKeymaster(  273): system/keymaster/km_openssl/certificate_utils.cpp, Line 273: Setting notBefore to 0
10-06 15:28:31.238 D/SoftKeymaster(  273): system/keymaster/km_openssl/certificate_utils.cpp, Line 282: Setting notAfter to 2461449600
10-06 15:28:31.265 W/s.nexuslauncher( 1112): Reducing the number of considered missed Gc histogram windows from 320 to 100
10-06 15:28:31.266 W/android.rkpdapp( 4948): Reducing the number of considered missed Gc histogram windows from 329 to 100
10-06 15:28:31.287 D/BackgroundInstallControlService(  707): Package event received: 0
10-06 15:28:31.293 I/Finsky  ( 2051): [226] Integrity key attestation record generated successfully.
10-06 15:28:31.351 W/System  ( 1112): A resource failed to call release. 
10-06 15:28:31.351 W/System  ( 1112): A resource failed to call release. 
10-06 15:28:31.351 W/System  ( 1112): A resource failed to call release. 
10-06 15:28:31.362 I/AdvertisingIdClient( 1692): getting error as 17: API: ClientTelemetry.API is not available on this device. Connection failed with: ConnectionResult{statusCode=API_DISABLED, resolution=null, message=null, clientMethodKey=null}
10-06 15:28:31.366 I/RemoteProvisionSysSvc(  707): getRegistration(android.hardware.security.keymint.IRemotelyProvisionedComponent/default)
10-06 15:28:31.368 D/BackgroundInstallControlService(  707): Package event received: 0
10-06 15:28:31.370 D/BackgroundInstallControlService(  707): Package event received: 0
10-06 15:28:31.380 I/RegistrationProxy(  707): onServiceConnected: com.android.rkpdapp.service.RemoteProvisioningService
10-06 15:28:31.386 I/RegistrationProxy(  707): IGetRegistrationCallback.onSuccess
10-06 15:28:31.396 I/RemoteProvisionSysSvc(  707): Fetching key 10147 for client 196223192
10-06 15:28:31.396 I/RegistrationProxy(  707): getKeyAsync operation started with callback 266992689
10-06 15:28:31.398 I/RkpdRegistrationBinder( 4948): Key requested for : android.hardware.security.keymint.IRemotelyProvisionedComponent/default, clientUid: 1017, keyId: 10147, callback: 215217714
10-06 15:28:31.401 I/RkpdRegistrationBinder( 4948): Key successfully assigned to client
10-06 15:28:31.404 I/RemoteProvisionSysSvc(  707): Successfully fetched key for client 196223192
10-06 15:28:31.414 D/SoftKeymaster(  273): system/keymaster/km_openssl/certificate_utils.cpp, Line 148: Using TAG_CERTIFICATE_NOT_BEFORE: 0
10-06 15:28:31.414 D/SoftKeymaster(  273): system/keymaster/km_openssl/certificate_utils.cpp, Line 154: Using TAG_CERTIFICATE_NOT_AFTER: 2461449600000
10-06 15:28:31.415 D/SoftKeymaster(  273): system/keymaster/km_openssl/certificate_utils.cpp, Line 159: Got certificate date params:  NotBefore = 0, NotAfter = 2461449600000
10-06 15:28:31.415 D/SoftKeymaster(  273): system/keymaster/km_openssl/certificate_utils.cpp, Line 273: Setting notBefore to 0
10-06 15:28:31.415 D/SoftKeymaster(  273): system/keymaster/km_openssl/certificate_utils.cpp, Line 282: Setting notAfter to 2461449600
10-06 15:28:31.474 W/android.vending( 2051): Reducing the number of considered missed Gc histogram windows from 320 to 100
10-06 15:28:31.518 I/EGL_emulation( 3081): Opening libGLESv1_CM_emulation.so
10-06 15:28:31.518 I/EGL_emulation( 3081): Opening libGLESv2_emulation.so
10-06 15:28:31.573 W/SystemServiceRegistry( 3081): No service published for: persistent_data_block
10-06 15:28:31.616 W/libc    ( 3081): Access denied finding property "persist.adb.tls_server.enable"
10-06 15:28:31.615 W/binder:3081_D( 3081): type=1400 audit(0.0:122): avc:  denied  { read } for  name="u:object_r:system_adbd_prop:s0" dev="tmpfs" ino=334 scontext=u:r:gmscore_app:s0:c512,c768 tcontext=u:object_r:system_adbd_prop:s0 tclass=file permissive=0 app=com.google.android.gms
10-06 15:28:31.659 D/FileUtils(  707): Rounded bytes from 2067259392 to 4000000000
10-06 15:28:31.813 D/CompatChangeReporter( 8874): Compat change id reported: 263076149; UID 10219; state: ENABLED
10-06 15:28:31.854 D/BoundBrokerSvc( 1269): onRebind: Intent { act=com.google.android.gms.play.integrity.api.service.IntegrityApiDisplayListenerApiService.START dat=chimera-action:/... xflg=0x4 cmp=com.google.android.gms/.chimera.PersistentApiServiceNoInstantApps }
10-06 15:28:31.903 W/id.gms.unstable( 3081): Reducing the number of considered missed Gc histogram windows from 224 to 100
10-06 15:28:31.999 D/DGInternalHandle( 2051): maybeAddInteractionEvents(): The EventCollector is not initialized. This means that the client hasn't intended to collect any interaction events so far.
10-06 15:28:32.027 V/GrammaticalInflectionUtils(  707): AttributionSource: android.content.AttributionSource@335e793c does not have READ_SYSTEM_GRAMMATICAL_GENDER permission.
10-06 15:28:32.029 W/OptProp (  707): Cannot read opt property android.window.PROPERTY_COMPAT_ALLOW_USER_ASPECT_RATIO_OVERRIDE
10-06 15:28:32.029 W/OptProp (  707): Cannot read opt property android.window.PROPERTY_COMPAT_ALLOW_USER_ASPECT_RATIO_FULLSCREEN_OVERRIDE
10-06 15:28:32.030 W/OptProp (  707): Cannot read opt property android.window.PROPERTY_COMPAT_ALLOW_RESIZEABLE_ACTIVITY_OVERRIDES
10-06 15:28:32.033 W/OptProp (  707): Cannot read opt property android.window.PROPERTY_COMPAT_ALLOW_MIN_ASPECT_RATIO_OVERRIDE
10-06 15:28:32.040 I/BpBinder(  555): onLastStrongRef automatically unlinking death recipients: 
10-06 15:28:32.048 W/OptProp (  707): Cannot read opt property android.window.PROPERTY_COMPAT_ALLOW_ORIENTATION_OVERRIDE
10-06 15:28:32.059 V/WindowManagerShell(  964): Transition requested (#18): android.os.BinderProxy@68295bb TransitionRequestInfo { type = OPEN, triggerTask = TaskInfo{userId=0 taskId=7 effectiveUid=10219 displayId=0 isRunning=true baseIntent=Intent { act=android.intent.action.MAIN cat=[android.intent.category.LAUNCHER] flg=0x10a00000 cmp=com.follgramer.diamantesproplayersgo/.SplashActivity } baseActivity=ComponentInfo{com.follgramer.diamantesproplayersgo/com.follgramer.diamantesproplayersgo.MainActivity} topActivity=ComponentInfo{com.follgramer.diamantesproplayersgo/com.follgramer.diamantesproplayersgo.MainActivity} origActivity=null realActivity=ComponentInfo{com.follgramer.diamantesproplayersgo/com.follgramer.diamantesproplayersgo.SplashActivity} numActivities=1 lastActiveTime=3603514 supportsMultiWindow=true resizeMode=1 isResizeable=true minWidth=-1 minHeight=-1 defaultMinSize=220 token=WCT{android.window.IWindowContainerToken$Stub$Proxy@8daead8} topActivityType=1 pictureInPictureParams=null shouldDockBigOverlays=false launchIntoPipHostTaskId=-1 lastParentTaskIdBeforePip=-1 displayCutoutSafeInsets=Rect(0, 0 - 0, 0) topActivityInfo=ActivityInfo{3d3fe31 com.follgramer.diamantesproplayersgo.MainActivity} launchCookies=[] positionInParent=Point(0, 0) parentTaskId=-1 isFocused=true isVisible=true isVisibleRequested=false isTopActivityNoDisplay=false isSleeping=false locusId=null displayAreaFeatureId=1 isTopActivityTransparent=false isActivityStackTransparent=false lastNonFullscreenBounds=Rect(284, 660 - 796, 1740) capturedLink=null capturedLinkTimestamp=0 requestedVisibleTypes=-9 topActivityRequestOpenInBrowserEducationTimestamp=0 appCompatTaskInfo=AppCompatTaskInfo { topActivityInSizeCompat=false eligibleForLetterboxEducation= false isLetterboxEducationEnabled= true isLetterboxDoubleTapEnabled= false eligibleForUserAspectRatioButton= false topActivityBoundsLetterboxed= false isFromLetterboxDoubleTap= false topActivityLetterboxVerticalPosition= -1 topActivityLetterboxHorizontalPosition= -1 topActivityLetterboxWidth=-1 topActivityLetterboxHeight=-1 topActivityAppBounds=Rect(0, 0 - 1080, 2337) isUserFullscreenOverrideEnabled=false isSystemFullscreenOverrideEnabled=false hasMinAspectRatioOverride=false topActivityLetterboxBounds=null cameraCompatTaskInfo=CameraCompatTaskInfo { freeformCameraCompatMode=inactive}} topActivityMainWindowFrame=null}, pipChange = null, remoteTransition = null, displayChange = null, flags = 0, debugId = 18 }
10-06 15:28:32.059 D/ShellSplitScreen(  964): logExit: no-op, mLoggerSessionId is null
10-06 15:28:32.061 I/ActivityTaskManager(  707): START u0 {flg=0x10008000 xflg=0x4 cmp=com.follgramer.diamantesproplayersgo/.MainActivity (has extras)} with LAUNCH_SINGLE_TASK from uid 10219 (sr=44584531) (BAL_ALLOW_VISIBLE_WINDOW) result code=0
10-06 15:28:32.063 W/ActivityTaskManager(  707): Duplicate finish request for r=ActivityRecord{44584531 u0 com.follgramer.diamantesproplayersgo/.SplashActivity t7 f}}
10-06 15:28:32.072 I/BpBinder(  555): onLastStrongRef automatically unlinking death recipients: 
10-06 15:28:32.078 D/BackgroundInstallControlService(  707): Package event received: 0
10-06 15:28:32.080 W/OptProp (  707): Cannot read opt property android.window.PROPERTY_COMPAT_ENABLE_FAKE_FOCUS
10-06 15:28:32.080 I/ndroid.systemui(  964): AssetManager2(0x7de5c920b258) locale list changing from [] to [en-US]
10-06 15:28:32.099 D/BackgroundInstallControlService(  707): Package event received: 0
10-06 15:28:32.110 D/BackgroundInstallControlService(  707): Package event received: 0
10-06 15:28:32.110 I/Ads     ( 8874): JS: The jsLoaded GMSG has been sent (https://googleads.g.doubleclick.net/mads/static/sdk/native/sdk-core-v40.html:990)
10-06 15:28:32.110 I/chromium( 8874): [INFO:CONSOLE:990] "The jsLoaded GMSG has been sent", source: https://googleads.g.doubleclick.net/mads/static/sdk/native/sdk-core-v40.html (990)
10-06 15:28:32.127 I/tesproplayersgo( 8874): AssetManager2(0x7de5c91ea878) locale list changing from [] to [en-US]
10-06 15:28:32.158 V/WindowManagerShell(  964): onTransitionReady(transaction=3036541878846)
10-06 15:28:32.159 V/WindowManagerShell(  964): onTransitionReady (#18) android.os.BinderProxy@68295bb: {id=18 t=OPEN f=0x0 trk=0 r=[0@Point(0, 0)] c=[
10-06 15:28:32.159 V/WindowManagerShell(  964):         {m=OPEN f=FILLS_TASK|IS_BEHIND_STARTING_WINDOW leash=Surface(name=ActivityRecord{153763958 u0 com.follgramer.diamantesproplayersgo/.MainActivity)/@0xa4381c sb=Rect(0, 0 - 0, 0) eb=Rect(0, 0 - 1080, 2400) epz=Point(1080, 2400) d=-1->0 r=-1->0:-1 bc=ff000000 component=com.follgramer.diamantesproplayersgo/.MainActivity},
10-06 15:28:32.159 V/WindowManagerShell(  964):         {m=CLOSE f=FILLS_TASK|IS_BEHIND_STARTING_WINDOW leash=Surface(name=ActivityRecord{44584531 u0 com.follgramer.diamantesproplayersgo/.SplashActivity)/@0xac9c25 sb=Rect(0, 0 - 1080, 2400) eb=Rect(0, 0 - 1080, 2400) epz=Point(1080, 2400) d=0 bc=ff000000 component=com.follgramer.diamantesproplayersgo/.SplashActivity}
10-06 15:28:32.159 V/WindowManagerShell(  964):     ]}
10-06 15:28:32.159 V/WindowManagerShell(  964): Playing animation for (#18) android.os.BinderProxy@68295bb@0
10-06 15:28:32.160 V/ShellRecents(  964): RecentsTransitionHandler.startAnimation: no controller found
10-06 15:28:32.160 V/WindowManagerShell(  964): Transition doesn't have explicit remote, search filters for match for {id=18 t=OPEN f=0x0 trk=0 r=[0@Point(0, 0)] c=[{m=OPEN f=FILLS_TASK|IS_BEHIND_STARTING_WINDOW leash=Surface(name=ActivityRecord{153763958 u0 com.follgramer.diamantesproplayersgo/.MainActivity)/@0xa4381c sb=Rect(0, 0 - 0, 0) eb=Rect(0, 0 - 1080, 2400) epz=Point(1080, 2400) d=-1->0 r=-1->0:-1 bc=ff000000 component=com.follgramer.diamantesproplayersgo/.MainActivity},{m=CLOSE f=FILLS_TASK|IS_BEHIND_STARTING_WINDOW leash=Surface(name=ActivityRecord{44584531 u0 com.follgramer.diamantesproplayersgo/.SplashActivity)/@0xac9c25 sb=Rect(0, 0 - 1080, 2400) eb=Rect(0, 0 - 1080, 2400) epz=Point(1080, 2400) d=0 bc=ff000000 component=com.follgramer.diamantesproplayersgo/.SplashActivity}]}
10-06 15:28:32.160 V/WindowManagerShell(  964):  Checking filter Pair{{types=[] flags=0x0] notFlags=0x0 checks=[{atype=undefined independent=true modes=[CLOSE,TO_BACK] flags=IN_TASK_WITH_EMBEDDED_ACTIVITY mustBeTask=false order=ANY topActivity=null launchCookie=null taskFragmentToken=android.os.BinderProxy@aa05c6a windowingMode=undefined}]} RemoteTransition { remoteTransition = android.window.IRemoteTransition$Stub$Proxy@66bd55b, appThread = android.app.IApplicationThread$Stub$Proxy@64dc1f8, debugName = overlayBackTransition }}
10-06 15:28:32.161 V/WindowManagerShell(  964):  Checking filter Pair{{types=[] flags=0x0] notFlags=0x0 checks=[{atype=dream independent=true modes=[OPEN,TO_FRONT] flags=NONE mustBeTask=false order=ANY topActivity=null launchCookie=null windowingMode=undefined},{atype=home independent=true modes=[CLOSE,TO_BACK] flags=NONE mustBeTask=false order=ANY topActivity=null launchCookie=null windowingMode=undefined}]} RemoteTransition { remoteTransition = android.window.IRemoteTransition$Stub$Proxy@e0556d1, appThread = android.app.IApplicationThread$Stub$Proxy@f5fd536, debugName = LauncherToDream }}
10-06 15:28:32.161 V/WindowManagerShell(  964):  Checking filter Pair{{types=[] flags=0x0] notFlags=0x100 checks=[{atype=home independent=true modes=[OPEN,TO_FRONT] flags=NONE mustBeTask=false order=TOP topActivity=ComponentInfo{com.google.android.apps.nexuslauncher/com.google.android.apps.nexuslauncher.NexusLauncherActivity} launchCookie=null windowingMode=undefined},{atype=standard independent=true modes=[CLOSE,TO_BACK] flags=NONE mustBeTask=false order=ANY topActivity=null launchCookie=null windowingMode=undefined},{NOT atype=undefined independent=true modes=[] flags=NONE mustBeTask=true order=ANY topActivity=null launchCookie=null customAnim=true windowingMode=undefined}]} RemoteTransition { remoteTransition = android.window.IRemoteTransition$Stub$Proxy@c886c37, appThread = android.app.IApplicationThread$Stub$Proxy@9905a4, debugName = QuickstepLaunchHome }}
10-06 15:28:32.161 V/WindowManagerShell(  964):  Delegate animation for (#18) to null
10-06 15:28:32.161 V/WindowManagerShell(  964): start default transition animation, info = {id=18 t=OPEN f=0x0 trk=0 r=[0@Point(0, 0)] c=[{m=OPEN f=FILLS_TASK|IS_BEHIND_STARTING_WINDOW leash=Surface(name=ActivityRecord{153763958 u0 com.follgramer.diamantesproplayersgo/.MainActivity)/@0xa4381c sb=Rect(0, 0 - 0, 0) eb=Rect(0, 0 - 1080, 2400) epz=Point(1080, 2400) d=-1->0 r=-1->0:-1 bc=ff000000 component=com.follgramer.diamantesproplayersgo/.MainActivity},{m=CLOSE f=FILLS_TASK|IS_BEHIND_STARTING_WINDOW leash=Surface(name=ActivityRecord{44584531 u0 com.follgramer.diamantesproplayersgo/.SplashActivity)/@0xac9c25 sb=Rect(0, 0 - 1080, 2400) eb=Rect(0, 0 - 1080, 2400) epz=Point(1080, 2400) d=0 bc=ff000000 component=com.follgramer.diamantesproplayersgo/.SplashActivity}]}
10-06 15:28:32.164 V/WindowManagerShell(  964): loadAnimation: anim=android.view.animation.AnimationSet@cfb33c6 animAttr=0x5 type=OPEN isEntrance=false
10-06 15:28:32.165 V/WindowManagerShell(  964): loadAnimation: anim=android.view.animation.AnimationSet@6532add animAttr=0x4 type=OPEN isEntrance=true
10-06 15:28:32.167 V/WindowManagerShell(  964):  animated by com.android.wm.shell.transition.DefaultTransitionHandler@6a74812
10-06 15:28:32.174 V/WindowManager(  707): Sent Transition (#18) createdAt=10-06 15:28:32.036 via request=TransitionRequestInfo { type = OPEN, triggerTask = TaskInfo{userId=0 taskId=7 effectiveUid=10219 displayId=0 isRunning=true baseIntent=Intent { act=android.intent.action.MAIN cat=[android.intent.category.LAUNCHER] flg=0x10a00000 cmp=com.follgramer.diamantesproplayersgo/.SplashActivity } baseActivity=ComponentInfo{com.follgramer.diamantesproplayersgo/com.follgramer.diamantesproplayersgo.MainActivity} topActivity=ComponentInfo{com.follgramer.diamantesproplayersgo/com.follgramer.diamantesproplayersgo.MainActivity} origActivity=null realActivity=ComponentInfo{com.follgramer.diamantesproplayersgo/com.follgramer.diamantesproplayersgo.SplashActivity} numActivities=1 lastActiveTime=3603514 supportsMultiWindow=true resizeMode=1 isResizeable=true minWidth=-1 minHeight=-1 defaultMinSize=220 token=WCT{RemoteToken{d1e7aad Task{b8d390 #7 type=standard A=10219:com.follgramer.diamantesproplayersgo}}} topActivityType=1 pictureInPictureParams=null shouldDockBigOverlays=false launchIntoPipHostTaskId=-1 lastParentTaskIdBeforePip=-1 displayCutoutSafeInsets=Rect(0, 0 - 0, 0) topActivityInfo=ActivityInfo{30a4a7c com.follgramer.diamantesproplayersgo.MainActivity} launchCookies=[] positionInParent=Point(0, 0) parentTaskId=-1 isFocused=true isVisible=true isVisibleRequested=false isTopActivityNoDisplay=false isSleeping=false locusId=null displayAreaFeatureId=1 isTopActivityTransparent=false isActivityStackTransparent=false lastNonFullscreenBounds=Rect(284, 660 - 796, 1740) capturedLink=null capturedLinkTimestamp=0 requestedVisibleTypes=-9 topActivityRequestOpenInBrowserEducationTimestamp=0 appCompatTaskInfo=AppCompatTaskInfo { topActivityInSizeCompat=false eligibleForLetterboxEducation= false isLetterboxEducationEnabled= true isLetterboxDoubleTapEnabled= false eligibleForUserAspectRatioButton= false topActivityBoundsLetterboxed= false isFromLetterboxDoubleTap= false topActivityLetterboxVerticalPosition= -1 topActivityLetterboxHorizontalPosition= -1 topActivityLetterboxWidth=-1 topActivityLetterboxHeight=-1 topActivityAppBounds=Rect(0, 0 - 1080, 2337) isUserFullscreenOverrideEnabled=false isSystemFullscreenOverrideEnabled=false hasMinAspectRatioOverride=false topActivityLetterboxBounds=null cameraCompatTaskInfo=CameraCompatTaskInfo { freeformCameraCompatMode=inactive}} topActivityMainWindowFrame=null}, pipChange = null, remoteTransition = null, displayChange = null, flags = 0, debugId = 18 }
10-06 15:28:32.174 V/WindowManager(  707):     startWCT=WindowContainerTransaction { changes= {} hops= [] errorCallbackToken=null taskFragmentOrganizer=null }
10-06 15:28:32.176 V/WindowManager(  707):     info={id=18 t=OPEN f=0x0 trk=0 r=[0@Point(0, 0)] c=[
10-06 15:28:32.176 V/WindowManager(  707):         {m=OPEN f=FILLS_TASK|IS_BEHIND_STARTING_WINDOW leash=Surface(name=ActivityRecord{153763958 u0 com.follgramer.diamantesproplayersgo/.MainActivity)/@0x9d4e749 sb=Rect(0, 0 - 0, 0) eb=Rect(0, 0 - 1080, 2400) epz=Point(1080, 2400) d=-1->0 r=-1->0:-1 bc=ff000000 component=com.follgramer.diamantesproplayersgo/.MainActivity},
10-06 15:28:32.176 V/WindowManager(  707):         {m=CLOSE f=FILLS_TASK|IS_BEHIND_STARTING_WINDOW leash=Surface(name=ActivityRecord{44584531 u0 com.follgramer.diamantesproplayersgo/.SplashActivity)/@0xf87e950 sb=Rect(0, 0 - 1080, 2400) eb=Rect(0, 0 - 1080, 2400) epz=Point(1080, 2400) d=0 bc=ff000000 component=com.follgramer.diamantesproplayersgo/.SplashActivity}
10-06 15:28:32.176 V/WindowManager(  707):     ]}
10-06 15:28:32.187 I/tesproplayersgo( 8874): AssetManager2(0x7de5c91e6d18) locale list changing from [] to [en-US]
10-06 15:28:32.193 D/MainActivity( 8874): === INICIANDO MAINACTIVITY ===
10-06 15:28:32.193 D/MainActivity( 8874): Build Type: DEBUG
10-06 15:28:32.194 D/MainActivity( 8874): Consent Completed: true
10-06 15:28:32.194 D/MainActivity( 8874): AdMob Initialized: false
10-06 15:28:32.410 I/tesproplayersgo( 8874): AssetManager2(0x7de5c91e5738) locale list changing from [] to [en-US]
10-06 15:28:32.417 D/MainActivity( 8874): Inicializando sistemas crticos...
10-06 15:28:32.417 D/AUDIO_SETUP( 8874): AudioManager configured correctly
10-06 15:28:32.418 W/MainActivity( 8874):  AdMob NO fue inicializado en SplashActivity
10-06 15:28:32.523 W/System  ( 8874): Ignoring header X-Firebase-Locale because its value was null.
10-06 15:28:32.533 D/FIREBASE_SETUP( 8874): Firebase configured correctly
10-06 15:28:32.561 D/NotificationEventBus( 8874): Listener desuscrito. Total: 0
10-06 15:28:32.562 D/NotificationEventBus( 8874): Listener suscrito. Total: 1
10-06 15:28:32.575 I/Finsky  ( 2051): [62] requestIntegrityToken() finished for com.follgramer.diamantesproplayersgo.
10-06 15:28:32.581 I/PlayCore( 8874): UID: [10219]  PID: [8874] OnRequestIntegrityTokenCallback : onRequestIntegrityToken
10-06 15:28:32.583 I/PlayCore( 8874): UID: [10219]  PID: [8874] IntegrityService : Unbind from service.
10-06 15:28:32.585 I/AppsFilter(  707): interaction: PackageSetting{2c58045 com.follgramer.diamantesproplayersgo/10219} -> PackageSetting{74320a5 com.google.android.apps.nexuslauncher/10182} BLOCKED
10-06 15:28:32.599 D/MainActivity( 8874): Badge updated: 0
10-06 15:28:32.623 V/WindowManagerShell(  964): Transition animation finished (aborted=false), notifying core (#18) android.os.BinderProxy@68295bb@0
10-06 15:28:32.625 V/WindowManager(  707): Finish Transition (#18): created at 10-06 15:28:32.036 collect-started=0.085ms request-sent=21.568ms started=26.812ms ready=47.352ms sent=118.886ms commit=18.134ms finished=588.424ms
10-06 15:28:32.628 V/WindowManagerShell(  964): Track 0 became idle
10-06 15:28:32.630 V/WindowManagerShell(  964): All active transition animations finished
10-06 15:28:32.690 I/tesproplayersgo( 8874): Compiler allocated 5042KB to compile void android.view.ViewRootImpl.performTraversals()
10-06 15:28:32.830 D/SessionManager( 8874): Player ID obtenido: No configurado
10-06 15:28:32.833 D/InetDiagMessage(  707): Destroyed 0 sockets, proto=IPPROTO_TCP, family=AF_INET, states=14
10-06 15:28:32.833 D/SessionManager( 8874): SessionManager inicializado
10-06 15:28:32.834 D/InetDiagMessage(  707): Destroyed 1 sockets, proto=IPPROTO_TCP, family=AF_INET6, states=14
10-06 15:28:32.834 D/InetDiagMessage(  707): Destroyed live tcp sockets for uids={10150} in 1ms
10-06 15:28:32.834 D/SessionManager( 8874): Primera inicializacin - configurando valores por defecto
10-06 15:28:32.834 D/InetDiagMessage(  707): Destroyed 0 sockets, proto=IPPROTO_TCP, family=AF_INET, states=14
10-06 15:28:32.834 D/InetDiagMessage(  707): Destroyed 0 sockets, proto=IPPROTO_TCP, family=AF_INET6, states=14
10-06 15:28:32.834 D/InetDiagMessage(  707): Destroyed live tcp sockets for uids={20150} in 1ms
10-06 15:28:32.846 D/SessionManager( 8874): Inicializacin completada - 10 giros establecidos
10-06 15:28:32.847 D/SessionManager( 8874): Player ID obtenido: No configurado
10-06 15:28:32.849 D/SessionManager( 8874): Giros obtenidos: 10
10-06 15:28:32.849 D/SessionManager( 8874): Estado actual - Player ID: No configurado, Giros: 10
10-06 15:28:32.897 E/DEVICE_ID( 8874): ==========================================
10-06 15:28:32.897 E/DEVICE_ID( 8874): ID de Dispositivo de Prueba (AdMob): F9C1540151B5789BE4ADD3DF55FA783D
10-06 15:28:32.897 E/DEVICE_ID( 8874):  SOLO PARA DEBUG - En RELEASE no aparecer
10-06 15:28:32.897 E/DEVICE_ID( 8874): ==========================================
10-06 15:28:32.897 D/MainActivity( 8874): Sistemas crticos inicializados correctamente
10-06 15:28:32.901 D/MainActivity( 8874): Badge updated: 0
10-06 15:28:32.908 D/MainActivity( 8874): onResume - Verificando estado
10-06 15:28:32.909 D/SessionManager( 8874): Giros obtenidos: 10
10-06 15:28:32.909 D/SessionManager( 8874): Giros obtenidos: 10
10-06 15:28:32.911 D/MainActivity( 8874): Badge updated: 0
10-06 15:28:32.912 D/MainActivity( 8874): Resumiendo banners...
10-06 15:28:32.914 D/BannerHelper( 8874):  0 banners resumidos
10-06 15:28:32.914 D/MainActivity( 8874):  Unread notifications: 0
10-06 15:28:32.933 I/Choreographer( 8874): Skipped 49 frames!  The application may be doing too much work on its main thread.
10-06 15:28:32.938 D/CoreBackPreview(  707): Window{3504680 u0 com.follgramer.diamantesproplayersgo/com.follgramer.diamantesproplayersgo.MainActivity}: Setting back callback OnBackInvokedCallbackInfo{mCallback=android.window.IOnBackInvokedCallback$Stub$Proxy@73200fe, mPriority=-1, mIsAnimationCallback=false, mOverrideBehavior=0}
10-06 15:28:33.044 I/ActivityTaskManager(  707): Displayed com.follgramer.diamantesproplayersgo/.MainActivity for user 0: +1s26ms
10-06 15:28:33.046 D/VRI[SplashActivity]( 8874): visibilityChanged oldVisibility=true newVisibility=false
10-06 15:28:33.050 W/LocalRequestInterceptor( 8874): Error getting App Check token; using placeholder token instead. Error: com.google.firebase.FirebaseException: Error returned from API. code: 403 body: App attestation failed.
10-06 15:28:33.051 D/MainActivity( 8874): Configurando basic UI...
10-06 15:28:33.052 W/DiamantesApp( 8874): Error obteniendo token: Error returned from API. code: 403 body: App attestation failed.
10-06 15:28:33.059 I/HWUI    ( 8874): Davey! duration=950ms; Flags=1, FrameTimelineVsyncId=285919, IntendedVsync=3603580525840, Vsync=3604397192474, InputEventId=0, HandleInputStart=3604410447900, AnimationStart=3604410495100, PerformTraversalsStart=3604413867400, DrawStart=3604491318600, FrameDeadline=3603597192506, FrameStartTime=3604410031700, FrameInterval=16666666, WorkloadTarget=16666666, SyncQueued=3604493078900, SyncStart=3604493480200, IssueDrawCommandsStart=3604493572800, SwapBuffers=3604516318900, FrameCompleted=3604531250300, DequeueBufferDuration=15500, QueueBufferDuration=452000, GpuCompleted=3604531250300, SwapBuffersCompleted=3604517085700, DisplayPresentTime=0, CommandSubmissionCompleted=3604516318900, 
10-06 15:28:33.078 W/HWUI    ( 8874): Image decoding logging dropped!
10-06 15:28:33.080 D/NAV_COLORS( 8874):  NavigationView colors configured
10-06 15:28:33.082 D/CoreBackPreview(  707): Window{3504680 u0 com.follgramer.diamantesproplayersgo/com.follgramer.diamantesproplayersgo.MainActivity}: Setting back callback OnBackInvokedCallbackInfo{mCallback=android.window.IOnBackInvokedCallback$Stub$Proxy@4c24344, mPriority=0, mIsAnimationCallback=true, mOverrideBehavior=0}
10-06 15:28:33.084 D/SessionManager( 8874): Giros obtenidos: 10
10-06 15:28:33.085 D/SessionManager( 8874): Player ID obtenido: No configurado
10-06 15:28:33.086 D/SessionManager( 8874): Giros obtenidos: 10
10-06 15:28:33.086 D/MainActivity( 8874): Basic UI configurado correctamente
10-06 15:28:33.087 D/MainActivity( 8874): onCreate completado exitosamente
10-06 15:28:33.129 I/GoogleInputMethodService( 7962): GoogleInputMethodService.onFinishInput():2084 
10-06 15:28:33.130 I/Module  ( 7962): DeviceLockedStatusModuleProvider$Module.updateDeviceLockedStatus():103 repeatCheckTimes = 0, locked = false
10-06 15:28:33.130 I/ImeTracker(  707): system_server:961346e0: onRequestHide at ORIGIN_SERVER reason IME_REQUESTED_CHANGED_LISTENER fromUser false
10-06 15:28:33.132 I/GoogleInputMethodService( 7962): GoogleInputMethodService.onStartInput():1345 onStartInput(EditorInfo{EditorInfo{packageName=com.follgramer.diamantesproplayersgo, inputType=0, inputTypeString=NULL, enableLearning=false, autoCorrection=false, autoComplete=false, imeOptions=0, privateImeOptions=null, actionName=UNSPECIFIED, actionLabel=null, initialSelStart=-1, initialSelEnd=-1, initialCapsMode=0, label=null, fieldId=0, fieldName=null, extras=null, hintText=null, hintLocales=[]}}, false)
10-06 15:28:33.132 I/Module  ( 7962): DeviceLockedStatusModuleProvider$Module.updateDeviceLockedStatus():103 repeatCheckTimes = 1, locked = false
10-06 15:28:33.134 W/PackageConfigPersister(  707): App-specific configuration not found for packageName: com.follgramer.diamantesproplayersgo and userId: 0
10-06 15:28:33.134 I/ImeTracker(  707): system_server:961346e0: onCancelled at PHASE_SERVER_SHOULD_HIDE
10-06 15:28:33.151 W/WindowOnBackDispatcher( 8874): sendCancelIfRunning: isInProgress=false callback=android.app.Activity$$ExternalSyntheticLambda0@bb32478
10-06 15:28:33.152 D/CoreBackPreview(  707): Window{c1f9e5b u0 com.follgramer.diamantesproplayersgo/com.follgramer.diamantesproplayersgo.SplashActivity}: Setting back callback null
10-06 15:28:33.154 D/ViewRootImpl( 8874): Skipping stats log for color mode
10-06 15:28:33.161 D/BackgroundInstallControlService(  707): Package event received: 0
10-06 15:28:33.164 D/AdsInit ( 8874):  AdMob inicializado correctamente
10-06 15:28:33.164 D/AdsInit ( 8874): Adaptador: com.google.android.gms.ads.MobileAds - Estado: READY
10-06 15:28:33.164 D/AdsInit ( 8874): Adaptador: com.google.ads.mediation.vungle.VungleMediationAdapter - Estado: NOT_READY
10-06 15:28:33.164 D/AdsInit ( 8874): Adaptador: com.google.ads.mediation.applovin.AppLovinMediationAdapter - Estado: NOT_READY
10-06 15:28:33.164 D/AdsInit ( 8874): Adaptador: com.google.ads.mediation.adcolony.AdColonyMediationAdapter - Estado: NOT_READY
10-06 15:28:33.164 D/AdsInit ( 8874):  AdMob inicializado correctamente
10-06 15:28:33.164 D/AdsInit ( 8874): Adaptador: com.google.android.gms.ads.MobileAds - Estado: READY
10-06 15:28:33.164 D/AdsInit ( 8874): Adaptador: com.google.ads.mediation.vungle.VungleMediationAdapter - Estado: NOT_READY
10-06 15:28:33.164 D/AdsInit ( 8874): Adaptador: com.google.ads.mediation.applovin.AppLovinMediationAdapter - Estado: NOT_READY
10-06 15:28:33.164 D/AdsInit ( 8874): Adaptador: com.google.ads.mediation.adcolony.AdColonyMediationAdapter - Estado: NOT_READY
10-06 15:28:33.553 D/DiamantesApp( 8874): Iniciando autenticacin annima...
10-06 15:28:33.554 W/System  ( 8874): Ignoring header X-Firebase-Locale because its value was null.
10-06 15:28:33.560 W/LocalRequestInterceptor( 8874): Error getting App Check token; using placeholder token instead. Error: com.google.firebase.FirebaseException: Too many attempts.
10-06 15:28:33.819 W/System  ( 8874): Ignoring header X-Firebase-Locale because its value was null.
10-06 15:28:33.823 W/LocalRequestInterceptor( 8874): Error getting App Check token; using placeholder token instead. Error: com.google.firebase.FirebaseException: Too many attempts.
10-06 15:28:34.088 D/FirebaseAuth( 8874): Notifying id token listeners about user ( Cb0iNq4L1xbiahFkD5rFc2jdQAi2 ).
10-06 15:28:34.088 D/FirebaseAuth( 8874): Notifying auth state listeners about user ( Cb0iNq4L1xbiahFkD5rFc2jdQAi2 ).
10-06 15:28:34.091 D/Firebase Auth( 8874):  Anonymous authentication successful
10-06 15:28:34.091 D/Firebase Auth( 8874): User: Cb0iNq4L1xbiahFkD5rFc2jdQAi2
10-06 15:28:34.171 W/SyncTree( 8874): Listen at /appConfig/emergencyStop failed: DatabaseError: Permission denied
10-06 15:28:34.172 E/EMERGENCY( 8874): Error: Permission denied
10-06 15:28:34.173 W/SyncTree( 8874): Listen at /appConfig/weeklyPrize failed: DatabaseError: Permission denied
10-06 15:28:34.198 W/System  ( 8874): Ignoring header X-Firebase-Locale because its value was null.
10-06 15:28:34.201 W/LocalRequestInterceptor( 8874): Error getting App Check token; using placeholder token instead. Error: com.google.firebase.FirebaseException: Too many attempts.
10-06 15:28:34.433 D/FirebaseAuth( 8874): Notifying id token listeners about user ( AuKeLrmvyJS5FJeex7e3Jdykho82 ).
10-06 15:28:34.434 D/FirebaseAuth( 8874): Notifying auth state listeners about user ( AuKeLrmvyJS5FJeex7e3Jdykho82 ).
10-06 15:28:34.447 D/DiamantesApp( 8874): Autenticacin annima exitosa: AuKeLrmv...
10-06 15:28:34.447 D/DiamantesApp( 8874): Iniciando pre-carga del TOP 5...
10-06 15:28:34.448 D/DiamantesApp( 8874): Stack completo de Firebase inicializado correctamente
10-06 15:28:34.564 D/SatelliteController( 1101): iisInCarrierRoamingNbIotNtn: satellite is disabled
10-06 15:28:34.667 D/DiamantesApp( 8874): TOP 5 pre-cargado: 5 jugadores
10-06 15:28:34.667 D/DiamantesApp( 8874):   1. 1234567 - 1 pases
10-06 15:28:34.667 D/DiamantesApp( 8874):   2. 123456 - 1 pases
10-06 15:28:34.667 D/DiamantesApp( 8874):   3. 12345 - 1 pases
10-06 15:28:34.667 D/DiamantesApp( 8874):   4. 123465 - 1 pases
10-06 15:28:34.667 D/DiamantesApp( 8874):   5. 1213215 - 0 pases
10-06 15:28:34.748 D/ProfileInstaller( 8874): Installing profile for com.follgramer.diamantesproplayersgo
10-06 15:28:35.092 D/TOP5_FIREBASE( 8874):  Displaying TOP 5 from cache (5 players)
10-06 15:28:35.094 D/LeaderboardAdapter( 8874): Datos actualizados: 5 items, total con anuncios: 6
10-06 15:28:35.101 D/ADVERTISING_ID( 8874): Advertising ID inicializado: 9a17a108...
10-06 15:28:35.101 D/ADVERTISING_ID( 8874): Limit Ad Tracking: false
10-06 15:28:35.102 D/MainActivity( 8874): AdMob confirmado listo
10-06 15:28:35.103 D/SessionManager( 8874): Player ID obtenido: No configurado
10-06 15:28:35.105 D/AdManager( 8874): AdManager inicializado
10-06 15:28:35.119 D/LeaderboardAdapter( 8874): Datos actualizados: 23 items, total con anuncios: 30
10-06 15:28:35.306 D/WinnersAdapter( 8874): Datos actualizados: 10 items, total con anuncios: 13
10-06 15:28:35.971 D/InetDiagMessage(  707): Destroyed 0 sockets, proto=IPPROTO_TCP, family=AF_INET, states=14
10-06 15:28:35.971 D/InetDiagMessage(  707): Destroyed 0 sockets, proto=IPPROTO_TCP, family=AF_INET6, states=14
10-06 15:28:35.971 D/InetDiagMessage(  707): Destroyed live tcp sockets for uids={10167} in 1ms
10-06 15:28:35.971 D/InetDiagMessage(  707): Destroyed 0 sockets, proto=IPPROTO_TCP, family=AF_INET, states=14
10-06 15:28:35.972 D/InetDiagMessage(  707): Destroyed 0 sockets, proto=IPPROTO_TCP, family=AF_INET6, states=14
10-06 15:28:35.972 D/InetDiagMessage(  707): Destroyed live tcp sockets for uids={20167} in 1ms
10-06 15:28:36.129 D/AdIds   ( 8874): Interstitial: ca-app-pub-3940256099942544/1033173712 (TEST)
10-06 15:28:36.129 D/AdManager( 8874): Cargando interstitial: ca-app-pub-3940256099942544/1033173712
10-06 15:28:36.131 D/AdIds   ( 8874): Rewarded: ca-app-pub-3940256099942544/5224354917 (TEST)
10-06 15:28:36.131 D/AdManager( 8874): Cargando rewarded: ca-app-pub-3940256099942544/5224354917
10-06 15:28:36.140 I/tesproplayersgo( 8874): AssetManager2(0x7de5c91f4198) locale list changing from [] to [en-US]
10-06 15:28:36.150 D/DynamitePackage( 8874): Instantiating com.google.android.gms.ads.ChimeraAdManagerCreatorImpl
10-06 15:28:36.167 I/Ads     ( 8874): This request is sent from a test device.
10-06 15:28:36.185 D/BackgroundInstallControlService(  707): Package event received: 0
10-06 15:28:36.201 D/ConnectivityService(  707): requestNetwork for uid/pid:10219/8874 activeRequest: null callbackRequest: 283 [NetworkRequest [ REQUEST id=284, [ Capabilities: INTERNET&NOT_RESTRICTED&TRUSTED&NOT_VCN_MANAGED&NOT_BANDWIDTH_CONSTRAINED Uid: 10219 RequestorUid: 10219 RequestorPkg: com.follgramer.diamantesproplayersgo UnderlyingNetworks: Null] ]] callback flags: 0 order: 2147483647 isUidTracked: false declaredMethods: AVAIL|LOST|NC
10-06 15:28:36.203 D/WifiNetworkFactory(  707): got request NetworkRequest [ REQUEST id=284, [ Capabilities: INTERNET&NOT_RESTRICTED&TRUSTED&NOT_VCN_MANAGED&NOT_BANDWIDTH_CONSTRAINED Uid: 10219 RequestorUid: 10219 RequestorPkg: com.follgramer.diamantesproplayersgo UnderlyingNetworks: Null] ]
10-06 15:28:36.203 D/UntrustedWifiNetworkFactory(  707): got request NetworkRequest [ REQUEST id=284, [ Capabilities: INTERNET&NOT_RESTRICTED&TRUSTED&NOT_VCN_MANAGED&NOT_BANDWIDTH_CONSTRAINED Uid: 10219 RequestorUid: 10219 RequestorPkg: com.follgramer.diamantesproplayersgo UnderlyingNetworks: Null] ]
10-06 15:28:36.203 D/OemPaidWifiNetworkFactory(  707): got request NetworkRequest [ REQUEST id=284, [ Capabilities: INTERNET&NOT_RESTRICTED&TRUSTED&NOT_VCN_MANAGED&NOT_BANDWIDTH_CONSTRAINED Uid: 10219 RequestorUid: 10219 RequestorPkg: com.follgramer.diamantesproplayersgo UnderlyingNetworks: Null] ]
10-06 15:28:36.203 D/ConnectivityService(  707): NetReassign [284 : null  100] [c 0] [a 0] [i 0]
10-06 15:28:36.204 D/MultiInternetWifiNetworkFactory(  707): got request NetworkRequest [ REQUEST id=284, [ Capabilities: INTERNET&NOT_RESTRICTED&TRUSTED&NOT_VCN_MANAGED&NOT_BANDWIDTH_CONSTRAINED Uid: 10219 RequestorUid: 10219 RequestorPkg: com.follgramer.diamantesproplayersgo UnderlyingNetworks: Null] ]
10-06 15:28:36.213 W/SQLiteLog( 1692): (28) double-quoted string literal: "1759591716213"
10-06 15:28:36.213 W/SQLiteLog( 1692): (28) double-quoted string literal: "1"
10-06 15:28:36.218 D/ConnectivityService(  707): requestNetwork for uid/pid:10219/8874 activeRequest: null callbackRequest: 285 [NetworkRequest [ REQUEST id=286, [ Capabilities: INTERNET&NOT_RESTRICTED&TRUSTED&NOT_VCN_MANAGED&NOT_BANDWIDTH_CONSTRAINED Uid: 10219 RequestorUid: 10219 RequestorPkg: com.follgramer.diamantesproplayersgo UnderlyingNetworks: Null] ]] callback flags: 0 order: 2147483647 isUidTracked: false declaredMethods: AVAIL|LOST|NC
