10-06 15:29:25.299 I/chromium( 9318): [1006/152925.290719:INFO:android_webview/browser/variations/variations_seed_loader.cc:67] Failed to open file for reading.: No such file or directory (2)
10-06 15:29:25.306 I/chromium( 9318): [1006/152925.306532:INFO:android_webview/browser/variations/variations_seed_loader.cc:67] Failed to open file for reading.: No such file or directory (2)
10-06 15:29:25.311 I/cr_ChildProcessService( 9463): Creating new ChildProcessService pid=9463
10-06 15:29:25.314 D/ApplicationLoaders( 9475): Returning zygote-cached class loader: /system_ext/framework/androidx.window.extensions.jar
10-06 15:29:25.314 D/ApplicationLoaders( 9475): Returning zygote-cached class loader: /system_ext/framework/androidx.window.sidecar.jar
10-06 15:29:25.316 I/FA      ( 9318): Tag Manager is not found and thus will not be used
10-06 15:29:25.318 I/ocessService0:1( 9475): AssetManager2(0x7de5c91d2818) locale list changing from [] to [en-US]
10-06 15:29:25.326 I/cr_LibraryLoader( 9318): Successfully loaded native library
10-06 15:29:25.334 I/cr_CachingUmaRecorder( 9318): Flushed 16 samples from 16 histograms, 0 samples were dropped.
10-06 15:29:25.338 I/cr_LibraryLoader( 9463): Successfully loaded native library
10-06 15:29:25.338 I/cr_CachingUmaRecorder( 9463): Flushed 3 samples from 3 histograms, 0 samples were dropped.
10-06 15:29:25.344 D/ActivityManager(  707): sync unfroze 8956 com.google.android.webview:webview_service for 6
10-06 15:29:25.346 I/LoadedApk( 9475): No resource references to update in package com.google.android.trichromelibrary
10-06 15:29:25.347 I/cr_SplitCompatApp( 9475): version=140.0.7339.207 (733920738) minSdkVersion=29 processName=com.android.chrome:sandboxed_process0:org.chromium.content.app.SandboxedProcessService0:1 isIsolatedProcess=true splits=chrome,config.en,dev_ui,on_demand,stack_unwinder,test_dummy
10-06 15:29:25.360 D/BackgroundInstallControlService(  707): Package event received: 0
10-06 15:29:25.360 D/BackgroundInstallControlService(  707): Package event received: 0
10-06 15:29:25.367 I/cr_ChildProcessService( 9475): Creating new ChildProcessService pid=9475
10-06 15:29:25.368 I/cr_CombinedPProvider( 9318): #registerProvider() provider:WV.ak@a44ae2 isPolicyCacheEnabled:false policyProvidersSize:0
10-06 15:29:25.375 W/ThreadPoolForeg( 9463): type=1400 audit(0.0:124): avc:  denied  { setattr } for  name="model-info.pb" dev="dm-55" ino=352493 scontext=u:r:isolated_app:s0:c512,c768 tcontext=u:object_r:app_data_file:s0:c150,c256,c512,c768 tclass=file permissive=0
10-06 15:29:25.385 I/cr_PolicyProvider( 9318): #setManagerAndSource() 0
10-06 15:29:25.390 D/BoundBrokerSvc( 9285): onBind: Intent { act=com.google.android.gms.clearcut.service.START dat=chimera-action:/... xflg=0x4 cmp=com.google.android.gms/.chimera.PersistentDirectBootAwareApiService }
10-06 15:29:25.390 D/BoundBrokerSvc( 9285): Loading bound service for intent: Intent { act=com.google.android.gms.clearcut.service.START dat=chimera-action:/... xflg=0x4 cmp=com.google.android.gms/.chimera.PersistentDirectBootAwareApiService }
10-06 15:29:25.391 W/ThreadPoolForeg( 9463): type=1400 audit(0.0:125): avc:  denied  { setattr } for  name="model.tflite" dev="dm-55" ino=352494 scontext=u:r:isolated_app:s0:c512,c768 tcontext=u:object_r:app_data_file:s0:c150,c256,c512,c768 tclass=file permissive=0
10-06 15:29:25.398 I/tesproplayersgo( 9318): AssetManager2(0x7de5c91d69b8) locale list changing from [] to [en-US]
10-06 15:29:25.402 I/cr_LibraryLoader( 9475): Successfully loaded native library
10-06 15:29:25.402 I/cr_CachingUmaRecorder( 9475): Flushed 3 samples from 3 histograms, 0 samples were dropped.
10-06 15:29:25.403 I/tesproplayersgo( 9318): AssetManager2(0x7de5c91d85d8) locale list changing from [] to [en-US]
10-06 15:29:25.409 D/DesktopModeFlags( 9318): Toggle override initialized to: OVERRIDE_UNSET
10-06 15:29:25.415 V/GrammaticalInflectionUtils(  707): AttributionSource: android.content.AttributionSource@315606c does not have READ_SYSTEM_GRAMMATICAL_GENDER permission.
10-06 15:29:25.421 I/DisplayManager( 9318): Implicitly registering for refresh rate
10-06 15:29:25.433 D/Zygote  ( 5691): Forked child process 9510
10-06 15:29:25.442 D/BackgroundInstallControlService(  707): Package event received: 0
10-06 15:29:25.445 I/ocessService0:0( 9510): Using CollectorTypeCMC GC.
10-06 15:29:25.446 W/ocessService0:0( 9510): Unexpected CPU variant for x86: x86_64.
10-06 15:29:25.446 W/ocessService0:0( 9510): Known variants: atom, sandybridge, silvermont, goldmont, goldmont-plus, goldmont-without-sha-xsaves, tremont, kabylake, alderlake, default
10-06 15:29:25.454 E/ocessService0:0( 9510): Not starting debugger since process cannot load the jdwp agent.
10-06 15:29:25.456 I/ActivityManager(  707): Killing 9463:com.android.chrome:sandboxed_process0:org.chromium.content.app.SandboxedProcessService0:0/u0a150i-9000 (adj 0): isolated not needed
10-06 15:29:25.431 W/ThreadPoolForeg( 9475): type=1400 audit(0.0:126): avc:  denied  { setattr } for  name="model-info.pb" dev="dm-55" ino=352510 scontext=u:r:isolated_app:s0:c512,c768 tcontext=u:object_r:app_data_file:s0:c150,c256,c512,c768 tclass=file permissive=0
10-06 15:29:25.447 W/ThreadPoolForeg( 9475): type=1400 audit(0.0:127): avc:  denied  { setattr } for  name="model.tflite" dev="dm-55" ino=352512 scontext=u:r:isolated_app:s0:c512,c768 tcontext=u:object_r:app_data_file:s0:c150,c256,c512,c768 tclass=file permissive=0
10-06 15:29:25.473 I/ActivityManager(  707): Killing 9475:com.android.chrome:sandboxed_process0:org.chromium.content.app.SandboxedProcessService0:1/u0a150i-8999 (adj 0): isolated not needed
10-06 15:29:25.477 I/system_server(  707): Background concurrent mark compact GC freed 22MB AllocSpace bytes, 100(2536KB) LOS objects, 41% free, 34MB/58MB, paused 18.106ms,4.510ms total 426.399ms
10-06 15:29:25.487 I/Zygote  ( 9428): Process 9463 exited cleanly (0)
10-06 15:29:25.493 I/Zygote  ( 9428): Process 9475 exited cleanly (0)
10-06 15:29:25.500 W/System  (  707): A resource failed to call release. 
10-06 15:29:25.500 W/System  (  707): A resource failed to call release. 
10-06 15:29:25.502 D/WearableService( 9285): Creating wearable service asynchronously.
10-06 15:29:25.504 I/fqlr    ( 9285): (REDACTED) Shared storage file not found for %s
10-06 15:29:25.504 I/fqlr    ( 9285): (REDACTED) Unable to retrieve flag snapshot for %s, using defaults.
10-06 15:29:25.505 D/WearableService( 9285): onGetService: waiting for onCreate to be completed.
10-06 15:29:25.508 D/nativeloader( 9510): Load libframework-connectivity-tiramisu-jni.so using APEX ns com_android_tethering for caller /apex/com.android.tethering/javalib/framework-connectivity-t.jar: ok
10-06 15:29:25.510 W/ActivityManager(  707): Slow operation: 95ms so far, now at startProcess: returned from zygote!
10-06 15:29:25.511 W/ActivityManager(  707): Slow operation: 96ms so far, now at startProcess: done updating battery stats
10-06 15:29:25.511 W/ActivityManager(  707): Slow operation: 96ms so far, now at startProcess: building log message
10-06 15:29:25.511 I/ActivityManager(  707): Start proc 9510:com.google.android.webview:sandboxed_process0:org.chromium.content.app.SandboxedProcessService0:0/u0i3 for  {com.follgramer.diamantesproplayersgo/org.chromium.content.app.SandboxedProcessService0:0}
10-06 15:29:25.512 W/ActivityManager(  707): Slow operation: 96ms so far, now at startProcess: starting to update pids map
10-06 15:29:25.512 I/ActivityManager(  707): ProcessObserver broadcast disabled
10-06 15:29:25.512 W/ActivityManager(  707): Slow operation: 97ms so far, now at startProcess: done updating pids map
10-06 15:29:25.518 I/SystemMemoryMap( 9285): [activityrecognition] starting initialization [CONTEXT service_id=6 ]
10-06 15:29:25.520 I/SystemMemoryMap( 9285): (REDACTED) [activityrecognition] recovering %d entries
10-06 15:29:25.523 I/libprocessgroup(  707): Removed cgroup /sys/fs/cgroup/apps/uid_90000/pid_9463
10-06 15:29:25.523 I/SystemMemoryMap( 9285): [activityrecognition] initialization complete [CONTEXT service_id=6 ]
10-06 15:29:25.524 I/SystemMemoryMap( 9285): [activitytransition] starting initialization [CONTEXT service_id=6 ]
10-06 15:29:25.524 I/SystemMemoryMap( 9285): (REDACTED) [activitytransition] recovering %d entries
10-06 15:29:25.526 I/SystemMemoryMap( 9285): [activitytransition] initialization complete [CONTEXT service_id=6 ]
10-06 15:29:25.526 I/SystemMemoryMap( 9285): [sleepsegment] starting initialization [CONTEXT service_id=6 ]
10-06 15:29:25.526 D/ApplicationLoaders( 9510): Returning zygote-cached class loader: /system_ext/framework/androidx.window.extensions.jar
10-06 15:29:25.528 I/ocessService0:0( 9510): AssetManager2(0x7de5c91d1b98) locale list changing from [] to [en-US]
10-06 15:29:25.529 I/SystemMemoryMap( 9285): (REDACTED) [sleepsegment] recovering %d entries
10-06 15:29:25.532 I/libprocessgroup(  707): Removed cgroup /sys/fs/cgroup/apps/uid_90001/pid_9475
10-06 15:29:25.532 I/SystemMemoryMap( 9285): [sleepsegment] initialization complete [CONTEXT service_id=6 ]
10-06 15:29:25.534 D/BoundBrokerSvc( 9285): onBind: Intent { act=com.google.android.gms.time.trustedtime.service.START dat=chimera-action:/... xflg=0x4 cmp=com.google.android.gms/.chimera.PersistentApiService }
10-06 15:29:25.534 D/BoundBrokerSvc( 9285): Loading bound service for intent: Intent { act=com.google.android.gms.time.trustedtime.service.START dat=chimera-action:/... xflg=0x4 cmp=com.google.android.gms/.chimera.PersistentApiService }
10-06 15:29:25.534 I/cr_CombinedPProvider( 9318): #linkNativeInternal() 1
10-06 15:29:25.537 I/LoadedApk( 9510): No resource references to update in package com.google.android.trichromelibrary
10-06 15:29:25.538 I/fqlr    ( 9285): (REDACTED) Shared storage file not found for %s
10-06 15:29:25.538 I/fqlr    ( 9285): (REDACTED) Unable to retrieve flag snapshot for %s, using defaults.
10-06 15:29:25.540 I/cr_WebViewApkApp( 9510): version=141.0.7390.43 (739004338) minSdkVersion=29 processName=com.google.android.webview:sandboxed_process0:org.chromium.content.app.SandboxedProcessService0:0 splits=<none>
10-06 15:29:25.541 I/cr_AppResProvider( 9318): #getApplicationRestrictionsFromUserManager() Bundle[EMPTY_PARCEL]
10-06 15:29:25.541 I/cr_PolicyProvider( 9318): #notifySettingsAvailable() 0
10-06 15:29:25.541 I/cr_CombinedPProvider( 9318): #onSettingsAvailable() 0
10-06 15:29:25.541 I/cr_CombinedPProvider( 9318): #flushPolicies()
10-06 15:29:25.544 I/Wear_Controller( 9285): Wearable module requires a companion app to be installed.
10-06 15:29:25.550 D/BackgroundInstallControlService(  707): Package event received: 0
10-06 15:29:25.551 I/WearableService( 9285): onCreate: Wearable Services not starting. Wear is not available on this device.
10-06 15:29:25.551 I/cr_ChildProcessService( 9510): Creating new ChildProcessService pid=9510
10-06 15:29:25.555 I/fqlr    ( 9340): (REDACTED) Shared storage file not found for %s
10-06 15:29:25.555 I/fqlr    ( 9340): (REDACTED) Unable to retrieve flag snapshot for %s, using defaults.
10-06 15:29:25.564 D/BoundBrokerSvc( 9285): onBind: Intent { act=com.google.android.gms.usagereporting.service.START dat=chimera-action:/... xflg=0x4 cmp=com.google.android.gms/.chimera.PersistentDirectBootAwareApiService }
10-06 15:29:25.564 D/BoundBrokerSvc( 9285): Loading bound service for intent: Intent { act=com.google.android.gms.usagereporting.service.START dat=chimera-action:/... xflg=0x4 cmp=com.google.android.gms/.chimera.PersistentDirectBootAwareApiService }
10-06 15:29:25.567 I/fqlr    ( 9285): (REDACTED) Shared storage file not found for %s
10-06 15:29:25.568 I/fqlr    ( 9285): (REDACTED) Unable to retrieve flag snapshot for %s, using defaults.
10-06 15:29:25.569 I/Trustlet_Onbody( 9340): (REDACTED) onbodyAlreadySet: %s
10-06 15:29:25.571 I/Trustlet_Onbody( 9340): (REDACTED) isOnbodySuggestionEnabledByPhenotype: %s
10-06 15:29:25.571 D/BoundBrokerSvc( 9285): onBind: Intent { act=com.google.android.gms.significantplaces.api.START dat=chimera-action:/... xflg=0x4 cmp=com.google.android.gms/.chimera.PersistentApiService }
10-06 15:29:25.571 D/BoundBrokerSvc( 9285): Loading bound service for intent: Intent { act=com.google.android.gms.significantplaces.api.START dat=chimera-action:/... xflg=0x4 cmp=com.google.android.gms/.chimera.PersistentApiService }
10-06 15:29:25.573 I/Trustlet_Onbody( 9340): (REDACTED) isTrustAgentEnabled: %s
10-06 15:29:25.583 I/Trustlet_Onbody( 9340): Trustlet onbody is supported. [CONTEXT service_id=294 ]
10-06 15:29:25.583 D/BoundBrokerSvc( 9285): onBind: Intent { act=com.google.android.gms.pseudonymous.service.START dat=chimera-action:/... xflg=0x4 cmp=com.google.android.gms/.chimera.PersistentApiService }
10-06 15:29:25.584 D/BoundBrokerSvc( 9285): Loading bound service for intent: Intent { act=com.google.android.gms.pseudonymous.service.START dat=chimera-action:/... xflg=0x4 cmp=com.google.android.gms/.chimera.PersistentApiService }
10-06 15:29:25.584 W/WearableService( 9285): onGetService: Wear is not available on this device.
10-06 15:29:25.585 I/Trustlet_Onbody( 9340): (REDACTED) isSupported: %s
10-06 15:29:25.588 I/Trustlet_Onbody( 9340): (REDACTED) isChromeOsDevice: %s
10-06 15:29:25.592 D/BoundBrokerSvc( 9285): onBind: Intent { act=com.google.android.gms.auth.account.workaccount.START dat=chimera-action:/... xflg=0x4 cmp=com.google.android.gms/.chimera.PersistentApiService }
10-06 15:29:25.592 D/BoundBrokerSvc( 9285): Loading bound service for intent: Intent { act=com.google.android.gms.auth.account.workaccount.START dat=chimera-action:/... xflg=0x4 cmp=com.google.android.gms/.chimera.PersistentApiService }
10-06 15:29:25.593 I/NearbyConnections( 9285): Runtime state initialization complete. Nearby connections setting is disabled
10-06 15:29:25.595 I/AppDoctorManager( 9285): Updating appdoctor Uri Permissions. [CONTEXT service_id=256 ]
10-06 15:29:25.596 I/NearbyMediums( 9285): ModuleInitializer handles incoming intent com.google.android.gms.chimera.container.CONTAINER_UPDATED
10-06 15:29:25.597 I/Nearby  ( 9285): (REDACTED) Beginning attempt #%d out of %d for %s...
10-06 15:29:25.597 I/NearbyMediums( 9285): BluetoothAdapter's name was not set by Nearby Connections, ignoring call to restore default scan mode.
10-06 15:29:25.598 I/NearbyMediums( 9285): BluetoothAdapter's name was not set by Nearby Connections, ignoring call to restore device name
10-06 15:29:25.608 I/WearableLocationShim( 9285): paired wearable location unsupported - wearable APIs unavailable [CONTEXT service_id=6 ]
10-06 15:29:25.614 D/BoundBrokerSvc( 9285): onBind: Intent { act=com.google.android.gms.clearcut.bootcount.service.START dat=chimera-action:/... xflg=0x4 cmp=com.google.android.gms/.chimera.PersistentBoundBrokerService }
10-06 15:29:25.614 D/BoundBrokerSvc( 9285): Loading bound service for intent: Intent { act=com.google.android.gms.clearcut.bootcount.service.START dat=chimera-action:/... xflg=0x4 cmp=com.google.android.gms/.chimera.PersistentBoundBrokerService }
10-06 15:29:25.629 W/Settings( 9285): Setting airplane_mode_on has moved from android.provider.Settings.System to android.provider.Settings.Global, returning read-only value.
10-06 15:29:25.632 D/BoundBrokerSvc( 9285): onBind: Intent { act=com.google.android.gms.scheduler.ACTION_PROXY_SCHEDULE dat=chimera-action:/... xflg=0x4 cmp=com.google.android.gms/.chimera.PersistentDirectBootAwareApiService }
10-06 15:29:25.632 D/BoundBrokerSvc( 9285): Loading bound service for intent: Intent { act=com.google.android.gms.scheduler.ACTION_PROXY_SCHEDULE dat=chimera-action:/... xflg=0x4 cmp=com.google.android.gms/.chimera.PersistentDirectBootAwareApiService }
10-06 15:29:25.636 I/fqlr    ( 9340): (REDACTED) Shared storage file not found for %s
10-06 15:29:25.637 I/Auth    ( 9285): [Change, AccountsChange] First snapshot
10-06 15:29:25.638 W/TracingHelper( 9285): No RequestContext found in the trace or trace not available. [CONTEXT service_id=259 ratelimit_count=100000 ]
10-06 15:29:25.636 I/fqlr    ( 9340): (REDACTED) Unable to retrieve flag snapshot for %s, using defaults.
10-06 15:29:25.639 I/Blockstore( 9340): [PackageIntentOperation] Checking IS_RESTORE extra. [CONTEXT service_id=258 ]
10-06 15:29:25.641 I/GmsActivityDetector( 9285): Unable to read activity state file [CONTEXT service_id=6 ]
10-06 15:29:25.641 I/GmsActivityDetector( 9285): java.io.FileNotFoundException: /data/user/0/com.google.android.gms/files/geofencer_ad_state: open failed: ENOENT (No such file or directory)
10-06 15:29:25.641 I/GmsActivityDetector( 9285): 	at libcore.io.IoBridge.open(IoBridge.java:574)
10-06 15:29:25.641 I/GmsActivityDetector( 9285): 	at java.io.FileInputStream.<init>(FileInputStream.java:179)
10-06 15:29:25.641 I/GmsActivityDetector( 9285): 	at fxct.a(:com.google.android.gms@253731038@25.37.31 (260800-806001533):60)
10-06 15:29:25.641 I/GmsActivityDetector( 9285): 	at fxuj.d(:com.google.android.gms@253731038@25.37.31 (260800-806001533):60)
10-06 15:29:25.641 I/GmsActivityDetector( 9285): 	at fxua.u(:com.google.android.gms@253731038@25.37.31 (260800-806001533):145)
10-06 15:29:25.641 I/GmsActivityDetector( 9285): 	at fxvk.b(:com.google.android.gms@253731038@25.37.31 (260800-806001533):92)
10-06 15:29:25.641 I/GmsActivityDetector( 9285): 	at fxvk.b(:com.google.android.gms@253731038@25.37.31 (260800-806001533):29)
10-06 15:29:25.641 I/GmsActivityDetector( 9285): 	at fxvg.run(:com.google.android.gms@253731038@25.37.31 (260800-806001533):26)
10-06 15:29:25.641 I/GmsActivityDetector( 9285): 	at bbua.c(:com.google.android.gms@253731038@25.37.31 (260800-806001533):50)
10-06 15:29:25.641 I/GmsActivityDetector( 9285): 	at bbua.run(:com.google.android.gms@253731038@25.37.31 (260800-806001533):70)
10-06 15:29:25.641 I/GmsActivityDetector( 9285): 	at java.util.concurrent.ThreadPoolExecutor.runWorker(ThreadPoolExecutor.java:1156)
10-06 15:29:25.641 I/GmsActivityDetector( 9285): 	at java.util.concurrent.ThreadPoolExecutor$Worker.run(ThreadPoolExecutor.java:651)
10-06 15:29:25.641 I/GmsActivityDetector( 9285): 	at bbzs.run(:com.google.android.gms@253731038@25.37.31 (260800-806001533):8)
10-06 15:29:25.641 I/GmsActivityDetector( 9285): 	at java.lang.Thread.run(Thread.java:1119)
10-06 15:29:25.641 I/GmsActivityDetector( 9285): Caused by: android.system.ErrnoException: open failed: ENOENT (No such file or directory)
10-06 15:29:25.641 I/GmsActivityDetector( 9285): 	at libcore.io.Linux.open(Native Method)
10-06 15:29:25.641 I/GmsActivityDetector( 9285): 	at libcore.io.ForwardingOs.open(ForwardingOs.java:568)
10-06 15:29:25.641 I/GmsActivityDetector( 9285): 	at libcore.io.BlockGuardOs.open(BlockGuardOs.java:274)
10-06 15:29:25.641 I/GmsActivityDetector( 9285): 	at libcore.io.ForwardingOs.open(ForwardingOs.java:568)
10-06 15:29:25.641 I/GmsActivityDetector( 9285): 	at android.app.ActivityThread$AndroidOs.open(ActivityThread.java:8953)
10-06 15:29:25.641 I/GmsActivityDetector( 9285): 	at libcore.io.IoBridge.open(IoBridge.java:560)
10-06 15:29:25.641 I/GmsActivityDetector( 9285): 	... 13 more
10-06 15:29:25.644 I/GmsModuleFndr( 9340): Beginning GMS chimera module scan
10-06 15:29:25.644 I/ModuleSetResolution( 9340): Computing pending module set with APKs: [[AdsFdrDynamite.integ:250505301100000], [Cronetdynamite:253731260800], [Dynamiteloader:253731260000], [Dynamitemodulesa:253731260000], [Dynamitemodulesc:253731260000], [Googlecertificates:253731260000], [Mapsdynamite:253731260000], [Measurementdynamite:253731260000]]
10-06 15:29:25.647 W/SystemServiceRegistry( 9285): No service published for: wifirtt
10-06 15:29:25.649 D/BoundBrokerSvc( 9340): onBind: Intent { act=com.google.android.gms.measurement.START xflg=0x4 pkg=com.google.android.gms }
10-06 15:29:25.649 D/BoundBrokerSvc( 9340): Loading bound service for intent: Intent { act=com.google.android.gms.measurement.START xflg=0x4 pkg=com.google.android.gms }
10-06 15:29:25.649 I/ModuleSetMgr( 9340): Download of container feature CAMERA_LOW_LIGHT_MANAGEMENT is disabled.
10-06 15:29:25.649 I/ModuleSetMgr( 9340): Download of container feature actionlearner is disabled.
10-06 15:29:25.649 I/ModuleSetMgr( 9340): Download of container feature active_motion is disabled.
10-06 15:29:25.649 I/ModuleSetMgr( 9340): Download of container feature ambient_context is disabled.
10-06 15:29:25.650 I/ModuleSetMgr( 9340): Download of container feature antifingerprinting is disabled.
10-06 15:29:25.650 I/ModuleSetMgr( 9340): Download of container feature appsearch_dynamite_impl is disabled.
10-06 15:29:25.650 I/ModuleSetMgr( 9340): Download of container feature appsearch_impl is disabled.
10-06 15:29:25.652 I/ModuleSetMgr( 9340): Download of container feature brella_dynamite is disabled.
10-06 15:29:25.653 I/ModuleSetMgr( 9340): Download of container feature callstreaming is disabled.
10-06 15:29:25.653 I/ModuleSetMgr( 9340): Download of container feature cam_feature_combo_query is disabled.
10-06 15:29:25.653 I/ModuleSetMgr( 9340): Download of container feature continuity is disabled.
10-06 15:29:25.653 I/ModuleSetMgr( 9340): Download of container feature dck_management is disabled.
10-06 15:29:25.653 I/ModuleSetMgr( 9340): Download of container feature easyunlock is disabled.
10-06 15:29:25.653 I/ModuleSetMgr( 9340): Download of container feature enterprise_zt_mp_complete is disabled.
10-06 15:29:25.653 I/ModuleSetMgr( 9340): Download of container feature fast_pair is disabled.
10-06 15:29:25.653 I/ModuleSetMgr( 9340): Download of container feature game_platform is disabled.
10-06 15:29:25.653 I/ModuleSetMgr( 9340): Download of container feature games is disabled.
10-06 15:29:25.653 I/ModuleSetMgr( 9340): Download of container feature growth_upgradeparty is disabled.
10-06 15:29:25.653 I/ModuleSetMgr( 9340): Download of container feature health_tracking_base is disabled.
10-06 15:29:25.653 I/ModuleSetMgr( 9340): Download of container feature home is disabled.
10-06 15:29:25.653 I/ModuleSetMgr( 9340): Download of container feature homegraph is disabled.
10-06 15:29:25.653 I/ModuleSetMgr( 9340): Download of container feature identity_credentials_placebo is disabled.
10-06 15:29:25.653 I/ModuleSetMgr( 9340): Download of container feature identity_credentials_platform is disabled.
10-06 15:29:25.653 I/ModuleSetMgr( 9340): Download of container feature tflite_dynamite is disabled.
10-06 15:29:25.653 I/ModuleSetMgr( 9340): Download of container feature kids is disabled.
10-06 15:29:25.653 I/ModuleSetMgr( 9340): Download of container feature kids_conversation_filtering is disabled.
10-06 15:29:25.653 I/ModuleSetMgr( 9340): Download of container feature kids_dashboard is disabled.
10-06 15:29:25.653 I/ModuleSetMgr( 9340): Download of container feature kids_ensure_supervision_setup is disabled.
10-06 15:29:25.653 I/ModuleSetMgr( 9340): Download of container feature kids_get_parent_verification_intent is disabled.
10-06 15:29:25.653 I/ModuleSetMgr( 9340): Download of container feature kids_resource_filtering is disabled.
10-06 15:29:25.653 I/ModuleSetMgr( 9340): Download of container feature kids_screentime_restriction_callback is disabled.
10-06 15:29:25.654 I/ModuleSetMgr( 9340): Download of container feature kids_transparency is disabled.
10-06 15:29:25.654 I/ModuleSetMgr( 9340): Download of container feature maps3d is disabled.
10-06 15:29:25.654 I/ModuleSetMgr( 9340): Download of container feature maps_core is disabled.
10-06 15:29:25.654 I/ModuleSetMgr( 9340): Download of container feature mdocstore is disabled.
10-06 15:29:25.654 I/ModuleSetMgr( 9340): Download of container feature mlkit.docscan.crop is disabled.
10-06 15:29:25.656 I/ModuleSetMgr( 9340): Download of container feature mlkit.docscan.enhance is disabled.
10-06 15:29:25.656 W/ConfigurationContentLdr( 9340): ContentProvider query returned null cursor, using default values
10-06 15:29:25.658 I/fqlr    ( 9340): (REDACTED) Shared storage file not found for %s
10-06 15:29:25.659 I/fqlr    ( 9340): (REDACTED) Unable to retrieve flag snapshot for %s, using defaults.
10-06 15:29:25.661 I/ModuleSetMgr( 9340): Download of container feature mlkit.docscan.shadow is disabled.
10-06 15:29:25.661 I/ModuleSetMgr( 9340): Download of container feature mlkit.segmentation.subject is disabled.
10-06 15:29:25.661 I/ModuleSetMgr( 9340): Download of container feature perfetto_processor is disabled.
10-06 15:29:25.661 I/ModuleSetMgr( 9340): Download of container feature permissions_debug is disabled.
10-06 15:29:25.661 I/ModuleSetMgr( 9340): Download of container feature play_cloud_search is disabled.
10-06 15:29:25.661 I/ModuleSetMgr( 9340): Download of container feature semanticlocation_debug is disabled.
10-06 15:29:25.661 I/ModuleSetMgr( 9340): Download of container feature spoon_pc is disabled.
10-06 15:29:25.661 I/ModuleSetMgr( 9340): Download of container feature tensorgps_debug is disabled.
10-06 15:29:25.661 I/ModuleSetMgr( 9340): Download of container feature tensorgps_metrics is disabled.
10-06 15:29:25.661 I/ModuleSetMgr( 9340): Download of container feature tflite_delegate_edgetpu is disabled.
10-06 15:29:25.661 I/ModuleSetMgr( 9340): Download of container feature tflite_delegate_test is disabled.
10-06 15:29:25.661 I/ModuleSetMgr( 9340): Download of container feature tflite_gpu_dynamite is disabled.
10-06 15:29:25.661 I/ModuleSetMgr( 9340): Download of container feature usonia_iam is disabled.
10-06 15:29:25.661 I/ModuleSetMgr( 9340): Download of container feature vision.face is disabled.
10-06 15:29:25.661 I/ModuleSetMgr( 9340): Download of container feature vision.ica is disabled.
10-06 15:29:25.661 I/ModuleSetMgr( 9340): Download of container feature wasmlibs is disabled.
10-06 15:29:25.662 I/fqlr    ( 9285): (REDACTED) Shared storage file not found for %s
10-06 15:29:25.662 I/fqlr    ( 9285): (REDACTED) Unable to retrieve flag snapshot for %s, using defaults.
10-06 15:29:25.664 I/ModuleSetResolution( 9340): Pending container module APKs: []
10-06 15:29:25.664 I/ModuleSetResolution( 9340): Pending non-container module APKs: []
10-06 15:29:25.665 D/ConnectivityService(  707): requestNetwork for uid/pid:10147/9285 activeRequest: null callbackRequest: 294 [NetworkRequest [ LISTEN_FOR_BEST id=294, [ Transports: CELLULAR|WIFI|BLUETOOTH|ETHERNET Capabilities: INTERNET&NOT_RESTRICTED&TRUSTED&NOT_VPN&NOT_VCN_MANAGED&NOT_BANDWIDTH_CONSTRAINED Uid: 10147 RequestorUid: 10147 RequestorPkg: com.google.android.gms MatchNonThreadLocalNetworks UnderlyingNetworks: Null] ]] callback flags: 0 order: 2147483647 isUidTracked: false declaredMethods: AVAIL|LOSING|LOST|UNAVAIL|NC|LP|BLK
10-06 15:29:25.683 W/ConfigurationContentLdr( 9340): ContentProvider query returned null cursor, using default values
10-06 15:29:25.683 I/NearbyDiscovery( 9340): (REDACTED) processGrantSlicePermission: %s
10-06 15:29:25.684 I/Dtdi    ( 9285): [LifecycleService] Initializing lifecycle service [CONTEXT service_id=312 ]
10-06 15:29:25.684 I/Auth    ( 9285): [WorkAccountServiceImpl] init work authenticator
10-06 15:29:25.684 I/fqlr    ( 9340): (REDACTED) Shared storage file not found for %s
10-06 15:29:25.685 I/fqlr    ( 9340): (REDACTED) Unable to retrieve flag snapshot for %s, using defaults.
10-06 15:29:25.685 I/Dtdi    ( 9285): [CallTransferLifecycleDelegate] Starting the call transfer state monitor in the background [CONTEXT service_id=312 ]
10-06 15:29:25.690 W/TracingHelper( 9285): Mismatched RequestContext found for module LOCATION_BASE. Module id from RequestContext is MODULEID_UNKNOWN [CONTEXT service_id=259 ratelimit_count=100000 ]
10-06 15:29:25.696 D/BoundBrokerSvc( 9340): onBind: Intent { act=com.google.android.gms.safetynet.service.START xflg=0x4 pkg=com.google.android.gms }
10-06 15:29:25.696 D/BoundBrokerSvc( 9340): Loading bound service for intent: Intent { act=com.google.android.gms.safetynet.service.START xflg=0x4 pkg=com.google.android.gms }
10-06 15:29:25.698 D/ConnectivityService(  707): NetReassign [294 : null  100] [c 0] [a 7] [i 21]
10-06 15:29:25.699 D/BackgroundInstallControlService(  707): Package event received: 0
10-06 15:29:25.706 I/AlarmManager( 9285): setExactAndAllowWhileIdle [name: GCM_CONN_ALARM type: 2 triggerAtMillis: 3671183]
10-06 15:29:25.719 W/chromium( 9318): [WARNING:android_webview/browser/network_service/net_helpers.cc:143] HTTP Cache size is: 20971520
10-06 15:29:25.723 D/BoundBrokerSvc( 9285): onBind: Intent { act=com.google.android.gms.time.trustedtime.singleuserapi.service.START dat=chimera-action:/... xflg=0x4 cmp=com.google.android.gms/.chimera.PersistentSingleUserInternalApiService }
10-06 15:29:25.723 D/BoundBrokerSvc( 9285): Loading bound service for intent: Intent { act=com.google.android.gms.time.trustedtime.singleuserapi.service.START dat=chimera-action:/... xflg=0x4 cmp=com.google.android.gms/.chimera.PersistentSingleUserInternalApiService }
10-06 15:29:25.731 I/fqlr    ( 9340): (REDACTED) Shared storage file not found for %s
10-06 15:29:25.732 I/Fitness ( 9285): (REDACTED) FitCleanupIntentOperation received Intent %s
10-06 15:29:25.735 I/PlayCore( 9318): UID: [10219]  PID: [9318] IntegrityService : requestIntegrityToken(IntegrityTokenRequest{nonce=AS0DvzZgaKrdDZk4Fw5CaY4nAaIxJu5XBHh6rJgC0XDXDWOwLCTKZfslZEQy4yfq-nzkEMesl-gLss7VM6dID54Rb2W2E1K2slzYUPv35zsnGthIfaHnkwsTB9jfW0o3YaX5Nw5Tehy3mY2bpYhzfeax8Ej_MC2UWK6fQPlVUXUjJ_o=, cloudProjectNumber=371023569477, network=null})
10-06 15:29:25.738 D/BoundBrokerSvc( 9340): onBind: Intent { act=com.google.android.gms.checkin.START xflg=0x4 pkg=com.google.android.gms }
10-06 15:29:25.741 D/BoundBrokerSvc( 9340): Loading bound service for intent: Intent { act=com.google.android.gms.checkin.START xflg=0x4 pkg=com.google.android.gms }
10-06 15:29:25.742 I/PlayCore( 9318): UID: [10219]  PID: [9318] IntegrityService : Initiate binding to the service.
10-06 15:29:25.747 D/BackgroundInstallControlService(  707): Package event received: 0
10-06 15:29:25.748 D/BackgroundInstallControlService(  707): Package event received: 0
10-06 15:29:25.750 I/fqlr    ( 9340): (REDACTED) Shared storage file not found for %s
10-06 15:29:25.750 I/fqlr    ( 9340): (REDACTED) Unable to retrieve flag snapshot for %s, using defaults.
10-06 15:29:25.750 I/fqlr    ( 9340): (REDACTED) Unable to retrieve flag snapshot for %s, using defaults.
10-06 15:29:25.757 I/Dtdi    ( 9285): [TidepoolSettingsSubDelegate] registering tidepool listeners [CONTEXT service_id=312 ]
10-06 15:29:25.762 W/WearableService( 9285): onGetService: Wear is not available on this device.
10-06 15:29:25.762 I/Dtdi    ( 9285): [NearbyShareSettingsSubDelegate] Registering NS state observer [CONTEXT service_id=312 ]
10-06 15:29:25.816 D/BackgroundInstallControlService(  707): Package event received: 0
10-06 15:29:25.821 I/fqlr    ( 9340): (REDACTED) Shared storage file not found for %s
10-06 15:29:25.821 I/fqlr    ( 9340): (REDACTED) Unable to retrieve flag snapshot for %s, using defaults.
10-06 15:29:25.822 I/Checkin ( 9340): [CheckinApiChimeraService] onGetService
10-06 15:29:25.828 I/WearableLocationShim( 9285): paired wearable location unsupported - wearable APIs unavailable [CONTEXT service_id=6 ]
10-06 15:29:25.830 I/fqlr    ( 9340): (REDACTED) Shared storage file not found for %s
10-06 15:29:25.830 I/fqlr    ( 9340): (REDACTED) Unable to retrieve flag snapshot for %s, using defaults.
10-06 15:29:25.894 D/BoundBrokerSvc( 9285): onBind: Intent { act=com.google.android.gms.multidevice.apis.featuresettingsapi.FeatureSettingsApiService.START dat=chimera-action:/... xflg=0x4 cmp=com.google.android.gms/.chimera.PersistentApiService }
10-06 15:29:25.894 D/BoundBrokerSvc( 9285): Loading bound service for intent: Intent { act=com.google.android.gms.multidevice.apis.featuresettingsapi.FeatureSettingsApiService.START dat=chimera-action:/... xflg=0x4 cmp=com.google.android.gms/.chimera.PersistentApiService }
10-06 15:29:25.905 W/adservices( 2733): Skip logging because Cobalt logger is null
10-06 15:29:25.908 I/TrustedTime( 9285): Attempting to schedule periodic maintenance task [CONTEXT service_id=326 ]
10-06 15:29:25.910 W/adservices( 2733): Skip logging because Cobalt is disabled.
10-06 15:29:25.917 I/TrustedTime( 9285): (REDACTED) Scheduling maintenance task '%s'
10-06 15:29:25.919 I/TrustedTime( 9285): Attempting to schedule one-off maintenance task [CONTEXT service_id=326 ]
10-06 15:29:25.919 I/TrustedTime( 9285): (REDACTED) Scheduling maintenance task '%s'
10-06 15:29:25.932 D/ConnectivityService(  707): requestNetwork for uid/pid:10219/9318 activeRequest: null callbackRequest: 295 [NetworkRequest [ REQUEST id=296, [ Capabilities: INTERNET&NOT_RESTRICTED&TRUSTED&NOT_VCN_MANAGED&NOT_BANDWIDTH_CONSTRAINED Uid: 10219 RequestorUid: 10219 RequestorPkg: com.follgramer.diamantesproplayersgo UnderlyingNetworks: Null] ]] callback flags: 0 order: 2147483647 isUidTracked: false declaredMethods: AVAIL|LOST
10-06 15:29:25.933 I/Auth    ( 9340): [GoogleAccountDataTaskService] No accounts had their LSTs written to app data. [CONTEXT service_id=343 ]
10-06 15:29:25.933 I/Auth    ( 9340): [GoogleAccountDataTaskService] Scheduling periodic task to migrate LSTs to app data. [CONTEXT service_id=343 ]
10-06 15:29:25.934 I/Auth    ( 9340): (REDACTED) [SupervisedAccountIntentOperationV2] onHandleIntent: %s
10-06 15:29:25.934 W/Auth    ( 9340): [PubsubPeriodicSyncherRuntimeInit] Initializing periodic tasks, IntentAction=com.google.android.chimera.IntentOperation.NEW_MODULE, InitRuntimeState=12
10-06 15:29:25.941 I/Multidevice( 9285): (REDACTED) [FeatureSettingsApiService] onGetService called from: %s
10-06 15:29:25.944 D/WifiNetworkFactory(  707): got request NetworkRequest [ REQUEST id=296, [ Capabilities: INTERNET&NOT_RESTRICTED&TRUSTED&NOT_VCN_MANAGED&NOT_BANDWIDTH_CONSTRAINED Uid: 10219 RequestorUid: 10219 RequestorPkg: com.follgramer.diamantesproplayersgo UnderlyingNetworks: Null] ]
10-06 15:29:25.944 I/fqlr    ( 9340): (REDACTED) Shared storage file not found for %s
10-06 15:29:25.949 D/ConnectivityService(  707): NetReassign [296 : null  100] [c 0] [a 6] [i 10]
10-06 15:29:25.953 W/ProviderHelper( 9285): Unknown dynamite feature providerinstaller.dynamite
10-06 15:29:25.953 I/DynamiteModule( 9285): Considering local module com.google.android.gms.providerinstaller.dynamite:1 and remote module com.google.android.gms.providerinstaller.dynamite:0
10-06 15:29:25.953 I/DynamiteModule( 9285): Selected local version of com.google.android.gms.providerinstaller.dynamite
10-06 15:29:25.953 D/UntrustedWifiNetworkFactory(  707): got request NetworkRequest [ REQUEST id=296, [ Capabilities: INTERNET&NOT_RESTRICTED&TRUSTED&NOT_VCN_MANAGED&NOT_BANDWIDTH_CONSTRAINED Uid: 10219 RequestorUid: 10219 RequestorPkg: com.follgramer.diamantesproplayersgo UnderlyingNetworks: Null] ]
10-06 15:29:25.953 D/OemPaidWifiNetworkFactory(  707): got request NetworkRequest [ REQUEST id=296, [ Capabilities: INTERNET&NOT_RESTRICTED&TRUSTED&NOT_VCN_MANAGED&NOT_BANDWIDTH_CONSTRAINED Uid: 10219 RequestorUid: 10219 RequestorPkg: com.follgramer.diamantesproplayersgo UnderlyingNetworks: Null] ]
10-06 15:29:25.953 D/MultiInternetWifiNetworkFactory(  707): got request NetworkRequest [ REQUEST id=296, [ Capabilities: INTERNET&NOT_RESTRICTED&TRUSTED&NOT_VCN_MANAGED&NOT_BANDWIDTH_CONSTRAINED Uid: 10219 RequestorUid: 10219 RequestorPkg: com.follgramer.diamantesproplayersgo UnderlyingNetworks: Null] ]
10-06 15:29:25.958 I/fqlr    ( 9285): (REDACTED) Shared storage file not found for %s
10-06 15:29:25.958 I/fqlr    ( 9285): (REDACTED) Unable to retrieve flag snapshot for %s, using defaults.
10-06 15:29:25.960 D/StrictMode( 9318): StrictMode policy violation; ~duration=137 ms: android.os.strictmode.DiskReadViolation
10-06 15:29:25.960 D/StrictMode( 9318): 	at android.os.StrictMode$AndroidBlockGuardPolicy.onReadFromDisk(StrictMode.java:1728)
10-06 15:29:25.960 D/StrictMode( 9318): 	at libcore.io.BlockGuardOs.access(BlockGuardOs.java:74)
10-06 15:29:25.960 D/StrictMode( 9318): 	at libcore.io.ForwardingOs.access(ForwardingOs.java:128)
10-06 15:29:25.960 D/StrictMode( 9318): 	at android.app.ActivityThread$AndroidOs.access(ActivityThread.java:8944)
10-06 15:29:25.960 D/StrictMode( 9318): 	at java.io.UnixFileSystem.checkAccess(UnixFileSystem.java:332)
10-06 15:29:25.960 D/StrictMode( 9318): 	at java.io.File.exists(File.java:829)
10-06 15:29:25.960 D/StrictMode( 9318): 	at android.app.ContextImpl.ensurePrivateDirExists(ContextImpl.java:818)
10-06 15:29:25.960 D/StrictMode( 9318): 	at android.app.ContextImpl.ensurePrivateDirExists(ContextImpl.java:809)
10-06 15:29:25.960 D/StrictMode( 9318): 	at android.app.ContextImpl.getPreferencesDir(ContextImpl.java:765)
10-06 15:29:25.960 D/StrictMode( 9318): 	at android.app.ContextImpl.getSharedPreferencesPath(ContextImpl.java:990)
10-06 15:29:25.960 D/StrictMode( 9318): 	at android.app.ContextImpl.getSharedPreferences(ContextImpl.java:605)
10-06 15:29:25.960 D/StrictMode( 9318): 	at android.content.ContextWrapper.getSharedPreferences(ContextWrapper.java:223)
10-06 15:29:25.960 D/StrictMode( 9318): 	at com.google.android.gms.internal.ads.zzbyt.zzc(com.google.android.gms:play-services-ads@@24.5.0:4)
10-06 15:29:25.960 D/StrictMode( 9318): 	at com.google.android.gms.internal.ads.zzbyp.zzb(com.google.android.gms:play-services-ads@@24.5.0:22)
10-06 15:29:25.960 D/StrictMode( 9318): 	at com.google.android.gms.internal.ads.zzche.zzE(com.google.android.gms:play-services-ads@@24.5.0:29)
10-06 15:29:25.960 D/StrictMode( 9318): 	at com.google.android.gms.internal.ads.zzche.zza(com.google.android.gms:play-services-ads@@24.5.0:1)
10-06 15:29:25.960 D/StrictMode( 9318): 	at com.google.android.gms.ads.internal.ClientApi.zzh(com.google.android.gms:play-services-ads@@24.5.0:2)
10-06 15:29:25.960 D/StrictMode( 9318): 	at com.google.android.gms.ads.internal.client.zzau.zzb(com.google.android.gms:play-services-ads-api@@24.5.0:2)
10-06 15:29:25.960 D/StrictMode( 9318): 	at com.google.android.gms.ads.internal.client.zzba.zze(com.google.android.gms:play-services-ads-api@@24.5.0:1)
10-06 15:29:25.960 D/StrictMode( 9318): 	at com.google.android.gms.ads.internal.client.zzba.zzd(com.google.android.gms:play-services-ads-api@@24.5.0:9)
10-06 15:29:25.960 D/StrictMode( 9318): 	at com.google.android.gms.ads.internal.client.zzey.zzC(com.google.android.gms:play-services-ads-api@@24.5.0:3)
10-06 15:29:25.960 D/StrictMode( 9318): 	at com.google.android.gms.ads.internal.client.zzey.zzq(com.google.android.gms:play-services-ads-api@@24.5.0:8)
10-06 15:29:25.960 D/StrictMode( 9318): 	at com.google.android.gms.ads.MobileAds.initialize(com.google.android.gms:play-services-ads-api@@24.5.0:3)
10-06 15:29:25.960 D/StrictMode( 9318): 	at com.follgramer.diamantesproplayersgo.ads.AdsInit$init$1$1.invokeSuspend(AdsInit.kt:29)
10-06 15:29:25.960 D/StrictMode( 9318): 	at com.follgramer.diamantesproplayersgo.ads.AdsInit$init$1$1.invoke(Unknown Source:8)
10-06 15:29:25.960 D/StrictMode( 9318): 	at com.follgramer.diamantesproplayersgo.ads.AdsInit$init$1$1.invoke(Unknown Source:4)
10-06 15:29:25.960 D/StrictMode( 9318): 	at kotlinx.coroutines.intrinsics.UndispatchedKt.startUndispatchedOrReturn(Undispatched.kt:78)
10-06 15:29:25.960 D/StrictMode( 9318): 	at kotlinx.coroutines.BuildersKt__Builders_commonKt.withContext(Builders.common.kt:167)
10-06 15:29:25.960 D/StrictMode( 9318): 	at kotlinx.coroutines.BuildersKt.withContext(Unknown Source:1)
10-06 15:29:25.960 D/StrictMode( 9318): 	at com.follgramer.diamantesproplayersgo.ads.AdsInit$init$1.invokeSuspend(AdsInit.kt:28)
10-06 15:29:25.960 D/StrictMode( 9318): 	at kotlin.coroutines.jvm.internal.BaseContinuationImpl.resumeWith(ContinuationImpl.kt:33)
10-06 15:29:25.960 D/StrictMode( 9318): 	at kotlinx.coroutines.DispatchedTask.run(DispatchedTask.kt:108)
10-06 15:29:25.960 D/StrictMode( 9318): 	at android.os.Handler.handleCallback(Handler.java:995)
10-06 15:29:25.960 D/StrictMode( 9318): 	at android.os.Handler.dispatchMessage(Handler.java:103)
10-06 15:29:25.960 D/StrictMode( 9318): 	at android.os.Looper.loopOnce(Looper.java:248)
10-06 15:29:25.960 D/StrictMode( 9318): 	at android.os.Looper.loop(Looper.java:338)
10-06 15:29:25.960 D/StrictMode( 9318): 	at android.app.ActivityThread.main(ActivityThread.java:9067)
10-06 15:29:25.960 D/StrictMode( 9318): 	at java.lang.reflect.Method.invoke(Native Method)
10-06 15:29:25.960 D/StrictMode( 9318): 	at com.android.internal.os.RuntimeInit$MethodAndArgsCaller.run(RuntimeInit.java:593)
10-06 15:29:25.960 D/StrictMode( 9318): 	at com.android.internal.os.ZygoteInit.main(ZygoteInit.java:932)
10-06 15:29:25.964 I/fqlr    ( 9340): (REDACTED) Unable to retrieve flag snapshot for %s, using defaults.
10-06 15:29:25.965 D/BoundBrokerSvc( 9285): onBind: Intent { act=com.google.android.gms.usagereporting.service.START xflg=0x4 pkg=com.google.android.gms }
10-06 15:29:25.965 D/BoundBrokerSvc( 9285): Loading bound service for intent: Intent { act=com.google.android.gms.usagereporting.service.START xflg=0x4 pkg=com.google.android.gms }
10-06 15:29:25.968 D/BoundBrokerSvc( 9340): onBind: Intent { act=com.google.android.gms.safebrowsing.SafeBrowsingService.START dat=chimera-action:/... xflg=0x4 cmp=com.google.android.gms/.chimera.GmsBoundBrokerService }
10-06 15:29:25.968 D/BoundBrokerSvc( 9340): Loading bound service for intent: Intent { act=com.google.android.gms.safebrowsing.SafeBrowsingService.START dat=chimera-action:/... xflg=0x4 cmp=com.google.android.gms/.chimera.GmsBoundBrokerService }
10-06 15:29:25.970 I/Auth    ( 9340): (REDACTED) [SupervisedAccountIntentOperationV2] onHandleIntent: %s
10-06 15:29:25.975 I/tesproplayersgo( 9318): AssetManager2(0x7de5c91d6058) locale list changing from [] to [en-US]
10-06 15:29:25.977 I/CameraManagerGlobal( 9318): Connecting to camera service
10-06 15:29:25.990 I/fqlr    ( 9340): (REDACTED) Shared storage file not found for %s
10-06 15:29:25.990 I/fqlr    ( 9340): (REDACTED) Unable to retrieve flag snapshot for %s, using defaults.
10-06 15:29:25.996 D/BackgroundInstallControlService(  707): Package event received: 0
10-06 15:29:25.998 I/fqlr    ( 9340): (REDACTED) Shared storage file not found for %s
10-06 15:29:25.998 I/fqlr    ( 9340): (REDACTED) Unable to retrieve flag snapshot for %s, using defaults.
10-06 15:29:25.998 I/fqlr    ( 9340): (REDACTED) Shared storage file not found for %s
10-06 15:29:26.004 W/ConfigurationContentLdr( 9340): ContentProvider query returned null cursor, using default values
10-06 15:29:26.007 I/Blockstore( 9340): (REDACTED) [BlockstoreModuleInitIntentOperation] Container update. Module updated: %b
10-06 15:29:26.012 I/AttributionAndPermissionUtils(  625): checkPermission (forDataDelivery 0 startDataDelivery 0): Permission hard denied for client attribution [uid 10219, pid 9318, packageName "<unknown>"]
10-06 15:29:26.013 I/Blockstore( 9340): [CloudSyncBackupTaskService] scheduling a periodic backup task. [CONTEXT service_id=258 ]
10-06 15:29:26.015 D/BoundBrokerSvc( 9340): onBind: Intent { act=com.google.android.gms.backup.GMS_MODULE_RESTORE dat=chimera-action:/... xflg=0x4 cmp=com.google.android.gms/.chimera.GmsInternalBoundBrokerService }
10-06 15:29:26.016 D/BoundBrokerSvc( 9340): Loading bound service for intent: Intent { act=com.google.android.gms.backup.GMS_MODULE_RESTORE dat=chimera-action:/... xflg=0x4 cmp=com.google.android.gms/.chimera.GmsInternalBoundBrokerService }
10-06 15:29:26.017 W/ConfigurationContentLdr( 9285): ContentProvider query returned null cursor, using default values
10-06 15:29:26.028 I/Nearby  ( 9285): (REDACTED) is blocked device type %s, isAuto=%s, isIot=%s, isLatchsky=%s, isChinaWearable=%s, isTv=%s, isWearable=%s (supportWearOs=%s), isChromeOsDevice=%s (supportChromeOs=%s)
10-06 15:29:26.031 I/FinderWearable( 9340): [WearableReadinessStateIntentOperation] Wearable provisioning is disabled. [CONTEXT service_id=284 ]
10-06 15:29:26.034 I/fqlr    ( 9340): (REDACTED) Unable to retrieve flag snapshot for %s, using defaults.
10-06 15:29:26.039 I/fqlr    ( 9340): (REDACTED) Shared storage file not found for %s
10-06 15:29:26.040 I/fqlr    ( 9340): (REDACTED) Shared storage file not found for %s
10-06 15:29:26.041 I/TrafficStats( 9285): tagSocketFd(-1, 1031, -1) failed with errno-9
10-06 15:29:26.046 I/fqlr    ( 9340): (REDACTED) Unable to retrieve flag snapshot for %s, using defaults.
10-06 15:29:26.046 I/LocationHistory( 9340): (REDACTED) [IntentOperation] Handling action %s
10-06 15:29:26.047 I/fqlr    ( 9285): (REDACTED) Shared storage file not found for %s
10-06 15:29:26.048 I/fqlr    ( 9285): (REDACTED) Unable to retrieve flag snapshot for %s, using defaults.
10-06 15:29:26.052 I/LocationHistory( 9340): [IntentOperation] Device settings changed to ENABLED. Scheduling periodic tasks. [CONTEXT service_id=314 ]
10-06 15:29:26.054 I/EGL_emulation( 9318): Opening libGLESv1_CM_emulation.so
10-06 15:29:26.055 I/SemanticLocation( 9340): (REDACTED) [Scheduler] Periodic Task %s.%s is scheduled to run %s
10-06 15:29:26.055 I/SemanticLocation( 9340): (REDACTED) [Scheduler] Housekeeping Task %s.%s is scheduled to run at cadence %s
10-06 15:29:26.055 I/SemanticLocation( 9340): (REDACTED) [Scheduler] Periodic Task %s.%s is scheduled to run %s
10-06 15:29:26.055 I/SemanticLocation( 9340): (REDACTED) [Scheduler] Housekeeping Task %s.%s is scheduled to run at cadence %s
10-06 15:29:26.055 I/EGL_emulation( 9318): Opening libGLESv2_emulation.so
10-06 15:29:26.067 I/SemanticLocation( 9340): (REDACTED) [Scheduler] Housekeeping Task %s.%s is scheduled to run at cadence %s
10-06 15:29:26.068 I/SemanticLocation( 9340): (REDACTED) [Scheduler] Periodic Task %s.%s is scheduled to run %s
10-06 15:29:26.068 I/Blockstore( 9340): [BlockstoreModuleInitIntentOperation] scheduleOneOffTaskIfAlreadyScheduled finished [CONTEXT service_id=258 ]
10-06 15:29:26.068 I/SemanticLocation( 9340): (REDACTED) [Scheduler] Housekeeping Task %s.%s is scheduled to run at cadence %s
10-06 15:29:26.068 I/tesproplayersgo( 9318): AssetManager2(0x7de5c91d5d38) locale list changing from [] to [en-US]
10-06 15:29:26.068 I/SemanticLocation( 9340): (REDACTED) [Scheduler] Housekeeping Task %s.%s is scheduled to run at cadence %s
10-06 15:29:26.068 I/fqlr    ( 9340): (REDACTED) Unable to retrieve flag snapshot for %s, using defaults.
10-06 15:29:26.068 I/SemanticLocation( 9340): (REDACTED) [Scheduler] Periodic Task %s.%s is scheduled to run %s
10-06 15:29:26.068 I/SemanticLocation( 9340): (REDACTED) [Scheduler] Periodic Task %s.%s is scheduled to run %s
10-06 15:29:26.068 I/Auth.Api.Credentials( 9340): [WebauthnCredentialDataClient#subscribe()] Operation started. [CONTEXT service_id=68 ]
10-06 15:29:26.069 I/SemanticLocation( 9340): (REDACTED) [Scheduler] Housekeeping Task %s.%s is scheduled to run at cadence %s
10-06 15:29:26.069 I/SemanticLocation( 9340): (REDACTED) [Scheduler] Housekeeping Task %s.%s is scheduled to run at cadence %s
10-06 15:29:26.069 I/SemanticLocation( 9340): (REDACTED) [Scheduler] Housekeeping Task %s.%s is scheduled to run at cadence %s
10-06 15:29:26.069 I/SemanticLocation( 9340): (REDACTED) [Scheduler] Periodic Task %s.%s is scheduled to run %s
10-06 15:29:26.069 I/SemanticLocation( 9340): (REDACTED) [Scheduler] Housekeeping Task %s.%s is scheduled to run at cadence %s
10-06 15:29:26.069 I/SemanticLocation( 9340): (REDACTED) [Scheduler] Housekeeping Task %s.%s is scheduled to run at cadence %s
10-06 15:29:26.069 I/SemanticLocation( 9340): (REDACTED) [Scheduler] Housekeeping Task %s.%s is scheduled to run at cadence %s
10-06 15:29:26.069 I/SemanticLocation( 9340): (REDACTED) [Scheduler] Housekeeping Task %s.%s is scheduled to run at cadence %s
10-06 15:29:26.069 I/SemanticLocation( 9340): (REDACTED) [Scheduler] Housekeeping Task %s.%s is scheduled to run at cadence %s
10-06 15:29:26.069 I/SemanticLocation( 9340): (REDACTED) [Scheduler] Housekeeping Task %s.%s is scheduled to run at cadence %s
10-06 15:29:26.069 I/SemanticLocation( 9340): (REDACTED) [Scheduler] Periodic Task %s.%s is scheduled to run %s
10-06 15:29:26.069 I/SemanticLocation( 9340): (REDACTED) [Scheduler] Housekeeping Task %s.%s is scheduled to run at cadence %s
10-06 15:29:26.069 I/SemanticLocation( 9340): (REDACTED) [Scheduler] Housekeeping Task %s.%s is scheduled to run at cadence %s
10-06 15:29:26.070 I/Auth.Api.Credentials( 9340): (REDACTED) [WebauthnCredentialDataClient#subscribe()] Operation succeeded with result: %s.
10-06 15:29:26.075 W/ConfigurationContentLdr( 9340): ContentProvider query returned null cursor, using default values
10-06 15:29:26.079 W/HWUI    ( 9318): Failed to choose config with EGL_SWAP_BEHAVIOR_PRESERVED, retrying without...
10-06 15:29:26.079 W/HWUI    ( 9318): Failed to initialize 101010-2 format, error = EGL_SUCCESS
10-06 15:29:26.082 I/EGL_emulation( 9340): Opening libGLESv1_CM_emulation.so
10-06 15:29:26.092 D/AppCompatDelegate( 9318): Checking for metadata for AppLocalesMetadataHolderService : Service not found
10-06 15:29:26.094 I/tesproplayersgo( 9318): AssetManager2(0x7de5c91dae78) locale list changing from [] to [en-US]
10-06 15:29:26.102 D/FileUtils(  707): Rounded bytes from 2067259392 to 4000000000
10-06 15:29:26.104 I/ChimeraConfigurator( 9340): Starting update, reason: 4 urgentFeatures: 
10-06 15:29:26.107 I/Ads     ( 9340): Parental control value is stale. Refreshing.
10-06 15:29:26.112 I/Blockstore( 9340): [BlockstoreModuleInitIntentOperation] cloudRestoreSourceId cleared [CONTEXT service_id=258 ]
10-06 15:29:26.113 I/Backup  ( 9340): [CallLogFlagSetter] Not enabling because user_full_data_backup_aware not set.
10-06 15:29:26.113 W/ConfigurationContentLdr( 9340): ContentProvider query returned null cursor, using default values
10-06 15:29:26.113 I/SyncIntentOperation( 9340): (REDACTED) Handling the intent: %s.
10-06 15:29:26.120 W/ConfigurationContentLdr( 9340): ContentProvider query returned null cursor, using default values
10-06 15:29:26.126 I/EGL_emulation( 9340): Opening libGLESv2_emulation.so
10-06 15:29:26.126 I/fqlr    ( 9340): (REDACTED) Shared storage file not found for %s
10-06 15:29:26.126 D/BackgroundInstallControlService(  707): Package event received: 0
