10-06 15:29:24.392 V/GraphicsEnvironment( 9340): com.google.android.gms is not listed in per-application setting
10-06 15:29:24.392 V/GraphicsEnvironment( 9340): ANGLE allowlist from config: com.dreamgames.royalmatch com.dts.freefiremax com.dxx.firenow com.gramgames.mergedragons com.ludo.king com.mojang.minecraftpe com.my.defense com.nintendo.zaka com.os.airforce com.playrix.fishdomdd.gplay io.teslatech.callbreak jp.konami.prospia net.peakgames.toonblast
10-06 15:29:24.392 V/GraphicsEnvironment( 9340): com.google.android.gms is not listed in ANGLE allowlist or settings, returning default
10-06 15:29:24.392 V/GraphicsEnvironment( 9340): Neither updatable production driver nor prerelease driver is supported.
10-06 15:29:24.416 I/FirebaseInitProvider( 9318): FirebaseApp initialization successful
10-06 15:29:24.427 W/chromium( 5668): [WARNING:net/cert/ev_root_ca_metadata.cc:117] Not implemented
10-06 15:29:24.437 D/BackgroundInstallControlService(  707): Package event received: 0
10-06 15:29:24.442 D/BackgroundInstallControlService(  707): Package event received: 0
10-06 15:29:24.450 I/NewModuleHelper( 9285): Sending com.google.android.chimera.IntentOperation.NEW_MODULE Container service: com.google.android.gms.chimera.GmsIntentOperationService Intents: 1,true,true
10-06 15:29:24.453 I/NewModuleHelper( 9285): Sending com.google.android.chimera.IntentOperation.NEW_MODULE Container service: com.google.android.gms.chimera.PersistentIntentOperationService Intents: 1,true,true
10-06 15:29:24.462 I/GmsDebugLogger( 9285): [46] 
10-06 15:29:24.468 I/GmsApplication( 9285): Updating config completed
10-06 15:29:24.468 D/DiamantesApp( 9318): === INICIANDO DIAMANTESAPPLICATION ===
10-06 15:29:24.470 I/fqlr    ( 9285): (REDACTED) Unable to retrieve flag snapshot for %s, using defaults.
10-06 15:29:24.481 I/fqlr    ( 9285): (REDACTED) Unable to retrieve flag snapshot for %s, using defaults.
10-06 15:29:24.490 W/ProviderHelper( 9285): Unknown dynamite feature providerinstaller.dynamite
10-06 15:29:24.490 I/DynamiteModule( 9285): Considering local module com.google.android.gms.providerinstaller.dynamite:1 and remote module com.google.android.gms.providerinstaller.dynamite:0
10-06 15:29:24.490 I/DynamiteModule( 9285): Selected local version of com.google.android.gms.providerinstaller.dynamite
10-06 15:29:24.491 I/GmsApplication( 9340): Using GservicesReaderQueryDelegate
10-06 15:29:24.494 W/SQLiteCompatibilityWalFlags( 9340): Cannot read global setting sqlite_compatibility_wal_flags - Application state not available
10-06 15:29:24.496 I/fqlr    ( 9285): (REDACTED) Shared storage file not found for %s
10-06 15:29:24.496 I/fqlr    ( 9285): (REDACTED) Unable to retrieve flag snapshot for %s, using defaults.
10-06 15:29:24.504 I/GmsApplication( 9340): Staging modules and/or updating config
10-06 15:29:24.505 I/GservicesProvider( 9285): Gservices pushing to system: true; secure/global: true
10-06 15:29:24.506 I/DynamiteModule( 9285): Considering local module com.google.android.gms.googlecertificates:7 and remote module com.google.android.gms.googlecertificates:0
10-06 15:29:24.506 I/DynamiteModule( 9285): Selected local version of com.google.android.gms.googlecertificates
10-06 15:29:24.509 D/nativeloader( 9285): Load /data/app/~~Kfiu-GA_hl3bGsc-RUzdqg==/com.google.android.gms-TnocifR-BCyvyZTHtMGSMw==/base.apk!/lib/x86_64/libconscrypt_gmscore_jni.so using class loader ns clns-9 (caller=/data/app/~~Kfiu-GA_hl3bGsc-RUzdqg==/com.google.android.gms-TnocifR-BCyvyZTHtMGSMw==/base.apk): ok
10-06 15:29:24.512 I/GmsApplication( 9340): Staging modules and/or updating config already complete
10-06 15:29:24.512 V/NativeCrypto( 9285): Registering com/google/android/gms/org/conscrypt/NativeCrypto's 319 native methods...
10-06 15:29:24.517 I/fqlr    ( 9340): (REDACTED) Shared storage file not found for %s
10-06 15:29:24.517 I/fqlr    ( 9340): (REDACTED) Unable to retrieve flag snapshot for %s, using defaults.
10-06 15:29:24.522 I/fqlr    ( 9285): (REDACTED) Shared storage file not found for %s
10-06 15:29:24.522 I/fqlr    ( 9285): (REDACTED) Unable to retrieve flag snapshot for %s, using defaults.
10-06 15:29:24.535 I/ProviderInstaller( 9285): Installed default security provider GmsCore_OpenSSL
10-06 15:29:24.535 W/tesproplayersgo( 9318): ClassLoaderContext classpath size mismatch. expected=1, found=0 (DLC[];PCL[base.apk*2458923010]{PCL[/system/framework/org.apache.http.legacy.jar*4247870504]#PCL[/system/framework/com.android.media.remotedisplay.jar*487574312]#PCL[/system/framework/com.android.location.provider.jar*1570284764]#PCL[/system_ext/framework/androidx.window.extensions.jar*1030441313]#PCL[/system_ext/framework/androidx.window.sidecar.jar*3860983653]} | DLC[];PCL[])
10-06 15:29:24.540 W/ProviderHelper( 9340): Unknown dynamite feature providerinstaller.dynamite
10-06 15:29:24.540 I/DynamiteModule( 9340): Considering local module com.google.android.gms.providerinstaller.dynamite:1 and remote module com.google.android.gms.providerinstaller.dynamite:0
10-06 15:29:24.540 I/DynamiteModule( 9340): Selected local version of com.google.android.gms.providerinstaller.dynamite
10-06 15:29:24.540 I/fqlr    ( 9340): (REDACTED) Shared storage file not found for %s
10-06 15:29:24.541 I/GmsApplication( 9285): Registering the BackgroundBroadcastReceiverSupport receiver.
10-06 15:29:24.542 I/fqlr    ( 9340): (REDACTED) Unable to retrieve flag snapshot for %s, using defaults.
10-06 15:29:24.543 I/fqlr    ( 9285): (REDACTED) Shared storage file not found for %s
10-06 15:29:24.545 W/dpmc    ( 8095): Couldn't calculate ClientInstanceId, no account name
10-06 15:29:24.545 W/dpmc    ( 8095): Couldn't calculate ClientInstanceId, no AndroidId
10-06 15:29:24.545 I/fqlr    ( 9285): (REDACTED) Unable to retrieve flag snapshot for %s, using defaults.
10-06 15:29:24.546 I/fqlr    ( 9285): (REDACTED) Shared storage file not found for %s
10-06 15:29:24.546 I/fqlr    ( 9285): (REDACTED) Unable to retrieve flag snapshot for %s, using defaults.
10-06 15:29:24.552 D/BackgroundInstallControlService(  707): Package event received: 0
10-06 15:29:24.552 D/SatelliteController( 1101): iisInCarrierRoamingNbIotNtn: satellite is disabled
10-06 15:29:24.561 D/nativeloader( 9340): Load /data/app/~~Kfiu-GA_hl3bGsc-RUzdqg==/com.google.android.gms-TnocifR-BCyvyZTHtMGSMw==/base.apk!/lib/x86_64/libconscrypt_gmscore_jni.so using class loader ns clns-9 (caller=/data/app/~~Kfiu-GA_hl3bGsc-RUzdqg==/com.google.android.gms-TnocifR-BCyvyZTHtMGSMw==/base.apk): ok
10-06 15:29:24.564 V/NativeCrypto( 9340): Registering com/google/android/gms/org/conscrypt/NativeCrypto's 319 native methods...
10-06 15:29:24.572 I/ProviderInstaller( 9340): Installed default security provider GmsCore_OpenSSL
10-06 15:29:24.572 E/edig    ( 8095): (REDACTED) Failed to recover geofences for LBT Routines using Geller data
10-06 15:29:24.572 E/edig    ( 8095): com.google.android.libraries.geller.portable.GellerException: Code: INVALID_ARGUMENT, Message: Account name is null.
10-06 15:29:24.572 E/edig    ( 8095): 	at domv.a(PG:21)
10-06 15:29:24.572 E/edig    ( 8095): 	at donf.a(PG:26)
10-06 15:29:24.572 E/edig    ( 8095): 	at eezz.a(PG:13)
10-06 15:29:24.572 E/edig    ( 8095): 	at enod.a(PG:3)
10-06 15:29:24.572 E/edig    ( 8095): 	at enpt.run(PG:19)
10-06 15:29:24.572 E/edig    ( 8095): 	at ckmc.run(PG:5)
10-06 15:29:24.572 E/edig    ( 8095): 	at emln.run(PG:44)
10-06 15:29:24.572 E/edig    ( 8095): 	at cklo.run(PG:83)
10-06 15:29:24.572 E/edig    ( 8095): 	at java.lang.Thread.run(Thread.java:1119)
10-06 15:29:24.572 E/edig    ( 8095): 	at ckng.run(PG:62)
10-06 15:29:24.575 I/DeviceDrDatabaseHelper( 9285): Creating databases!
10-06 15:29:24.577 I/DynamiteModule( 9318): Considering local module com.google.android.gms.measurement.dynamite:122 and remote module com.google.android.gms.measurement.dynamite:160
10-06 15:29:24.578 D/BoundBrokerSvc( 9285): onBind: Intent { act=android.net.action.RECOMMEND_NETWORKS xflg=0x4 cmp=com.google.android.gms/.chimera.PersistentBoundBrokerService }
10-06 15:29:24.578 D/BoundBrokerSvc( 9285): Loading bound service for intent: Intent { act=android.net.action.RECOMMEND_NETWORKS xflg=0x4 cmp=com.google.android.gms/.chimera.PersistentBoundBrokerService }
10-06 15:29:24.578 I/BndSvcConfigHelper( 9285): No bound-service is registered for action: android.net.action.RECOMMEND_NETWORKS
10-06 15:29:24.578 I/BoundBrokerSvc( 9285): Bound service not available for: Intent { act=android.net.action.RECOMMEND_NETWORKS xflg=0x4 cmp=com.google.android.gms/.chimera.PersistentBoundBrokerService }
10-06 15:29:24.578 I/ChimeraSrvcProxy( 9285): com.google.android.gms.chimera.PersistentBoundBrokerService returning NullBinder for action android.net.action.RECOMMEND_NETWORKS
10-06 15:29:24.587 I/fqlr    ( 9285): (REDACTED) Shared storage file not found for %s
10-06 15:29:24.588 I/fqlr    ( 9285): (REDACTED) Unable to retrieve flag snapshot for %s, using defaults.
10-06 15:29:24.588 I/Watchcat( 9340): Started
10-06 15:29:24.589 I/GMS_MM_Logger( 9340): (REDACTED) Start time: %s
10-06 15:29:24.589 I/GMS_MM_Logger( 9340): Started.
10-06 15:29:24.590 I/DynamiteModule( 9318): Selected remote version of com.google.android.gms.measurement.dynamite, version >= 160
10-06 15:29:24.590 V/DynamiteModule( 9318): Dynamite loader version >= 2, using loadModule2NoCrashUtils
10-06 15:29:24.592 I/fqlr    ( 9340): (REDACTED) Shared storage file not found for %s
10-06 15:29:24.592 I/fqlr    ( 9340): (REDACTED) Unable to retrieve flag snapshot for %s, using defaults.
10-06 15:29:24.595 D/DiamantesApp( 9318): AdMob marcado como inicializado
10-06 15:29:24.595 D/DiamantesApp( 9318): AdMob inicializado desde Application
10-06 15:29:24.597 I/GmsReceiverSupport( 9285): Registered Receiver for 15+1 IntentFilters
10-06 15:29:24.597 I/Watchcat( 9285): Started
10-06 15:29:24.598 I/GMS_MM_Logger( 9285): (REDACTED) Start time: %s
10-06 15:29:24.598 I/GMS_MM_Logger( 9285): Started.
10-06 15:29:24.599 D/DiamantesApp( 9318): StrictMode habilitado para debugging
10-06 15:29:24.601 I/GmsModuleFndr( 9340): Beginning GMS chimera module scan
10-06 15:29:24.606 W/System  ( 9318): ClassLoader referenced unknown path: 
10-06 15:29:24.606 D/nativeloader( 9318): Configuring clns-10 for other apk . target_sdk_version=36, uses_libraries=, library_path=/data/app/~~Kfiu-GA_hl3bGsc-RUzdqg==/com.google.android.gms-TnocifR-BCyvyZTHtMGSMw==/lib/x86_64:/data/app/~~Kfiu-GA_hl3bGsc-RUzdqg==/com.google.android.gms-TnocifR-BCyvyZTHtMGSMw==/base.apk!/lib/x86_64, permitted_path=/data:/mnt/expand:/data/user/0/com.google.android.gms
10-06 15:29:24.606 D/nativeloader( 9340): Load /data/app/~~Kfiu-GA_hl3bGsc-RUzdqg==/com.google.android.gms-TnocifR-BCyvyZTHtMGSMw==/base.apk!/lib/x86_64/libgmscore.so using class loader ns clns-9 (caller=/data/app/~~Kfiu-GA_hl3bGsc-RUzdqg==/com.google.android.gms-TnocifR-BCyvyZTHtMGSMw==/base.apk): ok
10-06 15:29:24.608 I/ModuleSetResolution( 9340): Computing pending module set with APKs: [[AdsFdrDynamite.integ:250505301100000], [Cronetdynamite:253731260800], [Dynamiteloader:253731260000], [Dynamitemodulesa:253731260000], [Dynamitemodulesc:253731260000], [Googlecertificates:253731260000], [Mapsdynamite:253731260000], [Measurementdynamite:253731260000]]
10-06 15:29:24.609 I/ModuleSetMgr( 9340): Download of container feature CAMERA_LOW_LIGHT_MANAGEMENT is disabled.
10-06 15:29:24.609 I/ModuleSetMgr( 9340): Download of container feature actionlearner is disabled.
10-06 15:29:24.609 I/ModuleSetMgr( 9340): Download of container feature active_motion is disabled.
10-06 15:29:24.609 I/ModuleSetMgr( 9340): Download of container feature ambient_context is disabled.
10-06 15:29:24.609 I/ModuleSetMgr( 9340): Download of container feature antifingerprinting is disabled.
10-06 15:29:24.609 I/ModuleSetMgr( 9340): Download of container feature appsearch_dynamite_impl is disabled.
10-06 15:29:24.609 I/ModuleSetMgr( 9340): Download of container feature appsearch_impl is disabled.
10-06 15:29:24.609 I/ModuleSetMgr( 9340): Download of container feature brella_dynamite is disabled.
10-06 15:29:24.609 I/ModuleSetMgr( 9340): Download of container feature callstreaming is disabled.
10-06 15:29:24.609 I/ModuleSetMgr( 9340): Download of container feature cam_feature_combo_query is disabled.
10-06 15:29:24.609 I/ModuleSetMgr( 9340): Download of container feature continuity is disabled.
10-06 15:29:24.609 I/ModuleSetMgr( 9340): Download of container feature dck_management is disabled.
10-06 15:29:24.609 I/ModuleSetMgr( 9340): Download of container feature easyunlock is disabled.
10-06 15:29:24.609 I/ModuleSetMgr( 9340): Download of container feature enterprise_zt_mp_complete is disabled.
10-06 15:29:24.609 I/ModuleSetMgr( 9340): Download of container feature fast_pair is disabled.
10-06 15:29:24.609 I/ModuleSetMgr( 9340): Download of container feature game_platform is disabled.
10-06 15:29:24.609 I/ModuleSetMgr( 9340): Download of container feature games is disabled.
10-06 15:29:24.609 I/ModuleSetMgr( 9340): Download of container feature growth_upgradeparty is disabled.
10-06 15:29:24.609 I/ModuleSetMgr( 9340): Download of container feature health_tracking_base is disabled.
10-06 15:29:24.609 I/ModuleSetMgr( 9340): Download of container feature home is disabled.
10-06 15:29:24.609 I/ModuleSetMgr( 9340): Download of container feature homegraph is disabled.
10-06 15:29:24.610 I/ModuleSetMgr( 9340): Download of container feature identity_credentials_placebo is disabled.
10-06 15:29:24.610 I/ModuleSetMgr( 9340): Download of container feature identity_credentials_platform is disabled.
10-06 15:29:24.610 I/ModuleSetMgr( 9340): Download of container feature tflite_dynamite is disabled.
10-06 15:29:24.610 I/ModuleSetMgr( 9340): Download of container feature kids is disabled.
10-06 15:29:24.610 I/ModuleSetMgr( 9340): Download of container feature kids_conversation_filtering is disabled.
10-06 15:29:24.610 I/ModuleSetMgr( 9340): Download of container feature kids_dashboard is disabled.
10-06 15:29:24.610 I/ModuleSetMgr( 9340): Download of container feature kids_ensure_supervision_setup is disabled.
10-06 15:29:24.610 I/ModuleSetMgr( 9340): Download of container feature kids_get_parent_verification_intent is disabled.
10-06 15:29:24.610 I/ModuleSetMgr( 9340): Download of container feature kids_resource_filtering is disabled.
10-06 15:29:24.610 I/ModuleSetMgr( 9340): Download of container feature kids_screentime_restriction_callback is disabled.
10-06 15:29:24.610 I/ModuleSetMgr( 9340): Download of container feature kids_transparency is disabled.
10-06 15:29:24.610 I/ModuleSetMgr( 9340): Download of container feature maps3d is disabled.
10-06 15:29:24.610 I/ModuleSetMgr( 9340): Download of container feature maps_core is disabled.
10-06 15:29:24.610 I/ModuleSetMgr( 9340): Download of container feature mdocstore is disabled.
10-06 15:29:24.610 I/ModuleSetMgr( 9340): Download of container feature mlkit.docscan.crop is disabled.
10-06 15:29:24.610 I/ModuleSetMgr( 9340): Download of container feature mlkit.docscan.enhance is disabled.
10-06 15:29:24.610 I/ModuleSetMgr( 9340): Download of container feature mlkit.docscan.shadow is disabled.
10-06 15:29:24.610 I/ModuleSetMgr( 9340): Download of container feature mlkit.segmentation.subject is disabled.
10-06 15:29:24.610 I/ModuleSetMgr( 9340): Download of container feature perfetto_processor is disabled.
10-06 15:29:24.610 I/ModuleSetMgr( 9340): Download of container feature permissions_debug is disabled.
10-06 15:29:24.610 I/ModuleSetMgr( 9340): Download of container feature play_cloud_search is disabled.
10-06 15:29:24.610 I/ModuleSetMgr( 9340): Download of container feature semanticlocation_debug is disabled.
10-06 15:29:24.610 I/ModuleSetMgr( 9340): Download of container feature spoon_pc is disabled.
10-06 15:29:24.610 I/ModuleSetMgr( 9340): Download of container feature tensorgps_debug is disabled.
10-06 15:29:24.610 I/ModuleSetMgr( 9340): Download of container feature tensorgps_metrics is disabled.
10-06 15:29:24.610 I/ModuleSetMgr( 9340): Download of container feature tflite_delegate_edgetpu is disabled.
10-06 15:29:24.610 I/ModuleSetMgr( 9340): Download of container feature tflite_delegate_test is disabled.
10-06 15:29:24.610 I/ModuleSetMgr( 9340): Download of container feature tflite_gpu_dynamite is disabled.
10-06 15:29:24.610 I/ModuleSetMgr( 9340): Download of container feature usonia_iam is disabled.
10-06 15:29:24.610 I/ModuleSetMgr( 9340): Download of container feature vision.face is disabled.
10-06 15:29:24.610 I/ModuleSetMgr( 9340): Download of container feature vision.ica is disabled.
10-06 15:29:24.610 I/ModuleSetMgr( 9340): Download of container feature wasmlibs is disabled.
10-06 15:29:24.610 I/ModuleSetResolution( 9340): Pending container module APKs: []
10-06 15:29:24.610 I/ModuleSetResolution( 9340): Pending non-container module APKs: []
10-06 15:29:24.611 I/ServiceWatcher(  707): [fused] connected to {com.google.android.gms/com.google.android.location.fused.FusedLocationService}
10-06 15:29:24.612 I/LocationManagerService(  707): fused provider loaded extra attribution tags: [activity_recognition_provider, awareness_provider, current_semantic_location, fused_location_provider, geofencer_provider, gnss_location_provider, network_location_calibration, network_location_provider, wearable_flp_shim]
10-06 15:29:24.615 D/DiamantesApp( 9318): DiamantesApplication inicializada correctamente
10-06 15:29:24.616 I/tesproplayersgo( 9318): AssetManager2(0x7de5c91d0298) locale list changing from [] to [en-US]
10-06 15:29:24.620 W/OptProp (  707): Cannot read opt property android.window.PROPERTY_COMPAT_ENABLE_FAKE_FOCUS
10-06 15:29:24.626 D/DiamantesApp( 9318): Firebase Core ya estaba inicializado
10-06 15:29:24.626 I/fqlr    ( 9285): (REDACTED) Shared storage file not found for %s
10-06 15:29:24.626 I/fqlr    ( 9285): (REDACTED) Unable to retrieve flag snapshot for %s, using defaults.
10-06 15:29:24.629 D/AdsInit ( 9318): Iniciando AdMob...
10-06 15:29:24.638 D/BackgroundInstallControlService(  707): Package event received: 0
10-06 15:29:24.641 W/tesproplayersgo( 9318): ClassLoaderContext classpath element checksum mismatch. expected=2458923010, found=502498363 (DLC[];PCL[base.apk*2458923010]{PCL[/system/framework/org.apache.http.legacy.jar*4247870504]#PCL[/system/framework/com.android.media.remotedisplay.jar*487574312]#PCL[/system/framework/com.android.location.provider.jar*1570284764]#PCL[/system_ext/framework/androidx.window.extensions.jar*1030441313]#PCL[/system_ext/framework/androidx.window.sidecar.jar*3860983653]} | DLC[];PCL[/data/app/~~0cBaQg1lvxJAcsXSJk5MgQ==/com.follgramer.diamantesproplayersgo-Gf0pMIgEqKV4282LrsSamQ==/base.apk*502498363])
10-06 15:29:24.648 D/BackgroundInstallControlService(  707): Package event received: 0
10-06 15:29:24.657 I/fqlr    ( 9340): (REDACTED) Shared storage file not found for %s
10-06 15:29:24.657 I/fqlr    ( 9340): (REDACTED) Unable to retrieve flag snapshot for %s, using defaults.
10-06 15:29:24.692 W/JobInfo ( 5668): Job 'com.android.chrome/org.chromium.components.background_task_scheduler.internal.BackgroundTaskJobService#54' has a deadline with no functional constraints. The deadline won't improve job execution latency. Consider removing the deadline.
10-06 15:29:24.692 W/JobInfo (  707): Job 'com.android.chrome/org.chromium.components.background_task_scheduler.internal.BackgroundTaskJobService#54' has a deadline with no functional constraints. The deadline won't improve job execution latency. Consider removing the deadline.
10-06 15:29:24.698 I/tesproplayersgo( 9318): AssetManager2(0x7de5c91d88f8) locale list changing from [] to [en-US]
10-06 15:29:24.699 I/tesproplayersgo( 9318): AssetManager2(0x7de5c91d6ff8) locale list changing from [] to [en-US]
10-06 15:29:24.701 D/nativeloader( 9285): Load /data/app/~~Kfiu-GA_hl3bGsc-RUzdqg==/com.google.android.gms-TnocifR-BCyvyZTHtMGSMw==/base.apk!/lib/x86_64/libleveldbjni.so using class loader ns clns-9 (caller=/data/app/~~Kfiu-GA_hl3bGsc-RUzdqg==/com.google.android.gms-TnocifR-BCyvyZTHtMGSMw==/base.apk): ok
10-06 15:29:24.711 I/ServiceWatcher(  707): [GeofenceProxy] connected to {com.google.android.gms/com.google.android.location.internal.GoogleLocationManagerService}
10-06 15:29:24.716 D/BoundBrokerSvc( 9285): onBind: Intent { act=com.android.trust.provider.SignificantPlaceProvider.BIND xflg=0x4 cmp=com.google.android.gms/.chimera.PersistentInternalBoundBrokerService }
10-06 15:29:24.716 D/BoundBrokerSvc( 9285): Loading bound service for intent: Intent { act=com.android.trust.provider.SignificantPlaceProvider.BIND xflg=0x4 cmp=com.google.android.gms/.chimera.PersistentInternalBoundBrokerService }
10-06 15:29:24.721 D/BackgroundInstallControlService(  707): Package event received: 0
10-06 15:29:24.725 I/SystemMemoryMap( 9285): [flp] starting initialization [CONTEXT service_id=6 ]
10-06 15:29:24.726 I/SystemMemoryMap( 9285): (REDACTED) [flp] recovering %d entries
10-06 15:29:24.726 I/SystemMemoryMap( 9285): [flp] initialization complete [CONTEXT service_id=6 ]
10-06 15:29:24.738 I/fqlr    ( 9285): (REDACTED) Shared storage file not found for %s
10-06 15:29:24.739 I/fqlr    ( 9285): (REDACTED) Unable to retrieve flag snapshot for %s, using defaults.
10-06 15:29:24.739 I/gle.android.gms( 9340): AssetManager2(0x7de5c91dab58) locale list changing from [] to [en-US]
10-06 15:29:24.741 W/ContextImpl( 9340): Failed to ensure /data/user/0/com.google.android.gsf/databases: mkdir failed: ENOENT (No such file or directory)
10-06 15:29:24.780 W/JobInfo ( 5668): Job 'com.android.chrome/org.chromium.components.background_task_scheduler.internal.BackgroundTaskJobService#54' has a deadline with no functional constraints. The deadline won't improve job execution latency. Consider removing the deadline.
10-06 15:29:24.781 W/JobInfo (  707): Job 'com.android.chrome/org.chromium.components.background_task_scheduler.internal.BackgroundTaskJobService#54' has a deadline with no functional constraints. The deadline won't improve job execution latency. Consider removing the deadline.
10-06 15:29:24.802 V/GrammaticalInflectionUtils(  707): AttributionSource: android.content.AttributionSource@1740b7 does not have READ_SYSTEM_GRAMMATICAL_GENDER permission.
10-06 15:29:24.802 D/ApplicationLoaders( 9318): Returning zygote-cached class loader: /system/framework/org.apache.http.legacy.jar
10-06 15:29:24.802 D/ApplicationLoaders( 9318): Returning zygote-cached class loader: /system/framework/com.android.media.remotedisplay.jar
10-06 15:29:24.802 D/ApplicationLoaders( 9318): Returning zygote-cached class loader: /system/framework/com.android.location.provider.jar
10-06 15:29:24.802 D/ApplicationLoaders( 9318): Returning zygote-cached class loader: /system_ext/framework/androidx.window.extensions.jar
10-06 15:29:24.802 D/ApplicationLoaders( 9318): Returning zygote-cached class loader: /system_ext/framework/androidx.window.sidecar.jar
10-06 15:29:24.803 D/ConnectivityService(  707): requestNetwork for uid/pid:10147/9285 activeRequest: null callbackRequest: 287 [NetworkRequest [ REQUEST id=288, [ Capabilities: INTERNET&NOT_RESTRICTED&TRUSTED&NOT_VCN_MANAGED&NOT_BANDWIDTH_CONSTRAINED Uid: 10147 RequestorUid: 10147 RequestorPkg: com.google.android.gms UnderlyingNetworks: Null] ]] callback flags: 0 order: 2147483647 isUidTracked: false declaredMethods: AVAIL|LOSING|LOST|UNAVAIL|NC|LP|BLK
10-06 15:29:24.804 D/ConnectivityService(  707): NetReassign [288 : null  100] [c 0] [a 0] [i 1]
10-06 15:29:24.807 D/WifiNetworkFactory(  707): got request NetworkRequest [ REQUEST id=288, [ Capabilities: INTERNET&NOT_RESTRICTED&TRUSTED&NOT_VCN_MANAGED&NOT_BANDWIDTH_CONSTRAINED Uid: 10147 RequestorUid: 10147 RequestorPkg: com.google.android.gms UnderlyingNetworks: Null] ]
10-06 15:29:24.807 D/UntrustedWifiNetworkFactory(  707): got request NetworkRequest [ REQUEST id=288, [ Capabilities: INTERNET&NOT_RESTRICTED&TRUSTED&NOT_VCN_MANAGED&NOT_BANDWIDTH_CONSTRAINED Uid: 10147 RequestorUid: 10147 RequestorPkg: com.google.android.gms UnderlyingNetworks: Null] ]
10-06 15:29:24.808 D/OemPaidWifiNetworkFactory(  707): got request NetworkRequest [ REQUEST id=288, [ Capabilities: INTERNET&NOT_RESTRICTED&TRUSTED&NOT_VCN_MANAGED&NOT_BANDWIDTH_CONSTRAINED Uid: 10147 RequestorUid: 10147 RequestorPkg: com.google.android.gms UnderlyingNetworks: Null] ]
10-06 15:29:24.808 D/MultiInternetWifiNetworkFactory(  707): got request NetworkRequest [ REQUEST id=288, [ Capabilities: INTERNET&NOT_RESTRICTED&TRUSTED&NOT_VCN_MANAGED&NOT_BANDWIDTH_CONSTRAINED Uid: 10147 RequestorUid: 10147 RequestorPkg: com.google.android.gms UnderlyingNetworks: Null] ]
10-06 15:29:24.808 W/tesproplayersgo( 9318): Loading /data/app/~~Kfiu-GA_hl3bGsc-RUzdqg==/com.google.android.gms-TnocifR-BCyvyZTHtMGSMw==/oat/x86_64/base.odex non-executable as it requires an image which we failed to load
10-06 15:29:24.820 I/tesproplayersgo( 9318): hiddenapi: Accessing hidden method Ldalvik/system/VMStack;->getStackClass2()Ljava/lang/Class; (runtime_flags=0, domain=core-platform, api=unsupported) from Lm7/aot; (domain=app) using reflection: allowed
10-06 15:29:24.822 E/ashmem  ( 9340): Pinning is deprecated since Android Q. Please use trim or other methods.
10-06 15:29:24.827 D/nativeloader( 9318): Configuring clns-11 for other apk /data/app/~~Kfiu-GA_hl3bGsc-RUzdqg==/com.google.android.gms-TnocifR-BCyvyZTHtMGSMw==/base.apk. target_sdk_version=36, uses_libraries=, library_path=/data/app/~~Kfiu-GA_hl3bGsc-RUzdqg==/com.google.android.gms-TnocifR-BCyvyZTHtMGSMw==/lib/x86_64:/data/app/~~Kfiu-GA_hl3bGsc-RUzdqg==/com.google.android.gms-TnocifR-BCyvyZTHtMGSMw==/base.apk!/lib/x86_64, permitted_path=/data:/mnt/expand:/data/user/0/com.google.android.gms
10-06 15:29:24.837 I/gle.android.gms( 9340): AssetManager2(0x7de5c91da1f8) locale list changing from [] to [en-US]
10-06 15:29:24.837 W/Zygote  (  480): forkRepeatedly terminated due to non-simple command
10-06 15:29:24.837 D/Zygote  (  480): mbuffer starts with 16, nice name is com.android.chrome_zygote, mEnd = 433, mNext = 217, mLinesLeft = 6, mFd = 5
10-06 15:29:24.851 D/ContextHubService(  707): Added callback, total callbacks 3
10-06 15:29:24.852 D/Zygote  (  480): Forked child process 9428
10-06 15:29:24.854 W/ZygoteProcess(  707): Got error connecting to zygote, retrying. msg= Connection refused
10-06 15:29:24.858 W/earchbox:search( 8095): Reducing the number of considered missed Gc histogram windows from 142 to 100
10-06 15:29:24.867 I/PhClient( 9318): Unable to retrieve flag snapshot for com.google.android.gms.measurement#com.follgramer.diamantesproplayersgo, using defaults.
10-06 15:29:24.878 V/GrammaticalInflectionUtils(  707): AttributionSource: android.content.AttributionSource@1cc1956 does not have READ_SYSTEM_GRAMMATICAL_GENDER permission.
10-06 15:29:24.879 E/tesproplayersgo( 9318): No package ID 6a found for resource ID 0x6a0b000f.
10-06 15:29:24.879 I/FA      ( 9318): App measurement initialized, version: 138000
10-06 15:29:24.879 I/ServiceWatcher(  707): [TrustManagerService] connected to {com.google.android.gms/com.google.android.gms.chimera.PersistentInternalBoundBrokerService}
10-06 15:29:24.879 I/FA      ( 9318): To enable debug logging run: adb shell setprop log.tag.FA VERBOSE
10-06 15:29:24.879 I/FA      ( 9318): To enable faster debug mode event logging run:
10-06 15:29:24.879 I/FA      ( 9318):   adb shell setprop debug.firebase.analytics.app com.follgramer.diamantesproplayersgo
10-06 15:29:24.881 E/ashmem  ( 9285): Pinning is deprecated since Android Q. Please use trim or other methods.
10-06 15:29:24.881 I/d.chrome_zygote( 9428): Using CollectorTypeCMC GC.
10-06 15:29:24.884 I/fqlr    ( 9340): (REDACTED) Shared storage file not found for %s
10-06 15:29:24.884 I/fqlr    ( 9340): (REDACTED) Unable to retrieve flag snapshot for %s, using defaults.
10-06 15:29:24.897 I/fqlr    ( 9340): (REDACTED) Shared storage file not found for %s
10-06 15:29:24.897 I/fqlr    ( 9340): (REDACTED) Unable to retrieve flag snapshot for %s, using defaults.
10-06 15:29:24.900 I/ServiceWatcher(  707): [HardwareActivityRecognitionProxy] connected to {com.google.android.gms/com.google.android.location.internal.server.HardwareArProviderService}
10-06 15:29:24.910 I/fqlr    ( 9285): (REDACTED) Shared storage file not found for %s
10-06 15:29:24.910 I/fqlr    ( 9285): (REDACTED) Unable to retrieve flag snapshot for %s, using defaults.
10-06 15:29:24.910 I/ServiceWatcher(  707): [network] connected to {com.google.android.gms/com.google.android.location.network.NetworkLocationService}
10-06 15:29:24.910 I/LocationManagerService(  707): network provider loaded extra attribution tags: [activity_recognition_provider, awareness_provider, current_semantic_location, fused_location_provider, geofencer_provider, gnss_location_provider, network_location_calibration, network_location_provider, wearable_flp_shim]
10-06 15:29:24.911 I/AppZygote(  707): Starting application preload.
10-06 15:29:24.911 I/AlarmManager( 9285): set [name: SystemMemoryCache type: 2 triggerAtMillis: 315363656387 windowMillis: -1 intervalMillis: 0]
10-06 15:29:24.917 I/ServiceWatcher(  707): [RealLocationTimeZoneProviderProxy] connected to {com.google.android.gms/com.google.android.gms.geotimezone.GeoTimeZoneService}
10-06 15:29:24.918 I/fqlr    ( 9340): (REDACTED) Shared storage file not found for %s
10-06 15:29:24.921 D/SatelliteAccessController( 1101): mLocationModeChangedBroadcastReceiver: android.location.PROVIDERS_CHANGED, mIsLocationManagerEnabled= true
10-06 15:29:24.921 I/AppZygoteInit( 9428): Beginning application preload for com.android.chrome
10-06 15:29:24.921 I/Auth    ( 9340): [WorkAccount] update authenticator enabled for boot or update
10-06 15:29:24.926 W/d.chrome_zygote( 9428): Failed to find entry 'classes.dex': Entry not found
10-06 15:29:24.928 D/nativeloader( 9428): Configuring clns-9 for other apk /data/app/~~D5ajXKO5kXYwO124lRjBLg==/com.google.android.trichromelibrary_733920738-RgNCi-xgasGVyOLY9jo0SQ==/base.apk. target_sdk_version=36, uses_libraries=ALL, library_path=/data/app/~~Vjf9eY2svQk6HHNfNTfMyA==/com.android.chrome-pau6L5NAOvIS86vzfStHrw==/lib/x86_64:/data/app/~~Vjf9eY2svQk6HHNfNTfMyA==/com.android.chrome-pau6L5NAOvIS86vzfStHrw==/base.apk!/lib/x86_64:/data/app/~~D5ajXKO5kXYwO124lRjBLg==/com.google.android.trichromelibrary_733920738-RgNCi-xgasGVyOLY9jo0SQ==/base.apk!/lib/x86_64, permitted_path=/data:/mnt/expand
10-06 15:29:24.930 D/ApplicationLoaders( 9428): Returning zygote-cached class loader: /system_ext/framework/androidx.window.extensions.jar
10-06 15:29:24.930 D/ApplicationLoaders( 9428): Returning zygote-cached class loader: /system_ext/framework/androidx.window.sidecar.jar
10-06 15:29:24.935 I/fqlr    ( 9340): (REDACTED) Unable to retrieve flag snapshot for %s, using defaults.
10-06 15:29:24.935 I/ServiceWatcher(  707): [GeocoderProxy] connected to {com.google.android.gms/com.google.android.gms.location.geocode.GeocodeService}
10-06 15:29:24.937 D/BoundBrokerSvc( 9285): onBind: Intent { act=com.google.android.gms.phenotype.service.START dat=chimera-action:/... xflg=0x4 cmp=com.google.android.gms/.chimera.PersistentApiService }
10-06 15:29:24.937 D/BoundBrokerSvc( 9285): Loading bound service for intent: Intent { act=com.google.android.gms.phenotype.service.START dat=chimera-action:/... xflg=0x4 cmp=com.google.android.gms/.chimera.PersistentApiService }
10-06 15:29:24.940 D/BoundBrokerSvc( 9285): onBind: Intent { act=com.google.android.gms.phenotype.service.START xflg=0x4 pkg=com.google.android.gms }
10-06 15:29:24.940 D/BoundBrokerSvc( 9285): Loading bound service for intent: Intent { act=com.google.android.gms.phenotype.service.START xflg=0x4 pkg=com.google.android.gms }
10-06 15:29:24.942 D/BoundBrokerSvc( 9285): onBind: Intent { act=com.google.android.gms.clearcut.service.START xflg=0x4 pkg=com.google.android.gms }
10-06 15:29:24.942 D/BoundBrokerSvc( 9285): Loading bound service for intent: Intent { act=com.google.android.gms.clearcut.service.START xflg=0x4 pkg=com.google.android.gms }
10-06 15:29:24.943 I/fqlr    ( 9285): (REDACTED) Shared storage file not found for %s
10-06 15:29:24.944 D/SatelliteAccessController( 1101): mLocationModeChangedBroadcastReceiver: android.location.PROVIDERS_CHANGED, mIsLocationManagerEnabled= true
10-06 15:29:24.948 W/GoogleCertificates( 9285): GoogleCertificates has been initialized already
10-06 15:29:24.952 I/fqlr    ( 9285): (REDACTED) Unable to retrieve flag snapshot for %s, using defaults.
10-06 15:29:24.952 I/fqlr    ( 9285): (REDACTED) Shared storage file not found for %s
10-06 15:29:24.962 E/ashmem  ( 9318): Pinning is deprecated since Android Q. Please use trim or other methods.
10-06 15:29:24.970 I/fqlr    ( 9285): (REDACTED) Unable to retrieve flag snapshot for %s, using defaults.
10-06 15:29:24.984 D/nativeloader( 9428): Configuring clns-10 for other apk /data/app/~~Vjf9eY2svQk6HHNfNTfMyA==/com.android.chrome-pau6L5NAOvIS86vzfStHrw==/base.apk. target_sdk_version=36, uses_libraries=, library_path=/data/app/~~Vjf9eY2svQk6HHNfNTfMyA==/com.android.chrome-pau6L5NAOvIS86vzfStHrw==/lib/x86_64:/data/app/~~Vjf9eY2svQk6HHNfNTfMyA==/com.android.chrome-pau6L5NAOvIS86vzfStHrw==/base.apk!/lib/x86_64:/data/app/~~D5ajXKO5kXYwO124lRjBLg==/com.google.android.trichromelibrary_733920738-RgNCi-xgasGVyOLY9jo0SQ==/base.apk!/lib/x86_64, permitted_path=/data:/mnt/expand
10-06 15:29:24.986 I/cr_ZygotePreload( 9428): version=140.0.7339.207 (733920738) minSdkVersion=29 isBundle=true
10-06 15:29:24.991 E/.gms.persistent( 9285): hiddenapi: Accessing hidden method Landroid/net/ConnectivityManager;->isNetworkTypeMobile(I)Z (runtime_flags=0, domain=platform, api=max-target-p) from Lbsxx; (domain=app) using reflection: denied
10-06 15:29:24.995 I/WakefulBroadcastRcvr( 9285): Processing wakeful broadcast: BootOrGmsUpdated
10-06 15:29:24.998 E/.gms.persistent( 9285): hiddenapi: Accessing hidden method Landroid/os/PowerManager;->isLightDeviceIdleMode()Z (runtime_flags=0, domain=platform, api=max-target-s) from Lbsxx; (domain=app) using reflection: denied
10-06 15:29:24.998 I/Auth    ( 9285): [DeviceAccountTaskService] Scheduling Keystore alias cleanup [CONTEXT service_id=316 ]
10-06 15:29:25.000 I/fqlr    ( 9285): (REDACTED) Shared storage file not found for %s
10-06 15:29:25.000 I/fqlr    ( 9285): (REDACTED) Unable to retrieve flag snapshot for %s, using defaults.
10-06 15:29:25.004 D/nativeloader( 9428): Load /data/app/~~Vjf9eY2svQk6HHNfNTfMyA==/com.android.chrome-pau6L5NAOvIS86vzfStHrw==/base.apk!/lib/x86_64/libchromium_android_linker.so using class loader ns clns-10 (caller=/data/app/~~Vjf9eY2svQk6HHNfNTfMyA==/com.android.chrome-pau6L5NAOvIS86vzfStHrw==/base.apk): ok
10-06 15:29:25.005 I/cr_LibraryLoader( 9428): Loading monochrome_64 from within /data/app/~~Vjf9eY2svQk6HHNfNTfMyA==/com.android.chrome-pau6L5NAOvIS86vzfStHrw==/base.apk
10-06 15:29:25.007 I/fqlr    ( 9285): (REDACTED) Shared storage file not found for %s
10-06 15:29:25.008 I/fqlr    ( 9285): (REDACTED) Unable to retrieve flag snapshot for %s, using defaults.
10-06 15:29:25.009 I/fqlr    ( 9285): (REDACTED) Shared storage file not found for %s
10-06 15:29:25.009 I/fqlr    ( 9285): (REDACTED) Unable to retrieve flag snapshot for %s, using defaults.
10-06 15:29:25.018 I/cr_Linker( 9428): loadLibraryImplLocked: monochrome_64, relroMode=1
10-06 15:29:25.021 W/ChimeraUtils( 9285): Module com.google.android.gms.cast missing resource cast_module_display_name(0)
10-06 15:29:25.030 W/ConfigurationContentLdr( 9285): ContentProvider query returned null cursor, using default values
10-06 15:29:25.031 I/Dtdi    ( 9285): (REDACTED) [DtdiModuleInitIntentOperation] Init runtime state. flags: %x
10-06 15:29:25.048 I/HomeStub( 9285): Updating Home module request state at home stub update [CONTEXT service_id=336 ]
10-06 15:29:25.049 D/CompatChangeReporter(  707): Compat change id reported: 349487600; UID 10147; state: ENABLED
10-06 15:29:25.050 D/ConnectivityService(  707): NetReassign [no changes] [c 0] [a 0] [i 0]
10-06 15:29:25.050 D/ConnectivityService(  707): requestNetwork for uid/pid:10147/9285 activeRequest: null callbackRequest: 290 [NetworkRequest [ REQUEST id=291, [ Capabilities: INTERNET&NOT_RESTRICTED&TRUSTED&NOT_VCN_MANAGED&NOT_BANDWIDTH_CONSTRAINED Uid: 10147 RequestorUid: 10147 RequestorPkg: com.google.android.gms UnderlyingNetworks: Null] ]] callback flags: 0 order: 2147483647 isUidTracked: false declaredMethods: AVAIL|LOSING|LOST|UNAVAIL|NC|LP|BLK
10-06 15:29:25.054 D/WifiNetworkFactory(  707): got request NetworkRequest [ REQUEST id=291, [ Capabilities: INTERNET&NOT_RESTRICTED&TRUSTED&NOT_VCN_MANAGED&NOT_BANDWIDTH_CONSTRAINED Uid: 10147 RequestorUid: 10147 RequestorPkg: com.google.android.gms UnderlyingNetworks: Null] ]
10-06 15:29:25.054 D/UntrustedWifiNetworkFactory(  707): got request NetworkRequest [ REQUEST id=291, [ Capabilities: INTERNET&NOT_RESTRICTED&TRUSTED&NOT_VCN_MANAGED&NOT_BANDWIDTH_CONSTRAINED Uid: 10147 RequestorUid: 10147 RequestorPkg: com.google.android.gms UnderlyingNetworks: Null] ]
10-06 15:29:25.054 D/ConnectivityService(  707): NetReassign [291 : null  100] [c 0] [a 1] [i 3]
10-06 15:29:25.055 D/OemPaidWifiNetworkFactory(  707): got request NetworkRequest [ REQUEST id=291, [ Capabilities: INTERNET&NOT_RESTRICTED&TRUSTED&NOT_VCN_MANAGED&NOT_BANDWIDTH_CONSTRAINED Uid: 10147 RequestorUid: 10147 RequestorPkg: com.google.android.gms UnderlyingNetworks: Null] ]
10-06 15:29:25.055 D/MultiInternetWifiNetworkFactory(  707): got request NetworkRequest [ REQUEST id=291, [ Capabilities: INTERNET&NOT_RESTRICTED&TRUSTED&NOT_VCN_MANAGED&NOT_BANDWIDTH_CONSTRAINED Uid: 10147 RequestorUid: 10147 RequestorPkg: com.google.android.gms UnderlyingNetworks: Null] ]
10-06 15:29:25.063 W/ConfigurationContentLdr( 9285): ContentProvider query returned null cursor, using default values
10-06 15:29:25.066 I/HomeStubModuleLoader( 9285): Stub sees download_always flag FALSE. [CONTEXT service_id=336 ]
10-06 15:29:25.066 I/HomeStub( 9285): Updating Home module request state at home stub init [CONTEXT service_id=336 ]
10-06 15:29:25.066 I/HomeStubModuleLoader( 9285): Stub sees download_always flag FALSE. [CONTEXT service_id=336 ]
10-06 15:29:25.071 I/fqlr    ( 9285): (REDACTED) Shared storage file not found for %s
10-06 15:29:25.071 I/fqlr    ( 9285): (REDACTED) Unable to retrieve flag snapshot for %s, using defaults.
10-06 15:29:25.072 I/NearbyConnections( 9285): Runtime state initialization complete. Nearby connections setting is disabled
10-06 15:29:25.073 I/NearbyMediums( 9285): ModuleInitializer handles incoming intent com.google.android.chimera.IntentOperation.NEW_MODULE
10-06 15:29:25.083 I/Nearby  ( 9285): (REDACTED) Beginning attempt #%d out of %d for %s...
10-06 15:29:25.084 D/ConnectivityService(  707): requestNetwork for uid/pid:10219/9318 activeRequest: null callbackRequest: 292 [NetworkRequest [ REQUEST id=293, [ Capabilities: INTERNET&NOT_RESTRICTED&TRUSTED&NOT_VCN_MANAGED&NOT_BANDWIDTH_CONSTRAINED Uid: 10219 RequestorUid: 10219 RequestorPkg: com.follgramer.diamantesproplayersgo UnderlyingNetworks: Null] ]] callback flags: 0 order: 2147483647 isUidTracked: false declaredMethods: AVAIL|LOST
10-06 15:29:25.087 D/nativeloader( 9428): Load /data/app/~~D5ajXKO5kXYwO124lRjBLg==/com.google.android.trichromelibrary_733920738-RgNCi-xgasGVyOLY9jo0SQ==/base.apk!/lib/x86_64/libmonochrome_64.so using class loader ns clns-10 (caller=/data/app/~~Vjf9eY2svQk6HHNfNTfMyA==/com.android.chrome-pau6L5NAOvIS86vzfStHrw==/base.apk): ok
10-06 15:29:25.089 I/AppZygoteInit( 9428): Application preload done
10-06 15:29:25.091 I/AppZygote(  707): Application preload done.
10-06 15:29:25.092 D/ConnectivityService(  707): NetReassign [293 : null  100] [c 0] [a 1] [i 4]
10-06 15:29:25.094 D/WifiNetworkFactory(  707): got request NetworkRequest [ REQUEST id=293, [ Capabilities: INTERNET&NOT_RESTRICTED&TRUSTED&NOT_VCN_MANAGED&NOT_BANDWIDTH_CONSTRAINED Uid: 10219 RequestorUid: 10219 RequestorPkg: com.follgramer.diamantesproplayersgo UnderlyingNetworks: Null] ]
10-06 15:29:25.094 D/UntrustedWifiNetworkFactory(  707): got request NetworkRequest [ REQUEST id=293, [ Capabilities: INTERNET&NOT_RESTRICTED&TRUSTED&NOT_VCN_MANAGED&NOT_BANDWIDTH_CONSTRAINED Uid: 10219 RequestorUid: 10219 RequestorPkg: com.follgramer.diamantesproplayersgo UnderlyingNetworks: Null] ]
10-06 15:29:25.094 D/OemPaidWifiNetworkFactory(  707): got request NetworkRequest [ REQUEST id=293, [ Capabilities: INTERNET&NOT_RESTRICTED&TRUSTED&NOT_VCN_MANAGED&NOT_BANDWIDTH_CONSTRAINED Uid: 10219 RequestorUid: 10219 RequestorPkg: com.follgramer.diamantesproplayersgo UnderlyingNetworks: Null] ]
10-06 15:29:25.095 D/MultiInternetWifiNetworkFactory(  707): got request NetworkRequest [ REQUEST id=293, [ Capabilities: INTERNET&NOT_RESTRICTED&TRUSTED&NOT_VCN_MANAGED&NOT_BANDWIDTH_CONSTRAINED Uid: 10219 RequestorUid: 10219 RequestorPkg: com.follgramer.diamantesproplayersgo UnderlyingNetworks: Null] ]
10-06 15:29:25.099 I/fqlr    ( 9285): (REDACTED) Shared storage file not found for %s
10-06 15:29:25.099 I/fqlr    ( 9285): (REDACTED) Unable to retrieve flag snapshot for %s, using defaults.
10-06 15:29:25.103 I/tesproplayersgo( 9318): AssetManager2(0x7de5c91dc458) locale list changing from [] to [en-US]
10-06 15:29:25.103 I/WebViewFactory( 9318): Loading com.google.android.webview version 141.0.7390.43 (code 739004338)
10-06 15:29:25.104 I/NearbyMediums( 9285): BluetoothAdapter's name was not set by Nearby Connections, ignoring call to restore default scan mode.
10-06 15:29:25.105 I/tesproplayersgo( 9318): AssetManager2(0x7de5c91d7318) locale list changing from [] to [en-US]
10-06 15:29:25.106 I/NearbyMediums( 9285): BluetoothAdapter's name was not set by Nearby Connections, ignoring call to restore device name
10-06 15:29:25.107 I/tesproplayersgo( 9318): AssetManager2(0x7de5c91da518) locale list changing from [] to [en-US]
10-06 15:29:25.108 I/tesproplayersgo( 9318): AssetManager2(0x7de5c91d7958) locale list changing from [] to [en-US]
10-06 15:29:25.110 I/tesproplayersgo( 9318): AssetManager2(0x7de5c91d7c78) locale list changing from [] to [en-US]
10-06 15:29:25.110 V/ResourcesManager( 9318): The following library key has been added: ResourcesKey{ mHash=205c93dd mResDir=null mSplitDirs=[] mOverlayDirs=[] mLibDirs=[/data/app/~~eImO20xVqGWFyr7IC_KR9Q==/com.google.android.webview-guNAycRYmuY03LCw61IUBg==/base.apk,/data/app/~~c3bEhZBQh7MUHLqC6-LWsw==/com.google.android.trichromelibrary_739004338-QeBntoneHEclWIXKI69w0Q==/base.apk,/system_ext/framework/androidx.window.extensions.jar] mDisplayId=0 mOverrideConfig=v36 mCompatInfo={420dpi always-compat} mLoaders=[]}
10-06 15:29:25.114 W/tesproplayersgo( 9318): Failed to find entry 'classes.dex': Entry not found
10-06 15:29:25.114 D/nativeloader( 9318): Configuring clns-12 for other apk /data/app/~~c3bEhZBQh7MUHLqC6-LWsw==/com.google.android.trichromelibrary_739004338-QeBntoneHEclWIXKI69w0Q==/base.apk. target_sdk_version=36, uses_libraries=ALL, library_path=/data/app/~~eImO20xVqGWFyr7IC_KR9Q==/com.google.android.webview-guNAycRYmuY03LCw61IUBg==/lib/x86_64:/data/app/~~eImO20xVqGWFyr7IC_KR9Q==/com.google.android.webview-guNAycRYmuY03LCw61IUBg==/base.apk!/lib/x86_64:/data/app/~~c3bEhZBQh7MUHLqC6-LWsw==/com.google.android.trichromelibrary_739004338-QeBntoneHEclWIXKI69w0Q==/base.apk!/lib/x86_64, permitted_path=/data:/mnt/expand
10-06 15:29:25.115 D/ApplicationLoaders( 9318): Returning zygote-cached class loader: /system_ext/framework/androidx.window.extensions.jar
10-06 15:29:25.119 W/d.chrome_zygote( 9428): Reducing the number of considered missed Gc histogram windows from 364 to 100
10-06 15:29:25.120 W/tesproplayersgo( 9318): Loading /data/app/~~eImO20xVqGWFyr7IC_KR9Q==/com.google.android.webview-guNAycRYmuY03LCw61IUBg==/oat/x86_64/base.odex non-executable as it requires an image which we failed to load
10-06 15:29:25.121 D/nativeloader( 9318): Configuring clns-13 for other apk /data/app/~~eImO20xVqGWFyr7IC_KR9Q==/com.google.android.webview-guNAycRYmuY03LCw61IUBg==/base.apk. target_sdk_version=36, uses_libraries=, library_path=/data/app/~~eImO20xVqGWFyr7IC_KR9Q==/com.google.android.webview-guNAycRYmuY03LCw61IUBg==/lib/x86_64:/data/app/~~eImO20xVqGWFyr7IC_KR9Q==/com.google.android.webview-guNAycRYmuY03LCw61IUBg==/base.apk!/lib/x86_64:/data/app/~~c3bEhZBQh7MUHLqC6-LWsw==/com.google.android.trichromelibrary_739004338-QeBntoneHEclWIXKI69w0Q==/base.apk!/lib/x86_64, permitted_path=/data:/mnt/expand
10-06 15:29:25.122 I/Zygote  ( 9428): Entering forkRepeatedly native zygote loop
10-06 15:29:25.125 I/HeterodyneConfigVersion( 9285): No Heterodyne serving version in database [CONTEXT service_id=51 ]
10-06 15:29:25.132 D/Zygote  ( 9428): Forked child process 9463
10-06 15:29:25.137 I/ocessService0:0( 9463): Using CollectorTypeCMC GC.
10-06 15:29:25.138 W/ocessService0:0( 9463): Unexpected CPU variant for x86: x86_64.
10-06 15:29:25.138 W/ocessService0:0( 9463): Known variants: atom, sandybridge, silvermont, goldmont, goldmont-plus, goldmont-without-sha-xsaves, tremont, kabylake, alderlake, default
10-06 15:29:25.141 E/ocessService0:0( 9463): Not starting debugger since process cannot load the jdwp agent.
10-06 15:29:25.151 D/nativeloader( 9463): Load libframework-connectivity-tiramisu-jni.so using APEX ns com_android_tethering for caller /apex/com.android.tethering/javalib/framework-connectivity-t.jar: ok
10-06 15:29:25.158 I/HeterodyneSyncScheduler( 9285): Cancel all previously scheduled polling [CONTEXT service_id=51 ]
10-06 15:29:25.158 I/HeterodyneSyncScheduler( 9285): (REDACTED) Scheduling Phenotype for first execution %d seconds from now (%d)
10-06 15:29:25.163 W/ActivityManager(  707): Slow operation: 361ms so far, now at startProcess: done updating battery stats
10-06 15:29:25.163 W/ActivityManager(  707): Slow operation: 361ms so far, now at startProcess: building log message
10-06 15:29:25.163 I/ActivityManager(  707): Start proc 9463:com.android.chrome:sandboxed_process0:org.chromium.content.app.SandboxedProcessService0:0/u0ai0 for  {com.android.chrome/org.chromium.content.app.SandboxedProcessService0:0}
10-06 15:29:25.163 W/ActivityManager(  707): Slow operation: 361ms so far, now at startProcess: starting to update pids map
10-06 15:29:25.164 I/ActivityManager(  707): ProcessObserver broadcast disabled
10-06 15:29:25.164 W/ActivityManager(  707): Slow operation: 362ms so far, now at startProcess: done updating pids map
10-06 15:29:25.181 W/ActivityManager(  707): Slow operation: 380ms so far, now at startProcess: returned from zygote!
10-06 15:29:25.184 D/BackgroundInstallControlService(  707): Package event received: 0
10-06 15:29:25.192 W/ActivityManager(  707): Slow operation: 313ms so far, now at startProcess: asking zygote to start proc
10-06 15:29:25.202 D/Zygote  ( 9428): Forked child process 9475
10-06 15:29:25.206 I/ocessService0:1( 9475): Using CollectorTypeCMC GC.
10-06 15:29:25.210 W/ActivityManager(  707): Slow operation: 332ms so far, now at startProcess: returned from zygote!
10-06 15:29:25.213 W/ocessService0:1( 9475): Unexpected CPU variant for x86: x86_64.
10-06 15:29:25.213 W/ocessService0:1( 9475): Known variants: atom, sandybridge, silvermont, goldmont, goldmont-plus, goldmont-without-sha-xsaves, tremont, kabylake, alderlake, default
10-06 15:29:25.214 D/ApplicationLoaders( 9463): Returning zygote-cached class loader: /system_ext/framework/androidx.window.extensions.jar
10-06 15:29:25.214 D/ApplicationLoaders( 9463): Returning zygote-cached class loader: /system_ext/framework/androidx.window.sidecar.jar
10-06 15:29:25.215 W/ActivityManager(  707): Slow operation: 336ms so far, now at startProcess: done updating battery stats
10-06 15:29:25.215 W/ActivityManager(  707): Slow operation: 337ms so far, now at startProcess: building log message
10-06 15:29:25.215 I/ActivityManager(  707): Start proc 9475:com.android.chrome:sandboxed_process0:org.chromium.content.app.SandboxedProcessService0:1/u0ai1 for  {com.android.chrome/org.chromium.content.app.SandboxedProcessService0:1}
10-06 15:29:25.215 W/ActivityManager(  707): Slow operation: 338ms so far, now at startProcess: starting to update pids map
10-06 15:29:25.216 I/ActivityManager(  707): ProcessObserver broadcast disabled
10-06 15:29:25.216 W/ActivityManager(  707): Slow operation: 338ms so far, now at startProcess: done updating pids map
10-06 15:29:25.220 E/ocessService0:1( 9475): Not starting debugger since process cannot load the jdwp agent.
10-06 15:29:25.222 D/nativeloader( 9475): Load libframework-connectivity-tiramisu-jni.so using APEX ns com_android_tethering for caller /apex/com.android.tethering/javalib/framework-connectivity-t.jar: ok
10-06 15:29:25.225 I/cr_WVCFactoryProvider( 9318): version=141.0.7390.43 (739004338) minSdkVersion=29 multiprocess=true packageId=2 splits=<none>
10-06 15:29:25.243 I/ocessService0:0( 9463): AssetManager2(0x7de5c91d2818) locale list changing from [] to [en-US]
10-06 15:29:25.251 D/nativeloader( 9318): Load /data/app/~~c3bEhZBQh7MUHLqC6-LWsw==/com.google.android.trichromelibrary_739004338-QeBntoneHEclWIXKI69w0Q==/base.apk!/lib/x86_64/libmonochrome_64.so using class loader ns clns-13 (caller=/data/app/~~eImO20xVqGWFyr7IC_KR9Q==/com.google.android.webview-guNAycRYmuY03LCw61IUBg==/base.apk): ok
10-06 15:29:25.257 I/LoadedApk( 9463): No resource references to update in package com.google.android.trichromelibrary
10-06 15:29:25.263 D/DiamantesApp( 9318): Firebase App Check configurado con Play Integrity provider
10-06 15:29:25.266 I/cr_SplitCompatApp( 9463): version=140.0.7339.207 (733920738) minSdkVersion=29 processName=com.android.chrome:sandboxed_process0:org.chromium.content.app.SandboxedProcessService0:0 isIsolatedProcess=true splits=chrome,config.en,dev_ui,on_demand,stack_unwinder,test_dummy
10-06 15:29:25.269 W/system_server(  707): Suspending all threads took: 7.136ms
10-06 15:29:25.273 D/nativeloader( 9318): Load /system/lib64/libwebviewchromium_plat_support.so using class loader ns clns-13 (caller=/data/app/~~eImO20xVqGWFyr7IC_KR9Q==/com.google.android.webview-guNAycRYmuY03LCw61IUBg==/base.apk): ok
