10-05 06:11:25.339  1291  1291 D BoundBrokerSvc: onUnbind: Intent { act=com.google.android.gms.common.telemetry.service.START dat=chimera-action:/... xflg=0x4 cmp=com.google.android.gms/.chimera.PersistentApiService }
10-05 06:11:25.421  7229  7229 W Ads     : JS: An iframe which has both allow-scripts and allow-same-origin for its sandbox attribute can escape its sandboxing. (about:srcdoc:0)
10-05 06:11:25.424  7229  7229 I chromium: [INFO:CONSOLE:0] "An iframe which has both allow-scripts and allow-same-origin for its sandbox attribute can escape its sandboxing.", source: about:srcdoc (0)
10-05 06:11:25.585  7229  7235 W tesproplayersgo: Cleared Reference was only reachable from finalizer (only reported once)
10-05 06:11:25.590  7229  7229 D AdManager: ✅ Interstitial pre-cargado exitosamente
10-05 06:11:25.597  7229  7292 D CompatChangeReporter: Compat change id reported: 247079863; UID 10219; state: ENABLED
10-05 06:11:25.690  1456  1573 E TraceManagerImpl: Trace WorkManager:TikTokListenableWorker startWork timed out after 3296935 ms. Complete trace: # kxo@34840ada
10-05 06:11:25.690  1456  1573 E TraceManagerImpl: kxt: 
10-05 06:11:25.690  1456  1573 E TraceManagerImpl: 	at tk_trace.Update PackageSuspensionHandlerPreferences(Started After:20)
10-05 06:11:25.690  1456  1573 E TraceManagerImpl: 	at tk_trace.Perform task for WorkerId BOOT_COMPLETED_COALESCED_BROADCAST_WORKER_ID(Started After:0)
10-05 06:11:25.690  1456  1573 E TraceManagerImpl: 	at tk_trace.Processing task for broadcast receiver.(Started After:0)
10-05 06:11:25.690  1456  1573 E TraceManagerImpl: 	at tk_trace.NoAccountWorkerFactory startWork()(Started After:0)
10-05 06:11:25.690  1456  1573 E TraceManagerImpl: 	at tk_trace.com.google.android.apps.wellbeing.task.Task startWork()(Started After:0)
10-05 06:11:25.690  1456  1573 E TraceManagerImpl: 	at tk_trace.com.google.android.apps.wellbeing.task.Task startWork()(Started After:0)
10-05 06:11:25.690  1456  1573 E TraceManagerImpl: 	at tk_trace.WorkManager:TikTokListenableWorker startWork(Started After:0)
10-05 06:11:25.698  1456  1581 E TraceManagerImpl: Trace Broadcast to com.google.android.apps.wellbeing.common.receiver.coalescedreceivers.LockedBootCompletedCoalescedBroadcast_Receiver android.intent.action.LOCKED_BOOT_COMPLETED timed out after 3299401 ms. Complete trace: # kxo@188acf54
10-05 06:11:25.698  1456  1581 E TraceManagerImpl: kxt: 
10-05 06:11:25.698  1456  1581 E TraceManagerImpl: 	at tk_trace.Read AmbientDisplayPreferences(Started After:1)
10-05 06:11:25.698  1456  1581 E TraceManagerImpl: 	at tk_trace.Update AmbientDisplayPreferences(Started After:1)
10-05 06:11:25.698  1456  1581 E TraceManagerImpl: 	at tk_trace.Processing on the broadcast queue workerId LOCKED_BOOT_COMPLETED_COALESCED_BROADCAST_WORKER_ID(Started After:0)
10-05 06:11:25.698  1456  1581 E TraceManagerImpl: 	at tk_trace.handleBroadcast(Started After:0)
10-05 06:11:25.698  1456  1581 E TraceManagerImpl: 	at tk_trace.Broadcast to com.google.android.apps.wellbeing.common.receiver.coalescedreceivers.LockedBootCompletedCoalescedBroadcast_Receiver android.intent.action.LOCKED_BOOT_COMPLETED(Started After:0)
10-05 06:11:25.742  7229  7235 I tesproplayersgo: Background concurrent mark compact GC freed 17MB AllocSpace bytes, 134(15MB) LOS objects, 49% free, 15MB/31MB, paused 1.769ms,3.129ms total 198.720ms
10-05 06:11:25.752  7229  7236 W JavaBinder: BinderProxy is being destroyed but the application did not call unlinkToDeath to unlink all of its death recipients beforehand.  Releasing leaked death recipient: com.google.android.play.integrity.internal.t
10-05 06:11:25.752  7229  7236 I BpBinder: onLastStrongRef automatically unlinking death recipients: 
10-05 06:11:25.753  7229  7229 D MainActivity: Badge updated: 0
10-05 06:11:26.232   704   925 E ClipboardService: Denying clipboard access to com.google.android.gms, application is not in focus nor is it a system service for user 0
10-05 06:11:26.235   957   957 I ClipboardListener: Clipboard overlay suppressed.
10-05 06:11:26.238  1557  1764 I AiAiTranslate: C2T - not in a conversation
10-05 06:11:26.245  1421  7033 D androidtc: Initializing SystemTextClassifier, type = System
10-05 06:11:26.265  1557  1783 I AiAiTextClassifier: GenerateLinks did not find valid links, returning empty result
10-05 06:11:26.416   704   806 D ActivityManager: freezing 5553 com.google.android.googlequicksearchbox:search
10-05 06:11:26.718  7229  7229 W HWUI    : Image decoding logging dropped!
10-05 06:11:26.751  7229  7229 E Ads     : JS: Uncaught (in promise) TypeError: this.Fc is not a function (https://googleads.g.doubleclick.net/mads/mraid.js:137)
10-05 06:11:26.751  7229  7229 I chromium: [INFO:CONSOLE:137] "Uncaught (in promise) TypeError: this.Fc is not a function", source: https://googleads.g.doubleclick.net/mads/mraid.js (137)
10-05 06:11:26.902  7229  7333 D AudioSystem: onNewServiceWithAdapter: media.audio_flinger service obtained 0x719f5f773810
10-05 06:11:26.913  7229  7333 D AudioSystem: getService: checking for service media.audio_flinger: 0x719fdf706470
10-05 06:11:26.940  7229  7333 D AudioSystem: onNewService: media.audio_policy service obtained 0x719fdf707960
10-05 06:11:26.943  7229  7333 D AudioSystem: getService: checking for service media.audio_policy: 0x719fdf707960
10-05 06:11:26.960   550   570 D NativePermissionController: checkPermission: missing 13 for 10219
10-05 06:11:26.961   550   570 D NativePermissionController: checkPermission: missing 13 for 10219
10-05 06:11:26.964   550   571 D NativePermissionController: checkPermission: missing 13 for 10219
10-05 06:11:26.965   550   570 D NativePermissionController: checkPermission: missing 13 for 10219
10-05 06:11:26.978  7229  7333 I AAudio  : AAudioStreamBuilder_openStream() called ----------------------------------------
10-05 06:11:26.980  7229  7333 I AudioStreamBuilder: rate   =  44100, channels  = 2, channelMask = 0x3, format   = 5, sharing = SH, dir = OUTPUT
10-05 06:11:26.980  7229  7333 I AudioStreamBuilder: devices = AUDIO_PORT_HANDLE_NONE, sessionId = -1, perfMode = 11, callback: ON with frames = 4360
10-05 06:11:26.980  7229  7333 I AudioStreamBuilder: usage  =      1, contentType = 0, inputPreset = 0, allowedCapturePolicy = 0
10-05 06:11:26.982  7229  7333 I AudioStreamBuilder: privacy sensitive = false, opPackageName = (null), attributionTag = (null)
10-05 06:11:26.983  7229  7333 D AudioStreamBuilder: build, global mmap policy is 0
10-05 06:11:26.985  7229  7333 D AudioStreamBuilder: build, system mmap policy is 1
10-05 06:11:26.985  7229  7333 D AudioStreamBuilder: build, final mmap policy is 1
10-05 06:11:26.988  7229  7333 D AudioStreamBuilder: build, system mmap exclusive policy is 1
10-05 06:11:26.988  7229  7333 D AudioStreamBuilder: build, final mmap exclusive policy is 1
10-05 06:11:26.988  7229  7333 D AudioStreamBuilder: build() MMAP not used because AAUDIO_PERFORMANCE_MODE_LOW_LATENCY not requested.
10-05 06:11:26.988  7229  7333 D tesproplayersgo: PlayerBase::PlayerBase()
10-05 06:11:26.988  7229  7333 D AudioStreamTrack: open(), request notificationFrames = 0, frameCount = 0
10-05 06:11:26.988  7229  7326 I cr_MediaCodecBridge: create MediaCodec video decoder, mime video/x-vnd.on2.vp9, decoder name c2.goldfish.vp9.decoder, block_model=false
10-05 06:11:26.993   550   571 D NativePermissionController: checkPermission: missing 1 for 10219
10-05 06:11:26.994   550   571 D NativePermissionController: checkPermission: missing 3 for 10219
10-05 06:11:26.994   550   571 D NativePermissionController: checkPermission: missing 5 for 10219
10-05 06:11:26.994   550   571 W AudioFlinger: createTrack_l(): mismatch between requested flags (00000008) and output flags (00000002)
10-05 06:11:26.995   550   571 D AudioFlinger: Client defaulted notificationFrames to 2006 for frameCount 4012
10-05 06:11:26.995   550   571 I AF::PthrPatchRecord: creating track with enforcement level 0
10-05 06:11:27.010  7229  7229 D CommunicationManager: Sorteo listener configurado
10-05 06:11:27.013  7229  7519 D CCodec  : allocate(c2.goldfish.vp9.decoder)
10-05 06:11:27.016  7229  7333 D AudioStreamTrack: open() flags changed from 0x00000008 to 0x00000000
10-05 06:11:27.016  7229  7333 D AudioStreamTrack: open() perfMode changed from 11 to 10
10-05 06:11:27.016  7229  7333 D AAudioStream: setState(s#1) from 0 to 2
10-05 06:11:27.029  7229  7333 I AAudio  : AAudioStreamBuilder_openStream() returns 0 = AAUDIO_OK for s#1 ----------------
10-05 06:11:27.032  7229  7333 D AAudio  : AAudioStream_requestStart(s#1) called --------------
10-05 06:11:27.032  7229  7333 D AAudioStream: setState(s#1) from 2 to 3
10-05 06:11:27.042   704  1955 E AppOps  : attributionTag  not declared in manifest of com.follgramer.diamantesproplayersgo
10-05 06:11:27.044   704  1964 E AppOps  : attributionTag  not declared in manifest of com.follgramer.diamantesproplayersgo
10-05 06:11:27.045  7229  7333 D AAudio  : AAudioStream_requestStart(s#1) returned 0 ---------
10-05 06:11:27.045  7229  7243 D AudioStreamLegacy: onAudioDeviceUpdate() devices 2 => 2
10-05 06:11:27.046  7229  7517 D AAudioStream: setState(s#1) from 3 to 4
10-05 06:11:27.052  7229  7519 I ApexCodecsLazy: Failed to load libcom.android.media.swcodec.apexcodecs.so: dlopen failed: library "libcom.android.media.swcodec.apexcodecs.so" not found
10-05 06:11:27.052  7229  7519 I Codec2Client: Available Codec2 services: "default" "software"
10-05 06:11:27.078  7229  7519 I CCodec  : setting up 'default' as default (vendor) store
10-05 06:11:27.091   496   546 I GoldfishComponentStore: in init
10-05 06:11:27.091   496   546 I GoldfishComponentStore: loading dll of path libcodec2_goldfish_vp9dec.so
10-05 06:11:27.094   496   546 I GoldfishComponentStore: Create()
10-05 06:11:27.099   496   546 I C2GoldfishVpxDec: platform store is 0x794ced90e548, reflector is 0x794cbd915178
10-05 06:11:27.103   496   546 I android.hardware.media.c2@1.0-service-goldfish: missing struct descriptor #Param::CoreIndex(--005) for field values of struct #Param::CoreIndex(F-10821)
10-05 06:11:27.104   496   546 I GoldfishComponentStore: created interface
10-05 06:11:27.104   496   546 I android.hardware.media.c2@1.0-service-goldfish: missing struct descriptor #Param::CoreIndex(--005) for field values of struct #Param::CoreIndex(F-10821)
10-05 06:11:27.105   496   546 I GoldfishComponentStore: created component
10-05 06:11:27.109  7229  7519 I CCodec  : Created component [c2.goldfish.vp9.decoder] for [c2.goldfish.vp9.decoder]
10-05 06:11:27.111  7229  7519 D CCodecConfig: read media type: video/x-vnd.on2.vp9
10-05 06:11:27.116  7229  7519 D ReflectedParamUpdater: extent() != 1 for single value type: algo.buffers.max-count.values
10-05 06:11:27.116  7229  7519 D ReflectedParamUpdater: extent() != 1 for single value type: output.subscribed-indices.values
10-05 06:11:27.116  7229  7519 D ReflectedParamUpdater: extent() != 1 for single value type: input.buffers.allocator-ids.values
10-05 06:11:27.117  7229  7519 D ReflectedParamUpdater: extent() != 1 for single value type: output.buffers.allocator-ids.values
10-05 06:11:27.117  7229  7519 D ReflectedParamUpdater: extent() != 1 for single value type: algo.buffers.allocator-ids.values
10-05 06:11:27.118  7229  7519 D ReflectedParamUpdater: extent() != 1 for single value type: output.buffers.pool-ids.values
10-05 06:11:27.119  7229  7519 D ReflectedParamUpdater: extent() != 1 for single value type: algo.buffers.pool-ids.values
10-05 06:11:27.121  7229  7519 D ReflectedParamUpdater: ignored struct field coded.color-format.locations
10-05 06:11:27.121  7229  7519 D ReflectedParamUpdater: ignored struct field resources.needed.values
10-05 06:11:27.122  7229  7519 D CCodecConfig: ignoring local param raw.size (0xd2001800) as it is already supported
10-05 06:11:27.122  7229  7519 D CCodecConfig: ignoring local param default.color (0x5200180b) as it is already supported
10-05 06:11:27.123  7229  7519 D ReflectedParamUpdater: ignored struct field raw.hdr-static-info.mastering
10-05 06:11:27.127  7229  7519 I CCodecConfig: query failed after returning 13 values (BAD_INDEX)
10-05 06:11:27.128  7229  7519 D CCodecConfig: c2 config diff is Dict {
10-05 06:11:27.128  7229  7519 D CCodecConfig:   c2::u32 coded.pl.level = 28680
10-05 06:11:27.128  7229  7519 D CCodecConfig:   c2::u32 coded.pl.profile = 28672
10-05 06:11:27.128  7229  7519 D CCodecConfig:   c2::u32 coded.vui.color.matrix = 0
10-05 06:11:27.128  7229  7519 D CCodecConfig:   c2::u32 coded.vui.color.primaries = 0
10-05 06:11:27.128  7229  7519 D CCodecConfig:   c2::u32 coded.vui.color.range = 2
10-05 06:11:27.128  7229  7519 D CCodecConfig:   c2::u32 coded.vui.color.transfer = 0
10-05 06:11:27.128  7229  7519 D CCodecConfig:   c2::u32 default.color.matrix = 0
10-05 06:11:27.128  7229  7519 D CCodecConfig:   c2::u32 default.color.primaries = 0
10-05 06:11:27.128  7229  7519 D CCodecConfig:   c2::u32 default.color.range = 0
10-05 06:11:27.128  7229  7519 D CCodecConfig:   c2::u32 default.color.transfer = 0
10-05 06:11:27.128  7229  7519 D CCodecConfig:   c2::u32 input.buffers.max-size.value = 6291456
10-05 06:11:27.128  7229  7519 D CCodecConfig:   c2::u32 input.delay.value = 0
10-05 06:11:27.128  7229  7519 D CCodecConfig:   Buffer input.hdr10-plus-info.value = {
10-05 06:11:27.128  7229  7519 D CCodecConfig:   }
10-05 06:11:27.128  7229  7519 D CCodecConfig:   string input.media-type.value = "video/x-vnd.on2.vp9"
10-05 06:11:27.128  7229  7519 D CCodecConfig:   Buffer output.hdr10-plus-info.value = {
10-05 06:11:27.128  7229  7519 D CCodecConfig:   }
10-05 06:11:27.128  7229  7519 D CCodecConfig:   string output.media-type.value = "video/raw"
10-05 06:11:27.128  7229  7519 D CCodecConfig:   c2::u32 raw.color.matrix = 0
10-05 06:11:27.128  7229  7519 D CCodecConfig:   c2::u32 raw.color.primaries = 0
10-05 06:11:27.128  7229  7519 D CCodecConfig:   c2::u32 raw.color.range = 2
10-05 06:11:27.128  7229  7519 D CCodecConfig:   c2::u32 raw.color.transfer = 0
10-05 06:11:27.128  7229  7519 D CCodecConfig:   c2::u32 raw.max-size.height = 240
10-05 06:11:27.128  7229  7519 D CCodecConfig:   c2::u32 raw.max-size.width = 320
10-05 06:11:27.128  7229  7519 D CCodecConfig:   c2::u32 raw.pixel-format.value = 35
10-05 06:11:27.128  7229  7519 D CCodecConfig:   c2::i32 raw.rotation.flip = 0
10-05 06:11:27.128  7229  7519 D CCodecConfig:   c2::i32 raw.rotation.value = 0
10-05 06:11:27.128  7229  7519 D CCodecConfig:   c2::u32 raw.sar.height = 1
10-05 06:11:27.128  7229  7519 D CCodecConfig:   c2::u32 raw.sar.width = 1
10-05 06:11:27.129  7229  7519 W ColorUtils: expected specified color aspects (2:0:0:0)
10-05 06:11:27.138   550   650 D AudioFlinger: mixer(0x78d923144770) throttle end: throttle time(33)
10-05 06:11:27.141  7229  7518 I MediaCodec: MediaCodec will operate in async mode
10-05 06:11:27.154   704   955 D NetworkStatsObservers: Unregistering RequestInfo from pid/uid:704/1000(android) for DataUsageRequest [ requestId=11, networkTemplate=NetworkTemplate: matchRule=MOBILE, matchSubscriberIds=[310260...], matchWifiNetworkKeys=[], metered=YES, defaultNetwork=NO, thresholdInBytes=5619733 ] accessLevel:3
10-05 06:11:27.155  7229  7326 E MediaCodec: Media Quality Service not found.
10-05 06:11:27.155  7229  7518 D SurfaceUtils: connecting to surface 0x719fef7730d0, reason connectToSurface
10-05 06:11:27.155   704   855 D NetworkStatsObservers: Registering observer for RequestInfo from pid/uid:704/1000(android) for DataUsageRequest [ requestId=12, networkTemplate=NetworkTemplate: matchRule=MOBILE, matchSubscriberIds=[310260...], matchWifiNetworkKeys=[], metered=YES, defaultNetwork=NO, thresholdInBytes=5619253 ] accessLevel:3
10-05 06:11:27.155  7229  7518 I MediaCodec: [c2.goldfish.vp9.decoder] setting surface generation to 7402497
10-05 06:11:27.155  7229  7518 D SurfaceUtils: disconnecting from surface 0x719fef7730d0, reason connectToSurface(reconnect)
10-05 06:11:27.156  7229  7518 D SurfaceUtils: connecting to surface 0x719fef7730c0, reason connectToSurface(reconnect-with-listener)
10-05 06:11:27.157  7229  7519 D CCodec  : [c2.goldfish.vp9.decoder] buffers are bound to CCodec for this session
10-05 06:11:27.157  7229  7519 D CCodecConfig: no c2 equivalents for native-window
10-05 06:11:27.158  7229  7519 D CCodecConfig: no c2 equivalents for native-window-generation
10-05 06:11:27.158  7229  7519 D CCodecConfig: no c2 equivalents for flags
10-05 06:11:27.158  7229  7519 D CCodecConfig: config failed => CORRUPTED
10-05 06:11:27.159  7229  7519 D CCodecConfig: c2 config diff is   c2::u32 raw.max-size.height = 360
10-05 06:11:27.159  7229  7519 D CCodecConfig:   c2::u32 raw.max-size.width = 640
10-05 06:11:27.159  7229  7519 D CCodecConfig:   c2::u32 raw.size.height = 360
10-05 06:11:27.159  7229  7519 D CCodecConfig:   c2::u32 raw.size.width = 640
10-05 06:11:27.160  7229  7519 W Codec2Client: query -- param skipped: index = 1107298332.
10-05 06:11:27.160  7229  7519 D CCodec  : client requested max input size 86400, which is smaller than what component recommended (6291456); overriding with component recommendation.
10-05 06:11:27.160  7229  7519 W CCodec  : This behavior is subject to change. It is recommended that app developers double check whether the requested max input size is in reasonable range.
10-05 06:11:27.160  7229  7519 D CCodec  : encoding statistics level = 0
10-05 06:11:27.160  7229  7519 D CCodec  : setup formats input: AMessage(what = 0x00000000) = {
10-05 06:11:27.160  7229  7519 D CCodec  :   int32_t height = 360
10-05 06:11:27.160  7229  7519 D CCodec  :   int32_t level = 256
10-05 06:11:27.160  7229  7519 D CCodec  :   int32_t max-input-size = 6291456
10-05 06:11:27.160  7229  7519 D CCodec  :   string mime = "video/x-vnd.on2.vp9"
10-05 06:11:27.160  7229  7519 D CCodec  :   int32_t profile = 1
10-05 06:11:27.160  7229  7519 D CCodec  :   int32_t width = 640
10-05 06:11:27.160  7229  7519 D CCodec  :   Rect crop(0, 0, 639, 359)
10-05 06:11:27.160  7229  7519 D CCodec  : }
10-05 06:11:27.160  7229  7519 D CCodec  : setup formats output: AMessage(what = 0x00000000) = {
10-05 06:11:27.160  7229  7519 D CCodec  :   int32_t android._color-format = 2135033992
10-05 06:11:27.160  7229  7519 D CCodec  :   int32_t android._video-scaling = 1
10-05 06:11:27.160  7229  7519 D CCodec  :   int32_t rotation-degrees = 0
10-05 06:11:27.160  7229  7519 D CCodec  :   int32_t color-standard = 4
10-05 06:11:27.160  7229  7519 D CCodec  :   int32_t color-range = 2
10-05 06:11:27.160  7229  7519 D CCodec  :   int32_t color-transfer = 3
10-05 06:11:27.160  7229  7519 D CCodec  :   int32_t sar-height = 1
10-05 06:11:27.160  7229  7519 D CCodec  :   int32_t sar-width = 1
10-05 06:11:27.160  7229  7519 D CCodec  :   Rect crop(0, 0, 639, 359)
10-05 06:11:27.160  7229  7519 D CCodec  :   int32_t width = 640
10-05 06:11:27.160  7229  7519 D CCodec  :   Buffer hdr10-plus-info = {
10-05 06:11:27.160  7229  7519 D CCodec  :   }
10-05 06:11:27.160  7229  7519 D CCodec  :   int32_t height = 360
10-05 06:11:27.160  7229  7519 D CCodec  :   int32_t max-height = 360
10-05 06:11:27.160  7229  7519 D CCodec  :   int32_t max-width = 640
10-05 06:11:27.160  7229  7519 D CCodec  :   string mime = "video/raw"
10-05 06:11:27.160  7229  7519 D CCodec  :   int32_t android._dataspace = 259
10-05 06:11:27.160  7229  7519 D CCodec  :   int32_t color-format = 2130708361
10-05 06:11:27.160  7229  7519 D CCodec  : }
10-05 06:11:27.160  7229  7519 I CCodecConfig: query failed after returning 13 values (BAD_INDEX)
10-05 06:11:27.162  7229  7326 D MediaCodec: keep callback message for reclaim
10-05 06:11:27.163   496  7525 I C2GoldfishVpxDec: calling init GoldfishVPX
10-05 06:11:27.163  7229  7519 W Codec2Client: query -- param skipped: index = 1342179345.
10-05 06:11:27.163  7229  7519 W Codec2Client: query -- param skipped: index = 2415921170.
10-05 06:11:27.163  7229  7519 W Codec2Client: query -- param skipped: index = 2684356609.
10-05 06:11:27.165  7229  7519 D C2Store : Using DMABUF Heaps
10-05 06:11:27.169  7229  7519 D CCodecBufferChannel: [c2.goldfish.vp9.decoder#158] Created input block pool with allocatorID 16 => poolID 17 - OK (0)
10-05 06:11:27.171  7229  7519 D CCodecBufferChannel: [c2.goldfish.vp9.decoder#158] Query output surface allocator returned 0 params => BAD_INDEX (6)
10-05 06:11:27.172  7229  7519 I CCodecBufferChannel: [c2.goldfish.vp9.decoder#158] Created output block pool with allocatorID 18 => poolID 17 - OK
10-05 06:11:27.172  7229  7519 D CCodecBufferChannel: [c2.goldfish.vp9.decoder#158] Configured output block pool ids 17 => OK
10-05 06:11:27.172  7229  7519 D Codec2-OutputBufferQueue: remote graphic buffer migration 0/0
10-05 06:11:27.172  7229  7519 D Codec2Client: setOutputSurface -- failed to set consumer usage (6/BAD_INDEX)
10-05 06:11:27.173  7229  7519 D Codec2Client: setOutputSurface -- generation=7402497 consumer usage=0x900
10-05 06:11:27.187  7229  7229 D CommunicationManager: Sorteo data changed
10-05 06:11:27.189   496   679 W android.hardware.media.c2@1.0-service-goldfish: Thread Pool max thread count is 0. Cannot cache binder as linkToDeath cannot be implemented. serviceName: android.hardware.graphics.allocator.IAllocator/default
10-05 06:11:27.192   496   679 W android.hardware.media.c2@1.0-service-goldfish: Thread Pool max thread count is 0. Cannot cache binder as linkToDeath cannot be implemented. serviceName: android.hardware.graphics.allocator.IAllocator/default
10-05 06:11:27.208   496   679 D C2BqBuffer: local generation change 7402497 , bqId: 31048318582786 migrated buffers # 0
10-05 06:11:27.208  7229  7519 D Codec2Client: Surface configure completed
10-05 06:11:27.208  7229  7519 I DMABUFHEAPS: Using DMA-BUF heap named: system
10-05 06:11:27.216   616  2092 W ResourceManagerServiceUtils: Ignoring request to add new resource entry with value <= 0
10-05 06:11:27.227   496   679 D C2Store : Using DMABUF Heaps
10-05 06:11:27.228   496  7525 D SimpleC2Component: Using output block pool with poolID 17 => got 17 - 0
10-05 06:11:27.228   496  7525 I C2GoldfishVpxDec: created decoder context w 640 h 360
10-05 06:11:27.228   496  7525 D android.hardware.media.c2@1.0-service-goldfish: isMinigbmFromProperty:codecs: minigbm query prop value is: ranchu
10-05 06:11:27.228   496  7525 D android.hardware.media.c2@1.0-service-goldfish: isMinigbmFromProperty:codecs: Is not using minigbm, in goldfish mode.
10-05 06:11:27.233   496  7525 I android.hardware.media.c2@1.0-service-goldfish: successfully allocated 33558528 bytes in goldfish_address_block
10-05 06:11:27.233   496  7525 I android.hardware.media.c2@1.0-service-goldfish: guest address is 0x794c075ea000
10-05 06:11:27.233   496  7525 I android.hardware.media.c2@1.0-service-goldfish: successfully pinged host to allocate memory
10-05 06:11:27.254  7229  7519 D CCodecConfig: c2 config diff is   c2::u32 raw.crop.height = 360
10-05 06:11:27.254  7229  7519 D CCodecConfig:   c2::u32 raw.crop.left = 0
10-05 06:11:27.254  7229  7519 D CCodecConfig:   c2::u32 raw.crop.top = 0
10-05 06:11:27.254  7229  7519 D CCodecConfig:   c2::u32 raw.crop.width = 640
10-05 06:11:27.308  7229  7333 D AAudio  : AAudioStream_requestStop(s#1) called
10-05 06:11:27.308  7229  7333 D AAudioStream: setState(s#1) from 4 to 9
10-05 06:11:27.308  7229  7333 D AudioTrack: stop(16): called with 18006 frames delivered
10-05 06:11:27.309   704  1964 E AppOps  : attributionTag  not declared in manifest of com.follgramer.diamantesproplayersgo
10-05 06:11:27.311   704  1955 E AppOps  : attributionTag  not declared in manifest of com.follgramer.diamantesproplayersgo
10-05 06:11:27.311  7229  7333 D AAudioStream: setState(s#1) from 9 to 10
10-05 06:11:27.314  7229  7229 D AdManager: ✅ Rewarded pre-cargado exitosamente
10-05 06:11:27.324  7229  7326 W cr_MediaCodecBridge: Releasing: c2.goldfish.vp9.decoder
10-05 06:11:27.324  7229  7518 D SurfaceUtils: connecting to surface 0x719fef76f070, reason connectToSurface
10-05 06:11:27.324  7229  7518 I MediaCodec: [c2.goldfish.vp9.decoder] setting surface generation to 7402498
10-05 06:11:27.325  7229  7518 D SurfaceUtils: disconnecting from surface 0x719fef76f070, reason connectToSurface(reconnect)
10-05 06:11:27.325  7229  7518 D SurfaceUtils: connecting to surface 0x719fef76f060, reason connectToSurface(reconnect-with-listener)
10-05 06:11:27.326  7229  7518 D Codec2-OutputBufferQueue: remote graphic buffer migration 0/0
10-05 06:11:27.327  7229  7518 D Codec2Client: setOutputSurface -- failed to set consumer usage (6/BAD_INDEX)
10-05 06:11:27.327  7229  7518 D Codec2Client: setOutputSurface -- generation=7402498 consumer usage=0x900
10-05 06:11:27.330  7229  7524 W Codec2-OutputBufferQueue: receiving stale buffer: generation 7402498 , diff 1 : slot 1
10-05 06:11:27.333  7229  7524 W Codec2-OutputBufferQueue: receiving stale buffer: generation 7402498 , diff 1 : slot 2
10-05 06:11:27.334  7229  7524 W Codec2-OutputBufferQueue: receiving stale buffer: generation 7402498 , diff 1 : slot 3
10-05 06:11:27.337   496   546 D C2BqBuffer: local generation change 7402498 , bqId: 31048318582787 migrated buffers # 0
10-05 06:11:27.337  7229  7524 W Codec2-OutputBufferQueue: receiving stale buffer: generation 7402498 , diff 1 : slot 4
10-05 06:11:27.337  7229  7518 D Codec2Client: Surface configure completed
10-05 06:11:27.337  7229  7518 D SurfaceUtils: disconnecting from surface 0x719fef7730d0, reason disconnectFromSurface
10-05 06:11:27.338   496   546 D C2BqBuffer: configuring null producer: igbp_information(0)
10-05 06:11:27.338  7229  7518 D CCodecBufferChannel: [c2.goldfish.vp9.decoder#158] MediaCodec discarded an unknown buffer
10-05 06:11:27.339  7229  7518 D CCodecBufferChannel: [c2.goldfish.vp9.decoder#158] MediaCodec discarded an unknown buffer
10-05 06:11:27.339  7229  7326 W cr_MediaCodecBridge: Codec released
10-05 06:11:27.340  7229  7518 D CCodecBufferChannel: [c2.goldfish.vp9.decoder#158] MediaCodec discarded an unknown buffer
10-05 06:11:27.340   496  7525 I C2GoldfishVpxDec: calling destroying GoldfishVPX ctx 0x794cbd917690
10-05 06:11:27.340  7229  7518 D CCodecBufferChannel: [c2.goldfish.vp9.decoder#158] MediaCodec discarded an unknown buffer
10-05 06:11:27.340  7229  7518 D CCodecBufferChannel: [c2.goldfish.vp9.decoder#158] MediaCodec discarded an unknown buffer
10-05 06:11:27.341  7229  7518 D CCodecBufferChannel: [c2.goldfish.vp9.decoder#158] MediaCodec discarded an unknown buffer
10-05 06:11:27.341  7229  7519 I hw-BpHwBinder: onLastStrongRef automatically unlinking death recipients
10-05 06:11:27.341   496   546 I hw-BpHwBinder: onLastStrongRef automatically unlinking death recipients
10-05 06:11:27.341   496   546 I GoldfishComponentStore: in ~ComponentModule
10-05 06:11:27.341   496   546 I GoldfishComponentStore: unloading dll
10-05 06:11:27.342  7229  7518 D CCodecBufferChannel: [c2.goldfish.vp9.decoder#158] MediaCodec discarded an unknown buffer
10-05 06:11:27.342  7229  7518 D CCodecBufferChannel: [c2.goldfish.vp9.decoder#158] MediaCodec discarded an unknown buffer
10-05 06:11:27.343  7229  7518 D SurfaceUtils: disconnecting from surface 0x719fef76f070, reason disconnectFromSurface
10-05 06:11:27.749  7229  7229 E Ads     : JS: Uncaught (in promise) TypeError: this.Fc is not a function (https://googleads.g.doubleclick.net/mads/mraid.js:137)
10-05 06:11:27.749  7229  7229 I chromium: [INFO:CONSOLE:137] "Uncaught (in promise) TypeError: this.Fc is not a function", source: https://googleads.g.doubleclick.net/mads/mraid.js (137)
10-05 06:11:28.037  7229  7229 D MainActivity: 🎯 Preparando carga de banners...
10-05 06:11:28.038  7229  7229 D MainActivity: ✅ Condiciones cumplidas, iniciando carga de banners...
10-05 06:11:28.038  7229  7229 D MainActivity: 📤 Cargando banner superior...
10-05 06:11:28.038  7229  7229 D BannerHelper: ═══════════════════════════════════════
10-05 06:11:28.038  7229  7229 D BannerHelper: 🎯 attachAdaptiveBanner INICIADO
10-05 06:11:28.038  7229  7229 D BannerHelper: ═══════════════════════════════════════
10-05 06:11:28.038  7229  7229 D BannerHelper: Container ID: 167921019
10-05 06:11:28.039  7229  7229 D BannerHelper: Container Width: 1016px
10-05 06:11:28.039  7229  7229 D BannerHelper: Container Height: 131px
10-05 06:11:28.039  7229  7229 D BannerHelper: Container Visible: true
10-05 06:11:28.039  7229  7229 D BannerHelper: Activity: MainActivity
10-05 06:11:28.039  7229  7229 D BannerHelper: 🔧 Configurando visibilidad y altura del contenedor...
10-05 06:11:28.039  7229  7229 D BannerHelper: ✅ Contenedor configurado - Height: -2
10-05 06:11:28.039  7229  7229 D BannerHelper: 🔐 Consentimiento verificado: true
10-05 06:11:28.039  7229  7229 D BannerHelper: ✅ AdMob listo y consentimiento obtenido
10-05 06:11:28.041  7229  7229 D BannerHelper: 🚀 Iniciando proceso de carga de banner...
10-05 06:11:28.041  7229  7229 D BannerHelper: 📌 Container: BANNER TOP
10-05 06:11:28.048  7229  7229 D AdIds   : Banner Top solicitado:
10-05 06:11:28.048  7229  7229 D AdIds   : ID: ca-app-pub-3940256099942544/6300978111
10-05 06:11:28.048  7229  7229 D AdIds   : Modo: TEST
10-05 06:11:28.048  7229  7229 D AdIds   : BuildConfig.DEBUG: true
10-05 06:11:28.048  7229  7229 D AdIds   : BuildConfig.USE_TEST_ADS: true
10-05 06:11:28.048  7229  7229 D BannerHelper: 📌 Ad Unit ID seleccionado: ca-app-pub-3940256099942544/6300978111
10-05 06:11:28.048  7229  7229 D BannerHelper: 📏 Tamaño de banner calculado:
10-05 06:11:28.048  7229  7229 D BannerHelper:    Screen: 1080px
10-05 06:11:28.048  7229  7229 D BannerHelper:    Container: 1016px
10-05 06:11:28.049  7229  7229 D BannerHelper:    Density: 2.625
10-05 06:11:28.049  7229  7229 D BannerHelper:    Ad Width: 387dp
10-05 06:11:28.050  7229  7229 D BannerHelper: 📝 Configuración del banner:
10-05 06:11:28.050  7229  7229 D BannerHelper:    Ad Unit ID: ca-app-pub-3940256099942544/6300978111
10-05 06:11:28.050  7229  7229 D BannerHelper:    Ad Size: 387x60 dp
10-05 06:11:28.054  7229  7229 D BannerHelper: ✅ AdView agregado al contenedor
10-05 06:11:28.055  7229  7229 D BannerHelper: 📤 Enviando solicitud de banner...
10-05 06:11:28.055  7229  7229 D BannerHelper:    Timestamp: 1759644688055
10-05 06:11:28.064  7229  7411 I Ads     : This request is sent from a test device.
10-05 06:11:28.074   704  1964 D FileUtils: Rounded bytes from 2067259392 to 4000000000
10-05 06:11:28.094  7229  7289 W Ads     : Not retrying to fetch app settings
10-05 06:11:28.111  5673  7456 W SQLiteLog: (28) double-quoted string literal: "1759471888111"
10-05 06:11:28.112  5673  7456 W SQLiteLog: (28) double-quoted string literal: "1"
10-05 06:11:28.121  5673  7456 I Ads     : SDK version: afma-sdk-a-v252530000.252530000.0
10-05 06:11:28.121  5673  7456 I Ads     : HTTP timeout: 60000 milliseconds.
10-05 06:11:28.340   496  7528 D C2BqPoolInvalidator: invalidated 1 bqpool items
10-05 06:11:28.750  7229  7229 E Ads     : JS: Uncaught (in promise) TypeError: this.Fc is not a function (https://googleads.g.doubleclick.net/mads/mraid.js:137)
10-05 06:11:28.750  7229  7229 I chromium: [INFO:CONSOLE:137] "Uncaught (in promise) TypeError: this.Fc is not a function", source: https://googleads.g.doubleclick.net/mads/mraid.js (137)
10-05 06:11:28.840  7229  7229 D BannerHelper: ═══════════════════════════════════════
10-05 06:11:28.840  7229  7229 D BannerHelper: ✅ ¡BANNER CARGADO EXITOSAMENTE!
10-05 06:11:28.840  7229  7229 D BannerHelper: ═══════════════════════════════════════
10-05 06:11:28.840  7229  7229 D BannerHelper: Container ID: 167921019
10-05 06:11:28.840  7229  7229 D BannerHelper: Ad Unit ID: ca-app-pub-3940256099942544/6300978111
10-05 06:11:28.840  7229  7229 D BannerHelper: AdView Size: 1016x0px
10-05 06:11:28.840  7229  7229 D BannerHelper: Container Size: 1016x131px
10-05 06:11:28.840  7229  7229 D BannerHelper: ✅ Banner completamente visible y renderizado
10-05 06:11:28.852  7229  7229 D BannerHelper: 👁️ Impresión registrada
10-05 06:11:29.009   704   806 D ActivityManager: freezing 6709 com.google.android.webview:webview_service
10-05 06:11:29.013   704   863 D InetDiagMessage: Destroyed 0 sockets, proto=IPPROTO_TCP, family=AF_INET, states=14
10-05 06:11:29.014   704   863 D InetDiagMessage: Destroyed 0 sockets, proto=IPPROTO_TCP, family=AF_INET6, states=14
10-05 06:11:29.014   704   863 D InetDiagMessage: Destroyed live tcp sockets for uids={10167} in 1ms
10-05 06:11:29.039  7229  7229 D MainActivity: ✅ Proceso de carga de banners completado
10-05 06:11:29.040  7229  7229 D MainActivity: 📤 Cargando banner inferior...
10-05 06:11:29.040  7229  7229 D BannerHelper: ═══════════════════════════════════════
10-05 06:11:29.040  7229  7229 D BannerHelper: 🎯 attachAdaptiveBanner INICIADO
10-05 06:11:29.040  7229  7229 D BannerHelper: ═══════════════════════════════════════
10-05 06:11:29.040  7229  7229 D BannerHelper: Container ID: 77115782
10-05 06:11:29.040  7229  7229 D BannerHelper: Container Width: 1080px
10-05 06:11:29.040  7229  7229 D BannerHelper: Container Height: 131px
10-05 06:11:29.040  7229  7229 D BannerHelper: Container Visible: true
10-05 06:11:29.040  7229  7229 D BannerHelper: Activity: MainActivity
10-05 06:11:29.040  7229  7229 D BannerHelper: 🔧 Configurando visibilidad y altura del contenedor...
10-05 06:11:29.040  7229  7229 D BannerHelper: ✅ Contenedor configurado - Height: -2
10-05 06:11:29.041  7229  7229 D BannerHelper: 🔐 Consentimiento verificado: true
10-05 06:11:29.041  7229  7229 D BannerHelper: ✅ AdMob listo y consentimiento obtenido
10-05 06:11:29.041  7229  7229 D BannerHelper: 🚀 Iniciando proceso de carga de banner...
10-05 06:11:29.041  7229  7229 D BannerHelper: 📌 Container: BANNER BOTTOM
10-05 06:11:29.041  7229  7229 D AdIds   : Banner Bottom: ca-app-pub-3940256099942544/6300978111 (TEST)
10-05 06:11:29.041  7229  7229 D BannerHelper: 📌 Ad Unit ID seleccionado: ca-app-pub-3940256099942544/6300978111
10-05 06:11:29.041  7229  7229 D BannerHelper: 📏 Tamaño de banner calculado:
10-05 06:11:29.041  7229  7229 D BannerHelper:    Screen: 1080px
10-05 06:11:29.041  7229  7229 D BannerHelper:    Container: 1080px
10-05 06:11:29.041  7229  7229 D BannerHelper:    Density: 2.625
10-05 06:11:29.041  7229  7229 D BannerHelper:    Ad Width: 411dp
10-05 06:11:29.041  7229  7229 D BannerHelper: 📝 Configuración del banner:
10-05 06:11:29.041  7229  7229 D BannerHelper:    Ad Unit ID: ca-app-pub-3940256099942544/6300978111
10-05 06:11:29.041  7229  7229 D BannerHelper:    Ad Size: 411x64 dp
10-05 06:11:29.042  7229  7229 D BannerHelper: ✅ AdView agregado al contenedor
10-05 06:11:29.042  7229  7229 D BannerHelper: 📤 Enviando solicitud de banner...
10-05 06:11:29.042  7229  7229 D BannerHelper:    Timestamp: 1759644689042
10-05 06:11:29.045  7229  7411 I Ads     : This request is sent from a test device.
10-05 06:11:29.046   704  1947 D FileUtils: Rounded bytes from 2067259392 to 4000000000
10-05 06:11:29.063  7229  7288 W Ads     : Not retrying to fetch app settings
10-05 06:11:29.075  5673  7125 W SQLiteLog: (28) double-quoted string literal: "1759471889075"
10-05 06:11:29.075  5673  7125 W SQLiteLog: (28) double-quoted string literal: "1"
10-05 06:11:29.084  5673  7125 I Ads     : SDK version: afma-sdk-a-v252530000.252530000.0
10-05 06:11:29.085  5673  7125 I Ads     : HTTP timeout: 60000 milliseconds.
10-05 06:11:29.566  5673  5679 W System  : A resource failed to call close. 
10-05 06:11:29.566  5673  5679 W System  : A resource failed to call close. 
10-05 06:11:29.582  5673  7372 D AdvertisingIdClient: AdvertisingIdClient already created.
10-05 06:11:29.584  5673  7372 I AdvertisingIdClient: shouldSendLog -1
10-05 06:11:29.585  5673  7372 I AdvertisingIdClient: GetInfoInternal elapse 2ms
10-05 06:11:29.589  1291  1291 D BoundBrokerSvc: onRebind: Intent { act=com.google.android.gms.common.telemetry.service.START dat=chimera-action:/... xflg=0x4 cmp=com.google.android.gms/.chimera.PersistentApiService }
10-05 06:11:29.594  5673  5673 I AdvertisingIdClient: getting error as 17: API: ClientTelemetry.API is not available on this device. Connection failed with: ConnectionResult{statusCode=API_DISABLED, resolution=null, message=null, clientMethodKey=null}
10-05 06:11:29.749  7229  7229 E Ads     : JS: Uncaught (in promise) TypeError: this.Fc is not a function (https://googleads.g.doubleclick.net/mads/mraid.js:137)
10-05 06:11:29.750  7229  7229 I chromium: [INFO:CONSOLE:137] "Uncaught (in promise) TypeError: this.Fc is not a function", source: https://googleads.g.doubleclick.net/mads/mraid.js (137)
10-05 06:11:29.774  1578  1953 I bbax    : (REDACTED) getHotwordActive::active query: %s, watch: %s, devices connected: %s
10-05 06:11:30.043  7229  7229 D BannerHelper: ═══════════════════════════════════════
10-05 06:11:30.043  7229  7229 D BannerHelper: ✅ ¡BANNER CARGADO EXITOSAMENTE!
10-05 06:11:30.043  7229  7229 D BannerHelper: ═══════════════════════════════════════
10-05 06:11:30.043  7229  7229 D BannerHelper: Container ID: 77115782
10-05 06:11:30.043  7229  7229 D BannerHelper: Ad Unit ID: ca-app-pub-3940256099942544/6300978111
10-05 06:11:30.043  7229  7229 D BannerHelper: AdView Size: 1080x0px
10-05 06:11:30.043  7229  7229 D BannerHelper: Container Size: 1080x131px
10-05 06:11:30.043  7229  7229 D BannerHelper: ✅ Banner completamente visible y renderizado
10-05 06:11:30.053  7229  7229 D BannerHelper: 👁️ Impresión registrada
10-05 06:11:30.334  5673  5673 D BoundBrokerSvc: onUnbind: Intent { act=com.google.android.gms.ads.service.START xflg=0x4 pkg=com.google.android.gms }
10-05 06:11:30.417   489  7006 D android.hardware.audio@7.1-impl.ranchu: threadLoop: entering standby, frames: 347072
10-05 06:11:30.418   489  7006 D android.hardware.audio@7.1-impl.ranchu: ~TinyalsaSink: joining consumeThread
10-05 06:11:30.425   489  7514 D android.hardware.audio@7.1-impl.ranchu: consumeThread: exiting
10-05 06:11:30.426   489  7006 D android.hardware.audio@7.1-impl.ranchu: ~TinyalsaSink: stopping PCM stream
10-05 06:11:30.682   267  7383 I keystore2: system/security/keystore2/watchdog/src/lib.rs:377 - Watchdog thread idle -> terminating. Have a great day.
10-05 06:11:30.750  7229  7229 E Ads     : JS: Uncaught (in promise) TypeError: this.Fc is not a function (https://googleads.g.doubleclick.net/mads/mraid.js:137)
10-05 06:11:30.750  7229  7229 I chromium: [INFO:CONSOLE:137] "Uncaught (in promise) TypeError: this.Fc is not a function", source: https://googleads.g.doubleclick.net/mads/mraid.js (137)
10-05 06:11:30.756  7229  7229 D MainActivity: Badge updated: 0
10-05 06:11:31.514  5673  5673 D BoundBrokerSvc: onUnbind: Intent { act=com.google.android.gms.feedback.internal.IFeedbackService dat=chimera-action:/... xflg=0x4 cmp=com.google.android.gms/.chimera.GmsBoundBrokerService }
10-05 06:11:31.573  1092  1296 D SatelliteController: iisInCarrierRoamingNbIotNtn: satellite is disabled
10-05 06:11:31.752  7229  7229 E Ads     : JS: Uncaught (in promise) TypeError: this.Fc is not a function (https://googleads.g.doubleclick.net/mads/mraid.js:137)
10-05 06:11:31.752  7229  7229 I chromium: [INFO:CONSOLE:137] "Uncaught (in promise) TypeError: this.Fc is not a function", source: https://googleads.g.doubleclick.net/mads/mraid.js (137)
10-05 06:11:32.172  7229  7523 D BufferPoolAccessor2.0: bufferpool2 0x71a00f6e3de8 : 0(0 size) total buffers - 0(0 size) used buffers - 9/13 (recycle/alloc) - 4/18 (fetch/transfer)
10-05 06:11:32.173  7229  7523 D BufferPoolAccessor2.0: evictor expired: 1, evicted: 1
10-05 06:11:32.312  7229  7333 D AAudio  : AAudioStream_requestStop(s#1) called
10-05 06:11:32.312  7229  7333 D AAudio  : AAudioStream_close(s#1) called ---------------
10-05 06:11:32.312  7229  7333 D AAudioStream: setState(s#1) from 10 to 11
10-05 06:11:32.313  7229  7333 D AAudioStream: setState(s#1) from 11 to 12
10-05 06:11:32.314  7229  7333 D AAudioStream: ~AudioStream(s#1) mPlayerBase strongCount = 2
10-05 06:11:32.314  7229  7333 D AAudio  : AAudioStream_close(s#1) returned 0 ---------
10-05 06:11:32.749  7229  7229 E Ads     : JS: Uncaught (in promise) TypeError: this.Fc is not a function (https://googleads.g.doubleclick.net/mads/mraid.js:137)
10-05 06:11:32.749  7229  7229 I chromium: [INFO:CONSOLE:137] "Uncaught (in promise) TypeError: this.Fc is not a function", source: https://googleads.g.doubleclick.net/mads/mraid.js (137)
10-05 06:11:33.750  7229  7229 E Ads     : JS: Uncaught (in promise) TypeError: this.Fc is not a function (https://googleads.g.doubleclick.net/mads/mraid.js:137)
10-05 06:11:33.751  7229  7229 I chromium: [INFO:CONSOLE:137] "Uncaught (in promise) TypeError: this.Fc is not a function", source: https://googleads.g.doubleclick.net/mads/mraid.js (137)
10-05 06:11:33.981  5673  5673 D BoundBrokerSvc: onUnbind: Intent { act=com.google.android.gms.safetynet.service.START xflg=0x4 pkg=com.google.android.gms }
10-05 06:11:34.593  1291  1291 D BoundBrokerSvc: onUnbind: Intent { act=com.google.android.gms.common.telemetry.service.START dat=chimera-action:/... xflg=0x4 cmp=com.google.android.gms/.chimera.PersistentApiService }
10-05 06:11:34.750  7229  7229 E Ads     : JS: Uncaught (in promise) TypeError: this.Fc is not a function (https://googleads.g.doubleclick.net/mads/mraid.js:137)
10-05 06:11:34.750  7229  7229 I chromium: [INFO:CONSOLE:137] "Uncaught (in promise) TypeError: this.Fc is not a function", source: https://googleads.g.doubleclick.net/mads/mraid.js (137)
10-05 06:11:35.447   704   806 D ActivityManager: freezing 2369 com.google.android.gms.unstable
10-05 06:11:35.752  7229  7229 E Ads     : JS: Uncaught (in promise) TypeError: this.Fc is not a function (https://googleads.g.doubleclick.net/mads/mraid.js:137)
10-05 06:11:35.752  7229  7229 I chromium: [INFO:CONSOLE:137] "Uncaught (in promise) TypeError: this.Fc is not a function", source: https://googleads.g.doubleclick.net/mads/mraid.js (137)
10-05 06:11:35.760  7229  7229 D MainActivity: Badge updated: 0
10-05 06:11:35.974   704   806 D ActivityManager: freezing 5629 com.google.android.permissioncontroller
10-05 06:11:35.976   704   863 D InetDiagMessage: Destroyed 0 sockets, proto=IPPROTO_TCP, family=AF_INET, states=14
10-05 06:11:35.977   704   863 D InetDiagMessage: Destroyed 0 sockets, proto=IPPROTO_TCP, family=AF_INET6, states=14
10-05 06:11:35.977   704   863 D InetDiagMessage: Destroyed live tcp sockets for uids={10215} in 1ms
10-05 06:11:36.749  7229  7229 E Ads     : JS: Uncaught (in promise) TypeError: this.Fc is not a function (https://googleads.g.doubleclick.net/mads/mraid.js:137)
10-05 06:11:36.750  7229  7229 I chromium: [INFO:CONSOLE:137] "Uncaught (in promise) TypeError: this.Fc is not a function", source: https://googleads.g.doubleclick.net/mads/mraid.js (137)
10-05 06:11:37.750  7229  7229 E Ads     : JS: Uncaught (in promise) TypeError: this.Fc is not a function (https://googleads.g.doubleclick.net/mads/mraid.js:137)
10-05 06:11:37.750  7229  7229 I chromium: [INFO:CONSOLE:137] "Uncaught (in promise) TypeError: this.Fc is not a function", source: https://googleads.g.doubleclick.net/mads/mraid.js (137)
10-05 06:11:38.751  7229  7229 E Ads     : JS: Uncaught (in promise) TypeError: this.Fc is not a function (https://googleads.g.doubleclick.net/mads/mraid.js:137)
10-05 06:11:38.751  7229  7229 I chromium: [INFO:CONSOLE:137] "Uncaught (in promise) TypeError: this.Fc is not a function", source: https://googleads.g.doubleclick.net/mads/mraid.js (137)
10-05 06:11:39.749  7229  7229 E Ads     : JS: Uncaught (in promise) TypeError: this.Fc is not a function (https://googleads.g.doubleclick.net/mads/mraid.js:137)
10-05 06:11:39.749  7229  7229 I chromium: [INFO:CONSOLE:137] "Uncaught (in promise) TypeError: this.Fc is not a function", source: https://googleads.g.doubleclick.net/mads/mraid.js (137)
10-05 06:11:40.049  5673  5673 D BoundBrokerSvc: onUnbind: Intent { act=com.google.android.gms.safebrowsing.SafeBrowsingService.START dat=chimera-action:/... xflg=0x4 cmp=com.google.android.gms/.chimera.GmsBoundBrokerService }
10-05 06:11:40.110  5673  5673 D BoundBrokerSvc: onUnbind: Intent { act=com.google.android.gms.measurement.START xflg=0x4 pkg=com.google.android.gms }
10-05 06:11:40.749  7229  7229 E Ads     : JS: Uncaught (in promise) TypeError: this.Fc is not a function (https://googleads.g.doubleclick.net/mads/mraid.js:137)
10-05 06:11:40.749  7229  7229 I chromium: [INFO:CONSOLE:137] "Uncaught (in promise) TypeError: this.Fc is not a function", source: https://googleads.g.doubleclick.net/mads/mraid.js (137)
10-05 06:11:40.763  7229  7229 D MainActivity: Badge updated: 0
10-05 06:11:41.573  1092  1296 D SatelliteController: iisInCarrierRoamingNbIotNtn: satellite is disabled
10-05 06:11:41.709  2233  2233 I Finsky  : [2] SCH: job service start with id 9827.
10-05 06:11:41.730  2233  7172 I Finsky  : [214] SCH: Satisfied jobs for 9827 are: 12-1
10-05 06:11:41.734  2233  7542 I Finsky  : [225] SCH: Job 12-1 starting
10-05 06:11:41.736  2233  2233 I Finsky  : [2] WM::SCH: Logging work start for 12-1
10-05 06:11:41.746  2233  2233 I Finsky  : [2] [ContentSync] job started
10-05 06:11:41.752  7229  7229 E Ads     : JS: Uncaught (in promise) TypeError: this.Fc is not a function (https://googleads.g.doubleclick.net/mads/mraid.js:137)
10-05 06:11:41.753  7229  7229 I chromium: [INFO:CONSOLE:137] "Uncaught (in promise) TypeError: this.Fc is not a function", source: https://googleads.g.doubleclick.net/mads/mraid.js (137)
10-05 06:11:41.803  2233  7546 I Finsky  : [228] App states replicator found 5 unowned apps
10-05 06:11:41.815  2233  2626 I Finsky  : [62] Completed 0 account content syncs with 0 successful.
10-05 06:11:41.816  2233  2233 I Finsky  : [2] [ContentSync] Installation state replication succeeded.
10-05 06:11:41.816  2233  2233 I Finsky  : [2] SCH: jobFinished: 12-1. TimeElapsed: 81ms.
10-05 06:11:41.816  2233  2233 I Finsky  : [2] WM::SCH: Logging work end for 12-1
10-05 06:11:41.834  2233  2581 I Finsky  : [53] SCH: Scheduling phonesky job Id: 1-1337, CT: 1759641430763, Constraints: [{ L: 14399998, D: 49708694, C: CHARGING_NONE, I: IDLE_NONE, N: NET_ANY, B: BATTERY_ANY }]
10-05 06:11:41.839  2233  2627 I Finsky  : [63] SCH: Scheduling 1 system job(s)
10-05 06:11:41.841  2233  2627 I Finsky  : [63] SCH: Scheduling system job Id: 9830, L: 11128922, D: 46437618, C: false, I: false, N: 1
10-05 06:11:41.846  2233  7542 I Finsky  : [225] SCH: job service finished with id 9827.
10-05 06:11:42.752  7229  7229 E Ads     : JS: Uncaught (in promise) TypeError: this.Fc is not a function (https://googleads.g.doubleclick.net/mads/mraid.js:137)
10-05 06:11:42.752  7229  7229 I chromium: [INFO:CONSOLE:137] "Uncaught (in promise) TypeError: this.Fc is not a function", source: https://googleads.g.doubleclick.net/mads/mraid.js (137)
10-05 06:11:43.749  7229  7229 E Ads     : JS: Uncaught (in promise) TypeError: this.Fc is not a function (https://googleads.g.doubleclick.net/mads/mraid.js:137)
10-05 06:11:43.749  7229  7229 I chromium: [INFO:CONSOLE:137] "Uncaught (in promise) TypeError: this.Fc is not a function", source: https://googleads.g.doubleclick.net/mads/mraid.js (137)
10-05 06:11:44.110  5673  5673 D BoundBrokerSvc: onUnbind: Intent { act=com.google.android.gms.ads.identifier.service.EVENT_ATTESTATION dat=chimera-action:/... xflg=0x4 cmp=com.google.android.gms/.chimera.GmsBoundBrokerService }
10-05 06:11:44.750  7229  7229 E Ads     : JS: Uncaught (in promise) TypeError: this.Fc is not a function (https://googleads.g.doubleclick.net/mads/mraid.js:137)
10-05 06:11:44.750  7229  7229 I chromium: [INFO:CONSOLE:137] "Uncaught (in promise) TypeError: this.Fc is not a function", source: https://googleads.g.doubleclick.net/mads/mraid.js (137)
10-05 06:11:45.750  7229  7229 E Ads     : JS: Uncaught (in promise) TypeError: this.Fc is not a function (https://googleads.g.doubleclick.net/mads/mraid.js:137)
10-05 06:11:45.750  7229  7229 I chromium: [INFO:CONSOLE:137] "Uncaught (in promise) TypeError: this.Fc is not a function", source: https://googleads.g.doubleclick.net/mads/mraid.js (137)
10-05 06:11:45.767  7229  7229 D MainActivity: Badge updated: 0
10-05 06:11:46.749  7229  7229 E Ads     : JS: Uncaught (in promise) TypeError: this.Fc is not a function (https://googleads.g.doubleclick.net/mads/mraid.js:137)
10-05 06:11:46.750  7229  7229 I chromium: [INFO:CONSOLE:137] "Uncaught (in promise) TypeError: this.Fc is not a function", source: https://googleads.g.doubleclick.net/mads/mraid.js (137)
10-05 06:11:47.750  7229  7229 E Ads     : JS: Uncaught (in promise) TypeError: this.Fc is not a function (https://googleads.g.doubleclick.net/mads/mraid.js:137)
10-05 06:11:47.750  7229  7229 I chromium: [INFO:CONSOLE:137] "Uncaught (in promise) TypeError: this.Fc is not a function", source: https://googleads.g.doubleclick.net/mads/mraid.js (137)
10-05 06:11:48.753  7229  7229 E Ads     : JS: Uncaught (in promise) TypeError: this.Fc is not a function (https://googleads.g.doubleclick.net/mads/mraid.js:137)
10-05 06:11:48.753  7229  7229 I chromium: [INFO:CONSOLE:137] "Uncaught (in promise) TypeError: this.Fc is not a function", source: https://googleads.g.doubleclick.net/mads/mraid.js (137)
10-05 06:11:49.264  1291  1291 D BoundBrokerSvc: onUnbind: Intent { act=com.google.android.gms.libs.gmscorelogger.service.START dat=chimera-action:/... xflg=0x4 cmp=com.google.android.gms/.chimera.PersistentDirectBootAwareApiService }
10-05 06:11:49.372   704  1947 W AS.PlaybackActivityMon: No piid assigned for invalid/internal port id 15
10-05 06:11:49.751  7229  7229 E Ads     : JS: Uncaught (in promise) TypeError: this.Fc is not a function (https://googleads.g.doubleclick.net/mads/mraid.js:137)
10-05 06:11:49.751  7229  7229 I chromium: [INFO:CONSOLE:137] "Uncaught (in promise) TypeError: this.Fc is not a function", source: https://googleads.g.doubleclick.net/mads/mraid.js (137)
10-05 06:11:50.750  7229  7229 E Ads     : JS: Uncaught (in promise) TypeError: this.Fc is not a function (https://googleads.g.doubleclick.net/mads/mraid.js:137)
