10-05 06:11:19.121  5673  7372 I AdvertisingIdClient: shouldSendLog -1
10-05 06:11:19.122  5673  7372 I AdvertisingIdClient: GetInfoInternal elapse 59ms
10-05 06:11:19.126  1291  1291 D BoundBrokerSvc: onRebind: Intent { act=com.google.android.gms.common.telemetry.service.START dat=chimera-action:/... xflg=0x4 cmp=com.google.android.gms/.chimera.PersistentApiService }
10-05 06:11:19.134   704   912 D BackgroundInstallControlService: Package event received: 0
10-05 06:11:19.138  2369  2369 D ActivityThread: Package [com.follgramer.diamantesproplayersgo] reported as REPLACED, but missing application info. Assuming REMOVED.
10-05 06:11:19.139  2369  2369 D ActivityThread: Package [com.follgramer.diamantesproplayersgo] reported as REPLACED, but missing application info. Assuming REMOVED.
10-05 06:11:19.142  5673  5673 I AdvertisingIdClient: getting error as 17: API: ClientTelemetry.API is not available on this device. Connection failed with: ConnectionResult{statusCode=API_DISABLED, resolution=null, message=null, clientMethodKey=null}
10-05 06:11:19.162   704  1956 D ActivityManager: sync unfroze 2369 com.google.android.gms.unstable for 6
10-05 06:11:19.163   704   912 D BackgroundInstallControlService: Package event received: 0
10-05 06:11:19.170   957  1079 V WindowManagerShell: Transition animation finished (aborted=false), notifying core (#18) android.os.BinderProxy@905c3f6@0
10-05 06:11:19.177   704   728 V WindowManager: Finish Transition (#18): created at 10-05 06:11:16.454 collect-started=0.076ms request-sent=6.982ms started=38.073ms ready=745.935ms sent=2365.276ms commit=61.774ms finished=2720.791ms
10-05 06:11:19.181   957  1079 V WindowManagerShell: Track 0 became idle
10-05 06:11:19.181   957  1079 V WindowManagerShell: All active transition animations finished
10-05 06:11:19.185  1102  1102 D VRI[NexusLauncherActivity]: visibilityChanged oldVisibility=true newVisibility=false
10-05 06:11:19.189  7229  7362 W libc    : Access denied finding property "vendor.mesa.vk.trace.per.submit"
10-05 06:11:19.189  7229  7362 W libc    : Access denied finding property "vendor.mesa.gallium.print.optio"
10-05 06:11:19.189  7229  7362 W libc    : Access denied finding property "vendor.mesa.vk.trace.frame"
10-05 06:11:19.206  1102  1102 D NexusLauncherModelDelegate: notifySmartspaceEvent: SmartspaceTargetEvent{mSmartspaceTarget=null, mSmartspaceActionId='null', mEventType=7}
10-05 06:11:19.227  1291  4166 I FontLog : (REDACTED) Received query %s, URI %s
10-05 06:11:19.227  1291  4166 I FontLog : (REDACTED) Query [%s] resolved to %s
10-05 06:11:19.230  1291  4166 I FontLog : (REDACTED) Font PFD returned from cache for %s
10-05 06:11:19.230  1291  4166 I FontLog : (REDACTED) Fetch %s end status %s
10-05 06:11:19.233  7229  7362 W libc    : Access denied finding property "vendor.mesa.vk.wsi.headless.swa"
10-05 06:11:19.237  1102  1102 D BaseDepthController: setSurface:
10-05 06:11:19.237  1102  1102 D BaseDepthController: 	mWaitingOnSurfaceValidity: false
10-05 06:11:19.237  1102  1102 D BaseDepthController: 	mBaseSurface: null
10-05 06:11:19.238  1102  1102 D BaseDepthController: mSurface is null and mCurrentBlur is: 0
10-05 06:11:19.241  1102  1102 D StateManager: goToState - fromState: Normal, toState: Normal, partial trace:
10-05 06:11:19.241  1102  1102 D StateManager: 	at com.android.launcher3.statemanager.StateManager.moveToRestState(go/retraceme 72a59688580715d19f0e415c69e80376c2f062d1648c80db6730905005a27c20:4)
10-05 06:11:19.241  1102  1102 D StateManager: 	at com.android.launcher3.statemanager.StateManager.moveToRestState(go/retraceme 72a59688580715d19f0e415c69e80376c2f062d1648c80db6730905005a27c20:1)
10-05 06:11:19.241  1102  1102 D StateManager: 	at com.android.launcher3.statemanager.StatefulActivity.onStop(go/retraceme 72a59688580715d19f0e415c69e80376c2f062d1648c80db6730905005a27c20:34)
10-05 06:11:19.245  1102  1102 D StatsLog: LAUNCHER_ONSTOP
10-05 06:11:19.256  1102  1102 D StatsLog: LAUNCHER_GOOGLE_SEARCH_RESTORE_LIST_SIZE_AFTER_ACTIVITY_RESTART
10-05 06:11:19.265  1291  1302 I FontLog : (REDACTED) Pulling font file for id = %d, cache size = %d
10-05 06:11:19.267   704   912 D BackgroundInstallControlService: Package event received: 0
10-05 06:11:19.269   704   729 W Looper  : Slow dispatch took 166ms android.ui app=system_server main=false group=TOP_APP h=com.android.server.am.ActivityManagerService$UiHandler c=com.android.server.am.UidObserverController$$ExternalSyntheticLambda0@89bcf49 m=0
10-05 06:11:19.276   704   912 D BackgroundInstallControlService: Package event received: 0
10-05 06:11:19.286   704  1947 W ParceledListSlice: Element #55 is 25988 bytes.
10-05 06:11:19.288   704  1947 W ParceledListSlice: Element #79 is 17084 bytes.
10-05 06:11:19.289   704  1947 W ParceledListSlice: Element #80 is 20324 bytes.
10-05 06:11:19.292   704  1947 W ParceledListSlice: Element #136 is 21352 bytes.
10-05 06:11:19.293   704  1947 W ParceledListSlice: Element #140 is 89776 bytes.
10-05 06:11:19.293   704  1947 W ParceledListSlice: Overly large reply size: 137384
10-05 06:11:19.300   704  1947 W ParceledListSlice: Element #55 is 25988 bytes.
10-05 06:11:19.308   704  1964 W ParceledListSlice: Element #79 is 17084 bytes.
10-05 06:11:19.308   704  1964 W ParceledListSlice: Element #80 is 20324 bytes.
10-05 06:11:19.318  1291  1302 I FontLog : (REDACTED) Received query %s, URI %s
10-05 06:11:19.318  1291  1302 I FontLog : (REDACTED) Query [%s] resolved to %s
10-05 06:11:19.320   704  1997 W ParceledListSlice: Element #136 is 21352 bytes.
10-05 06:11:19.321   704  1997 W ParceledListSlice: Element #140 is 89776 bytes.
10-05 06:11:19.321   704  1997 W ParceledListSlice: Overly large reply size: 137384
10-05 06:11:19.330  1291  1302 I FontLog : (REDACTED) Fetch %s end status %s
10-05 06:11:19.363  1291  4166 I FontLog : (REDACTED) Pulling font file for id = %d, cache size = %d
10-05 06:11:19.392  1291  4166 I FontLog : (REDACTED) Received query %s, URI %s
10-05 06:11:19.392  1291  4166 I FontLog : (REDACTED) Query [%s] resolved to %s
10-05 06:11:19.397   704  1947 I RemoteProvisionSysSvc: getRegistration(android.hardware.security.keymint.IRemotelyProvisionedComponent/default)
10-05 06:11:19.398  7229  7326 D CompatChangeReporter: Compat change id reported: 263076149; UID 10219; state: ENABLED
10-05 06:11:19.399  1291  4166 I FontLog : (REDACTED) Font PFD returned from cache for %s
10-05 06:11:19.399  1291  4166 I FontLog : (REDACTED) Fetch %s end status %s
10-05 06:11:19.405   704   704 I RegistrationProxy: onServiceConnected: com.android.rkpdapp.service.RemoteProvisioningService
10-05 06:11:19.420  1291  4166 I FontLog : (REDACTED) Pulling font file for id = %d, cache size = %d
10-05 06:11:19.448   704  1947 I RegistrationProxy: IGetRegistrationCallback.onSuccess
10-05 06:11:19.455   704  1997 I RemoteProvisionSysSvc: Fetching key 10146 for client 109277338
10-05 06:11:19.455   704  1997 I RegistrationProxy: getKeyAsync operation started with callback 56757707
10-05 06:11:19.459  1291  4166 I FontLog : (REDACTED) Received query %s, URI %s
10-05 06:11:19.459  1291  4166 I FontLog : (REDACTED) Query [%s] resolved to %s
10-05 06:11:19.460  4712  7384 I RkpdRegistrationBinder: Key requested for : android.hardware.security.keymint.IRemotelyProvisionedComponent/default, clientUid: 1017, keyId: 10146, callback: 231668321
10-05 06:11:19.460  1291  4166 I FontLog : (REDACTED) Font PFD returned from cache for %s
10-05 06:11:19.460  1291  4166 I FontLog : (REDACTED) Fetch %s end status %s
10-05 06:11:19.481  4712  7384 I RkpdRegistrationBinder: Key successfully assigned to client
10-05 06:11:19.482  1291  4166 I FontLog : (REDACTED) Pulling font file for id = %d, cache size = %d
10-05 06:11:19.484   704   704 I RemoteProvisionSysSvc: Successfully fetched key for client 109277338
10-05 06:11:19.509  1291  4166 I FontLog : (REDACTED) Received query %s, URI %s
10-05 06:11:19.511  1291  4166 I FontLog : (REDACTED) Query [%s] resolved to %s
10-05 06:11:19.517  1291  4166 I FontLog : (REDACTED) Font PFD returned from cache for %s
10-05 06:11:19.517  1291  4166 I FontLog : (REDACTED) Fetch %s end status %s
10-05 06:11:19.528  1291  1302 I FontLog : (REDACTED) Pulling font file for id = %d, cache size = %d
10-05 06:11:19.542   270   270 D SoftKeymaster: system/keymaster/km_openssl/certificate_utils.cpp, Line 148: Using TAG_CERTIFICATE_NOT_BEFORE: 0
10-05 06:11:19.542   270   270 D SoftKeymaster: system/keymaster/km_openssl/certificate_utils.cpp, Line 154: Using TAG_CERTIFICATE_NOT_AFTER: 2461449600000
10-05 06:11:19.542   270   270 D SoftKeymaster: system/keymaster/km_openssl/certificate_utils.cpp, Line 159: Got certificate date params:  NotBefore = 0, NotAfter = 2461449600000
10-05 06:11:19.542   270   270 D SoftKeymaster: system/keymaster/km_openssl/certificate_utils.cpp, Line 273: Setting notBefore to 0
10-05 06:11:19.542   270   270 D SoftKeymaster: system/keymaster/km_openssl/certificate_utils.cpp, Line 282: Setting notAfter to 2461449600
10-05 06:11:19.560  1291  1291 D BoundBrokerSvc: onRebind: Intent { act=com.google.android.gms.libs.gmscorelogger.service.START dat=chimera-action:/... xflg=0x4 cmp=com.google.android.gms/.chimera.PersistentDirectBootAwareApiService }
10-05 06:11:19.581  2233  7380 I Finsky  : [222] Integrity key attestation record generated successfully.
10-05 06:11:19.647   704  1964 I RemoteProvisionSysSvc: getRegistration(android.hardware.security.keymint.IRemotelyProvisionedComponent/default)
10-05 06:11:19.649   704   704 I RegistrationProxy: onServiceConnected: com.android.rkpdapp.service.RemoteProvisioningService
10-05 06:11:19.653   704  1997 I RegistrationProxy: IGetRegistrationCallback.onSuccess
10-05 06:11:19.655   704  1947 I RemoteProvisionSysSvc: Fetching key 10147 for client 211825214
10-05 06:11:19.655   704  1947 I RegistrationProxy: getKeyAsync operation started with callback 158890143
10-05 06:11:19.656  4712  7388 I RkpdRegistrationBinder: Key requested for : android.hardware.security.keymint.IRemotelyProvisionedComponent/default, clientUid: 1017, keyId: 10147, callback: 194472564
10-05 06:11:19.657  4712  7388 I RkpdRegistrationBinder: Key successfully assigned to client
10-05 06:11:19.658   704   704 I RemoteProvisionSysSvc: Successfully fetched key for client 211825214
10-05 06:11:19.661   270   270 D SoftKeymaster: system/keymaster/km_openssl/certificate_utils.cpp, Line 148: Using TAG_CERTIFICATE_NOT_BEFORE: 0
10-05 06:11:19.661   270   270 D SoftKeymaster: system/keymaster/km_openssl/certificate_utils.cpp, Line 154: Using TAG_CERTIFICATE_NOT_AFTER: 2461449600000
10-05 06:11:19.662   270   270 D SoftKeymaster: system/keymaster/km_openssl/certificate_utils.cpp, Line 159: Got certificate date params:  NotBefore = 0, NotAfter = 2461449600000
10-05 06:11:19.662   270   270 D SoftKeymaster: system/keymaster/km_openssl/certificate_utils.cpp, Line 273: Setting notBefore to 0
10-05 06:11:19.662   270   270 D SoftKeymaster: system/keymaster/km_openssl/certificate_utils.cpp, Line 282: Setting notAfter to 2461449600
10-05 06:11:19.754  7229  7229 I Ads     : JS: The jsLoaded GMSG has been sent (https://googleads.g.doubleclick.net/mads/static/sdk/native/sdk-core-v40.html:990)
10-05 06:11:19.754  7229  7229 I chromium: [INFO:CONSOLE:990] "The jsLoaded GMSG has been sent", source: https://googleads.g.doubleclick.net/mads/static/sdk/native/sdk-core-v40.html (990)
10-05 06:11:19.888   704  1964 V GrammaticalInflectionUtils: AttributionSource: android.content.AttributionSource@f3e01519 does not have READ_SYSTEM_GRAMMATICAL_GENDER permission.
10-05 06:11:19.888   704  1964 W OptProp : Cannot read opt property android.window.PROPERTY_COMPAT_ALLOW_USER_ASPECT_RATIO_OVERRIDE
10-05 06:11:19.889   704  1964 W OptProp : Cannot read opt property android.window.PROPERTY_COMPAT_ALLOW_USER_ASPECT_RATIO_FULLSCREEN_OVERRIDE
10-05 06:11:19.889   704  1964 W OptProp : Cannot read opt property android.window.PROPERTY_COMPAT_ALLOW_RESIZEABLE_ACTIVITY_OVERRIDES
10-05 06:11:19.889   704  1964 W OptProp : Cannot read opt property android.window.PROPERTY_COMPAT_ALLOW_MIN_ASPECT_RATIO_OVERRIDE
10-05 06:11:19.897   704  1964 W OptProp : Cannot read opt property android.window.PROPERTY_COMPAT_ALLOW_ORIENTATION_OVERRIDE
10-05 06:11:19.901   704  1964 I ActivityTaskManager: START u0 {flg=0x10008000 xflg=0x4 cmp=com.follgramer.diamantesproplayersgo/.MainActivity (has extras)} with LAUNCH_SINGLE_TASK from uid 10219 (sr=186473606) (BAL_ALLOW_VISIBLE_WINDOW) result code=0
10-05 06:11:19.903   704  1964 W ActivityTaskManager: Duplicate finish request for r=ActivityRecord{186473606 u0 com.follgramer.diamantesproplayersgo/.SplashActivity t9 f}}
10-05 06:11:19.906   554   573 I BpBinder: onLastStrongRef automatically unlinking death recipients: 
10-05 06:11:19.912   704  1947 W OptProp : Cannot read opt property android.window.PROPERTY_COMPAT_ENABLE_FAKE_FOCUS
10-05 06:11:19.913   704   912 D BackgroundInstallControlService: Package event received: 0
10-05 06:11:19.921   704   912 D BackgroundInstallControlService: Package event received: 0
10-05 06:11:19.922   704   912 D BackgroundInstallControlService: Package event received: 0
10-05 06:11:19.910  2369  2369 W binder:2369_C: type=1400 audit(0.0:312): avc:  denied  { read } for  name="u:object_r:system_adbd_prop:s0" dev="tmpfs" ino=334 scontext=u:r:gmscore_app:s0:c512,c768 tcontext=u:object_r:system_adbd_prop:s0 tclass=file permissive=0 app=com.google.android.gms
10-05 06:11:19.928  2369  7375 W libc    : Access denied finding property "persist.adb.tls_server.enable"
10-05 06:11:19.929   957  1079 V WindowManagerShell: Transition requested (#19): android.os.BinderProxy@28766da TransitionRequestInfo { type = OPEN, triggerTask = TaskInfo{userId=0 taskId=9 effectiveUid=10219 displayId=0 isRunning=true baseIntent=Intent { flg=0x10800000 cmp=com.follgramer.diamantesproplayersgo/.SplashActivity } baseActivity=ComponentInfo{com.follgramer.diamantesproplayersgo/com.follgramer.diamantesproplayersgo.MainActivity} topActivity=ComponentInfo{com.follgramer.diamantesproplayersgo/com.follgramer.diamantesproplayersgo.MainActivity} origActivity=null realActivity=ComponentInfo{com.follgramer.diamantesproplayersgo/com.follgramer.diamantesproplayersgo.SplashActivity} numActivities=1 lastActiveTime=3314147 supportsMultiWindow=true resizeMode=1 isResizeable=true minWidth=-1 minHeight=-1 defaultMinSize=220 token=WCT{android.window.IWindowContainerToken$Stub$Proxy@b99670b} topActivityType=1 pictureInPictureParams=null shouldDockBigOverlays=false launchIntoPipHostTaskId=-1 lastParentTaskIdBeforePip=-1 displayCutoutSafeInsets=Rect(0, 0 - 0, 0) topActivityInfo=ActivityInfo{b3869e8 com.follgramer.diamantesproplayersgo.MainActivity} launchCookies=[] positionInParent=Point(0, 0) parentTaskId=-1 isFocused=true isVisible=true isVisibleRequested=false isTopActivityNoDisplay=false isSleeping=false locusId=null displayAreaFeatureId=1 isTopActivityTransparent=false isActivityStackTransparent=false lastNonFullscreenBounds=Rect(284, 660 - 796, 1740) capturedLink=null capturedLinkTimestamp=0 requestedVisibleTypes=-9 topActivityRequestOpenInBrowserEducationTimestamp=0 appCompatTaskInfo=AppCompatTaskInfo { topActivityInSizeCompat=false eligibleForLetterboxEducation= false isLetterboxEducationEnabled= true isLetterboxDoubleTapEnabled= false eligibleForUserAspectRatioButton= false topActivityBoundsLetterboxed= false isFromLetterboxDoubleTap= false topActivityLetterboxVerticalPosition= -1 topActivityLetterboxHorizontalPosition= -1 topActivityLetterboxWidth=-1 topActivityLetterboxHeight=-1 topActivityAppBounds=Rect(0, 0 - 1080, 2337) isUserFullscreenOverrideEnabled=false isSystemFullscreenOverrideEnabled=false hasMinAspectRatioOverride=false topActivityLetterboxBounds=null cameraCompatTaskInfo=CameraCompatTaskInfo { freeformCameraCompatMode=inactive}} topActivityMainWindowFrame=null}, pipChange = null, remoteTransition = null, displayChange = null, flags = 0, debugId = 19 }
10-05 06:11:19.930  7229  7229 I tesproplayersgo: AssetManager2(0x71a0bf6d0cf8) locale list changing from [] to [en-US]
10-05 06:11:19.936   957  1079 D ShellSplitScreen: logExit: no-op, mLoggerSessionId is null
10-05 06:11:19.948   554   554 I BpBinder: onLastStrongRef automatically unlinking death recipients: 
10-05 06:11:19.953   957  1181 I ndroid.systemui: AssetManager2(0x71a0bf6d6ab8) locale list changing from [] to [en-US]
10-05 06:11:19.975  7229  7229 I tesproplayersgo: AssetManager2(0x71a0bf6d7418) locale list changing from [] to [en-US]
10-05 06:11:19.985  7229  7229 D MainActivity: === INICIANDO MAINACTIVITY ===
10-05 06:11:19.985  7229  7229 D MainActivity: Build Type: DEBUG
10-05 06:11:19.985  7229  7229 D MainActivity: Consent Completed: true
10-05 06:11:19.985  7229  7229 D MainActivity: AdMob Initialized: true
10-05 06:11:20.052   957  2474 V WindowManagerShell: onTransitionReady(transaction=3023656977045)
10-05 06:11:20.056   957  1079 V WindowManagerShell: onTransitionReady (#19) android.os.BinderProxy@28766da: {id=19 t=OPEN f=0x0 trk=0 r=[0@Point(0, 0)] c=[
10-05 06:11:20.056   957  1079 V WindowManagerShell:         {m=OPEN f=FILLS_TASK|IS_BEHIND_STARTING_WINDOW leash=Surface(name=ActivityRecord{124335178 u0 com.follgramer.diamantesproplayersgo/.MainActivity)/@0x3f86cf5 sb=Rect(0, 0 - 0, 0) eb=Rect(0, 0 - 1080, 2400) epz=Point(1080, 2400) d=-1->0 r=-1->0:-1 bc=fffef7ff component=com.follgramer.diamantesproplayersgo/.MainActivity},
10-05 06:11:20.056   957  1079 V WindowManagerShell:         {m=CLOSE f=FILLS_TASK|IS_BEHIND_STARTING_WINDOW leash=Surface(name=ActivityRecord{186473606 u0 com.follgramer.diamantesproplayersgo/.SplashActivity)/@0xc773a8a sb=Rect(0, 0 - 1080, 2400) eb=Rect(0, 0 - 1080, 2400) epz=Point(1080, 2400) d=0 bc=fffef7ff component=com.follgramer.diamantesproplayersgo/.SplashActivity}
10-05 06:11:20.056   957  1079 V WindowManagerShell:     ]}
10-05 06:11:20.057   957  1079 V WindowManagerShell: Playing animation for (#19) android.os.BinderProxy@28766da@0
10-05 06:11:20.062   957  1079 V ShellRecents: RecentsTransitionHandler.startAnimation: no controller found
10-05 06:11:20.063   957  1079 V WindowManagerShell: Transition doesn't have explicit remote, search filters for match for {id=19 t=OPEN f=0x0 trk=0 r=[0@Point(0, 0)] c=[{m=OPEN f=FILLS_TASK|IS_BEHIND_STARTING_WINDOW leash=Surface(name=ActivityRecord{124335178 u0 com.follgramer.diamantesproplayersgo/.MainActivity)/@0x3f86cf5 sb=Rect(0, 0 - 0, 0) eb=Rect(0, 0 - 1080, 2400) epz=Point(1080, 2400) d=-1->0 r=-1->0:-1 bc=fffef7ff component=com.follgramer.diamantesproplayersgo/.MainActivity},{m=CLOSE f=FILLS_TASK|IS_BEHIND_STARTING_WINDOW leash=Surface(name=ActivityRecord{186473606 u0 com.follgramer.diamantesproplayersgo/.SplashActivity)/@0xc773a8a sb=Rect(0, 0 - 1080, 2400) eb=Rect(0, 0 - 1080, 2400) epz=Point(1080, 2400) d=0 bc=fffef7ff component=com.follgramer.diamantesproplayersgo/.SplashActivity}]}
10-05 06:11:20.065   957  1079 V WindowManagerShell:  Checking filter Pair{{types=[] flags=0x0] notFlags=0x0 checks=[{atype=undefined independent=true modes=[CLOSE,TO_BACK] flags=IN_TASK_WITH_EMBEDDED_ACTIVITY mustBeTask=false order=ANY topActivity=null launchCookie=null taskFragmentToken=android.os.BinderProxy@e3ddefe windowingMode=undefined}]} RemoteTransition { remoteTransition = android.window.IRemoteTransition$Stub$Proxy@bd865f, appThread = android.app.IApplicationThread$Stub$Proxy@c1d58ac, debugName = overlayBackTransition }}
10-05 06:11:20.066   957  1079 V WindowManagerShell:  Checking filter Pair{{types=[] flags=0x0] notFlags=0x0 checks=[{atype=dream independent=true modes=[OPEN,TO_FRONT] flags=NONE mustBeTask=false order=ANY topActivity=null launchCookie=null windowingMode=undefined},{atype=home independent=true modes=[CLOSE,TO_BACK] flags=NONE mustBeTask=false order=ANY topActivity=null launchCookie=null windowingMode=undefined}]} RemoteTransition { remoteTransition = android.window.IRemoteTransition$Stub$Proxy@a8b5975, appThread = android.app.IApplicationThread$Stub$Proxy@814ed0a, debugName = LauncherToDream }}
10-05 06:11:20.067   957  1079 V WindowManagerShell:  Checking filter Pair{{types=[] flags=0x0] notFlags=0x100 checks=[{atype=home independent=true modes=[OPEN,TO_FRONT] flags=NONE mustBeTask=false order=TOP topActivity=ComponentInfo{com.google.android.apps.nexuslauncher/com.google.android.apps.nexuslauncher.NexusLauncherActivity} launchCookie=null windowingMode=undefined},{atype=standard independent=true modes=[CLOSE,TO_BACK] flags=NONE mustBeTask=false order=ANY topActivity=null launchCookie=null windowingMode=undefined},{NOT atype=undefined independent=true modes=[] flags=NONE mustBeTask=true order=ANY topActivity=null launchCookie=null customAnim=true windowingMode=undefined}]} RemoteTransition { remoteTransition = android.window.IRemoteTransition$Stub$Proxy@de297b, appThread = android.app.IApplicationThread$Stub$Proxy@f5d5398, debugName = QuickstepLaunchHome }}
10-05 06:11:20.067   957  1079 V WindowManagerShell:  Delegate animation for (#19) to null
10-05 06:11:20.068   957  1079 V WindowManagerShell: start default transition animation, info = {id=19 t=OPEN f=0x0 trk=0 r=[0@Point(0, 0)] c=[{m=OPEN f=FILLS_TASK|IS_BEHIND_STARTING_WINDOW leash=Surface(name=ActivityRecord{124335178 u0 com.follgramer.diamantesproplayersgo/.MainActivity)/@0x3f86cf5 sb=Rect(0, 0 - 0, 0) eb=Rect(0, 0 - 1080, 2400) epz=Point(1080, 2400) d=-1->0 r=-1->0:-1 bc=fffef7ff component=com.follgramer.diamantesproplayersgo/.MainActivity},{m=CLOSE f=FILLS_TASK|IS_BEHIND_STARTING_WINDOW leash=Surface(name=ActivityRecord{186473606 u0 com.follgramer.diamantesproplayersgo/.SplashActivity)/@0xc773a8a sb=Rect(0, 0 - 1080, 2400) eb=Rect(0, 0 - 1080, 2400) epz=Point(1080, 2400) d=0 bc=fffef7ff component=com.follgramer.diamantesproplayersgo/.SplashActivity}]}
10-05 06:11:20.071   957  1079 V WindowManagerShell: loadAnimation: anim=android.view.animation.AnimationSet@d5459d7 animAttr=0x5 type=OPEN isEntrance=false
10-05 06:11:20.072   957  1079 V WindowManagerShell: loadAnimation: anim=android.view.animation.AnimationSet@39c90e2 animAttr=0x4 type=OPEN isEntrance=true
10-05 06:11:20.076   704   728 V WindowManager: Sent Transition (#19) createdAt=10-05 06:11:19.889 via request=TransitionRequestInfo { type = OPEN, triggerTask = TaskInfo{userId=0 taskId=9 effectiveUid=10219 displayId=0 isRunning=true baseIntent=Intent { flg=0x10800000 cmp=com.follgramer.diamantesproplayersgo/.SplashActivity } baseActivity=ComponentInfo{com.follgramer.diamantesproplayersgo/com.follgramer.diamantesproplayersgo.MainActivity} topActivity=ComponentInfo{com.follgramer.diamantesproplayersgo/com.follgramer.diamantesproplayersgo.MainActivity} origActivity=null realActivity=ComponentInfo{com.follgramer.diamantesproplayersgo/com.follgramer.diamantesproplayersgo.SplashActivity} numActivities=1 lastActiveTime=3314147 supportsMultiWindow=true resizeMode=1 isResizeable=true minWidth=-1 minHeight=-1 defaultMinSize=220 token=WCT{RemoteToken{2a6218 Task{3556947 #9 type=standard A=10219:com.follgramer.diamantesproplayersgo}}} topActivityType=1 pictureInPictureParams=null shouldDockBigOverlays=false launchIntoPipHostTaskId=-1 lastParentTaskIdBeforePip=-1 displayCutoutSafeInsets=Rect(0, 0 - 0, 0) topActivityInfo=ActivityInfo{7729ef0 com.follgramer.diamantesproplayersgo.MainActivity} launchCookies=[] positionInParent=Point(0, 0) parentTaskId=-1 isFocused=true isVisible=true isVisibleRequested=false isTopActivityNoDisplay=false isSleeping=false locusId=null displayAreaFeatureId=1 isTopActivityTransparent=false isActivityStackTransparent=false lastNonFullscreenBounds=Rect(284, 660 - 796, 1740) capturedLink=null capturedLinkTimestamp=0 requestedVisibleTypes=-9 topActivityRequestOpenInBrowserEducationTimestamp=0 appCompatTaskInfo=AppCompatTaskInfo { topActivityInSizeCompat=false eligibleForLetterboxEducation= false isLetterboxEducationEnabled= true isLetterboxDoubleTapEnabled= false eligibleForUserAspectRatioButton= false topActivityBoundsLetterboxed= false isFromLetterboxDoubleTap= false topActivityLetterboxVerticalPosition= -1 topActivityLetterboxHorizontalPosition= -1 topActivityLetterboxWidth=-1 topActivityLetterboxHeight=-1 topActivityAppBounds=Rect(0, 0 - 1080, 2337) isUserFullscreenOverrideEnabled=false isSystemFullscreenOverrideEnabled=false hasMinAspectRatioOverride=false topActivityLetterboxBounds=null cameraCompatTaskInfo=CameraCompatTaskInfo { freeformCameraCompatMode=inactive}} topActivityMainWindowFrame=null}, pipChange = null, remoteTransition = null, displayChange = null, flags = 0, debugId = 19 }
10-05 06:11:20.081   704   728 V WindowManager:     startWCT=WindowContainerTransaction { changes= {} hops= [] errorCallbackToken=null taskFragmentOrganizer=null }
10-05 06:11:20.081   704   728 V WindowManager:     info={id=19 t=OPEN f=0x0 trk=0 r=[0@Point(0, 0)] c=[
10-05 06:11:20.081   704   728 V WindowManager:         {m=OPEN f=FILLS_TASK|IS_BEHIND_STARTING_WINDOW leash=Surface(name=ActivityRecord{124335178 u0 com.follgramer.diamantesproplayersgo/.MainActivity)/@0x101666d sb=Rect(0, 0 - 0, 0) eb=Rect(0, 0 - 1080, 2400) epz=Point(1080, 2400) d=-1->0 r=-1->0:-1 bc=fffef7ff component=com.follgramer.diamantesproplayersgo/.MainActivity},
10-05 06:11:20.081   704   728 V WindowManager:         {m=CLOSE f=FILLS_TASK|IS_BEHIND_STARTING_WINDOW leash=Surface(name=ActivityRecord{186473606 u0 com.follgramer.diamantesproplayersgo/.SplashActivity)/@0x5d01e84 sb=Rect(0, 0 - 1080, 2400) eb=Rect(0, 0 - 1080, 2400) epz=Point(1080, 2400) d=0 bc=fffef7ff component=com.follgramer.diamantesproplayersgo/.SplashActivity}
10-05 06:11:20.081   704   728 V WindowManager:     ]}
10-05 06:11:20.083   957  1079 V WindowManagerShell:  animated by com.android.wm.shell.transition.DefaultTransitionHandler@8ae066e
10-05 06:11:20.138  2369  7375 W SystemServiceRegistry: No service published for: persistent_data_block
10-05 06:11:20.268  2369  7375 I EGL_emulation: Opening libGLESv1_CM_emulation.so
10-05 06:11:20.269  2369  7375 I EGL_emulation: Opening libGLESv2_emulation.so
10-05 06:11:20.303  7229  7229 I tesproplayersgo: AssetManager2(0x71a0bf6dde58) locale list changing from [] to [en-US]
10-05 06:11:20.305   704  1947 D FileUtils: Rounded bytes from 2067259392 to 4000000000
10-05 06:11:20.307  7229  7229 D MainActivity: Inicializando sistemas críticos...
10-05 06:11:20.308  7229  7229 D AUDIO_SETUP: AudioManager configured correctly
10-05 06:11:20.308  7229  7229 D MainActivity: ✅ AdMob correctamente inicializado desde SplashActivity
10-05 06:11:20.325  2233  3121 D DGInternalHandle: maybeAddInteractionEvents(): The EventCollector is not initialized. This means that the client hasn't intended to collect any interaction events so far.
10-05 06:11:20.405  7229  7229 D FIREBASE_SETUP: Firebase configured correctly
10-05 06:11:20.441  7229  7229 D NotificationEventBus: Listener desuscrito. Total: 0
10-05 06:11:20.441  7229  7229 D NotificationEventBus: Listener suscrito. Total: 1
10-05 06:11:20.452   704  1964 I AppsFilter: interaction: PackageSetting{d225171 com.follgramer.diamantesproplayersgo/10219} -> PackageSetting{1a08d16 com.google.android.apps.nexuslauncher/10182} BLOCKED
10-05 06:11:20.458  7229  7229 D MainActivity: Badge updated: 0
10-05 06:11:20.511  7229  7234 I tesproplayersgo: Compiler allocated 5042KB to compile void android.view.ViewRootImpl.performTraversals()
10-05 06:11:20.551   957  1079 V WindowManagerShell: Transition animation finished (aborted=false), notifying core (#19) android.os.BinderProxy@28766da@0
10-05 06:11:20.552   704   728 V WindowManager: Finish Transition (#19): created at 10-05 06:11:19.889 collect-started=0.044ms request-sent=10.321ms started=47.306ms ready=47.287ms sent=158.39ms commit=51.999ms finished=662.277ms
10-05 06:11:20.555   957  1079 V WindowManagerShell: Track 0 became idle
10-05 06:11:20.555   957  1079 V WindowManagerShell: All active transition animations finished
10-05 06:11:20.617  2233  2602 I Finsky  : [57] requestIntegrityToken() finished for com.follgramer.diamantesproplayersgo.
10-05 06:11:20.625  7229  7240 I PlayCore: UID: [10219]  PID: [7229] OnRequestIntegrityTokenCallback : onRequestIntegrityToken
10-05 06:11:20.626  7229  7306 I PlayCore: UID: [10219]  PID: [7229] IntegrityService : Unbind from service.
10-05 06:11:20.696  7229  7229 D SessionManager: Player ID obtenido: No configurado
10-05 06:11:20.698  7229  7229 D SessionManager: SessionManager inicializado
10-05 06:11:20.704  7229  7229 D SessionManager: Validación de datos completada
10-05 06:11:20.705  7229  7229 D SessionManager: Player ID obtenido: No configurado
10-05 06:11:20.706  7229  7229 D SessionManager: Giros obtenidos: 10
10-05 06:11:20.706  7229  7229 D SessionManager: Estado actual - Player ID: No configurado, Giros: 10
10-05 06:11:20.746  7229  7229 E DEVICE_ID: ==========================================
10-05 06:11:20.746  7229  7229 E DEVICE_ID: ID de Dispositivo de Prueba (AdMob): F9C1540151B5789BE4ADD3DF55FA783D
10-05 06:11:20.746  7229  7229 E DEVICE_ID: ⚠ SOLO PARA DEBUG - En RELEASE no aparecerá
10-05 06:11:20.746  7229  7229 E DEVICE_ID: ==========================================
10-05 06:11:20.746  7229  7229 D MainActivity: Sistemas críticos inicializados correctamente
10-05 06:11:20.750  7229  7229 D MainActivity: Badge updated: 0
10-05 06:11:20.753  7229  7229 D MainActivity: onResume - Verificando estado
10-05 06:11:20.754  7229  7229 D SessionManager: Giros obtenidos: 10
10-05 06:11:20.755  7229  7229 D SessionManager: Giros obtenidos: 10
10-05 06:11:20.758  7229  7229 D MainActivity: Badge updated: 0
10-05 06:11:20.759  7229  7229 D MainActivity: Resumiendo banners...
10-05 06:11:20.761  7229  7229 D BannerHelper: ▶️ 0 banners resumidos
10-05 06:11:20.761  7229  7229 D MainActivity: 📬 Unread notifications: 0
10-05 06:11:20.790  7229  7229 D StrictMode: StrictMode policy violation; ~duration=447 ms: android.os.strictmode.DiskReadViolation
10-05 06:11:20.790  7229  7229 D StrictMode: 	at android.os.StrictMode$AndroidBlockGuardPolicy.onReadFromDisk(StrictMode.java:1728)
10-05 06:11:20.790  7229  7229 D StrictMode: 	at libcore.io.BlockGuardOs.open(BlockGuardOs.java:269)
10-05 06:11:20.790  7229  7229 D StrictMode: 	at libcore.io.ForwardingOs.open(ForwardingOs.java:568)
10-05 06:11:20.790  7229  7229 D StrictMode: 	at android.app.ActivityThread$AndroidOs.open(ActivityThread.java:8953)
10-05 06:11:20.790  7229  7229 D StrictMode: 	at libcore.io.IoBridge.open(IoBridge.java:560)
10-05 06:11:20.790  7229  7229 D StrictMode: 	at java.io.RandomAccessFile.<init>(RandomAccessFile.java:307)
10-05 06:11:20.790  7229  7229 D StrictMode: 	at java.util.zip.ZipFile$Source.<init>(ZipFile.java:1458)
10-05 06:11:20.790  7229  7229 D StrictMode: 	at java.util.zip.ZipFile$Source.get(ZipFile.java:1414)
10-05 06:11:20.790  7229  7229 D StrictMode: 	at java.util.zip.ZipFile$CleanableResource.<init>(ZipFile.java:783)
10-05 06:11:20.790  7229  7229 D StrictMode: 	at java.util.zip.ZipFile.<init>(ZipFile.java:285)
10-05 06:11:20.790  7229  7229 D StrictMode: 	at java.util.zip.ZipFile.<init>(ZipFile.java:247)
10-05 06:11:20.790  7229  7229 D StrictMode: 	at java.util.jar.JarFile.<init>(JarFile.java:183)
10-05 06:11:20.790  7229  7229 D StrictMode: 	at java.util.jar.JarFile.<init>(JarFile.java:176)
10-05 06:11:20.790  7229  7229 D StrictMode: 	at libcore.io.ClassPathURLStreamHandler.<init>(ClassPathURLStreamHandler.java:52)
10-05 06:11:20.790  7229  7229 D StrictMode: 	at dalvik.system.DexPathList$Element.maybeInit(DexPathList.java:752)
10-05 06:11:20.790  7229  7229 D StrictMode: 	at dalvik.system.DexPathList$Element.findResource(DexPathList.java:780)
10-05 06:11:20.790  7229  7229 D StrictMode: 	at dalvik.system.DexPathList.findResource(DexPathList.java:554)
10-05 06:11:20.790  7229  7229 D StrictMode: 	at dalvik.system.BaseDexClassLoader.findResource(BaseDexClassLoader.java:313)
10-05 06:11:20.790  7229  7229 D StrictMode: 	at java.lang.ClassLoader.getResource(ClassLoader.java:1390)
10-05 06:11:20.790  7229  7229 D StrictMode: 	at java.lang.ClassLoader.getResourceAsStream(ClassLoader.java:1704)
10-05 06:11:20.790  7229  7229 D StrictMode: 	at java.lang.Class.getResourceAsStream(Class.java:3118)
10-05 06:11:20.790  7229  7229 D StrictMode: 	at com.google.android.gms.common.internal.LibraryVersion.getVersion(com.google.android.gms:play-services-basement@@18.3.0:6)
10-05 06:11:20.790  7229  7229 D StrictMode: 	at com.google.android.gms.internal.firebase-auth-api.zzact.zza(com.google.firebase:firebase-auth@@23.0.0:17)
10-05 06:11:20.790  7229  7229 D StrictMode: 	at com.google.android.gms.internal.firebase-auth-api.zzaci.<init>(com.google.firebase:firebase-auth@@23.0.0:6)
10-05 06:11:20.790  7229  7229 D StrictMode: 	at com.google.android.gms.internal.firebase-auth-api.zzaak.<init>(com.google.firebase:firebase-auth@@23.0.0:292)
10-05 06:11:20.790  7229  7229 D StrictMode: 	at com.google.firebase.auth.FirebaseAuth.<init>(com.google.firebase:firebase-auth@@23.0.0:318)
10-05 06:11:20.790  7229  7229 D StrictMode: 	at com.google.firebase.auth.internal.zzaa.<init>(com.google.firebase:firebase-auth@@23.0.0:1)
10-05 06:11:20.790  7229  7229 D StrictMode: 	at com.google.firebase.auth.FirebaseAuthRegistrar.lambda$getComponents$0(com.google.firebase:firebase-auth@@23.0.0:11)
10-05 06:11:20.790  7229  7229 D StrictMode: 	at com.google.firebase.auth.zzag.create(Unknown Source:11)
10-05 06:11:20.790  7229  7229 D StrictMode: 	at com.google.firebase.components.ComponentRuntime.lambda$discoverComponents$0$com-google-firebase-components-ComponentRuntime(ComponentRuntime.java:160)
10-05 06:11:20.790  7229  7229 D StrictMode: 	at com.google.firebase.components.ComponentRuntime$$ExternalSyntheticLambda2.get(D8$$SyntheticClass:0)
10-05 06:11:20.790  7229  7229 D StrictMode: 	at com.google.firebase.components.Lazy.get(Lazy.java:53)
10-05 06:11:20.790  7229  7229 D StrictMode: 	at com.google.firebase.database.android.AndroidAuthTokenProvider.lambda$new$0$com-google-firebase-database-android-AndroidAuthTokenProvider(AndroidAuthTokenProvider.java:37)
10-05 06:11:20.790  7229  7229 D StrictMode: 	at com.google.firebase.database.android.AndroidAuthTokenProvider$$ExternalSyntheticLambda1.handle(D8$$SyntheticClass:0)
10-05 06:11:20.790  7229  7229 D StrictMode: 	at com.google.firebase.components.OptionalProvider.whenAvailable(OptionalProvider.java:77)
10-05 06:11:20.790  7229  7229 D StrictMode: 	at com.google.firebase.database.android.AndroidAuthTokenProvider.<init>(AndroidAuthTokenProvider.java:37)
10-05 06:11:20.790  7229  7229 D StrictMode: 	at com.google.firebase.database.FirebaseDatabaseComponent.<init>(FirebaseDatabaseComponent.java:49)
10-05 06:11:20.790  7229  7229 D StrictMode: 	at com.google.firebase.database.DatabaseRegistrar.lambda$getComponents$0(DatabaseRegistrar.java:48)
10-05 06:11:20.790  7229  7229 D StrictMode: 	at com.google.firebase.database.DatabaseRegistrar$$ExternalSyntheticLambda0.create(D8$$SyntheticClass:0)
10-05 06:11:20.790  7229  7229 D StrictMode: 	at com.google.firebase.tracing.ComponentMonitor.lambda$processRegistrar$0(ComponentMonitor.java:38)
10-05 06:11:20.790  7229  7229 D StrictMode: 	at com.google.firebase.tracing.ComponentMonitor$$ExternalSyntheticLambda0.create(D8$$SyntheticClass:0)
10-05 06:11:20.790  7229  7229 D StrictMode: 	at com.google.firebase.components.ComponentRuntime.lambda$discoverComponents$0$com-google-firebase-components-ComponentRuntime(ComponentRuntime.java:160)
10-05 06:11:20.790  7229  7229 D StrictMode: 	at com.google.firebase.components.ComponentRuntime$$ExternalSyntheticLambda2.get(D8$$SyntheticClass:0)
10-05 06:11:20.790  7229  7229 D StrictMode: 	at com.google.firebase.components.Lazy.get(Lazy.java:53)
10-05 06:11:20.790  7229  7229 D StrictMode: 	at com.google.firebase.components.ComponentContainer.get(ComponentContainer.java:48)
10-05 06:11:20.790  7229  7229 D StrictMode: 	at com.google.firebase.components.ComponentContainer.get(ComponentContainer.java:24)
10-05 06:11:20.790  7229  7229 D StrictMode: 	at com.google.firebase.FirebaseApp.get(FirebaseApp.java:333)
10-05 06:11:20.790  7229  7229 D StrictMode: 	at com.google.firebase.database.FirebaseDatabase.getInstance(FirebaseDatabase.java:115)
10-05 06:11:20.790  7229  7229 D StrictMode: 	at com.google.firebase.database.FirebaseDatabase.getInstance(FirebaseDatabase.java:75)
10-05 06:11:20.790  7229  7229 D StrictMode: 	at com.follgramer.diamantesproplayersgo.MainActivity.setupFirebase(MainActivity.kt:696)
10-05 06:11:20.790  7229  7229 D StrictMode: 	at com.follgramer.diamantesproplayersgo.MainActivity.initializeCriticalSystems(MainActivity.kt:211)
10-05 06:11:20.790  7229  7229 D StrictMode: 	at com.follgramer.diamantesproplayersgo.MainActivity.onCreate(MainActivity.kt:162)
10-05 06:11:20.790  7229  7229 D StrictMode: 	at android.app.Activity.performCreate(Activity.java:9155)
10-05 06:11:20.790  7229  7229 D StrictMode: 	at android.app.Activity.performCreate(Activity.java:9133)
10-05 06:11:20.790  7229  7229 D StrictMode: 	at android.app.Instrumentation.callActivityOnCreate(Instrumentation.java:1521)
10-05 06:11:20.790  7229  7229 D StrictMode: 	at android.app.ActivityThread.performLaunchActivity(ActivityThread.java:4262)
10-05 06:11:20.790  7229  7229 D StrictMode: 	at android.app.ActivityThread.handleLaunchActivity(ActivityThread.java:4467)
10-05 06:11:20.790  7229  7229 D StrictMode: 	at android.app.servertransaction.LaunchActivityItem.execute(LaunchActivityItem.java:222)
10-05 06:11:20.790  7229  7229 D StrictMode: 	at android.app.servertransaction.TransactionExecutor.executeNonLifecycleItem(TransactionExecutor.java:133)
10-05 06:11:20.790  7229  7229 D StrictMode: 	at android.app.servertransaction.TransactionExecutor.executeTransactionItems(TransactionExecutor.java:103)
10-05 06:11:20.790  7229  7229 D StrictMode: 	at android.app.servertransaction.TransactionExecutor.execute(TransactionExecutor.java:80)
10-05 06:11:20.790  7229  7229 D StrictMode: 	at android.app.ActivityThread$H.handleMessage(ActivityThread.java:2823)
10-05 06:11:20.790  7229  7229 D StrictMode: 	at android.os.Handler.dispatchMessage(Handler.java:110)
10-05 06:11:20.790  7229  7229 D StrictMode: 	at android.os.Looper.loopOnce(Looper.java:248)
10-05 06:11:20.790  7229  7229 D StrictMode: 	at android.os.Looper.loop(Looper.java:338)
10-05 06:11:20.790  7229  7229 D StrictMode: 	at android.app.ActivityThread.main(ActivityThread.java:9067)
10-05 06:11:20.790  7229  7229 D StrictMode: 	at java.lang.reflect.Method.invoke(Native Method)
10-05 06:11:20.790  7229  7229 D StrictMode: 	at com.android.internal.os.RuntimeInit$MethodAndArgsCaller.run(RuntimeInit.java:593)
10-05 06:11:20.790  7229  7229 D StrictMode: 	at com.android.internal.os.ZygoteInit.main(ZygoteInit.java:932)
10-05 06:11:20.792  7229  7229 D StrictMode: StrictMode policy violation; ~duration=447 ms: android.os.strictmode.DiskReadViolation
10-05 06:11:20.792  7229  7229 D StrictMode: 	at android.os.StrictMode$AndroidBlockGuardPolicy.onReadFromDisk(StrictMode.java:1728)
10-05 06:11:20.792  7229  7229 D StrictMode: 	at libcore.io.BlockGuardOs.fstat(BlockGuardOs.java:194)
10-05 06:11:20.792  7229  7229 D StrictMode: 	at libcore.io.ForwardingOs.fstat(ForwardingOs.java:261)
10-05 06:11:20.792  7229  7229 D StrictMode: 	at libcore.io.IoBridge.open(IoBridge.java:563)
10-05 06:11:20.792  7229  7229 D StrictMode: 	at java.io.RandomAccessFile.<init>(RandomAccessFile.java:307)
10-05 06:11:20.792  7229  7229 D StrictMode: 	at java.util.zip.ZipFile$Source.<init>(ZipFile.java:1458)
10-05 06:11:20.792  7229  7229 D StrictMode: 	at java.util.zip.ZipFile$Source.get(ZipFile.java:1414)
10-05 06:11:20.792  7229  7229 D StrictMode: 	at java.util.zip.ZipFile$CleanableResource.<init>(ZipFile.java:783)
10-05 06:11:20.792  7229  7229 D StrictMode: 	at java.util.zip.ZipFile.<init>(ZipFile.java:285)
10-05 06:11:20.792  7229  7229 D StrictMode: 	at java.util.zip.ZipFile.<init>(ZipFile.java:247)
10-05 06:11:20.792  7229  7229 D StrictMode: 	at java.util.jar.JarFile.<init>(JarFile.java:183)
10-05 06:11:20.792  7229  7229 D StrictMode: 	at java.util.jar.JarFile.<init>(JarFile.java:176)
10-05 06:11:20.792  7229  7229 D StrictMode: 	at libcore.io.ClassPathURLStreamHandler.<init>(ClassPathURLStreamHandler.java:52)
10-05 06:11:20.792  7229  7229 D StrictMode: 	at dalvik.system.DexPathList$Element.maybeInit(DexPathList.java:752)
10-05 06:11:20.792  7229  7229 D StrictMode: 	at dalvik.system.DexPathList$Element.findResource(DexPathList.java:780)
10-05 06:11:20.792  7229  7229 D StrictMode: 	at dalvik.system.DexPathList.findResource(DexPathList.java:554)
10-05 06:11:20.792  7229  7229 D StrictMode: 	at dalvik.system.BaseDexClassLoader.findResource(BaseDexClassLoader.java:313)
10-05 06:11:20.792  7229  7229 D StrictMode: 	at java.lang.ClassLoader.getResource(ClassLoader.java:1390)
10-05 06:11:20.792  7229  7229 D StrictMode: 	at java.lang.ClassLoader.getResourceAsStream(ClassLoader.java:1704)
10-05 06:11:20.792  7229  7229 D StrictMode: 	at java.lang.Class.getResourceAsStream(Class.java:3118)
10-05 06:11:20.792  7229  7229 D StrictMode: 	at com.google.android.gms.common.internal.LibraryVersion.getVersion(com.google.android.gms:play-services-basement@@18.3.0:6)
10-05 06:11:20.792  7229  7229 D StrictMode: 	at com.google.android.gms.internal.firebase-auth-api.zzact.zza(com.google.firebase:firebase-auth@@23.0.0:17)
10-05 06:11:20.792  7229  7229 D StrictMode: 	at com.google.android.gms.internal.firebase-auth-api.zzaci.<init>(com.google.firebase:firebase-auth@@23.0.0:6)
10-05 06:11:20.792  7229  7229 D StrictMode: 	at com.google.android.gms.internal.firebase-auth-api.zzaak.<init>(com.google.firebase:firebase-auth@@23.0.0:292)
10-05 06:11:20.792  7229  7229 D StrictMode: 	at com.google.firebase.auth.FirebaseAuth.<init>(com.google.firebase:firebase-auth@@23.0.0:318)
10-05 06:11:20.792  7229  7229 D StrictMode: 	at com.google.firebase.auth.internal.zzaa.<init>(com.google.firebase:firebase-auth@@23.0.0:1)
10-05 06:11:20.792  7229  7229 D StrictMode: 	at com.google.firebase.auth.FirebaseAuthRegistrar.lambda$getComponents$0(com.google.firebase:firebase-auth@@23.0.0:11)
10-05 06:11:20.792  7229  7229 D StrictMode: 	at com.google.firebase.auth.zzag.create(Unknown Source:11)
10-05 06:11:20.792  7229  7229 D StrictMode: 	at com.google.firebase.components.ComponentRuntime.lambda$discoverComponents$0$com-google-firebase-components-ComponentRuntime(ComponentRuntime.java:160)
10-05 06:11:20.792  7229  7229 D StrictMode: 	at com.google.firebase.components.ComponentRuntime$$ExternalSyntheticLambda2.get(D8$$SyntheticClass:0)
10-05 06:11:20.792  7229  7229 D StrictMode: 	at com.google.firebase.components.Lazy.get(Lazy.java:53)
10-05 06:11:20.792  7229  7229 D StrictMode: 	at com.google.firebase.database.android.AndroidAuthTokenProvider.lambda$new$0$com-google-firebase-database-android-AndroidAuthTokenProvider(AndroidAuthTokenProvider.java:37)
10-05 06:11:20.792  7229  7229 D StrictMode: 	at com.google.firebase.database.android.AndroidAuthTokenProvider$$ExternalSyntheticLambda1.handle(D8$$SyntheticClass:0)
10-05 06:11:20.792  7229  7229 D StrictMode: 	at com.google.firebase.components.OptionalProvider.whenAvailable(OptionalProvider.java:77)
10-05 06:11:20.792  7229  7229 D StrictMode: 	at com.google.firebase.database.android.AndroidAuthTokenProvider.<init>(AndroidAuthTokenProvider.java:37)
10-05 06:11:20.792  7229  7229 D StrictMode: 	at com.google.firebase.database.FirebaseDatabaseComponent.<init>(FirebaseDatabaseComponent.java:49)
10-05 06:11:20.792  7229  7229 D StrictMode: 	at com.google.firebase.database.DatabaseRegistrar.lambda$getComponents$0(DatabaseRegistrar.java:48)
10-05 06:11:20.792  7229  7229 D StrictMode: 	at com.google.firebase.database.DatabaseRegistrar$$ExternalSyntheticLambda0.create(D8$$SyntheticClass:0)
10-05 06:11:20.792  7229  7229 D StrictMode: 	at com.google.firebase.tracing.ComponentMonitor.lambda$processRegistrar$0(ComponentMonitor.java:38)
10-05 06:11:20.792  7229  7229 D StrictMode: 	at com.google.firebase.tracing.ComponentMonitor$$ExternalSyntheticLambda0.create(D8$$SyntheticClass:0)
10-05 06:11:20.792  7229  7229 D StrictMode: 	at com.google.firebase.components.ComponentRuntime.lambda$discoverComponents$0$com-google-firebase-components-ComponentRuntime(ComponentRuntime.java:160)
10-05 06:11:20.792  7229  7229 D StrictMode: 	at com.google.firebase.components.ComponentRuntime$$ExternalSyntheticLambda2.get(D8$$SyntheticClass:0)
10-05 06:11:20.792  7229  7229 D StrictMode: 	at com.google.firebase.components.Lazy.get(Lazy.java:53)
10-05 06:11:20.792  7229  7229 D StrictMode: 	at com.google.firebase.components.ComponentContainer.get(ComponentContainer.java:48)
10-05 06:11:20.792  7229  7229 D StrictMode: 	at com.google.firebase.components.ComponentContainer.get(ComponentContainer.java:24)
10-05 06:11:20.792  7229  7229 D StrictMode: 	at com.google.firebase.FirebaseApp.get(FirebaseApp.java:333)
10-05 06:11:20.792  7229  7229 D StrictMode: 	at com.google.firebase.database.FirebaseDatabase.getInstance(FirebaseDatabase.java:115)
10-05 06:11:20.792  7229  7229 D StrictMode: 	at com.google.firebase.database.FirebaseDatabase.getInstance(FirebaseDatabase.java:75)
10-05 06:11:20.792  7229  7229 D StrictMode: 	at com.follgramer.diamantesproplayersgo.MainActivity.setupFirebase(MainActivity.kt:696)
10-05 06:11:20.792  7229  7229 D StrictMode: 	at com.follgramer.diamantesproplayersgo.MainActivity.initializeCriticalSystems(MainActivity.kt:211)
10-05 06:11:20.792  7229  7229 D StrictMode: 	at com.follgramer.diamantesproplayersgo.MainActivity.onCreate(MainActivity.kt:162)
10-05 06:11:20.792  7229  7229 D StrictMode: 	at android.app.Activity.performCreate(Activity.java:9155)
10-05 06:11:20.792  7229  7229 D StrictMode: 	at android.app.Activity.performCreate(Activity.java:9133)
10-05 06:11:20.792  7229  7229 D StrictMode: 	at android.app.Instrumentation.callActivityOnCreate(Instrumentation.java:1521)
10-05 06:11:20.792  7229  7229 D StrictMode: 	at android.app.ActivityThread.performLaunchActivity(ActivityThread.java:4262)
10-05 06:11:20.792  7229  7229 D StrictMode: 	at android.app.ActivityThread.handleLaunchActivity(ActivityThread.java:4467)
10-05 06:11:20.792  7229  7229 D StrictMode: 	at android.app.servertransaction.LaunchActivityItem.execute(LaunchActivityItem.java:222)
10-05 06:11:20.792  7229  7229 D StrictMode: 	at android.app.servertransaction.TransactionExecutor.executeNonLifecycleItem(TransactionExecutor.java:133)
10-05 06:11:20.792  7229  7229 D StrictMode: 	at android.app.servertransaction.TransactionExecutor.executeTransactionItems(TransactionExecutor.java:103)
10-05 06:11:20.792  7229  7229 D StrictMode: 	at android.app.servertransaction.TransactionExecutor.execute(TransactionExecutor.java:80)
10-05 06:11:20.792  7229  7229 D StrictMode: 	at android.app.ActivityThread$H.handleMessage(ActivityThread.java:2823)
10-05 06:11:20.792  7229  7229 D StrictMode: 	at android.os.Handler.dispatchMessage(Handler.java:110)
10-05 06:11:20.792  7229  7229 D StrictMode: 	at android.os.Looper.loopOnce(Looper.java:248)
10-05 06:11:20.792  7229  7229 D StrictMode: 	at android.os.Looper.loop(Looper.java:338)
10-05 06:11:20.792  7229  7229 D StrictMode: 	at android.app.ActivityThread.main(ActivityThread.java:9067)
10-05 06:11:20.792  7229  7229 D StrictMode: 	at java.lang.reflect.Method.invoke(Native Method)
10-05 06:11:20.792  7229  7229 D StrictMode: 	at com.android.internal.os.RuntimeInit$MethodAndArgsCaller.run(RuntimeInit.java:593)
10-05 06:11:20.792  7229  7229 D StrictMode: 	at com.android.internal.os.ZygoteInit.main(ZygoteInit.java:932)
10-05 06:11:20.793  7229  7229 D StrictMode: StrictMode policy violation; ~duration=446 ms: android.os.strictmode.DiskReadViolation
10-05 06:11:20.793  7229  7229 D StrictMode: 	at android.os.StrictMode$AndroidBlockGuardPolicy.onReadFromDisk(StrictMode.java:1728)
10-05 06:11:20.793  7229  7229 D StrictMode: 	at libcore.io.BlockGuardOs.fstat(BlockGuardOs.java:194)
10-05 06:11:20.793  7229  7229 D StrictMode: 	at libcore.io.ForwardingOs.fstat(ForwardingOs.java:261)
10-05 06:11:20.793  7229  7229 D StrictMode: 	at java.io.RandomAccessFile.length(RandomAccessFile.java:653)
10-05 06:11:20.793  7229  7229 D StrictMode: 	at java.util.zip.ZipFile$Source.findEND(ZipFile.java:1543)
10-05 06:11:20.793  7229  7229 D StrictMode: 	at java.util.zip.ZipFile$Source.initCEN(ZipFile.java:1643)
10-05 06:11:20.793  7229  7229 D StrictMode: 	at java.util.zip.ZipFile$Source.<init>(ZipFile.java:1461)
10-05 06:11:20.793  7229  7229 D StrictMode: 	at java.util.zip.ZipFile$Source.get(ZipFile.java:1414)
10-05 06:11:20.793  7229  7229 D StrictMode: 	at java.util.zip.ZipFile$CleanableResource.<init>(ZipFile.java:783)
10-05 06:11:20.793  7229  7229 D StrictMode: 	at java.util.zip.ZipFile.<init>(ZipFile.java:285)
10-05 06:11:20.793  7229  7229 D StrictMode: 	at java.util.zip.ZipFile.<init>(ZipFile.java:247)
10-05 06:11:20.793  7229  7229 D StrictMode: 	at java.util.jar.JarFile.<init>(JarFile.java:183)
10-05 06:11:20.793  7229  7229 D StrictMode: 	at java.util.jar.JarFile.<init>(JarFile.java:176)
10-05 06:11:20.793  7229  7229 D StrictMode: 	at libcore.io.ClassPathURLStreamHandler.<init>(ClassPathURLStreamHandler.java:52)
10-05 06:11:20.793  7229  7229 D StrictMode: 	at dalvik.system.DexPathList$Element.maybeInit(DexPathList.java:752)
10-05 06:11:20.793  7229  7229 D StrictMode: 	at dalvik.system.DexPathList$Element.findResource(DexPathList.java:780)
10-05 06:11:20.793  7229  7229 D StrictMode: 	at dalvik.system.DexPathList.findResource(DexPathList.java:554)
10-05 06:11:20.793  7229  7229 D StrictMode: 	at dalvik.system.BaseDexClassLoader.findResource(BaseDexClassLoader.java:313)
10-05 06:11:20.793  7229  7229 D StrictMode: 	at java.lang.ClassLoader.getResource(ClassLoader.java:1390)
10-05 06:11:20.793  7229  7229 D StrictMode: 	at java.lang.ClassLoader.getResourceAsStream(ClassLoader.java:1704)
