--------- beginning of main
10-05 06:11:16.008  1578  1578 I faht    : (REDACTED) O received %s
10-05 06:11:16.017   704   738 I system_server: AssetManager2(0x71a0bf6f8758) locale list changing from [] to [en-US]
10-05 06:11:16.018  2233  2479 I Finsky  : [47] WM::SCH: Logging work initialize for 12-1
10-05 06:11:16.039  2233  2479 I Finsky  : [47] WM::SCH: Logging work initialize for 12-1
10-05 06:11:16.043  1092  1092 D SatelliteController: packageStateChanged: package:com.follgramer.diamantesproplayersgo DefaultSmsPackageName:com.google.android.apps.messaging
10-05 06:11:16.043  1092  1092 V SatelliteController: Neither SMS or SatelliteGateway package
--------- beginning of system
10-05 06:11:16.047  1092  1092 D ActivityThread: Package [com.follgramer.diamantesproplayersgo] reported as REPLACED, but missing application info. Assuming REMOVED.
10-05 06:11:16.047   704  1964 V SafetySourceDataValidat: Package: com.android.vending has expected signature
10-05 06:11:16.047   704  1964 V SafetySourceDataValidat: Package: com.android.vending has expected signature
10-05 06:11:16.057  2233  2581 I Finsky  : [53] SCH: Scheduling phonesky job Id: 12-1, CT: 1759644675707, Constraints: [{ L: 15000, D: 86400000, C: CHARGING_NONE, I: IDLE_NONE, N: NET_ANY, B: BATTERY_ANY }]
10-05 06:11:16.070  2233  2627 I Finsky  : [63] SCH: Scheduling 1 system job(s)
10-05 06:11:16.070  2233  2627 I Finsky  : [63] SCH: Scheduling system job Id: 9827, L: 14637, D: 46463387, C: false, I: false, N: 1
10-05 06:11:16.077   704   704 W Looper  : Drained
10-05 06:11:16.090  2233  2581 I Finsky  : [53] SCH: Scheduling phonesky job Id: 12-1, CT: 1759644675837, Constraints: [{ L: 15000, D: 86400000, C: CHARGING_NONE, I: IDLE_NONE, N: NET_ANY, B: BATTERY_ANY }]
10-05 06:11:16.091  2233  2488 I Finsky  : [49] [ContentSync] finished, scheduled=true
10-05 06:11:16.095  2233  2626 I Finsky  : [62] SCH: Scheduling 0 system job(s)
10-05 06:11:16.095  2233  2626 I Finsky  : [62] [ContentSync] finished, scheduled=true
10-05 06:11:16.098   704  1627 I system_server: AssetManager2(0x71a0bf6facd8) locale list changing from [] to [en-US]
10-05 06:11:16.109  1578  1578 I faht    : (REDACTED) O received %s
10-05 06:11:16.111  1578  1578 I faht    : (REDACTED) O received %s
10-05 06:11:16.123   704  1947 D ActivityManager: sync unfroze 5553 com.google.android.googlequicksearchbox:search for 6
10-05 06:11:16.127   704   912 D BackgroundInstallControlService: Package event received: 0
10-05 06:11:16.142  5553  5553 D ActivityThread: Package [com.follgramer.diamantesproplayersgo] reported as REPLACED, but missing application info. Assuming REMOVED.
10-05 06:11:16.143  5553  5553 D ActivityThread: Package [com.follgramer.diamantesproplayersgo] reported as REPLACED, but missing application info. Assuming REMOVED.
10-05 06:11:16.157  1291  7199 I ProximityAuth: [RecentAppsMediator] Package added: (user=UserHandle{0}) com.follgramer.diamantesproplayersgo
10-05 06:11:16.171  5673  7190 I gle.android.gms: AssetManager2(0x71a0bf6c8cd8) locale list changing from [] to [en-US]
10-05 06:11:16.172  5673  7190 I gle.android.gms: AssetManager2(0x71a0bf6d4218) locale list changing from [] to [en-US]
10-05 06:11:16.173  1291  7199 I .gms.persistent: AssetManager2(0x71a0bf6c8cd8) locale list changing from [] to [en-US]
10-05 06:11:16.205  1557  1592 I ogle.android.as: Waiting for a blocking GC ProfileSaver
10-05 06:11:16.214  5673  5673 D BoundBrokerSvc: onBind: Intent { act=com.google.android.gms.common.BIND_SHARED_PREFS xflg=0x4 pkg=com.google.android.gms }
10-05 06:11:16.214  5673  5673 D BoundBrokerSvc: Loading bound service for intent: Intent { act=com.google.android.gms.common.BIND_SHARED_PREFS xflg=0x4 pkg=com.google.android.gms }
10-05 06:11:16.222  5673  7195 I Auth    : (REDACTED) [SupervisedAccountIntentOperationV2] onHandleIntent: %s
10-05 06:11:16.234  1291  7200 I Fitness : (REDACTED) FitCleanupIntentOperation received Intent %s
10-05 06:11:16.243  2233  2602 E Finsky  : [57] ItemStore: getItems RPC failed for item com.follgramer.diamantesproplayersgo
10-05 06:11:16.245  2233  2602 E Finsky  : [57] ItemStore: getItems RPC failed for item com.follgramer.diamantesproplayersgo
10-05 06:11:16.247  5673  7216 I NearbyDiscovery: (REDACTED) processGrantSlicePermission: %s
10-05 06:11:16.253  5673  7217 I gle.android.gms: AssetManager2(0x71a0bf6d2918) locale list changing from [] to [en-US]
10-05 06:11:16.271   704   829 I system_server: AssetManager2(0x71a0bf6fded8) locale list changing from [] to [en-US]
10-05 06:11:16.291  5673  7203 W SQLiteLog: (28) double-quoted string literal: "com.follgramer.diamantesproplayersgo"
10-05 06:11:16.305   704  2873 E RoleControllerServiceImpl: Default/fallback role holder package doesn't qualify for the role, package: com.google.android.gms, role: android.app.role.WALLET
10-05 06:11:16.349  5673  7125 I Icing   : IndexChimeraService.getServiceInterface callingPackage=com.google.android.gms componentName=AppsCorpus serviceId=36
10-05 06:11:16.386  5673  5673 D BoundBrokerSvc: onBind: Intent { act=com.google.android.gms.feedback.internal.IFeedbackService dat=chimera-action:/... xflg=0x4 cmp=com.google.android.gms/.chimera.GmsBoundBrokerService }
10-05 06:11:16.386  5673  5673 D BoundBrokerSvc: Loading bound service for intent: Intent { act=com.google.android.gms.feedback.internal.IFeedbackService dat=chimera-action:/... xflg=0x4 cmp=com.google.android.gms/.chimera.GmsBoundBrokerService }
10-05 06:11:16.388   704   738 I system_server: AssetManager2(0x71a0bf703fb8) locale list changing from [] to [en-US]
10-05 06:11:16.389  5553  5586 W achh    : Abort, client detached.
10-05 06:11:16.389   704   829 V AccessibilityManagerService: onUserStateChangedLocked for userId: 0, forceUpdate: false
10-05 06:11:16.389  5553  5586 W achh    : Abort, client detached.
10-05 06:11:16.389   704   829 W MagnificationConnectionManager: requestConnection duplicated request: connect=false, mConnectionState=DISCONNECTED
10-05 06:11:16.390   704   704 W IPCThreadState: Sending oneway calls to frozen process.
10-05 06:11:16.390   704  1997 W ProcessStats: Tracking association SourceState{f923268 com.google.android.googlequicksearchbox:interactor/10149 BFgs #4903} whose proc state 4 is better than process ProcessState{84b899b com.google.android.googlequicksearchbox:search/10149 pkg=com.google.android.googlequicksearchbox} proc state 15 (1 skipped)
10-05 06:11:16.390   704   704 W IPCThreadState: Sending oneway calls to frozen process.
10-05 06:11:16.391   704   704 W IPCThreadState: Sending oneway calls to frozen process.
10-05 06:11:16.393  5553  5586 W achh    : Abort, client detached.
10-05 06:11:16.394  1557  1592 I ogle.android.as: WaitForGcToComplete blocked ProfileSaver on Background for 188.621ms
10-05 06:11:16.395   704   829 V AccessibilityManagerService: onUserStateChangedLocked for userId: 0, forceUpdate: false
10-05 06:11:16.397   704   829 W MagnificationConnectionManager: requestConnection duplicated request: connect=false, mConnectionState=DISCONNECTED
10-05 06:11:16.400   704   704 W IPCThreadState: Sending oneway calls to frozen process.
10-05 06:11:16.400   704   704 W IPCThreadState: Sending oneway calls to frozen process.
10-05 06:11:16.401   704   704 W IPCThreadState: Sending oneway calls to frozen process.
10-05 06:11:16.402   704   912 D BackgroundInstallControlService: Package event received: 0
10-05 06:11:16.409   704   912 D BackgroundInstallControlService: Package event received: 0
10-05 06:11:16.428  5673  5768 I gle.android.gms: AssetManager2(0x71a0bf6d2918) locale list changing from [] to [en-US]
10-05 06:11:16.433  1102  1102 D ScalingWorkspaceRevealAnim: alpha of workspace at the end of animation: 1.0
10-05 06:11:16.435   957  1079 V WindowManagerShell: Transition animation finished (aborted=false), notifying core (#17) android.os.BinderProxy@cf22d9c@0
10-05 06:11:16.438   704   728 V WindowManager: Finish Transition (#17): created at 10-05 06:11:15.319 collect-started=0.039ms request-sent=0.093ms started=7.501ms ready=82.408ms sent=83.824ms commit=41.083ms finished=1117.432ms
10-05 06:11:16.438   704   795 E IPCThreadState: Binder transaction failure. id: 580145, BR_*: 29189, error: -22 (Invalid argument)
10-05 06:11:16.438   704   795 W ActivityManager: pid 704 system sent binder code 7 with flags 1 to frozen apps and got error -32
10-05 06:11:16.438   704   795 D ActivityManager: Too many transaction errors, throttling freezer binder callback.
10-05 06:11:16.438   704   795 W WindowManager: Exception thrown during dispatchAppVisibility Window{5e161b5 u0 com.follgramer.diamantesproplayersgo/com.follgramer.diamantesproplayersgo.MainActivity EXITING}
10-05 06:11:16.438   704   795 W WindowManager: android.os.DeadObjectException
10-05 06:11:16.438   704   795 W WindowManager: 	at android.os.BinderProxy.transactNative(Native Method)
10-05 06:11:16.438   704   795 W WindowManager: 	at android.os.BinderProxy.transact(BinderProxy.java:592)
10-05 06:11:16.438   704   795 W WindowManager: 	at android.view.IWindow$Stub$Proxy.dispatchAppVisibility(IWindow.java:557)
10-05 06:11:16.438   704   795 W WindowManager: 	at com.android.server.wm.WindowState.sendAppVisibilityToClients(WindowState.java:3151)
10-05 06:11:16.438   704   795 W WindowManager: 	at com.android.server.wm.WindowContainer.sendAppVisibilityToClients(WindowContainer.java:1311)
10-05 06:11:16.438   704   795 W WindowManager: 	at com.android.server.wm.WindowToken.setClientVisible(WindowToken.java:389)
10-05 06:11:16.438   704   795 W WindowManager: 	at com.android.server.wm.ActivityRecord.setClientVisible(ActivityRecord.java:6650)
10-05 06:11:16.438   704   795 W WindowManager: 	at com.android.server.wm.ActivityRecord.commitVisibility(ActivityRecord.java:5561)
10-05 06:11:16.438   704   795 W WindowManager: 	at com.android.server.wm.Transition.finishTransition(Transition.java:1391)
10-05 06:11:16.438   704   795 W WindowManager: 	at com.android.server.wm.TransitionController.finishTransition(TransitionController.java:1029)
10-05 06:11:16.438   704   795 W WindowManager: 	at com.android.server.wm.WindowOrganizerController.finishTransition(WindowOrganizerController.java:496)
10-05 06:11:16.438   704   795 W WindowManager: 	at android.window.IWindowOrganizerController$Stub.onTransact(IWindowOrganizerController.java:261)
10-05 06:11:16.438   704   795 W WindowManager: 	at com.android.server.wm.WindowOrganizerController.onTransact(WindowOrganizerController.java:223)
10-05 06:11:16.438   704   795 W WindowManager: 	at android.os.Binder.execTransactInternal(Binder.java:1426)
10-05 06:11:16.438   704   795 W WindowManager: 	at android.os.Binder.execTransact(Binder.java:1365)
10-05 06:11:16.438   704   795 W Process : Unable to open /proc/6603/status
10-05 06:11:16.446   957  1079 V WindowManagerShell: Track 0 became idle
10-05 06:11:16.446   957  1079 V WindowManagerShell: All active transition animations finished
10-05 06:11:16.452   704  1947 W ActivityTaskManager: callingPackage for (uid=2000, pid=7225) has no WPC
10-05 06:11:16.452  1102  1102 D RecentsView: onTaskRemoved: 8, not handling task stack changes
10-05 06:11:16.452  1102  1102 D RecentsView: onTaskRemoved: 8, not handling task stack changes
10-05 06:11:16.454   704  1947 V GrammaticalInflectionUtils: AttributionSource: android.content.AttributionSource@f3e01519 does not have READ_SYSTEM_GRAMMATICAL_GENDER permission.
10-05 06:11:16.454   704  1947 W OptProp : Cannot read opt property android.window.PROPERTY_COMPAT_ALLOW_USER_ASPECT_RATIO_OVERRIDE
10-05 06:11:16.454   704  1947 W OptProp : Cannot read opt property android.window.PROPERTY_COMPAT_ALLOW_USER_ASPECT_RATIO_FULLSCREEN_OVERRIDE
10-05 06:11:16.454   704  1947 W OptProp : Cannot read opt property android.window.PROPERTY_COMPAT_ALLOW_RESIZEABLE_ACTIVITY_OVERRIDES
10-05 06:11:16.454   704  1947 W OptProp : Cannot read opt property android.window.PROPERTY_COMPAT_ALLOW_MIN_ASPECT_RATIO_OVERRIDE
10-05 06:11:16.456  5673  7128 I Icing   : IndexChimeraService.getServiceInterface callingPackage=com.google.android.gms componentName=null serviceId=30
10-05 06:11:16.457  5673  5768 I Icing   : Usage reports ok 1, Failed Usage reports 0, indexed 0, rejected 0
10-05 06:11:16.458   704  1947 W OptProp : Cannot read opt property android.window.PROPERTY_COMPAT_ALLOW_ORIENTATION_OVERRIDE
10-05 06:11:16.462   704  1947 I ActivityTaskManager: START u0 {flg=0x10000000 xflg=0x5 cmp=com.follgramer.diamantesproplayersgo/.SplashActivity} with LAUNCH_SINGLE_TOP from uid 2000 (BAL_ALLOW_PERMISSION) result code=0
10-05 06:11:16.463  1102  1102 W SplitSelectStateCtor: Missing session instanceIds
10-05 06:11:16.463  1102  1102 D StatsLog: LAUNCHER_SPLIT_SELECTION_EXIT_INTERRUPTED
10-05 06:11:16.474   704   731 V GrammaticalInflectionUtils: AttributionSource: android.content.AttributionSource@f3e01519 does not have READ_SYSTEM_GRAMMATICAL_GENDER permission.
10-05 06:11:16.476   554  1172 I BpBinder: onLastStrongRef automatically unlinking death recipients: 
10-05 06:11:16.481   554   554 E BpTransactionCompletedListener: Failed to transact (-32)
10-05 06:11:16.483   957  1079 V WindowManagerShell: Transition requested (#18): android.os.BinderProxy@905c3f6 TransitionRequestInfo { type = OPEN, triggerTask = TaskInfo{userId=0 taskId=9 effectiveUid=10219 displayId=0 isRunning=true baseIntent=Intent { flg=0x10800000 cmp=com.follgramer.diamantesproplayersgo/.SplashActivity } baseActivity=ComponentInfo{com.follgramer.diamantesproplayersgo/com.follgramer.diamantesproplayersgo.SplashActivity} topActivity=ComponentInfo{com.follgramer.diamantesproplayersgo/com.follgramer.diamantesproplayersgo.SplashActivity} origActivity=null realActivity=ComponentInfo{com.follgramer.diamantesproplayersgo/com.follgramer.diamantesproplayersgo.SplashActivity} numActivities=1 lastActiveTime=3310714 supportsMultiWindow=true resizeMode=1 isResizeable=true minWidth=-1 minHeight=-1 defaultMinSize=220 token=WCT{android.window.IWindowContainerToken$Stub$Proxy@f6d93f7} topActivityType=1 pictureInPictureParams=null shouldDockBigOverlays=false launchIntoPipHostTaskId=-1 lastParentTaskIdBeforePip=-1 displayCutoutSafeInsets=Rect(0, 0 - 0, 0) topActivityInfo=ActivityInfo{cc77264 com.follgramer.diamantesproplayersgo.SplashActivity} launchCookies=[] positionInParent=Point(0, 0) parentTaskId=-1 isFocused=false isVisible=false isVisibleRequested=false isTopActivityNoDisplay=false isSleeping=false locusId=null displayAreaFeatureId=1 isTopActivityTransparent=false isActivityStackTransparent=false lastNonFullscreenBounds=Rect(284, 660 - 796, 1740) capturedLink=null capturedLinkTimestamp=0 requestedVisibleTypes=-9 topActivityRequestOpenInBrowserEducationTimestamp=0 appCompatTaskInfo=AppCompatTaskInfo { topActivityInSizeCompat=false eligibleForLetterboxEducation= false isLetterboxEducationEnabled= true isLetterboxDoubleTapEnabled= false eligibleForUserAspectRatioButton= false topActivityBoundsLetterboxed= false isFromLetterboxDoubleTap= false topActivityLetterboxVerticalPosition= -1 topActivityLetterboxHorizontalPosition= -1 topActivityLetterboxWidth=-1 topActivityLetterboxHeight=-1 topActivityAppBounds=Rect(0, 0 - 1080, 2337) isUserFullscreenOverrideEnabled=false isSystemFullscreenOverrideEnabled=false hasMinAspectRatioOverride=false topActivityLetterboxBounds=null cameraCompatTaskInfo=CameraCompatTaskInfo { freeformCameraCompatMode=inactive}} topActivityMainWindowFrame=null}, pipChange = null, remoteTransition = null, displayChange = null, flags = 0, debugId = 18 }
10-05 06:11:16.484   957  1079 D ShellSplitScreen: logExit: no-op, mLoggerSessionId is null
10-05 06:11:16.492   481   481 D Zygote  : Forked child process 7229
10-05 06:11:16.494   957  1079 D WindowManagerShell: setLauncherKeepClearAreaHeight: visible=false, height=527
10-05 06:11:16.496   957   965 W System  : A resource failed to call release. 
10-05 06:11:16.496   957   965 W System  : A resource failed to call release. 
10-05 06:11:16.496   957   965 W System  : A resource failed to call release. 
10-05 06:11:16.496   957   965 W System  : A resource failed to call release. 
10-05 06:11:16.496   957   965 W System  : A resource failed to call release. 
10-05 06:11:16.496   957   965 W System  : A resource failed to call release. 
10-05 06:11:16.496   957   965 W System  : A resource failed to call release. 
10-05 06:11:16.498   554   554 I BpBinder: onLastStrongRef automatically unlinking death recipients: 
10-05 06:11:16.497   704  1956 E AppOps  : attributionTag VCN not declared in manifest of android
10-05 06:11:16.505   704   912 D BackgroundInstallControlService: Package event received: 0
10-05 06:11:16.510   704   740 I ActivityManager: Start proc 7229:com.follgramer.diamantesproplayersgo/u0a219 for next-top-activity {com.follgramer.diamantesproplayersgo/com.follgramer.diamantesproplayersgo.SplashActivity}
10-05 06:11:16.511   704   740 I ActivityManager: ProcessObserver broadcast disabled
10-05 06:11:16.518  7229  7229 I tesproplayersgo: Late-enabling -Xcheck:jni
10-05 06:11:16.539   704  2873 I system_server: AssetManager2(0x71a0bf702398) locale list changing from [] to [en-US]
10-05 06:11:16.553   704  2873 W SignedPackage: Cannot get ApplicationInfo for package: com.google.android.devicelockcontroller
10-05 06:11:16.562   704   738 I system_server: AssetManager2(0x71a0bf7013f8) locale list changing from [] to [en-US]
10-05 06:11:16.575   704   717 I system_server: Background concurrent mark compact GC freed 18MB AllocSpace bytes, 41(1180KB) LOS objects, 42% free, 32MB/56MB, paused 5.241ms,4.936ms total 1.169s
10-05 06:11:16.576  7229  7229 I tesproplayersgo: Using CollectorTypeCMC GC.
10-05 06:11:16.577  7229  7229 W tesproplayersgo: Unexpected CPU variant for x86: x86_64.
10-05 06:11:16.577  7229  7229 W tesproplayersgo: Known variants: atom, sandybridge, silvermont, goldmont, goldmont-plus, goldmont-without-sha-xsaves, tremont, kabylake, alderlake, default
10-05 06:11:16.577  5673  5768 I Icing   : Usage reports ok 0, Failed Usage reports 0, indexed 0, rejected 0
10-05 06:11:16.578  1557  1557 I AiAiTextClassifier: onDestroyTextClassificationSession = TextClassificationSessionId {9a2d2404-3b4f-40d2-8c00-85c18b5e6654}
10-05 06:11:16.580  1557  1557 I AiAiTextClassifier: onDestroyTextClassificationSession = TextClassificationSessionId {6a927e0d-a641-4ac5-a33c-eca25f5e3167}
10-05 06:11:16.584   562   582 I adbd    : jdwp connection from 7229
10-05 06:11:16.589  1557  1557 I AiAiTextClassifier: onDestroyTextClassificationSession = TextClassificationSessionId {db8b28a3-e0ae-487c-9875-31fcaf11879f}
10-05 06:11:16.590  1557  1557 I AiAiTextClassifier: onDestroyTextClassificationSession = TextClassificationSessionId {d3562fa0-7eb7-4420-916e-2c08966df52a}
10-05 06:11:16.593  1557  1557 I AiAiTextClassifier: onDestroyTextClassificationSession = TextClassificationSessionId {14563595-a7f3-4036-ae14-74451c7b03b9}
10-05 06:11:16.595  1557  1557 I AiAiTextClassifier: onDestroyTextClassificationSession = TextClassificationSessionId {f985c766-d823-4a07-bdc4-daa90b9ce655}
10-05 06:11:16.596  1557  1557 I AiAiTextClassifier: onDestroyTextClassificationSession = TextClassificationSessionId {217199eb-1d8d-43e1-b47d-f90aeb0ddec8}
10-05 06:11:16.596  1557  1557 I AiAiTextClassifier: onDestroyTextClassificationSession = TextClassificationSessionId {008c97a1-b99a-4eb9-b0b1-79949921fe3d}
10-05 06:11:16.596  1557  1557 I AiAiTextClassifier: onDestroyTextClassificationSession = TextClassificationSessionId {e8893c29-94c5-4560-93cf-f1365a6b8ae3}
10-05 06:11:16.590   562   562 W adbd    : type=1400 audit(0.0:311): avc:  denied  { getattr } for  path="/sys/fs/cgroup/apps/uid_10219/pid_7229/cgroup.freeze" dev="cgroup2" ino=10289 scontext=u:r:adbd:s0 tcontext=u:object_r:cgroup_v2:s0 tclass=file permissive=0
10-05 06:11:16.596  1557  1557 I AiAiTextClassifier: onDestroyTextClassificationSession = TextClassificationSessionId {35c40048-b1f8-4f69-ae91-6d1418565f34}
10-05 06:11:16.597  1557  1557 I AiAiTextClassifier: onDestroyTextClassificationSession = TextClassificationSessionId {a3178c62-6f62-402e-9ffe-749a13d2b2cb}
10-05 06:11:16.602  1557  1557 I AiAiTextClassifier: onDestroyTextClassificationSession = TextClassificationSessionId {981bd060-2409-4fa6-b772-a0c2a2eecb84}
10-05 06:11:16.604  1557  1557 I AiAiTextClassifier: onDestroyTextClassificationSession = TextClassificationSessionId {75f15d83-fcd2-4d32-b934-49b327e6baa2}
10-05 06:11:16.604  1557  1557 I AiAiTextClassifier: onDestroyTextClassificationSession = TextClassificationSessionId {bba00a62-cfcd-4e51-b60f-c2c37d3b7cdd}
10-05 06:11:16.604  1557  1557 I AiAiTextClassifier: onDestroyTextClassificationSession = TextClassificationSessionId {cf515a89-0c55-4e99-ae08-3fa6a08541d9}
10-05 06:11:16.604  1557  1557 I AiAiTextClassifier: onDestroyTextClassificationSession = TextClassificationSessionId {9defbc5d-4bba-45a0-83ea-e3b0322f5cce}
10-05 06:11:16.605  1557  1557 I AiAiTextClassifier: onDestroyTextClassificationSession = TextClassificationSessionId {5a06d08f-7eb1-4515-ace0-2792cbc0007a}
10-05 06:11:16.605  1557  1557 I AiAiTextClassifier: onDestroyTextClassificationSession = TextClassificationSessionId {3b97ff97-cdc0-4358-9dd3-ded048e6cd94}
10-05 06:11:16.605  1557  1557 I AiAiTextClassifier: onDestroyTextClassificationSession = TextClassificationSessionId {1b2fae44-9dfc-4d71-a797-ae3089cc930a}
10-05 06:11:16.605  1557  1557 I AiAiTextClassifier: onDestroyTextClassificationSession = TextClassificationSessionId {afabddf3-a370-4d6b-9dca-5276381ecf77}
10-05 06:11:16.605  1557  1557 I AiAiTextClassifier: onDestroyTextClassificationSession = TextClassificationSessionId {90ff1900-9ac0-478f-8286-c77c4b30dc4f}
10-05 06:11:16.605   704   719 W System  : A resource failed to call close. 
10-05 06:11:16.605  1557  1557 I AiAiTextClassifier: onDestroyTextClassificationSession = TextClassificationSessionId {37c1ecbe-51cb-4224-a199-b3f39a1daaa7}
10-05 06:11:16.605  1557  1557 I AiAiTextClassifier: onDestroyTextClassificationSession = TextClassificationSessionId {deb7e7d4-94c4-498e-a699-835848ba23dc}
10-05 06:11:16.605  1557  1557 I AiAiTextClassifier: onDestroyTextClassificationSession = TextClassificationSessionId {e43a5108-bbd7-4171-a4e1-ac3a5d696b35}
10-05 06:11:16.605  7229  7229 D nativeloader: Load libframework-connectivity-tiramisu-jni.so using APEX ns com_android_tethering for caller /apex/com.android.tethering/javalib/framework-connectivity-t.jar: ok
10-05 06:11:16.624   704   912 D BackgroundInstallControlService: Package event received: 0
10-05 06:11:16.628   704   738 I system_server: AssetManager2(0x71a0bf706218) locale list changing from [] to [en-US]
10-05 06:11:16.633   704   738 I system_server: AssetManager2(0x71a0bf6ffe18) locale list changing from [] to [en-US]
10-05 06:11:16.637   704   738 I system_server: AssetManager2(0x71a0bf6f8118) locale list changing from [] to [en-US]
10-05 06:11:16.652  5673  5768 I Icing   : Indexing com.google.android.gms-apps from com.google.android.gms
10-05 06:11:16.672  5673  5768 I Icing   : Indexing done com.google.android.gms-apps
10-05 06:11:16.693  7229  7229 D CompatChangeReporter: Compat change id reported: 242716250; UID 10219; state: ENABLED
10-05 06:11:16.890  7229  7229 D nativeloader: Configuring clns-9 for other apk /data/app/~~7ysnx8nrlPByNUD805Bv5w==/com.follgramer.diamantesproplayersgo-r7dm2skYGtmORhw3LySRkQ==/base.apk. target_sdk_version=34, uses_libraries=, library_path=/data/app/~~7ysnx8nrlPByNUD805Bv5w==/com.follgramer.diamantesproplayersgo-r7dm2skYGtmORhw3LySRkQ==/lib/x86_64, permitted_path=/data:/mnt/expand:/data/user/0/com.follgramer.diamantesproplayersgo
10-05 06:11:16.903  7229  7229 I tesproplayersgo: AssetManager2(0x71a0bf6c7a18) locale list changing from [] to [en-US]
10-05 06:11:16.913  7229  7229 V GraphicsEnvironment: Currently set values for:
10-05 06:11:16.913  7229  7229 V GraphicsEnvironment:   angle_gl_driver_selection_pkgs=[]
10-05 06:11:16.913  7229  7229 V GraphicsEnvironment:   angle_gl_driver_selection_values=[]
10-05 06:11:16.913  7229  7229 V GraphicsEnvironment: com.follgramer.diamantesproplayersgo is not listed in per-application setting
10-05 06:11:16.913  7229  7229 V GraphicsEnvironment: ANGLE allowlist from config: com.dreamgames.royalmatch com.dts.freefiremax com.dxx.firenow com.gramgames.mergedragons com.ludo.king com.mojang.minecraftpe com.my.defense com.nintendo.zaka com.os.airforce com.playrix.fishdomdd.gplay io.teslatech.callbreak jp.konami.prospia net.peakgames.toonblast
10-05 06:11:16.913  7229  7229 V GraphicsEnvironment: com.follgramer.diamantesproplayersgo is not listed in ANGLE allowlist or settings, returning default
10-05 06:11:16.914  7229  7229 V GraphicsEnvironment: Neither updatable production driver nor prerelease driver is supported.
10-05 06:11:16.923  1456  1606 I .apps.wellbeing: AssetManager2(0x71a0bf6e7138) locale list changing from [] to [en-US]
10-05 06:11:16.926  1456  1606 I .apps.wellbeing: AssetManager2(0x71a0bf6ed538) locale list changing from [] to [en-US]
10-05 06:11:16.932  1456  1606 I .apps.wellbeing: AssetManager2(0x71a0bf6ec278) locale list changing from [] to [en-US]
10-05 06:11:16.934  1456  1606 I .apps.wellbeing: AssetManager2(0x71a0bf6e7778) locale list changing from [] to [en-US]
10-05 06:11:16.937  1456  1606 I .apps.wellbeing: AssetManager2(0x71a0bf6eac98) locale list changing from [] to [en-US]
10-05 06:11:16.937  7229  7229 I MultiDex: VM with version 2.1.0 has multidex support
10-05 06:11:16.937  7229  7229 I MultiDex: Installing application
10-05 06:11:16.938  7229  7229 I MultiDex: VM has multidex support, MultiDex support library is disabled.
10-05 06:11:16.940  1456  1606 I .apps.wellbeing: AssetManager2(0x71a0bf6ee7f8) locale list changing from [] to [en-US]
10-05 06:11:16.944  1456  1606 I .apps.wellbeing: AssetManager2(0x71a0bf6ee4d8) locale list changing from [] to [en-US]
10-05 06:11:16.948  1456  1606 I .apps.wellbeing: AssetManager2(0x71a0bf6ebf58) locale list changing from [] to [en-US]
10-05 06:11:16.952  1456  1606 I .apps.wellbeing: AssetManager2(0x71a0bf6e8a38) locale list changing from [] to [en-US]
10-05 06:11:16.955  1456  1606 I .apps.wellbeing: AssetManager2(0x71a0bf6cbed8) locale list changing from [] to [en-US]
10-05 06:11:16.961  1456  1606 I .apps.wellbeing: AssetManager2(0x71a0bf6cb578) locale list changing from [] to [en-US]
10-05 06:11:16.964  1456  1606 I .apps.wellbeing: AssetManager2(0x71a0bf6e7db8) locale list changing from [] to [en-US]
10-05 06:11:16.969  1456  1606 I .apps.wellbeing: AssetManager2(0x71a0bf6c89b8) locale list changing from [] to [en-US]
10-05 06:11:16.972  1456  1606 I .apps.wellbeing: AssetManager2(0x71a0bf6cb258) locale list changing from [] to [en-US]
10-05 06:11:17.010  1456  1606 I .apps.wellbeing: AssetManager2(0x71a0bf6c0cb8) locale list changing from [] to [en-US]
10-05 06:11:17.018  1456  1606 I .apps.wellbeing: AssetManager2(0x71a0bf6c2f18) locale list changing from [] to [en-US]
10-05 06:11:17.022  7229  7229 I FirebaseApp: Device unlocked: initializing all Firebase APIs for app [DEFAULT]
10-05 06:11:17.035  1456  1606 I .apps.wellbeing: AssetManager2(0x71a0bf6e8718) locale list changing from [] to [en-US]
10-05 06:11:17.058  1456  1606 I .apps.wellbeing: AssetManager2(0x71a0bf6c1f78) locale list changing from [] to [en-US]
10-05 06:11:17.060  7229  7229 D CompatChangeReporter: Compat change id reported: 3400644; UID 10219; state: ENABLED
10-05 06:11:17.063  1456  1606 I .apps.wellbeing: AssetManager2(0x71a0bf6cbbb8) locale list changing from [] to [en-US]
10-05 06:11:17.067  1456  1606 I .apps.wellbeing: AssetManager2(0x71a0bf6cea98) locale list changing from [] to [en-US]
10-05 06:11:17.077  1456  1606 I .apps.wellbeing: AssetManager2(0x71a0bf6c7d38) locale list changing from [] to [en-US]
10-05 06:11:17.082  1456  1606 I .apps.wellbeing: AssetManager2(0x71a0bf6c8378) locale list changing from [] to [en-US]
10-05 06:11:17.086  1456  1606 I .apps.wellbeing: AssetManager2(0x71a0bf6cd4b8) locale list changing from [] to [en-US]
10-05 06:11:17.092  7229  7229 I FirebaseInitProvider: FirebaseApp initialization successful
10-05 06:11:17.102   704   912 D BackgroundInstallControlService: Package event received: 0
10-05 06:11:17.128  7229  7229 D DiamantesApp: === INICIANDO DIAMANTESAPPLICATION ===
10-05 06:11:17.132  7229  7254 W tesproplayersgo: ClassLoaderContext classpath size mismatch. expected=1, found=0 (DLC[];PCL[base.apk*2458923010]{PCL[/system/framework/org.apache.http.legacy.jar*4247870504]#PCL[/system/framework/com.android.media.remotedisplay.jar*487574312]#PCL[/system/framework/com.android.location.provider.jar*1570284764]#PCL[/system_ext/framework/androidx.window.extensions.jar*1030441313]#PCL[/system_ext/framework/androidx.window.sidecar.jar*3860983653]} | DLC[];PCL[])
10-05 06:11:17.138  7229  7254 I DynamiteModule: Considering local module com.google.android.gms.measurement.dynamite:122 and remote module com.google.android.gms.measurement.dynamite:160
10-05 06:11:17.138  7229  7254 I DynamiteModule: Selected remote version of com.google.android.gms.measurement.dynamite, version >= 160
10-05 06:11:17.138  7229  7254 V DynamiteModule: Dynamite loader version >= 2, using loadModule2NoCrashUtils
10-05 06:11:17.153   704   795 D CompatChangeReporter: Compat change id reported: 161145287; UID 10219; state: ENABLED
10-05 06:11:17.168  7229  7254 W System  : ClassLoader referenced unknown path: 
10-05 06:11:17.168  7229  7254 D nativeloader: Configuring clns-10 for other apk . target_sdk_version=36, uses_libraries=, library_path=/data/app/~~Kfiu-GA_hl3bGsc-RUzdqg==/com.google.android.gms-TnocifR-BCyvyZTHtMGSMw==/lib/x86_64:/data/app/~~Kfiu-GA_hl3bGsc-RUzdqg==/com.google.android.gms-TnocifR-BCyvyZTHtMGSMw==/base.apk!/lib/x86_64, permitted_path=/data:/mnt/expand:/data/user/0/com.google.android.gms
10-05 06:11:17.175  7229  7254 I tesproplayersgo: AssetManager2(0x71a0bf6c8ff8) locale list changing from [] to [en-US]
10-05 06:11:17.180  7229  7229 D DiamantesApp: AdMob marcado como inicializado
10-05 06:11:17.180  7229  7229 D DiamantesApp: AdMob inicializado desde Application
10-05 06:11:17.181  7229  7229 D DiamantesApp: StrictMode habilitado para debugging
10-05 06:11:17.187  7229  7254 W tesproplayersgo: ClassLoaderContext classpath element checksum mismatch. expected=2458923010, found=231015341 (DLC[];PCL[base.apk*2458923010]{PCL[/system/framework/org.apache.http.legacy.jar*4247870504]#PCL[/system/framework/com.android.media.remotedisplay.jar*487574312]#PCL[/system/framework/com.android.location.provider.jar*1570284764]#PCL[/system_ext/framework/androidx.window.extensions.jar*1030441313]#PCL[/system_ext/framework/androidx.window.sidecar.jar*3860983653]} | DLC[];PCL[/data/app/~~7ysnx8nrlPByNUD805Bv5w==/com.follgramer.diamantesproplayersgo-r7dm2skYGtmORhw3LySRkQ==/base.apk*231015341])
10-05 06:11:17.190  7229  7229 D DiamantesApp: DiamantesApplication inicializada correctamente
10-05 06:11:17.194   704   795 W OptProp : Cannot read opt property android.window.PROPERTY_COMPAT_ENABLE_FAKE_FOCUS
10-05 06:11:17.204   704   912 D BackgroundInstallControlService: Package event received: 0
10-05 06:11:17.205   704   912 D BackgroundInstallControlService: Package event received: 0
10-05 06:11:17.210  7229  7229 D AdsInit : Iniciando AdMob...
10-05 06:11:17.218  7229  7254 I tesproplayersgo: AssetManager2(0x71a0bf6ce138) locale list changing from [] to [en-US]
10-05 06:11:17.220  7229  7254 I tesproplayersgo: AssetManager2(0x71a0bf6cd7d8) locale list changing from [] to [en-US]
10-05 06:11:17.235  7229  7263 D DiamantesApp: Firebase Core ya estaba inicializado
10-05 06:11:17.260  7229  7229 D ApplicationLoaders: Returning zygote-cached class loader: /system/framework/org.apache.http.legacy.jar
10-05 06:11:17.260  7229  7229 D ApplicationLoaders: Returning zygote-cached class loader: /system/framework/com.android.media.remotedisplay.jar
10-05 06:11:17.260  7229  7229 D ApplicationLoaders: Returning zygote-cached class loader: /system/framework/com.android.location.provider.jar
10-05 06:11:17.260  7229  7229 D ApplicationLoaders: Returning zygote-cached class loader: /system_ext/framework/androidx.window.extensions.jar
10-05 06:11:17.260  7229  7229 D ApplicationLoaders: Returning zygote-cached class loader: /system_ext/framework/androidx.window.sidecar.jar
10-05 06:11:17.269  7229  7229 W tesproplayersgo: Loading /data/app/~~Kfiu-GA_hl3bGsc-RUzdqg==/com.google.android.gms-TnocifR-BCyvyZTHtMGSMw==/oat/x86_64/base.odex non-executable as it requires an image which we failed to load
10-05 06:11:17.272  7229  7229 D nativeloader: Configuring clns-11 for other apk /data/app/~~Kfiu-GA_hl3bGsc-RUzdqg==/com.google.android.gms-TnocifR-BCyvyZTHtMGSMw==/base.apk. target_sdk_version=36, uses_libraries=, library_path=/data/app/~~Kfiu-GA_hl3bGsc-RUzdqg==/com.google.android.gms-TnocifR-BCyvyZTHtMGSMw==/lib/x86_64:/data/app/~~Kfiu-GA_hl3bGsc-RUzdqg==/com.google.android.gms-TnocifR-BCyvyZTHtMGSMw==/base.apk!/lib/x86_64, permitted_path=/data:/mnt/expand:/data/user/0/com.google.android.gms
10-05 06:11:17.302  7229  7268 I tesproplayersgo: hiddenapi: Accessing hidden method Ldalvik/system/VMStack;->getStackClass2()Ljava/lang/Class; (runtime_flags=0, domain=core-platform, api=unsupported) from Lm7/aot; (domain=app) using reflection: allowed
10-05 06:11:17.328  7229  7267 E tesproplayersgo: No package ID 6a found for resource ID 0x6a0b000f.
10-05 06:11:17.329  7229  7267 I FA      : App measurement initialized, version: 138000
10-05 06:11:17.329  7229  7267 I FA      : To enable debug logging run: adb shell setprop log.tag.FA VERBOSE
10-05 06:11:17.329  7229  7267 I FA      : To enable faster debug mode event logging run:
10-05 06:11:17.329  7229  7267 I FA      :   adb shell setprop debug.firebase.analytics.app com.follgramer.diamantesproplayersgo
10-05 06:11:17.395  1456  1606 I .apps.wellbeing: AssetManager2(0x71a0bf6cf718) locale list changing from [] to [en-US]
10-05 06:11:17.400  1456  1606 I .apps.wellbeing: AssetManager2(0x71a0bf6cce78) locale list changing from [] to [en-US]
10-05 06:11:17.406  1456  1606 I .apps.wellbeing: AssetManager2(0x71a0bf6c9958) locale list changing from [] to [en-US]
10-05 06:11:17.408  1456  1606 I .apps.wellbeing: AssetManager2(0x71a0bf6cb898) locale list changing from [] to [en-US]
10-05 06:11:17.415  1456  1606 I .apps.wellbeing: AssetManager2(0x71a0bf6ce458) locale list changing from [] to [en-US]
10-05 06:11:17.415  7229  7267 E ashmem  : Pinning is deprecated since Android Q. Please use trim or other methods.
10-05 06:11:17.416  1456  1606 I .apps.wellbeing: AssetManager2(0x71a0bf6c9c78) locale list changing from [] to [en-US]
10-05 06:11:17.420  1456  1606 I .apps.wellbeing: AssetManager2(0x71a0bf6d3278) locale list changing from [] to [en-US]
10-05 06:11:17.428  1456  1606 I .apps.wellbeing: AssetManager2(0x71a0bf6d0cf8) locale list changing from [] to [en-US]
10-05 06:11:17.432  1456  1606 I .apps.wellbeing: AssetManager2(0x71a0bf6d1338) locale list changing from [] to [en-US]
10-05 06:11:17.437  1456  1606 I .apps.wellbeing: AssetManager2(0x71a0bf6d57f8) locale list changing from [] to [en-US]
10-05 06:11:17.447   704   912 D BackgroundInstallControlService: Package event received: 0
10-05 06:11:17.448  5673  5673 D BoundBrokerSvc: onBind: Intent { act=com.google.android.gms.measurement.START xflg=0x4 pkg=com.google.android.gms }
10-05 06:11:17.448  5673  5673 D BoundBrokerSvc: Loading bound service for intent: Intent { act=com.google.android.gms.measurement.START xflg=0x4 pkg=com.google.android.gms }
10-05 06:11:17.450  1456  1606 I .apps.wellbeing: AssetManager2(0x71a0bf6d2f58) locale list changing from [] to [en-US]
10-05 06:11:17.469  1456  1606 I .apps.wellbeing: AssetManager2(0x71a0bf6d1978) locale list changing from [] to [en-US]
10-05 06:11:17.472  1456  1606 I .apps.wellbeing: AssetManager2(0x71a0bf6cfd58) locale list changing from [] to [en-US]
10-05 06:11:17.492  1456  1606 I .apps.wellbeing: AssetManager2(0x71a0bf6d25f8) locale list changing from [] to [en-US]
10-05 06:11:17.495  1456  1606 I .apps.wellbeing: AssetManager2(0x71a0bf6d1658) locale list changing from [] to [en-US]
10-05 06:11:17.527  1456  1606 I .apps.wellbeing: AssetManager2(0x71a0bf6d3ef8) locale list changing from [] to [en-US]
10-05 06:11:17.534   704  1964 D ConnectivityService: requestNetwork for uid/pid:10219/7229 activeRequest: null callbackRequest: 279 [NetworkRequest [ REQUEST id=280, [ Capabilities: INTERNET&NOT_RESTRICTED&TRUSTED&NOT_VCN_MANAGED&NOT_BANDWIDTH_CONSTRAINED Uid: 10219 RequestorUid: 10219 RequestorPkg: com.follgramer.diamantesproplayersgo UnderlyingNetworks: Null] ]] callback flags: 0 order: 2147483647 isUidTracked: false declaredMethods: AVAIL|LOST
10-05 06:11:17.535   704   857 D WifiNetworkFactory: got request NetworkRequest [ REQUEST id=280, [ Capabilities: INTERNET&NOT_RESTRICTED&TRUSTED&NOT_VCN_MANAGED&NOT_BANDWIDTH_CONSTRAINED Uid: 10219 RequestorUid: 10219 RequestorPkg: com.follgramer.diamantesproplayersgo UnderlyingNetworks: Null] ]
10-05 06:11:17.535   704   857 D UntrustedWifiNetworkFactory: got request NetworkRequest [ REQUEST id=280, [ Capabilities: INTERNET&NOT_RESTRICTED&TRUSTED&NOT_VCN_MANAGED&NOT_BANDWIDTH_CONSTRAINED Uid: 10219 RequestorUid: 10219 RequestorPkg: com.follgramer.diamantesproplayersgo UnderlyingNetworks: Null] ]
10-05 06:11:17.535   704   857 D OemPaidWifiNetworkFactory: got request NetworkRequest [ REQUEST id=280, [ Capabilities: INTERNET&NOT_RESTRICTED&TRUSTED&NOT_VCN_MANAGED&NOT_BANDWIDTH_CONSTRAINED Uid: 10219 RequestorUid: 10219 RequestorPkg: com.follgramer.diamantesproplayersgo UnderlyingNetworks: Null] ]
10-05 06:11:17.535   704   857 D MultiInternetWifiNetworkFactory: got request NetworkRequest [ REQUEST id=280, [ Capabilities: INTERNET&NOT_RESTRICTED&TRUSTED&NOT_VCN_MANAGED&NOT_BANDWIDTH_CONSTRAINED Uid: 10219 RequestorUid: 10219 RequestorPkg: com.follgramer.diamantesproplayersgo UnderlyingNetworks: Null] ]
10-05 06:11:17.535   704   863 D ConnectivityService: NetReassign [280 : null → 100] [c 0] [a 0] [i 1]
10-05 06:11:17.541  1456  1606 I .apps.wellbeing: AssetManager2(0x71a0bf6e4ed8) locale list changing from [] to [en-US]
10-05 06:11:17.546  1456  1606 I .apps.wellbeing: AssetManager2(0x71a0bf6e4578) locale list changing from [] to [en-US]
10-05 06:11:17.550  1456  1606 I .apps.wellbeing: AssetManager2(0x71a0bf6e4258) locale list changing from [] to [en-US]
10-05 06:11:17.560  1456  1606 I .apps.wellbeing: AssetManager2(0x71a0bf6ec598) locale list changing from [] to [en-US]
10-05 06:11:17.565  1456  1606 I .apps.wellbeing: AssetManager2(0x71a0bf6ea658) locale list changing from [] to [en-US]
10-05 06:11:17.571  1456  1606 I .apps.wellbeing: AssetManager2(0x71a0bf6e1058) locale list changing from [] to [en-US]
10-05 06:11:17.572  1456  1606 I .apps.wellbeing: AssetManager2(0x71a0bf6e1cd8) locale list changing from [] to [en-US]
10-05 06:11:17.602  1456  1606 I .apps.wellbeing: AssetManager2(0x71a0bf6ed858) locale list changing from [] to [en-US]
10-05 06:11:17.613  1456  1606 I .apps.wellbeing: AssetManager2(0x71a0bf6ebc38) locale list changing from [] to [en-US]
10-05 06:11:17.621  1456  1606 I .apps.wellbeing: AssetManager2(0x71a0bf6e9078) locale list changing from [] to [en-US]
10-05 06:11:17.624   704  1956 D ConnectivityService: requestNetwork for uid/pid:10219/7229 activeRequest: null callbackRequest: 281 [NetworkRequest [ REQUEST id=282, [ Capabilities: INTERNET&NOT_RESTRICTED&TRUSTED&NOT_VCN_MANAGED&NOT_BANDWIDTH_CONSTRAINED Uid: 10219 RequestorUid: 10219 RequestorPkg: com.follgramer.diamantesproplayersgo UnderlyingNetworks: Null] ]] callback flags: 0 order: 2147483647 isUidTracked: false declaredMethods: AVAIL|LOST
10-05 06:11:17.625   704   857 D WifiNetworkFactory: got request NetworkRequest [ REQUEST id=282, [ Capabilities: INTERNET&NOT_RESTRICTED&TRUSTED&NOT_VCN_MANAGED&NOT_BANDWIDTH_CONSTRAINED Uid: 10219 RequestorUid: 10219 RequestorPkg: com.follgramer.diamantesproplayersgo UnderlyingNetworks: Null] ]
10-05 06:11:17.625   704   857 D UntrustedWifiNetworkFactory: got request NetworkRequest [ REQUEST id=282, [ Capabilities: INTERNET&NOT_RESTRICTED&TRUSTED&NOT_VCN_MANAGED&NOT_BANDWIDTH_CONSTRAINED Uid: 10219 RequestorUid: 10219 RequestorPkg: com.follgramer.diamantesproplayersgo UnderlyingNetworks: Null] ]
10-05 06:11:17.625   704   857 D OemPaidWifiNetworkFactory: got request NetworkRequest [ REQUEST id=282, [ Capabilities: INTERNET&NOT_RESTRICTED&TRUSTED&NOT_VCN_MANAGED&NOT_BANDWIDTH_CONSTRAINED Uid: 10219 RequestorUid: 10219 RequestorPkg: com.follgramer.diamantesproplayersgo UnderlyingNetworks: Null] ]
10-05 06:11:17.626   704   857 D MultiInternetWifiNetworkFactory: got request NetworkRequest [ REQUEST id=282, [ Capabilities: INTERNET&NOT_RESTRICTED&TRUSTED&NOT_VCN_MANAGED&NOT_BANDWIDTH_CONSTRAINED Uid: 10219 RequestorUid: 10219 RequestorPkg: com.follgramer.diamantesproplayersgo UnderlyingNetworks: Null] ]
10-05 06:11:17.626   704   863 D ConnectivityService: NetReassign [282 : null → 100] [c 1] [a 0] [i 1]
10-05 06:11:17.630  7229  7229 D StrictMode: StrictMode policy violation; ~duration=72 ms: android.os.strictmode.DiskReadViolation
10-05 06:11:17.630  7229  7229 D StrictMode: 	at android.os.StrictMode$AndroidBlockGuardPolicy.onReadFromDisk(StrictMode.java:1728)
10-05 06:11:17.630  7229  7229 D StrictMode: 	at libcore.io.BlockGuardOs.access(BlockGuardOs.java:74)
10-05 06:11:17.630  7229  7229 D StrictMode: 	at libcore.io.ForwardingOs.access(ForwardingOs.java:128)
10-05 06:11:17.630  7229  7229 D StrictMode: 	at android.app.ActivityThread$AndroidOs.access(ActivityThread.java:8944)
10-05 06:11:17.630  7229  7229 D StrictMode: 	at java.io.UnixFileSystem.checkAccess(UnixFileSystem.java:332)
10-05 06:11:17.630  7229  7229 D StrictMode: 	at java.io.File.exists(File.java:829)
10-05 06:11:17.630  7229  7229 D StrictMode: 	at android.app.ContextImpl.ensurePrivateDirExists(ContextImpl.java:818)
10-05 06:11:17.630  7229  7229 D StrictMode: 	at android.app.ContextImpl.ensurePrivateDirExists(ContextImpl.java:809)
10-05 06:11:17.630  7229  7229 D StrictMode: 	at android.app.ContextImpl.getPreferencesDir(ContextImpl.java:765)
10-05 06:11:17.630  7229  7229 D StrictMode: 	at android.app.ContextImpl.getSharedPreferencesPath(ContextImpl.java:990)
10-05 06:11:17.630  7229  7229 D StrictMode: 	at android.app.ContextImpl.getSharedPreferences(ContextImpl.java:605)
10-05 06:11:17.630  7229  7229 D StrictMode: 	at android.content.ContextWrapper.getSharedPreferences(ContextWrapper.java:223)
10-05 06:11:17.630  7229  7229 D StrictMode: 	at com.google.android.gms.internal.ads.zzbyt.zzc(com.google.android.gms:play-services-ads@@24.5.0:4)
10-05 06:11:17.630  7229  7229 D StrictMode: 	at com.google.android.gms.internal.ads.zzbyp.zzb(com.google.android.gms:play-services-ads@@24.5.0:22)
10-05 06:11:17.630  7229  7229 D StrictMode: 	at com.google.android.gms.internal.ads.zzche.zzE(com.google.android.gms:play-services-ads@@24.5.0:29)
10-05 06:11:17.630  7229  7229 D StrictMode: 	at com.google.android.gms.internal.ads.zzche.zza(com.google.android.gms:play-services-ads@@24.5.0:1)
10-05 06:11:17.630  7229  7229 D StrictMode: 	at com.google.android.gms.ads.internal.ClientApi.zzh(com.google.android.gms:play-services-ads@@24.5.0:2)
10-05 06:11:17.630  7229  7229 D StrictMode: 	at com.google.android.gms.ads.internal.client.zzau.zzb(com.google.android.gms:play-services-ads-api@@24.5.0:2)
10-05 06:11:17.630  7229  7229 D StrictMode: 	at com.google.android.gms.ads.internal.client.zzba.zze(com.google.android.gms:play-services-ads-api@@24.5.0:1)
10-05 06:11:17.630  7229  7229 D StrictMode: 	at com.google.android.gms.ads.internal.client.zzba.zzd(com.google.android.gms:play-services-ads-api@@24.5.0:9)
10-05 06:11:17.630  7229  7229 D StrictMode: 	at com.google.android.gms.ads.internal.client.zzey.zzC(com.google.android.gms:play-services-ads-api@@24.5.0:3)
10-05 06:11:17.630  7229  7229 D StrictMode: 	at com.google.android.gms.ads.internal.client.zzey.zzq(com.google.android.gms:play-services-ads-api@@24.5.0:8)
10-05 06:11:17.630  7229  7229 D StrictMode: 	at com.google.android.gms.ads.MobileAds.initialize(com.google.android.gms:play-services-ads-api@@24.5.0:3)
10-05 06:11:17.630  7229  7229 D StrictMode: 	at com.follgramer.diamantesproplayersgo.ads.AdsInit$init$1$1.invokeSuspend(AdsInit.kt:29)
10-05 06:11:17.630  7229  7229 D StrictMode: 	at com.follgramer.diamantesproplayersgo.ads.AdsInit$init$1$1.invoke(Unknown Source:8)
10-05 06:11:17.630  7229  7229 D StrictMode: 	at com.follgramer.diamantesproplayersgo.ads.AdsInit$init$1$1.invoke(Unknown Source:4)
10-05 06:11:17.630  7229  7229 D StrictMode: 	at kotlinx.coroutines.intrinsics.UndispatchedKt.startUndispatchedOrReturn(Undispatched.kt:78)
10-05 06:11:17.630  7229  7229 D StrictMode: 	at kotlinx.coroutines.BuildersKt__Builders_commonKt.withContext(Builders.common.kt:167)
10-05 06:11:17.630  7229  7229 D StrictMode: 	at kotlinx.coroutines.BuildersKt.withContext(Unknown Source:1)
10-05 06:11:17.630  7229  7229 D StrictMode: 	at com.follgramer.diamantesproplayersgo.ads.AdsInit$init$1.invokeSuspend(AdsInit.kt:28)
10-05 06:11:17.630  7229  7229 D StrictMode: 	at kotlin.coroutines.jvm.internal.BaseContinuationImpl.resumeWith(ContinuationImpl.kt:33)
10-05 06:11:17.630  7229  7229 D StrictMode: 	at kotlinx.coroutines.DispatchedTask.run(DispatchedTask.kt:108)
10-05 06:11:17.630  7229  7229 D StrictMode: 	at android.os.Handler.handleCallback(Handler.java:995)
10-05 06:11:17.630  7229  7229 D StrictMode: 	at android.os.Handler.dispatchMessage(Handler.java:103)
10-05 06:11:17.630  7229  7229 D StrictMode: 	at android.os.Looper.loopOnce(Looper.java:248)
10-05 06:11:17.630  7229  7229 D StrictMode: 	at android.os.Looper.loop(Looper.java:338)
10-05 06:11:17.630  7229  7229 D StrictMode: 	at android.app.ActivityThread.main(ActivityThread.java:9067)
10-05 06:11:17.630  7229  7229 D StrictMode: 	at java.lang.reflect.Method.invoke(Native Method)
10-05 06:11:17.630  7229  7229 D StrictMode: 	at com.android.internal.os.RuntimeInit$MethodAndArgsCaller.run(RuntimeInit.java:593)
10-05 06:11:17.630  7229  7229 D StrictMode: 	at com.android.internal.os.ZygoteInit.main(ZygoteInit.java:932)
10-05 06:11:17.631  1456  1606 I .apps.wellbeing: AssetManager2(0x71a0bf6edb78) locale list changing from [] to [en-US]
10-05 06:11:17.633  7229  7277 I DisplayManager: Choreographer implicitly registered for the refresh rate.
10-05 06:11:17.637  7229  7229 I tesproplayersgo: AssetManager2(0x71a0bf6c1f78) locale list changing from [] to [en-US]
10-05 06:11:17.643  1456  1606 I .apps.wellbeing: AssetManager2(0x71a0bf6e99d8) locale list changing from [] to [en-US]
10-05 06:11:17.680  1456  1606 I .apps.wellbeing: AssetManager2(0x71a0bf6e7458) locale list changing from [] to [en-US]
10-05 06:11:17.684  1456  1606 I .apps.wellbeing: AssetManager2(0x71a0bf6cc838) locale list changing from [] to [en-US]
10-05 06:11:17.685  7229  7277 I EGL_emulation: Opening libGLESv1_CM_emulation.so
10-05 06:11:17.687  1456  1606 I .apps.wellbeing: AssetManager2(0x71a0bf6e9cf8) locale list changing from [] to [en-US]
10-05 06:11:17.688  7229  7277 I EGL_emulation: Opening libGLESv2_emulation.so
10-05 06:11:17.696  7229  7277 W HWUI    : Failed to choose config with EGL_SWAP_BEHAVIOR_PRESERVED, retrying without...
10-05 06:11:17.696  7229  7277 W HWUI    : Failed to initialize 101010-2 format, error = EGL_SUCCESS
10-05 06:11:17.703   704   912 D BackgroundInstallControlService: Package event received: 0
10-05 06:11:17.705  1456  1606 I .apps.wellbeing: AssetManager2(0x71a0bf6e2638) locale list changing from [] to [en-US]
10-05 06:11:17.706  5673  5673 D BoundBrokerSvc: onBind: Intent { act=com.google.android.gms.appset.service.START dat=chimera-action:/... xflg=0x4 cmp=com.google.android.gms/.chimera.GmsApiService }
10-05 06:11:17.706  5673  5673 D BoundBrokerSvc: Loading bound service for intent: Intent { act=com.google.android.gms.appset.service.START dat=chimera-action:/... xflg=0x4 cmp=com.google.android.gms/.chimera.GmsApiService }
10-05 06:11:17.714   704   912 D BackgroundInstallControlService: Package event received: 0
10-05 06:11:17.721   704   912 D BackgroundInstallControlService: Package event received: 0
10-05 06:11:17.722  1456  1606 I .apps.wellbeing: AssetManager2(0x71a0bf6e6e18) locale list changing from [] to [en-US]
10-05 06:11:17.733  1456  1606 I .apps.wellbeing: AssetManager2(0x71a0bf6d83b8) locale list changing from [] to [en-US]
10-05 06:11:17.737  1456  1606 I .apps.wellbeing: AssetManager2(0x71a0bf6d6ab8) locale list changing from [] to [en-US]
10-05 06:11:17.739  7229  7229 D AppCompatDelegate: Checking for metadata for AppLocalesMetadataHolderService : Service not found
10-05 06:11:17.740  7229  7229 I tesproplayersgo: AssetManager2(0x71a0bf6ca5d8) locale list changing from [] to [en-US]
10-05 06:11:17.758  7229  7263 D DiamantesApp: Firebase App Check configurado con Play Integrity provider
10-05 06:11:17.778  1456  1606 I .apps.wellbeing: AssetManager2(0x71a0bf6e3c18) locale list changing from [] to [en-US]
10-05 06:11:17.786  1456  1606 I .apps.wellbeing: AssetManager2(0x71a0bf6c9f98) locale list changing from [] to [en-US]
10-05 06:11:17.795  1456  1606 I .apps.wellbeing: AssetManager2(0x71a0bf6d6478) locale list changing from [] to [en-US]
10-05 06:11:17.805  7229  7229 D DesktopModeFlags: Toggle override initialized to: OVERRIDE_UNSET
10-05 06:11:17.833  1456  1606 I .apps.wellbeing: AssetManager2(0x71a0bf6e2318) locale list changing from [] to [en-US]
10-05 06:11:17.838  7229  7229 I tesproplayersgo: hiddenapi: Accessing hidden method Landroid/view/ViewGroup;->makeOptionalFitsSystemWindows()V (runtime_flags=0, domain=platform, api=unsupported) from Landroidx/appcompat/widget/ViewUtils; (domain=app) using reflection: allowed
10-05 06:11:17.842  1456  1606 I .apps.wellbeing: AssetManager2(0x71a0bf6d06b8) locale list changing from [] to [en-US]
