10-05 06:12:05.779  7229  7229 D MainActivity: Badge updated: 0
10-05 06:12:05.850  2369  7580 W libc    : Access denied finding property "persist.adb.tls_server.enable"
10-05 06:12:05.846  2369  2369 W binder:2369_D: type=1400 audit(0.0:313): avc:  denied  { read } for  name="u:object_r:system_adbd_prop:s0" dev="tmpfs" ino=334 scontext=u:r:gmscore_app:s0:c512,c768 tcontext=u:object_r:system_adbd_prop:s0 tclass=file permissive=0 app=com.google.android.gms
10-05 06:12:05.889  2369  7580 W SystemServiceRegistry: No service published for: persistent_data_block
10-05 06:12:05.938  2369  7580 I EGL_emulation: Opening libGLESv1_CM_emulation.so
10-05 06:12:05.940  2369  7580 I EGL_emulation: Opening libGLESv2_emulation.so
10-05 06:12:05.974   704  1997 D FileUtils: Rounded bytes from 2067259392 to 4000000000
10-05 06:12:05.983  2233  3121 D DGInternalHandle: maybeAddInteractionEvents(): The EventCollector is not initialized. This means that the client hasn't intended to collect any interaction events so far.
10-05 06:12:06.009  1537  1545 W FuseDaemon: Reducing the number of considered missed Gc histogram windows from 277 to 100
10-05 06:12:06.191  2233  2581 I Finsky  : [53] requestIntegrityToken() finished for com.follgramer.diamantesproplayersgo.
10-05 06:12:06.193  7229  7241 I PlayCore: UID: [10219]  PID: [7229] OnRequestIntegrityTokenCallback : onRequestIntegrityToken
10-05 06:12:06.193  7229  7306 I PlayCore: UID: [10219]  PID: [7229] IntegrityService : Unbind from service.
10-05 06:12:06.460  7229  7257 W LocalRequestInterceptor: Error getting App Check token; using placeholder token instead. Error: com.google.firebase.FirebaseException: Error returned from API. code: 403 body: App attestation failed.
10-05 06:12:06.749  7229  7229 E Ads     : JS: Uncaught (in promise) TypeError: this.Fc is not a function (https://googleads.g.doubleclick.net/mads/mraid.js:137)
10-05 06:12:06.750  7229  7229 I chromium: [INFO:CONSOLE:137] "Uncaught (in promise) TypeError: this.Fc is not a function", source: https://googleads.g.doubleclick.net/mads/mraid.js (137)
10-05 06:12:06.912  7229  7257 D FirebaseAuth: Notifying id token listeners about user ( 26xwj8EPEufQsDRaRizxJOcoPTw1 ).
10-05 06:12:07.701  5673  5673 D BoundBrokerSvc: onUnbind: Intent { act=com.google.android.gms.ads.service.START xflg=0x4 pkg=com.google.android.gms }
10-05 06:12:07.749  7229  7229 E Ads     : JS: Uncaught (in promise) TypeError: this.Fc is not a function (https://googleads.g.doubleclick.net/mads/mraid.js:137)
10-05 06:12:07.749  7229  7229 I chromium: [INFO:CONSOLE:137] "Uncaught (in promise) TypeError: this.Fc is not a function", source: https://googleads.g.doubleclick.net/mads/mraid.js (137)
10-05 06:12:08.750  7229  7229 E Ads     : JS: Uncaught (in promise) TypeError: this.Fc is not a function (https://googleads.g.doubleclick.net/mads/mraid.js:137)
10-05 06:12:08.750  7229  7229 I chromium: [INFO:CONSOLE:137] "Uncaught (in promise) TypeError: this.Fc is not a function", source: https://googleads.g.doubleclick.net/mads/mraid.js (137)
10-05 06:12:09.749  7229  7229 E Ads     : JS: Uncaught (in promise) TypeError: this.Fc is not a function (https://googleads.g.doubleclick.net/mads/mraid.js:137)
10-05 06:12:09.749  7229  7229 I chromium: [INFO:CONSOLE:137] "Uncaught (in promise) TypeError: this.Fc is not a function", source: https://googleads.g.doubleclick.net/mads/mraid.js (137)
10-05 06:12:10.749  7229  7229 E Ads     : JS: Uncaught (in promise) TypeError: this.Fc is not a function (https://googleads.g.doubleclick.net/mads/mraid.js:137)
10-05 06:12:10.749  7229  7229 I chromium: [INFO:CONSOLE:137] "Uncaught (in promise) TypeError: this.Fc is not a function", source: https://googleads.g.doubleclick.net/mads/mraid.js (137)
10-05 06:12:10.782  7229  7229 D MainActivity: Badge updated: 0
10-05 06:12:10.988  1291  1291 D BoundBrokerSvc: onUnbind: Intent { act=com.google.android.gms.common.telemetry.service.START dat=chimera-action:/... xflg=0x4 cmp=com.google.android.gms/.chimera.PersistentApiService }
10-05 06:12:11.574  1092  1296 D SatelliteController: iisInCarrierRoamingNbIotNtn: satellite is disabled
10-05 06:12:11.750  7229  7229 E Ads     : JS: Uncaught (in promise) TypeError: this.Fc is not a function (https://googleads.g.doubleclick.net/mads/mraid.js:137)
10-05 06:12:11.750  7229  7229 I chromium: [INFO:CONSOLE:137] "Uncaught (in promise) TypeError: this.Fc is not a function", source: https://googleads.g.doubleclick.net/mads/mraid.js (137)
10-05 06:12:12.728  5673  5673 D BoundBrokerSvc: onUnbind: Intent { act=com.google.android.gms.measurement.START xflg=0x4 pkg=com.google.android.gms }
10-05 06:12:12.750  7229  7229 E Ads     : JS: Uncaught (in promise) TypeError: this.Fc is not a function (https://googleads.g.doubleclick.net/mads/mraid.js:137)
10-05 06:12:12.750  7229  7229 I chromium: [INFO:CONSOLE:137] "Uncaught (in promise) TypeError: this.Fc is not a function", source: https://googleads.g.doubleclick.net/mads/mraid.js (137)
10-05 06:12:13.214   704   925 E ClipboardService: Denying clipboard access to com.google.android.gms, application is not in focus nor is it a system service for user 0
10-05 06:12:13.217   957   957 I ClipboardListener: Clipboard overlay suppressed.
10-05 06:12:13.217  1557  1764 I AiAiTranslate: C2T - not in a conversation
10-05 06:12:13.232  1557  1783 I AiAiTextClassifier: GenerateLinks did not find valid links, returning empty result
10-05 06:12:13.750  7229  7229 E Ads     : JS: Uncaught (in promise) TypeError: this.Fc is not a function (https://googleads.g.doubleclick.net/mads/mraid.js:137)
10-05 06:12:13.751  7229  7229 I chromium: [INFO:CONSOLE:137] "Uncaught (in promise) TypeError: this.Fc is not a function", source: https://googleads.g.doubleclick.net/mads/mraid.js (137)
10-05 06:12:14.753  7229  7229 E Ads     : JS: Uncaught (in promise) TypeError: this.Fc is not a function (https://googleads.g.doubleclick.net/mads/mraid.js:137)
10-05 06:12:14.753  7229  7229 I chromium: [INFO:CONSOLE:137] "Uncaught (in promise) TypeError: this.Fc is not a function", source: https://googleads.g.doubleclick.net/mads/mraid.js (137)
10-05 06:12:15.750  7229  7229 E Ads     : JS: Uncaught (in promise) TypeError: this.Fc is not a function (https://googleads.g.doubleclick.net/mads/mraid.js:137)
10-05 06:12:15.750  7229  7229 I chromium: [INFO:CONSOLE:137] "Uncaught (in promise) TypeError: this.Fc is not a function", source: https://googleads.g.doubleclick.net/mads/mraid.js (137)
10-05 06:12:15.784  7229  7229 D MainActivity: Badge updated: 0
10-05 06:12:16.231  5673  5673 D BoundBrokerSvc: onUnbind: Intent { act=com.google.android.gms.common.BIND_SHARED_PREFS xflg=0x4 pkg=com.google.android.gms }
10-05 06:12:16.270   267  7582 I keystore2: system/security/keystore2/watchdog/src/lib.rs:377 - Watchdog thread idle -> terminating. Have a great day.
10-05 06:12:16.751  7229  7229 E Ads     : JS: Uncaught (in promise) TypeError: this.Fc is not a function (https://googleads.g.doubleclick.net/mads/mraid.js:137)
10-05 06:12:16.751  7229  7229 I chromium: [INFO:CONSOLE:137] "Uncaught (in promise) TypeError: this.Fc is not a function", source: https://googleads.g.doubleclick.net/mads/mraid.js (137)
10-05 06:12:17.208  5673  5673 D BoundBrokerSvc: onUnbind: Intent { act=com.google.android.gms.ads.identifier.service.EVENT_ATTESTATION dat=chimera-action:/... xflg=0x4 cmp=com.google.android.gms/.chimera.GmsBoundBrokerService }
10-05 06:12:17.750  7229  7229 E Ads     : JS: Uncaught (in promise) TypeError: this.Fc is not a function (https://googleads.g.doubleclick.net/mads/mraid.js:137)
10-05 06:12:17.750  7229  7229 I chromium: [INFO:CONSOLE:137] "Uncaught (in promise) TypeError: this.Fc is not a function", source: https://googleads.g.doubleclick.net/mads/mraid.js (137)
10-05 06:12:18.749  7229  7229 E Ads     : JS: Uncaught (in promise) TypeError: this.Fc is not a function (https://googleads.g.doubleclick.net/mads/mraid.js:137)
10-05 06:12:18.749  7229  7229 I chromium: [INFO:CONSOLE:137] "Uncaught (in promise) TypeError: this.Fc is not a function", source: https://googleads.g.doubleclick.net/mads/mraid.js (137)
10-05 06:12:18.978   704   925 E ClipboardService: Denying clipboard access to com.google.android.gms, application is not in focus nor is it a system service for user 0
10-05 06:12:18.979   704   925 E ClipboardService: Denying clipboard access to com.google.android.gms, application is not in focus nor is it a system service for user 0
10-05 06:12:18.981   957   957 I ClipboardListener: Clipboard overlay suppressed.
10-05 06:12:18.982  1557  1764 I AiAiTranslate: C2T - not in a conversation
10-05 06:12:18.984   957   957 I ClipboardListener: Clipboard overlay suppressed.
10-05 06:12:19.000  1557  1783 I AiAiTextClassifier: GenerateLinks did not find valid links, returning empty result
10-05 06:12:19.751  7229  7229 E Ads     : JS: Uncaught (in promise) TypeError: this.Fc is not a function (https://googleads.g.doubleclick.net/mads/mraid.js:137)
10-05 06:12:19.751  7229  7229 I chromium: [INFO:CONSOLE:137] "Uncaught (in promise) TypeError: this.Fc is not a function", source: https://googleads.g.doubleclick.net/mads/mraid.js (137)
10-05 06:12:20.750  7229  7229 E Ads     : JS: Uncaught (in promise) TypeError: this.Fc is not a function (https://googleads.g.doubleclick.net/mads/mraid.js:137)
10-05 06:12:20.750  7229  7229 I chromium: [INFO:CONSOLE:137] "Uncaught (in promise) TypeError: this.Fc is not a function", source: https://googleads.g.doubleclick.net/mads/mraid.js (137)
10-05 06:12:20.787  7229  7229 D MainActivity: Badge updated: 0
10-05 06:12:21.080   704   806 D ActivityManager: freezing 2369 com.google.android.gms.unstable
10-05 06:12:21.574  1092  1296 D SatelliteController: iisInCarrierRoamingNbIotNtn: satellite is disabled
10-05 06:12:21.750  7229  7229 E Ads     : JS: Uncaught (in promise) TypeError: this.Fc is not a function (https://googleads.g.doubleclick.net/mads/mraid.js:137)
10-05 06:12:21.750  7229  7229 I chromium: [INFO:CONSOLE:137] "Uncaught (in promise) TypeError: this.Fc is not a function", source: https://googleads.g.doubleclick.net/mads/mraid.js (137)
10-05 06:12:22.749  7229  7229 E Ads     : JS: Uncaught (in promise) TypeError: this.Fc is not a function (https://googleads.g.doubleclick.net/mads/mraid.js:137)
10-05 06:12:22.749  7229  7229 I chromium: [INFO:CONSOLE:137] "Uncaught (in promise) TypeError: this.Fc is not a function", source: https://googleads.g.doubleclick.net/mads/mraid.js (137)
10-05 06:12:23.750  7229  7229 E Ads     : JS: Uncaught (in promise) TypeError: this.Fc is not a function (https://googleads.g.doubleclick.net/mads/mraid.js:137)
10-05 06:12:23.750  7229  7229 I chromium: [INFO:CONSOLE:137] "Uncaught (in promise) TypeError: this.Fc is not a function", source: https://googleads.g.doubleclick.net/mads/mraid.js (137)
10-05 06:12:24.750  7229  7229 E Ads     : JS: Uncaught (in promise) TypeError: this.Fc is not a function (https://googleads.g.doubleclick.net/mads/mraid.js:137)
10-05 06:12:24.750  7229  7229 I chromium: [INFO:CONSOLE:137] "Uncaught (in promise) TypeError: this.Fc is not a function", source: https://googleads.g.doubleclick.net/mads/mraid.js (137)
10-05 06:12:25.751  7229  7229 E Ads     : JS: Uncaught (in promise) TypeError: this.Fc is not a function (https://googleads.g.doubleclick.net/mads/mraid.js:137)
10-05 06:12:25.751  7229  7229 I chromium: [INFO:CONSOLE:137] "Uncaught (in promise) TypeError: this.Fc is not a function", source: https://googleads.g.doubleclick.net/mads/mraid.js (137)
10-05 06:12:25.790  7229  7229 D MainActivity: Badge updated: 0
10-05 06:12:25.793  1291  7569 I .gms.persistent: Explicit concurrent mark compact GC freed 3421KB AllocSpace bytes, 1(16KB) LOS objects, 24% free, 12MB/17MB, paused 934us,1.717ms total 62.323ms
10-05 06:12:26.053   704  1305 D WifiNl80211Manager: Scan result ready event
10-05 06:12:26.053   704  1305 D WifiNative: Scan result ready event
10-05 06:12:26.059  1291  4166 I WifiScanner: onFullResults
10-05 06:12:26.060  1291  2335 I WifiScanner: onFullResults
10-05 06:12:26.072   704   857 I HalDevMgr: bestIfaceCreationProposal is null, requestIface=STA, existingIface=[name=wlan0 type=STA]
10-05 06:12:26.750  7229  7229 E Ads     : JS: Uncaught (in promise) TypeError: this.Fc is not a function (https://googleads.g.doubleclick.net/mads/mraid.js:137)
10-05 06:12:26.750  7229  7229 I chromium: [INFO:CONSOLE:137] "Uncaught (in promise) TypeError: this.Fc is not a function", source: https://googleads.g.doubleclick.net/mads/mraid.js (137)
10-05 06:12:27.062   704   739 D ActivityManager: sync unfroze 5642 com.android.keychain for 10
10-05 06:12:27.064   704   739 D ActivityManager: sync unfroze 5182 com.android.settings for 10
10-05 06:12:27.751  7229  7229 E Ads     : JS: Uncaught (in promise) TypeError: this.Fc is not a function (https://googleads.g.doubleclick.net/mads/mraid.js:137)
10-05 06:12:27.751  7229  7229 I chromium: [INFO:CONSOLE:137] "Uncaught (in promise) TypeError: this.Fc is not a function", source: https://googleads.g.doubleclick.net/mads/mraid.js (137)
10-05 06:12:28.749  7229  7229 E Ads     : JS: Uncaught (in promise) TypeError: this.Fc is not a function (https://googleads.g.doubleclick.net/mads/mraid.js:137)
10-05 06:12:28.749  7229  7229 I chromium: [INFO:CONSOLE:137] "Uncaught (in promise) TypeError: this.Fc is not a function", source: https://googleads.g.doubleclick.net/mads/mraid.js (137)
10-05 06:12:29.546  1033  1136 D ApfFilter: (wlan0): Ignoring RA RA fe80::2 -> ff02::1 1800s fec0::/64 86400s/14400s DNS 1200000s fec0::3  which matches RA fe80::2 -> ff02::1 1800s fec0::/64 86400s/14400s DNS 1200000s fec0::3 
10-05 06:12:29.749  7229  7229 E Ads     : JS: Uncaught (in promise) TypeError: this.Fc is not a function (https://googleads.g.doubleclick.net/mads/mraid.js:137)
10-05 06:12:29.749  7229  7229 I chromium: [INFO:CONSOLE:137] "Uncaught (in promise) TypeError: this.Fc is not a function", source: https://googleads.g.doubleclick.net/mads/mraid.js (137)
10-05 06:12:29.771  1578  1951 I bbax    : (REDACTED) getHotwordActive::active query: %s, watch: %s, devices connected: %s
10-05 06:12:30.046  7229  7229 I Ads     : This request is sent from a test device.
10-05 06:12:30.048   704  1993 D FileUtils: Rounded bytes from 2067259392 to 4000000000
10-05 06:12:30.068  7229  7612 W ConnectionStatusConfig: Dynamic lookup for intent failed for action: com.google.android.gms.ads.service.START
10-05 06:12:30.070   704   912 D BackgroundInstallControlService: Package event received: 0
10-05 06:12:30.072  5673  5673 D BoundBrokerSvc: onBind: Intent { act=com.google.android.gms.ads.service.START xflg=0x4 pkg=com.google.android.gms }
10-05 06:12:30.072  5673  5673 D BoundBrokerSvc: Loading bound service for intent: Intent { act=com.google.android.gms.ads.service.START xflg=0x4 pkg=com.google.android.gms }
10-05 06:12:30.075  5673  5673 D BoundBrokerSvc: onBind: Intent { act=com.google.android.gms.ads.identifier.service.EVENT_ATTESTATION dat=chimera-action:/... xflg=0x4 cmp=com.google.android.gms/.chimera.GmsBoundBrokerService }
10-05 06:12:30.075  5673  5673 D BoundBrokerSvc: Loading bound service for intent: Intent { act=com.google.android.gms.ads.identifier.service.EVENT_ATTESTATION dat=chimera-action:/... xflg=0x4 cmp=com.google.android.gms/.chimera.GmsBoundBrokerService }
10-05 06:12:30.086  5673  7618 W SQLiteLog: (28) double-quoted string literal: "1759471950086"
10-05 06:12:30.086  5673  7618 W SQLiteLog: (28) double-quoted string literal: "1"
10-05 06:12:30.095  5673  7613 I Ads     : SDK version: afma-sdk-a-v252530000.252530000.0
10-05 06:12:30.095  5673  7613 I Ads     : HTTP timeout: 60000 milliseconds.
10-05 06:12:30.603   704   912 D BackgroundInstallControlService: Package event received: 0
10-05 06:12:30.605  5673  5673 D BoundBrokerSvc: onBind: Intent { act=com.google.android.gms.measurement.START xflg=0x4 pkg=com.google.android.gms }
10-05 06:12:30.605  5673  5673 D BoundBrokerSvc: Loading bound service for intent: Intent { act=com.google.android.gms.measurement.START xflg=0x4 pkg=com.google.android.gms }
10-05 06:12:30.645  5673  7372 D AdvertisingIdClient: AdvertisingIdClient already created.
10-05 06:12:30.647  5673  7372 I AdvertisingIdClient: shouldSendLog -1
10-05 06:12:30.647  5673  7372 I AdvertisingIdClient: GetInfoInternal elapse 2ms
10-05 06:12:30.651  1291  1291 D BoundBrokerSvc: onRebind: Intent { act=com.google.android.gms.common.telemetry.service.START dat=chimera-action:/... xflg=0x4 cmp=com.google.android.gms/.chimera.PersistentApiService }
10-05 06:12:30.653  5673  5673 I AdvertisingIdClient: getting error as 17: API: ClientTelemetry.API is not available on this device. Connection failed with: ConnectionResult{statusCode=API_DISABLED, resolution=null, message=null, clientMethodKey=null}
10-05 06:12:30.750  7229  7229 E Ads     : JS: Uncaught (in promise) TypeError: this.Fc is not a function (https://googleads.g.doubleclick.net/mads/mraid.js:137)
10-05 06:12:30.750  7229  7229 I chromium: [INFO:CONSOLE:137] "Uncaught (in promise) TypeError: this.Fc is not a function", source: https://googleads.g.doubleclick.net/mads/mraid.js (137)
10-05 06:12:30.792  7229  7229 D MainActivity: Badge updated: 0
10-05 06:12:31.150  7229  7229 D BannerHelper: ═══════════════════════════════════════
10-05 06:12:31.150  7229  7229 D BannerHelper: ✅ ¡BANNER CARGADO EXITOSAMENTE!
10-05 06:12:31.150  7229  7229 D BannerHelper: ═══════════════════════════════════════
10-05 06:12:31.150  7229  7229 D BannerHelper: Container ID: 77115782
10-05 06:12:31.150  7229  7229 D BannerHelper: Ad Unit ID: ca-app-pub-3940256099942544/6300978111
10-05 06:12:31.150  7229  7229 D BannerHelper: AdView Size: 1080x168px
10-05 06:12:31.150  7229  7229 D BannerHelper: Container Size: 1080x168px
10-05 06:12:31.150  7229  7229 D BannerHelper: ✅ Banner completamente visible y renderizado
10-05 06:12:31.160  7229  7229 D BannerHelper: 👁️ Impresión registrada
10-05 06:12:31.574  1092  1296 D SatelliteController: iisInCarrierRoamingNbIotNtn: satellite is disabled
10-05 06:12:31.749  7229  7229 E Ads     : JS: Uncaught (in promise) TypeError: this.Fc is not a function (https://googleads.g.doubleclick.net/mads/mraid.js:137)
10-05 06:12:31.749  7229  7229 I chromium: [INFO:CONSOLE:137] "Uncaught (in promise) TypeError: this.Fc is not a function", source: https://googleads.g.doubleclick.net/mads/mraid.js (137)
10-05 06:12:32.750  7229  7229 E Ads     : JS: Uncaught (in promise) TypeError: this.Fc is not a function (https://googleads.g.doubleclick.net/mads/mraid.js:137)
10-05 06:12:32.750  7229  7229 I chromium: [INFO:CONSOLE:137] "Uncaught (in promise) TypeError: this.Fc is not a function", source: https://googleads.g.doubleclick.net/mads/mraid.js (137)
10-05 06:12:33.751  7229  7229 E Ads     : JS: Uncaught (in promise) TypeError: this.Fc is not a function (https://googleads.g.doubleclick.net/mads/mraid.js:137)
10-05 06:12:33.751  7229  7229 I chromium: [INFO:CONSOLE:137] "Uncaught (in promise) TypeError: this.Fc is not a function", source: https://googleads.g.doubleclick.net/mads/mraid.js (137)
10-05 06:12:34.750  7229  7229 E Ads     : JS: Uncaught (in promise) TypeError: this.Fc is not a function (https://googleads.g.doubleclick.net/mads/mraid.js:137)
10-05 06:12:34.750  7229  7229 I chromium: [INFO:CONSOLE:137] "Uncaught (in promise) TypeError: this.Fc is not a function", source: https://googleads.g.doubleclick.net/mads/mraid.js (137)
10-05 06:12:35.589  5673  5673 D BoundBrokerSvc: onUnbind: Intent { act=com.google.android.gms.ads.service.START xflg=0x4 pkg=com.google.android.gms }
10-05 06:12:35.667  1291  1291 D BoundBrokerSvc: onUnbind: Intent { act=com.google.android.gms.common.telemetry.service.START dat=chimera-action:/... xflg=0x4 cmp=com.google.android.gms/.chimera.PersistentApiService }
10-05 06:12:35.751  7229  7229 E Ads     : JS: Uncaught (in promise) TypeError: this.Fc is not a function (https://googleads.g.doubleclick.net/mads/mraid.js:137)
10-05 06:12:35.751  7229  7229 I chromium: [INFO:CONSOLE:137] "Uncaught (in promise) TypeError: this.Fc is not a function", source: https://googleads.g.doubleclick.net/mads/mraid.js (137)
10-05 06:12:35.796  7229  7229 D MainActivity: Badge updated: 0
10-05 06:12:36.751  7229  7229 E Ads     : JS: Uncaught (in promise) TypeError: this.Fc is not a function (https://googleads.g.doubleclick.net/mads/mraid.js:137)
10-05 06:12:36.751  7229  7229 I chromium: [INFO:CONSOLE:137] "Uncaught (in promise) TypeError: this.Fc is not a function", source: https://googleads.g.doubleclick.net/mads/mraid.js (137)
10-05 06:12:37.750  7229  7229 E Ads     : JS: Uncaught (in promise) TypeError: this.Fc is not a function (https://googleads.g.doubleclick.net/mads/mraid.js:137)
10-05 06:12:37.750  7229  7229 I chromium: [INFO:CONSOLE:137] "Uncaught (in promise) TypeError: this.Fc is not a function", source: https://googleads.g.doubleclick.net/mads/mraid.js (137)
