10-05 06:38:58.295   957  1079 V WindowManagerShell:  Checking filter Pair{{types=[] flags=0x0] notFlags=0x100 checks=[{atype=home independent=true modes=[OPEN,TO_FRONT] flags=NONE mustBeTask=false order=TOP topActivity=ComponentInfo{com.google.android.apps.nexuslauncher/com.google.android.apps.nexuslauncher.NexusLauncherActivity} launchCookie=null windowingMode=undefined},{atype=standard independent=true modes=[CLOSE,TO_BACK] flags=NONE mustBeTask=false order=ANY topActivity=null launchCookie=null windowingMode=undefined},{NOT atype=undefined independent=true modes=[] flags=NONE mustBeTask=true order=ANY topActivity=null launchCookie=null customAnim=true windowingMode=undefined}]} RemoteTransition { remoteTransition = android.window.IRemoteTransition$Stub$Proxy@de297b, appThread = android.app.IApplicationThread$Stub$Proxy@f5d5398, debugName = QuickstepLaunchHome }}
10-05 06:38:58.295   957  1079 V WindowManagerShell:  Delegate animation for (#41) to null
10-05 06:38:58.296  9951  9951 I ImeTracker: com.follgramer.diamantesproplayersgo:7baeccb0: onRequestHide at ORIGIN_CLIENT reason HIDE_SOFT_INPUT_CLOSE_CURRENT_SESSION fromUser false
10-05 06:38:58.296   957  1079 V WindowManagerShell: start default transition animation, info = {id=41 t=CLOSE f=0x0 trk=0 r=[0@Point(0, 0)] c=[{m=CLOSE f=TRANSLUCENT|FILLS_TASK leash=Surface(name=ActivityRecord{245430721 u0 com.follgramer.diamantesproplayersgo/com.google.android.gms.ads.AdActivity)/@0x52f9373 sb=Rect(0, 0 - 1080, 2400) eb=Rect(0, 0 - 1080, 2400) epz=Point(1080, 2400) d=0 bc=ff000000 component=com.follgramer.diamantesproplayersgo/com.google.android.gms.ads.AdActivity opt={t=FROM_STYLE mUserId=0}}]}
10-05 06:38:58.297  9951  9951 D InsetsController: hide(ime(), fromIme=false)
10-05 06:38:58.297  9951  9951 I ImeTracker: com.follgramer.diamantesproplayersgo:7baeccb0: onCancelled at PHASE_CLIENT_ALREADY_HIDDEN
10-05 06:38:58.298   957  1079 V WindowManagerShell: loadAnimation: anim=null animAttr=0x7 type=CLOSE isEntrance=false
10-05 06:38:58.298   957  1079 V WindowManagerShell: Transition animation finished (aborted=false), notifying core (#41) android.os.BinderProxy@cb263e2@0
10-05 06:38:58.302   704   728 V WindowManager: Finish Transition (#41): created at 10-05 06:38:58.267 collect-started=0.036ms request-sent=0.062ms started=6.375ms ready=22.606ms sent=25.124ms finished=33.092ms
10-05 06:38:58.304   957  1079 V WindowManagerShell: Track 0 became idle
10-05 06:38:58.304   957  1079 V WindowManagerShell: All active transition animations finished
10-05 06:38:58.304   957  1079 V WindowManagerShell:  animated by com.android.wm.shell.transition.DefaultTransitionHandler@8ae066e
10-05 06:38:58.304   957  1079 V WindowManagerShell: Track 0 became idle
10-05 06:38:58.304   957  1079 V WindowManagerShell: All active transition animations finished
10-05 06:38:58.309  9951  9951 D MainActivity: onResume - Verificando estado
10-05 06:38:58.310  9951  9951 D SessionManager: Giros obtenidos: 10
10-05 06:38:58.313  9951  9951 D SessionManager: Giros obtenidos: 10
10-05 06:38:58.317  9951  9951 D MainActivity: Badge updated: 0
10-05 06:38:58.317  9951  9951 D MainActivity: Resumiendo banners...
10-05 06:38:58.325  9951  9951 D BannerHelper: ▶️ 2 banners resumidos
10-05 06:38:58.326  9951  9951 D MainActivity: 📬 Unread notifications: 0
10-05 06:38:58.330  9951  9951 D VRI[AdActivity]: visibilityChanged oldVisibility=true newVisibility=false
10-05 06:38:58.341  9951  9951 W WindowOnBackDispatcher: sendCancelIfRunning: isInProgress=false callback=android.app.Activity$$ExternalSyntheticLambda0@4be58f1
10-05 06:38:58.344   704  1649 D CoreBackPreview: Window{38270fd u0 com.follgramer.diamantesproplayersgo/com.google.android.gms.ads.AdActivity}: Setting back callback null
10-05 06:38:58.348  9951  9951 D ViewRootImpl: Skipping stats log for color mode
10-05 06:38:58.352   704  1649 I ImeTracker: system_server:47a0aff0: onRequestHide at ORIGIN_SERVER reason IME_REQUESTED_CHANGED_LISTENER fromUser false
10-05 06:38:58.352   704   731 I ImeTracker: system_server:47a0aff0: onCancelled at PHASE_SERVER_SHOULD_HIDE
10-05 06:38:58.358   704   912 D BackgroundInstallControlService: Package event received: 0
10-05 06:38:58.380  1421  1421 I GoogleInputMethodService: GoogleInputMethodService.onFinishInput():2043 
10-05 06:38:58.380  1421  1421 I Module  : DeviceLockedStatusModuleProvider$Module.updateDeviceLockedStatus():100 repeatCheckTimes = 0, locked = false
10-05 06:38:58.382   704   722 I ImeTracker: system_server:89a18718: onRequestHide at ORIGIN_SERVER reason IME_REQUESTED_CHANGED_LISTENER fromUser false
10-05 06:38:58.382   704   731 I ImeTracker: system_server:89a18718: onCancelled at PHASE_SERVER_SHOULD_HIDE
10-05 06:38:58.386  1421  1421 I GoogleInputMethodService: GoogleInputMethodService.onStartInput():1293 onStartInput(EditorInfo{EditorInfo{packageName=com.follgramer.diamantesproplayersgo, inputType=0, inputTypeString=NULL, enableLearning=false, autoCorrection=false, autoComplete=false, imeOptions=0, privateImeOptions=null, actionName=UNSPECIFIED, actionLabel=null, initialSelStart=-1, initialSelEnd=-1, initialCapsMode=0, label=null, fieldId=0, fieldName=null, extras=null, hintText=null, hintLocales=[]}}, false)
10-05 06:38:58.388  1421  1421 I EmojiCompatManager: EmojiCompatManager.getEmojiCompatIfLoaded():343 EmojiCompat.init() was never called.
10-05 06:38:58.388  1421  1421 I EmojiCompatManager: java.lang.IllegalStateException: EmojiCompat is not initialized. Please call EmojiCompat.init() first
10-05 06:38:58.388  1421  1421 I EmojiCompatManager: 	at asx.p(PG:6)
10-05 06:38:58.388  1421  1421 I EmojiCompatManager: 	at axb.b(PG:13)
10-05 06:38:58.388  1421  1421 I EmojiCompatManager: 	at jnr.b(PG:2)
10-05 06:38:58.388  1421  1421 I EmojiCompatManager: 	at jnr.c(PG:4)
10-05 06:38:58.388  1421  1421 I EmojiCompatManager: 	at jnr.f(PG:3)
10-05 06:38:58.388  1421  1421 I EmojiCompatManager: 	at jnx.c(PG:3)
10-05 06:38:58.388  1421  1421 I EmojiCompatManager: 	at kif.cz(PG:47)
10-05 06:38:58.388  1421  1421 I EmojiCompatManager: 	at lhl.run(PG:1025)
10-05 06:38:58.388  1421  1421 I EmojiCompatManager: 	at jaf.execute(PG:12)
10-05 06:38:58.388  1421  1421 I EmojiCompatManager: 	at nco.v(PG:13)
10-05 06:38:58.388  1421  1421 I EmojiCompatManager: 	at lhn.m(PG:96)
10-05 06:38:58.388  1421  1421 I EmojiCompatManager: 	at lhn.k(PG:25)
10-05 06:38:58.388  1421  1421 I EmojiCompatManager: 	at kgn.onStartInput(PG:250)
10-05 06:38:58.388  1421  1421 I EmojiCompatManager: 	at android.inputmethodservice.InputMethodService.doStartInput(InputMethodService.java:3521)
10-05 06:38:58.388  1421  1421 I EmojiCompatManager: 	at android.inputmethodservice.InputMethodService$InputMethodImpl.startInput(InputMethodService.java:879)
10-05 06:38:58.388  1421  1421 I EmojiCompatManager: 	at android.inputmethodservice.InputMethodService$InputMethodImpl.dispatchStartInput(InputMethodService.java:908)
10-05 06:38:58.388  1421  1421 I EmojiCompatManager: 	at android.inputmethodservice.IInputMethodWrapper.executeMessage(IInputMethodWrapper.java:201)
10-05 06:38:58.388  1421  1421 I EmojiCompatManager: 	at com.android.internal.os.HandlerCaller$MyHandler.handleMessage(HandlerCaller.java:44)
10-05 06:38:58.388  1421  1421 I EmojiCompatManager: 	at android.os.Handler.dispatchMessage(Handler.java:110)
10-05 06:38:58.388  1421  1421 I EmojiCompatManager: 	at android.os.Looper.loopOnce(Looper.java:248)
10-05 06:38:58.388  1421  1421 I EmojiCompatManager: 	at android.os.Looper.loop(Looper.java:338)
10-05 06:38:58.388  1421  1421 I EmojiCompatManager: 	at android.app.ActivityThread.main(ActivityThread.java:9067)
10-05 06:38:58.388  1421  1421 I EmojiCompatManager: 	at java.lang.reflect.Method.invoke(Native Method)
10-05 06:38:58.388  1421  1421 I EmojiCompatManager: 	at com.android.internal.os.RuntimeInit$MethodAndArgsCaller.run(RuntimeInit.java:593)
10-05 06:38:58.388  1421  1421 I EmojiCompatManager: 	at com.android.internal.os.ZygoteInit.main(ZygoteInit.java:932)
10-05 06:38:58.389  1421  1421 I Module  : DeviceLockedStatusModuleProvider$Module.updateDeviceLockedStatus():100 repeatCheckTimes = 1, locked = false
10-05 06:38:58.391   704   722 W PackageConfigPersister: App-specific configuration not found for packageName: com.follgramer.diamantesproplayersgo and userId: 0
10-05 06:38:58.429   704   731 W IPCThreadState: Sending oneway calls to frozen process.
10-05 06:38:58.432   704   731 W IPCThreadState: Sending oneway calls to frozen process.
10-05 06:38:58.436  5673  9859 D AdvertisingIdClient: AdvertisingIdClient already created.
10-05 06:38:58.439  5673  9859 I AdvertisingIdClient: shouldSendLog -1
10-05 06:38:58.440  5673  9859 I AdvertisingIdClient: GetInfoInternal elapse 2ms
10-05 06:38:58.442  5673  5673 I AdvertisingIdClient: getting error as 17: API: ClientTelemetry.API is not available on this device. Connection failed with: ConnectionResult{statusCode=API_DISABLED, resolution=null, message=null, clientMethodKey=null}
10-05 06:38:58.444  1291  1291 D BoundBrokerSvc: onRebind: Intent { act=com.google.android.gms.common.telemetry.service.START dat=chimera-action:/... xflg=0x4 cmp=com.google.android.gms/.chimera.PersistentApiService }
10-05 06:38:58.753  9951  9951 E Ads     : JS: Uncaught (in promise) TypeError: this.Fc is not a function (https://googleads.g.doubleclick.net/mads/mraid.js:137)
10-05 06:38:58.754  9951  9951 I chromium: [INFO:CONSOLE:137] "Uncaught (in promise) TypeError: this.Fc is not a function", source: https://googleads.g.doubleclick.net/mads/mraid.js (137)
10-05 06:38:58.940  9951  9951 D MainActivity: Badge updated: 0
10-05 06:38:59.005  2233  2233 I Finsky  : [2] SCH: job service start with id 9836.
10-05 06:38:59.021  2233  9905 I Finsky  : [271] SCH: Satisfied jobs for 9836 are: 12-1
10-05 06:38:59.028  2233 10230 I Finsky  : [282] SCH: Job 12-1 starting
10-05 06:38:59.029  2233  2233 I Finsky  : [2] WM::SCH: Logging work start for 12-1
10-05 06:38:59.038  2233  2233 I Finsky  : [2] [ContentSync] job started
10-05 06:38:59.102  2233  2367 I android.vending: Waiting for a blocking GC ProfileSaver
10-05 06:38:59.113  2233 10231 I Finsky  : [283] App states replicator found 5 unowned apps
10-05 06:38:59.128  2233  2602 I Finsky  : [57] Completed 0 account content syncs with 0 successful.
10-05 06:38:59.129  2233  2233 I Finsky  : [2] [ContentSync] Installation state replication succeeded.
10-05 06:38:59.129  2233  2233 I Finsky  : [2] SCH: jobFinished: 12-1. TimeElapsed: 101ms.
10-05 06:38:59.129  2233  2233 I Finsky  : [2] WM::SCH: Logging work end for 12-1
10-05 06:38:59.136  2233  2367 I android.vending: WaitForGcToComplete blocked ProfileSaver on Background for 33.896ms
10-05 06:38:59.158  2233  2626 I Finsky  : [62] SCH: Scheduling phonesky job Id: 1-1337, CT: 1759641430763, Constraints: [{ L: 14399998, D: 49708694, C: CHARGING_NONE, I: IDLE_NONE, N: NET_ANY, B: BATTERY_ANY }]
10-05 06:38:59.165  2233  2581 I Finsky  : [53] SCH: Scheduling 1 system job(s)
10-05 06:38:59.165  2233  2581 I Finsky  : [53] SCH: Scheduling system job Id: 9839, L: 9491596, D: 44800292, C: false, I: false, N: 1
10-05 06:38:59.172  2233 10230 I Finsky  : [282] SCH: job service finished with id 9836.
10-05 06:38:59.749  9951  9951 E Ads     : JS: Uncaught (in promise) TypeError: this.Fc is not a function (https://googleads.g.doubleclick.net/mads/mraid.js:137)
10-05 06:38:59.749  9951  9951 I chromium: [INFO:CONSOLE:137] "Uncaught (in promise) TypeError: this.Fc is not a function", source: https://googleads.g.doubleclick.net/mads/mraid.js (137)
10-05 06:39:00.297  9951  9951 D AdIds   : Interstitial: ca-app-pub-3940256099942544/1033173712 (TEST)
10-05 06:39:00.297  9951  9951 D AdManager: Cargando interstitial: ca-app-pub-3940256099942544/1033173712
10-05 06:39:00.302  9951 10130 I Ads     : This request is sent from a test device.
10-05 06:39:00.304   704  1649 D FileUtils: Rounded bytes from 2067259392 to 4000000000
10-05 06:39:00.319  9951 10234 W ConnectionStatusConfig: Dynamic lookup for intent failed for action: com.google.android.gms.ads.service.START
10-05 06:39:00.321   704   912 D BackgroundInstallControlService: Package event received: 0
10-05 06:39:00.323  5673  5673 D BoundBrokerSvc: onBind: Intent { act=com.google.android.gms.ads.service.START xflg=0x4 pkg=com.google.android.gms }
10-05 06:39:00.323  5673  5673 D BoundBrokerSvc: Loading bound service for intent: Intent { act=com.google.android.gms.ads.service.START xflg=0x4 pkg=com.google.android.gms }
10-05 06:39:00.335  5673 10238 W SQLiteLog: (28) double-quoted string literal: "1759473540335"
10-05 06:39:00.335  5673 10238 W SQLiteLog: (28) double-quoted string literal: "1"
10-05 06:39:00.344  5673 10238 I Ads     : SDK version: afma-sdk-a-v252530000.252530000.0
10-05 06:39:00.344  5673 10238 I Ads     : HTTP timeout: 60000 milliseconds.
10-05 06:39:00.749  9951  9951 E Ads     : JS: Uncaught (in promise) TypeError: this.Fc is not a function (https://googleads.g.doubleclick.net/mads/mraid.js:137)
10-05 06:39:00.749  9951  9951 I chromium: [INFO:CONSOLE:137] "Uncaught (in promise) TypeError: this.Fc is not a function", source: https://googleads.g.doubleclick.net/mads/mraid.js (137)
10-05 06:39:00.854  5673  5679 W System  : A resource failed to call close. 
10-05 06:39:01.018  9951  9951 W Ads     : JS: An iframe which has both allow-scripts and allow-same-origin for its sandbox attribute can escape its sandboxing. (about:srcdoc:0)
10-05 06:39:01.018  9951  9951 I chromium: [INFO:CONSOLE:0] "An iframe which has both allow-scripts and allow-same-origin for its sandbox attribute can escape its sandboxing.", source: about:srcdoc (0)
10-05 06:39:01.045  9951  9951 D AdManager: ✅ Interstitial pre-cargado exitosamente
10-05 06:39:01.595  1092  1296 D SatelliteController: iisInCarrierRoamingNbIotNtn: satellite is disabled
10-05 06:39:01.755  9951  9951 E Ads     : JS: Uncaught (in promise) TypeError: this.Fc is not a function (https://googleads.g.doubleclick.net/mads/mraid.js:137)
10-05 06:39:01.755  9951  9951 I chromium: [INFO:CONSOLE:137] "Uncaught (in promise) TypeError: this.Fc is not a function", source: https://googleads.g.doubleclick.net/mads/mraid.js (137)
10-05 06:39:02.750  9951  9951 E Ads     : JS: Uncaught (in promise) TypeError: this.Fc is not a function (https://googleads.g.doubleclick.net/mads/mraid.js:137)
10-05 06:39:02.751  9951  9951 I chromium: [INFO:CONSOLE:137] "Uncaught (in promise) TypeError: this.Fc is not a function", source: https://googleads.g.doubleclick.net/mads/mraid.js (137)
10-05 06:39:02.751  9951  9951 E Ads     : JS: Uncaught (in promise) TypeError: this.Fc is not a function (https://googleads.g.doubleclick.net/mads/mraid.js:137)
10-05 06:39:02.751  9951  9951 I chromium: [INFO:CONSOLE:137] "Uncaught (in promise) TypeError: this.Fc is not a function", source: https://googleads.g.doubleclick.net/mads/mraid.js (137)
10-05 06:39:03.448  1291  1291 D BoundBrokerSvc: onUnbind: Intent { act=com.google.android.gms.common.telemetry.service.START dat=chimera-action:/... xflg=0x4 cmp=com.google.android.gms/.chimera.PersistentApiService }
10-05 06:39:03.749  9951  9951 E Ads     : JS: Uncaught (in promise) TypeError: this.Fc is not a function (https://googleads.g.doubleclick.net/mads/mraid.js:137)
10-05 06:39:03.749  9951  9951 I chromium: [INFO:CONSOLE:137] "Uncaught (in promise) TypeError: this.Fc is not a function", source: https://googleads.g.doubleclick.net/mads/mraid.js (137)
10-05 06:39:03.749  9951  9951 E Ads     : JS: Uncaught (in promise) TypeError: this.Fc is not a function (https://googleads.g.doubleclick.net/mads/mraid.js:137)
10-05 06:39:03.749  9951  9951 I chromium: [INFO:CONSOLE:137] "Uncaught (in promise) TypeError: this.Fc is not a function", source: https://googleads.g.doubleclick.net/mads/mraid.js (137)
10-05 06:39:03.943  9951  9951 D MainActivity: Badge updated: 0
10-05 06:39:04.749  9951  9951 E Ads     : JS: Uncaught (in promise) TypeError: this.Fc is not a function (https://googleads.g.doubleclick.net/mads/mraid.js:137)
10-05 06:39:04.749  9951  9951 I chromium: [INFO:CONSOLE:137] "Uncaught (in promise) TypeError: this.Fc is not a function", source: https://googleads.g.doubleclick.net/mads/mraid.js (137)
10-05 06:39:04.750  9951  9951 E Ads     : JS: Uncaught (in promise) TypeError: this.Fc is not a function (https://googleads.g.doubleclick.net/mads/mraid.js:137)
10-05 06:39:04.750  9951  9951 I chromium: [INFO:CONSOLE:137] "Uncaught (in promise) TypeError: this.Fc is not a function", source: https://googleads.g.doubleclick.net/mads/mraid.js (137)
10-05 06:39:05.345   704   925 E ClipboardService: Denying clipboard access to com.google.android.gms, application is not in focus nor is it a system service for user 0
10-05 06:39:05.350   957   957 I ClipboardListener: Clipboard overlay suppressed.
10-05 06:39:05.370  1557  1764 I AiAiTranslate: C2T - not in a conversation
10-05 06:39:05.385   704   925 E ClipboardService: Denying clipboard access to com.google.android.gms, application is not in focus nor is it a system service for user 0
10-05 06:39:05.387  1557  1764 I AiAiTranslate: C2T - not in a conversation
10-05 06:39:05.389   957   957 I ClipboardListener: Clipboard overlay suppressed.
10-05 06:39:05.750  9951  9951 E Ads     : JS: Uncaught (in promise) TypeError: this.Fc is not a function (https://googleads.g.doubleclick.net/mads/mraid.js:137)
10-05 06:39:05.750  9951  9951 I chromium: [INFO:CONSOLE:137] "Uncaught (in promise) TypeError: this.Fc is not a function", source: https://googleads.g.doubleclick.net/mads/mraid.js (137)
10-05 06:39:05.750  9951  9951 E Ads     : JS: Uncaught (in promise) TypeError: this.Fc is not a function (https://googleads.g.doubleclick.net/mads/mraid.js:137)
10-05 06:39:05.750  9951  9951 I chromium: [INFO:CONSOLE:137] "Uncaught (in promise) TypeError: this.Fc is not a function", source: https://googleads.g.doubleclick.net/mads/mraid.js (137)
10-05 06:39:05.868  5673  5673 D BoundBrokerSvc: onUnbind: Intent { act=com.google.android.gms.ads.service.START xflg=0x4 pkg=com.google.android.gms }
10-05 06:39:05.961   704  1990 W AS.PlaybackActivityMon: No piid assigned for invalid/internal port id 15
10-05 06:39:06.218   704   722 D WifiNl80211Manager: Scan result ready event
10-05 06:39:06.219   704   722 D WifiNative: Scan result ready event
10-05 06:39:06.236  1291  3285 I WifiScanner: onFullResults
10-05 06:39:06.238  1291  2640 I WifiScanner: onFullResults
10-05 06:39:06.262   704   857 I HalDevMgr: bestIfaceCreationProposal is null, requestIface=STA, existingIface=[name=wlan0 type=STA]
10-05 06:39:06.701   704  1955 W AS.PlaybackActivityMon: No piid assigned for invalid/internal port id 15
10-05 06:39:06.713   550   650 D AudioFlinger: mixer(0x78d923144770) throttle end: throttle time(42)
10-05 06:39:06.750  9951  9951 E Ads     : JS: Uncaught (in promise) TypeError: this.Fc is not a function (https://googleads.g.doubleclick.net/mads/mraid.js:137)
10-05 06:39:06.750  9951  9951 I chromium: [INFO:CONSOLE:137] "Uncaught (in promise) TypeError: this.Fc is not a function", source: https://googleads.g.doubleclick.net/mads/mraid.js (137)
10-05 06:39:06.751  9951  9951 E Ads     : JS: Uncaught (in promise) TypeError: this.Fc is not a function (https://googleads.g.doubleclick.net/mads/mraid.js:137)
10-05 06:39:06.751  9951  9951 I chromium: [INFO:CONSOLE:137] "Uncaught (in promise) TypeError: this.Fc is not a function", source: https://googleads.g.doubleclick.net/mads/mraid.js (137)
10-05 06:39:06.967  9951  9951 D AdManager: Interstitial ready: true
10-05 06:39:07.052  9951  9951 D AdIds   : Native: ca-app-pub-3940256099942544/2247696110 (TEST)
10-05 06:39:07.052  9951  9951 D NativeAdHelper: 📤 Encolando anuncio nativo para holder 244145899 con ID: ca-app-pub-3940256099942544/2247696110
10-05 06:39:07.061  9951  9951 D AdRequestManager: Request encolada. Total en cola: 1
10-05 06:39:07.062  9951  9951 D LeaderboardAdapter: Cargando anuncio nativo en posición 3 (holder 244145899)
10-05 06:39:07.083  9951  9951 D AdRequestManager: Procesando request. Quedan: 0
10-05 06:39:07.085  9951  9951 D NativeAdHelper: Request de anuncio nativo ejecutada para holder 244145899
10-05 06:39:07.086  9951 10130 I Ads     : This request is sent from a test device.
10-05 06:39:07.089  9951  9951 D AdManager: Interstitial bloqueado por control de frecuencia
10-05 06:39:07.089  9951  9951 D MainActivity: Intersticial cerrado
10-05 06:39:07.090  9951  9951 D AdIds   : Native: ca-app-pub-3940256099942544/2247696110 (TEST)
10-05 06:39:07.090  9951  9951 D NativeAdHelper: 📤 Encolando anuncio nativo para holder 88569485 con ID: ca-app-pub-3940256099942544/2247696110
10-05 06:39:07.097  9951  9951 D AdRequestManager: Request encolada. Total en cola: 1
10-05 06:39:07.097  9951  9951 D LeaderboardAdapter: Cargando anuncio nativo en posición 7 (holder 88569485)
10-05 06:39:07.103   704  1955 D FileUtils: Rounded bytes from 2067259392 to 4000000000
10-05 06:39:07.144  9951 10246 W ConnectionStatusConfig: Dynamic lookup for intent failed for action: com.google.android.gms.ads.service.START
10-05 06:39:07.146   704   912 D BackgroundInstallControlService: Package event received: 0
10-05 06:39:07.150  5673  5673 D BoundBrokerSvc: onBind: Intent { act=com.google.android.gms.ads.service.START xflg=0x4 pkg=com.google.android.gms }
10-05 06:39:07.150  5673  5673 D BoundBrokerSvc: Loading bound service for intent: Intent { act=com.google.android.gms.ads.service.START xflg=0x4 pkg=com.google.android.gms }
10-05 06:39:07.158  5673  5673 D BoundBrokerSvc: onRebind: Intent { act=com.google.android.gms.safebrowsing.SafeBrowsingService.START dat=chimera-action:/... xflg=0x4 cmp=com.google.android.gms/.chimera.GmsBoundBrokerService }
10-05 06:39:07.190  5673 10173 W SQLiteLog: (28) double-quoted string literal: "1759473547190"
10-05 06:39:07.192  5673 10173 W SQLiteLog: (28) double-quoted string literal: "1"
10-05 06:39:07.240  5673 10238 I Ads     : SDK version: afma-sdk-a-v252530000.252530000.0
10-05 06:39:07.242  5673 10238 I Ads     : HTTP timeout: 60000 milliseconds.
10-05 06:39:07.255  5673  5679 W System  : A resource failed to call close. 
10-05 06:39:07.370  1291  1291 D BoundBrokerSvc: onUnbind: Intent { act=com.google.android.gms.libs.gmscorelogger.service.START dat=chimera-action:/... xflg=0x4 cmp=com.google.android.gms/.chimera.PersistentDirectBootAwareApiService }
10-05 06:39:07.420  5673  5684 I gle.android.gms: Waiting for a blocking GC ProfileSaver
10-05 06:39:07.455  5673  5684 I gle.android.gms: WaitForGcToComplete blocked ProfileSaver on Background for 35.057ms
10-05 06:39:07.662  9951 10009 I Ads     : Ad failed to load : 3
10-05 06:39:07.664  9951  9951 E NativeAdHelper: ❌ Error cargando anuncio nativo: No fill., código: 3
10-05 06:39:07.750  9951  9951 E Ads     : JS: Uncaught (in promise) TypeError: this.Fc is not a function (https://googleads.g.doubleclick.net/mads/mraid.js:137)
10-05 06:39:07.750  9951  9951 I chromium: [INFO:CONSOLE:137] "Uncaught (in promise) TypeError: this.Fc is not a function", source: https://googleads.g.doubleclick.net/mads/mraid.js (137)
10-05 06:39:07.750  9951  9951 E Ads     : JS: Uncaught (in promise) TypeError: this.Fc is not a function (https://googleads.g.doubleclick.net/mads/mraid.js:137)
10-05 06:39:07.750  9951  9951 I chromium: [INFO:CONSOLE:137] "Uncaught (in promise) TypeError: this.Fc is not a function", source: https://googleads.g.doubleclick.net/mads/mraid.js (137)
10-05 06:39:07.841  9951  9951 D AdIds   : Native: ca-app-pub-3940256099942544/2247696110 (TEST)
10-05 06:39:07.841  9951  9951 D NativeAdHelper: 📤 Encolando anuncio nativo para holder 184526255 con ID: ca-app-pub-3940256099942544/2247696110
10-05 06:39:07.846  9951  9951 D AdRequestManager: Request encolada. Total en cola: 2
10-05 06:39:07.846  9951  9951 D LeaderboardAdapter: Cargando anuncio nativo en posición 11 (holder 184526255)
10-05 06:39:07.901  9951  9951 D AdIds   : Native: ca-app-pub-3940256099942544/2247696110 (TEST)
10-05 06:39:07.901  9951  9951 D NativeAdHelper: 📤 Encolando anuncio nativo para holder 53728805 con ID: ca-app-pub-3940256099942544/2247696110
10-05 06:39:07.906  9951  9951 D AdRequestManager: Request encolada. Total en cola: 3
10-05 06:39:07.906  9951  9951 D LeaderboardAdapter: Cargando anuncio nativo en posición 15 (holder 53728805)
10-05 06:39:07.916  9951  9951 D NativeAdHelper: Anuncio nativo destruido para holder 244145899
10-05 06:39:07.966  9951  9951 E LeaderboardAdapter: NativeAdView no encontrado en el layout
10-05 06:39:07.999  9951  9951 D NativeAdHelper: Anuncio nativo destruido para holder 88569485
10-05 06:39:08.067  9951  9951 E LeaderboardAdapter: NativeAdView no encontrado en el layout
10-05 06:39:08.115  9951  9951 D NativeAdHelper: Anuncio nativo destruido para holder 184526255
10-05 06:39:08.184  9951  9951 E LeaderboardAdapter: NativeAdView no encontrado en el layout
10-05 06:39:08.249  9951  9951 D NativeAdHelper: Anuncio nativo destruido para holder 53728805
10-05 06:39:08.334  9951  9951 E LeaderboardAdapter: NativeAdView no encontrado en el layout
10-05 06:39:08.382  9951  9951 D NativeAdHelper: Anuncio nativo destruido para holder 184526255
10-05 06:39:08.402  9951  9951 E LeaderboardAdapter: NativeAdView no encontrado en el layout
10-05 06:39:08.448  9951  9951 D NativeAdHelper: Anuncio nativo destruido para holder 88569485
10-05 06:39:08.452  9951  9951 E LeaderboardAdapter: NativeAdView no encontrado en el layout
10-05 06:39:08.498  9951  9951 D NativeAdHelper: Anuncio nativo destruido para holder 244145899
10-05 06:39:08.516  9951  9951 E LeaderboardAdapter: NativeAdView no encontrado en el layout
10-05 06:39:08.548  9951  9951 D NativeAdHelper: Anuncio nativo destruido para holder 53728805
10-05 06:39:08.750  9951  9951 E Ads     : JS: Uncaught (in promise) TypeError: this.Fc is not a function (https://googleads.g.doubleclick.net/mads/mraid.js:137)
10-05 06:39:08.750  9951  9951 I chromium: [INFO:CONSOLE:137] "Uncaught (in promise) TypeError: this.Fc is not a function", source: https://googleads.g.doubleclick.net/mads/mraid.js (137)
10-05 06:39:08.751  9951  9951 E Ads     : JS: Uncaught (in promise) TypeError: this.Fc is not a function (https://googleads.g.doubleclick.net/mads/mraid.js:137)
10-05 06:39:08.751  9951  9951 I chromium: [INFO:CONSOLE:137] "Uncaught (in promise) TypeError: this.Fc is not a function", source: https://googleads.g.doubleclick.net/mads/mraid.js (137)
10-05 06:39:08.946  9951  9951 D MainActivity: Badge updated: 0
10-05 06:39:09.749  9951  9951 E Ads     : JS: Uncaught (in promise) TypeError: this.Fc is not a function (https://googleads.g.doubleclick.net/mads/mraid.js:137)
10-05 06:39:09.749  9951  9951 I chromium: [INFO:CONSOLE:137] "Uncaught (in promise) TypeError: this.Fc is not a function", source: https://googleads.g.doubleclick.net/mads/mraid.js (137)
10-05 06:39:09.749  9951  9951 E Ads     : JS: Uncaught (in promise) TypeError: this.Fc is not a function (https://googleads.g.doubleclick.net/mads/mraid.js:137)
10-05 06:39:09.749  9951  9951 I chromium: [INFO:CONSOLE:137] "Uncaught (in promise) TypeError: this.Fc is not a function", source: https://googleads.g.doubleclick.net/mads/mraid.js (137)
10-05 06:39:09.785   489  7006 D android.hardware.audio@7.1-impl.ranchu: threadLoop: entering standby, frames: 2798336
10-05 06:39:09.785   489  7006 D android.hardware.audio@7.1-impl.ranchu: ~TinyalsaSink: joining consumeThread
10-05 06:39:09.790   489 10244 D android.hardware.audio@7.1-impl.ranchu: consumeThread: exiting
10-05 06:39:09.790   489  7006 D android.hardware.audio@7.1-impl.ranchu: ~TinyalsaSink: stopping PCM stream
10-05 06:39:10.749  9951  9951 E Ads     : JS: Uncaught (in promise) TypeError: this.Fc is not a function (https://googleads.g.doubleclick.net/mads/mraid.js:137)
10-05 06:39:10.749  9951  9951 I chromium: [INFO:CONSOLE:137] "Uncaught (in promise) TypeError: this.Fc is not a function", source: https://googleads.g.doubleclick.net/mads/mraid.js (137)
10-05 06:39:10.750  9951  9951 E Ads     : JS: Uncaught (in promise) TypeError: this.Fc is not a function (https://googleads.g.doubleclick.net/mads/mraid.js:137)
10-05 06:39:10.750  9951  9951 I chromium: [INFO:CONSOLE:137] "Uncaught (in promise) TypeError: this.Fc is not a function", source: https://googleads.g.doubleclick.net/mads/mraid.js (137)
10-05 06:39:11.595  1092  1296 D SatelliteController: iisInCarrierRoamingNbIotNtn: satellite is disabled
10-05 06:39:11.749  9951  9951 E Ads     : JS: Uncaught (in promise) TypeError: this.Fc is not a function (https://googleads.g.doubleclick.net/mads/mraid.js:137)
10-05 06:39:11.749  9951  9951 I chromium: [INFO:CONSOLE:137] "Uncaught (in promise) TypeError: this.Fc is not a function", source: https://googleads.g.doubleclick.net/mads/mraid.js (137)
10-05 06:39:11.749  9951  9951 E Ads     : JS: Uncaught (in promise) TypeError: this.Fc is not a function (https://googleads.g.doubleclick.net/mads/mraid.js:137)
10-05 06:39:11.749  9951  9951 I chromium: [INFO:CONSOLE:137] "Uncaught (in promise) TypeError: this.Fc is not a function", source: https://googleads.g.doubleclick.net/mads/mraid.js (137)
10-05 06:39:12.085  9951  9951 D AdRequestManager: Procesando request. Quedan: 2
10-05 06:39:12.086  9951  9951 D NativeAdHelper: Request de anuncio nativo ejecutada para holder 88569485
10-05 06:39:12.087  9951 10130 I Ads     : This request is sent from a test device.
10-05 06:39:12.088   704   722 D FileUtils: Rounded bytes from 2067259392 to 4000000000
10-05 06:39:12.100  9951 10002 W Ads     : Not retrying to fetch app settings
10-05 06:39:12.109  5673 10173 W SQLiteLog: (28) double-quoted string literal: "1759473552109"
10-05 06:39:12.109  5673 10173 W SQLiteLog: (28) double-quoted string literal: "1"
10-05 06:39:12.117  5673 10173 I Ads     : SDK version: afma-sdk-a-v252530000.252530000.0
10-05 06:39:12.117  5673 10173 I Ads     : HTTP timeout: 60000 milliseconds.
10-05 06:39:12.601  5673  5679 W System  : A resource failed to call close. 
10-05 06:39:12.628  5673  9859 D AdvertisingIdClient: AdvertisingIdClient already created.
10-05 06:39:12.630  5673  9859 I AdvertisingIdClient: shouldSendLog -1
10-05 06:39:12.631  5673  9859 I AdvertisingIdClient: GetInfoInternal elapse 1ms
10-05 06:39:12.633  1291  1291 D BoundBrokerSvc: onRebind: Intent { act=com.google.android.gms.common.telemetry.service.START dat=chimera-action:/... xflg=0x4 cmp=com.google.android.gms/.chimera.PersistentApiService }
10-05 06:39:12.634  5673  5673 I AdvertisingIdClient: getting error as 17: API: ClientTelemetry.API is not available on this device. Connection failed with: ConnectionResult{statusCode=API_DISABLED, resolution=null, message=null, clientMethodKey=null}
10-05 06:39:12.667  5673  5673 D BoundBrokerSvc: onUnbind: Intent { act=com.google.android.gms.ads.service.START xflg=0x4 pkg=com.google.android.gms }
10-05 06:39:12.678  9951 10006 W HWUI    : Image decoding logging dropped!
10-05 06:39:12.695  9951 10003 W HWUI    : Image decoding logging dropped!
10-05 06:39:12.749  9951  9951 E Ads     : JS: Uncaught (in promise) TypeError: this.Fc is not a function (https://googleads.g.doubleclick.net/mads/mraid.js:137)
10-05 06:39:12.749  9951  9951 I chromium: [INFO:CONSOLE:137] "Uncaught (in promise) TypeError: this.Fc is not a function", source: https://googleads.g.doubleclick.net/mads/mraid.js (137)
10-05 06:39:12.749  9951  9951 E Ads     : JS: Uncaught (in promise) TypeError: this.Fc is not a function (https://googleads.g.doubleclick.net/mads/mraid.js:137)
10-05 06:39:12.750  9951  9951 I chromium: [INFO:CONSOLE:137] "Uncaught (in promise) TypeError: this.Fc is not a function", source: https://googleads.g.doubleclick.net/mads/mraid.js (137)
10-05 06:39:12.758  9951  9951 D NativeAdHelper: ✅ Anuncio nativo cargado para holder 88569485
10-05 06:39:12.762  9951  9951 W HWUI    : Image decoding logging dropped!
10-05 06:39:12.772  9951  9951 D NativeAdHelper: Anuncio nativo destruido para holder 184526255
10-05 06:39:12.844  9951  9951 D NativeAdHelper: Impresión registrada - holder 88569485
10-05 06:39:13.099   704   806 D ActivityManager: freezing 5642 com.android.keychain
10-05 06:39:13.750  9951  9951 E Ads     : JS: Uncaught (in promise) TypeError: this.Fc is not a function (https://googleads.g.doubleclick.net/mads/mraid.js:137)
10-05 06:39:13.750  9951  9951 I chromium: [INFO:CONSOLE:137] "Uncaught (in promise) TypeError: this.Fc is not a function", source: https://googleads.g.doubleclick.net/mads/mraid.js (137)
10-05 06:39:13.750  9951  9951 E Ads     : JS: Uncaught (in promise) TypeError: this.Fc is not a function (https://googleads.g.doubleclick.net/mads/mraid.js:137)
10-05 06:39:13.750  9951  9951 I chromium: [INFO:CONSOLE:137] "Uncaught (in promise) TypeError: this.Fc is not a function", source: https://googleads.g.doubleclick.net/mads/mraid.js (137)
10-05 06:39:13.949  9951  9951 D MainActivity: Badge updated: 0
10-05 06:39:14.340  9951  9951 E LeaderboardAdapter: NativeAdView no encontrado en el layout
10-05 06:39:14.400  9951  9951 D NativeAdHelper: Anuncio nativo destruido para holder 244145899
10-05 06:39:14.490  9951  9951 E LeaderboardAdapter: NativeAdView no encontrado en el layout
10-05 06:39:14.752  9951  9951 E Ads     : JS: Uncaught (in promise) TypeError: this.Fc is not a function (https://googleads.g.doubleclick.net/mads/mraid.js:137)
10-05 06:39:14.752  9951  9951 I chromium: [INFO:CONSOLE:137] "Uncaught (in promise) TypeError: this.Fc is not a function", source: https://googleads.g.doubleclick.net/mads/mraid.js (137)
10-05 06:39:14.752  9951  9951 E Ads     : JS: Uncaught (in promise) TypeError: this.Fc is not a function (https://googleads.g.doubleclick.net/mads/mraid.js:137)
10-05 06:39:14.752  9951  9951 I chromium: [INFO:CONSOLE:137] "Uncaught (in promise) TypeError: this.Fc is not a function", source: https://googleads.g.doubleclick.net/mads/mraid.js (137)
10-05 06:39:14.969  9951  9951 E LeaderboardAdapter: NativeAdView no encontrado en el layout
10-05 06:39:15.535  9951  9951 W Ads     : #004 The webview is destroyed. Ignoring action.
10-05 06:39:15.749  9951  9951 E Ads     : JS: Uncaught (in promise) TypeError: this.Fc is not a function (https://googleads.g.doubleclick.net/mads/mraid.js:137)
10-05 06:39:15.749  9951  9951 I chromium: [INFO:CONSOLE:137] "Uncaught (in promise) TypeError: this.Fc is not a function", source: https://googleads.g.doubleclick.net/mads/mraid.js (137)
10-05 06:39:15.749  9951  9951 E Ads     : JS: Uncaught (in promise) TypeError: this.Fc is not a function (https://googleads.g.doubleclick.net/mads/mraid.js:137)
10-05 06:39:15.749  9951  9951 I chromium: [INFO:CONSOLE:137] "Uncaught (in promise) TypeError: this.Fc is not a function", source: https://googleads.g.doubleclick.net/mads/mraid.js (137)
10-05 06:39:16.750  9951  9951 E Ads     : JS: Uncaught (in promise) TypeError: this.Fc is not a function (https://googleads.g.doubleclick.net/mads/mraid.js:137)
10-05 06:39:16.750  9951  9951 I chromium: [INFO:CONSOLE:137] "Uncaught (in promise) TypeError: this.Fc is not a function", source: https://googleads.g.doubleclick.net/mads/mraid.js (137)
10-05 06:39:16.750  9951  9951 E Ads     : JS: Uncaught (in promise) TypeError: this.Fc is not a function (https://googleads.g.doubleclick.net/mads/mraid.js:137)
10-05 06:39:16.750  9951  9951 I chromium: [INFO:CONSOLE:137] "Uncaught (in promise) TypeError: this.Fc is not a function", source: https://googleads.g.doubleclick.net/mads/mraid.js (137)
10-05 06:39:16.909   957  1079 D ShellBackPreview: Finishing gesture with event action: 1
10-05 06:39:16.909   957  1079 D ShellBackPreview: onGestureFinished called while no gesture is started
10-05 06:39:16.918   704   722 W AS.PlaybackActivityMon: No piid assigned for invalid/internal port id 15
10-05 06:39:17.087  9951  9951 D AdRequestManager: Procesando request. Quedan: 1
10-05 06:39:17.087  9951  9951 D NativeAdHelper: Request de anuncio nativo ejecutada para holder 184526255
10-05 06:39:17.088  9951 10130 I Ads     : This request is sent from a test device.
10-05 06:39:17.089   704  1649 D FileUtils: Rounded bytes from 2067259392 to 4000000000
10-05 06:39:17.109  9951 10274 W ConnectionStatusConfig: Dynamic lookup for intent failed for action: com.google.android.gms.ads.service.START
10-05 06:39:17.111   704   912 D BackgroundInstallControlService: Package event received: 0
10-05 06:39:17.113  5673  5673 D BoundBrokerSvc: onBind: Intent { act=com.google.android.gms.ads.service.START xflg=0x4 pkg=com.google.android.gms }
10-05 06:39:17.113  5673  5673 D BoundBrokerSvc: Loading bound service for intent: Intent { act=com.google.android.gms.ads.service.START xflg=0x4 pkg=com.google.android.gms }
10-05 06:39:17.151  5673  9868 W SQLiteLog: (28) double-quoted string literal: "1759473557151"
10-05 06:39:17.152  5673  9868 W SQLiteLog: (28) double-quoted string literal: "1"
10-05 06:39:17.169  5673 10235 I Ads     : SDK version: afma-sdk-a-v252530000.252530000.0
10-05 06:39:17.170  5673 10235 I Ads     : HTTP timeout: 60000 milliseconds.
10-05 06:39:17.637  1291  1291 D BoundBrokerSvc: onUnbind: Intent { act=com.google.android.gms.common.telemetry.service.START dat=chimera-action:/... xflg=0x4 cmp=com.google.android.gms/.chimera.PersistentApiService }
10-05 06:39:17.669  5673  5679 W System  : A resource failed to call close. 
10-05 06:39:17.750  9951 10006 W HWUI    : Image decoding logging dropped!
10-05 06:39:17.752  9951 10011 W HWUI    : Image decoding logging dropped!
10-05 06:39:17.753   704  1649 W AS.PlaybackActivityMon: No piid assigned for invalid/internal port id 15
10-05 06:39:17.756  9951 10009 W HWUI    : Image decoding logging dropped!
10-05 06:39:17.782   550   650 D AudioFlinger: mixer(0x78d923144770) throttle end: throttle time(36)
10-05 06:39:17.786  9951  9951 E Ads     : JS: Uncaught (in promise) TypeError: this.Fc is not a function (https://googleads.g.doubleclick.net/mads/mraid.js:137)
10-05 06:39:17.786  9951  9951 I chromium: [INFO:CONSOLE:137] "Uncaught (in promise) TypeError: this.Fc is not a function", source: https://googleads.g.doubleclick.net/mads/mraid.js (137)
10-05 06:39:17.788  9951  9951 E Ads     : JS: Uncaught (in promise) TypeError: this.Fc is not a function (https://googleads.g.doubleclick.net/mads/mraid.js:137)
10-05 06:39:17.788  9951  9951 I chromium: [INFO:CONSOLE:137] "Uncaught (in promise) TypeError: this.Fc is not a function", source: https://googleads.g.doubleclick.net/mads/mraid.js (137)
10-05 06:39:17.870  9951  9951 D NativeAdHelper: ✅ Anuncio nativo cargado para holder 184526255
10-05 06:39:17.873  9951  9951 W HWUI    : Image decoding logging dropped!
10-05 06:39:17.887  9951  9951 D NativeAdHelper: Anuncio nativo destruido para holder 53728805
10-05 06:39:17.887  9951  9951 D NativeAdHelper: Anuncio nativo destruido para holder 244145899
10-05 06:39:17.938  9951  9955 I tesproplayersgo: Compiler allocated 4160KB to compile void com.google.android.gms.internal.ads.zzauu.zza(byte[], byte[])
10-05 06:39:18.003  9951  9951 D NativeAdHelper: Impresión registrada - holder 184526255
10-05 06:39:18.057  9951  9951 D AdManager: Interstitial ready: true
10-05 06:39:18.153  9951  9951 D AdIds   : Native: ca-app-pub-3940256099942544/2247696110 (TEST)
10-05 06:39:18.153  9951  9951 D NativeAdHelper: 📤 Encolando anuncio nativo para holder 79967253 con ID: ca-app-pub-3940256099942544/2247696110
10-05 06:39:18.158  9951  9951 D AdRequestManager: Request encolada. Total en cola: 2
10-05 06:39:18.158  9951  9951 D WinnersAdapter: Cargando anuncio nativo en posición 3 (holder 79967253)
10-05 06:39:18.189  9951  9951 D AdManager: Interstitial bloqueado por control de frecuencia
10-05 06:39:18.189  9951  9951 D MainActivity: Intersticial cerrado
10-05 06:39:18.749  9951  9951 E Ads     : JS: Uncaught (in promise) TypeError: this.Fc is not a function (https://googleads.g.doubleclick.net/mads/mraid.js:137)
10-05 06:39:18.749  9951  9951 I chromium: [INFO:CONSOLE:137] "Uncaught (in promise) TypeError: this.Fc is not a function", source: https://googleads.g.doubleclick.net/mads/mraid.js (137)
10-05 06:39:18.749  9951  9951 E Ads     : JS: Uncaught (in promise) TypeError: this.Fc is not a function (https://googleads.g.doubleclick.net/mads/mraid.js:137)
10-05 06:39:18.749  9951  9951 I chromium: [INFO:CONSOLE:137] "Uncaught (in promise) TypeError: this.Fc is not a function", source: https://googleads.g.doubleclick.net/mads/mraid.js (137)
10-05 06:39:18.952  9951  9951 D MainActivity: Badge updated: 0
10-05 06:39:19.436  9951  9951 W Ads     : #004 The webview is destroyed. Ignoring action.
10-05 06:39:19.749  9951  9951 E Ads     : JS: Uncaught (in promise) TypeError: this.Fc is not a function (https://googleads.g.doubleclick.net/mads/mraid.js:137)
10-05 06:39:19.749  9951  9951 I chromium: [INFO:CONSOLE:137] "Uncaught (in promise) TypeError: this.Fc is not a function", source: https://googleads.g.doubleclick.net/mads/mraid.js (137)
10-05 06:39:19.749  9951  9951 E Ads     : JS: Uncaught (in promise) TypeError: this.Fc is not a function (https://googleads.g.doubleclick.net/mads/mraid.js:137)
10-05 06:39:19.749  9951  9951 I chromium: [INFO:CONSOLE:137] "Uncaught (in promise) TypeError: this.Fc is not a function", source: https://googleads.g.doubleclick.net/mads/mraid.js (137)
10-05 06:39:20.133   957  1079 D ShellBackPreview: Finishing gesture with event action: 1
10-05 06:39:20.133   957  1079 D ShellBackPreview: onGestureFinished called while no gesture is started
10-05 06:39:20.152   704  1955 W AS.PlaybackActivityMon: No piid assigned for invalid/internal port id 15
10-05 06:39:20.750  9951  9951 E Ads     : JS: Uncaught (in promise) TypeError: this.Fc is not a function (https://googleads.g.doubleclick.net/mads/mraid.js:137)
10-05 06:39:20.750  9951  9951 I chromium: [INFO:CONSOLE:137] "Uncaught (in promise) TypeError: this.Fc is not a function", source: https://googleads.g.doubleclick.net/mads/mraid.js (137)
10-05 06:39:20.750  9951  9951 E Ads     : JS: Uncaught (in promise) TypeError: this.Fc is not a function (https://googleads.g.doubleclick.net/mads/mraid.js:137)
10-05 06:39:20.750  9951  9951 I chromium: [INFO:CONSOLE:137] "Uncaught (in promise) TypeError: this.Fc is not a function", source: https://googleads.g.doubleclick.net/mads/mraid.js (137)
10-05 06:39:20.920   704  1955 W AS.PlaybackActivityMon: No piid assigned for invalid/internal port id 15
10-05 06:39:21.596  1092  1296 D SatelliteController: iisInCarrierRoamingNbIotNtn: satellite is disabled
10-05 06:39:21.749  9951  9951 E Ads     : JS: Uncaught (in promise) TypeError: this.Fc is not a function (https://googleads.g.doubleclick.net/mads/mraid.js:137)
10-05 06:39:21.749  9951  9951 I chromium: [INFO:CONSOLE:137] "Uncaught (in promise) TypeError: this.Fc is not a function", source: https://googleads.g.doubleclick.net/mads/mraid.js (137)
10-05 06:39:21.749  9951  9951 E Ads     : JS: Uncaught (in promise) TypeError: this.Fc is not a function (https://googleads.g.doubleclick.net/mads/mraid.js:137)
10-05 06:39:21.749  9951  9951 I chromium: [INFO:CONSOLE:137] "Uncaught (in promise) TypeError: this.Fc is not a function", source: https://googleads.g.doubleclick.net/mads/mraid.js (137)
10-05 06:39:22.089  9951  9951 D AdRequestManager: Procesando request. Quedan: 1
10-05 06:39:22.089  9951  9951 D NativeAdHelper: Request de anuncio nativo ejecutada para holder 53728805
10-05 06:39:22.090  9951 10130 I Ads     : This request is sent from a test device.
10-05 06:39:22.091   704  1929 D FileUtils: Rounded bytes from 2067259392 to 4000000000
10-05 06:39:22.126  5673 10247 W SQLiteLog: (28) double-quoted string literal: "1759473562126"
10-05 06:39:22.126  5673 10247 W SQLiteLog: (28) double-quoted string literal: "1"
10-05 06:39:22.140  5673  9868 I Ads     : SDK version: afma-sdk-a-v252530000.252530000.0
10-05 06:39:22.140  5673  9868 I Ads     : HTTP timeout: 60000 milliseconds.
10-05 06:39:22.547  9951  9996 I Ads     : Ad failed to load : 3
10-05 06:39:22.548  9951  9951 E NativeAdHelper: ❌ Error cargando anuncio nativo: No fill., código: 3
10-05 06:39:22.668  5673  5673 D BoundBrokerSvc: onUnbind: Intent { act=com.google.android.gms.ads.service.START xflg=0x4 pkg=com.google.android.gms }
10-05 06:39:22.749  9951  9951 E Ads     : JS: Uncaught (in promise) TypeError: this.Fc is not a function (https://googleads.g.doubleclick.net/mads/mraid.js:137)
10-05 06:39:22.749  9951  9951 I chromium: [INFO:CONSOLE:137] "Uncaught (in promise) TypeError: this.Fc is not a function", source: https://googleads.g.doubleclick.net/mads/mraid.js (137)
10-05 06:39:22.749  9951  9951 E Ads     : JS: Uncaught (in promise) TypeError: this.Fc is not a function (https://googleads.g.doubleclick.net/mads/mraid.js:137)
10-05 06:39:22.749  9951  9951 I chromium: [INFO:CONSOLE:137] "Uncaught (in promise) TypeError: this.Fc is not a function", source: https://googleads.g.doubleclick.net/mads/mraid.js (137)
