10-05 06:38:37.032 10035 10052 W chromium: [WARNING:content/child/runtime_features.cc:584] Topics cannot be enabled in this configuration. Use --enable-features=BrowsingTopics in addition.
10-05 06:38:37.032 10035 10052 W chromium: [WARNING:content/child/runtime_features.cc:605] SharedStorage cannot be enabled in this configuration. Use --enable-features=SharedStorageAPI in addition.
10-05 06:38:37.037   704   912 D BackgroundInstallControlService: Package event received: 0
10-05 06:38:37.040  5673  9859 D AdvertisingIdClient: AdvertisingIdClient already created.
10-05 06:38:37.041   704  1207 D ActivityManager: sync unfroze 2369 com.google.android.gms.unstable for 6
10-05 06:38:37.044   704   912 D BackgroundInstallControlService: Package event received: 0
10-05 06:38:37.044  2369  2369 D ActivityThread: Package [com.follgramer.diamantesproplayersgo] reported as REPLACED, but missing application info. Assuming REMOVED.
10-05 06:38:37.049  2369  2369 D ActivityThread: Package [com.follgramer.diamantesproplayersgo] reported as REPLACED, but missing application info. Assuming REMOVED.
10-05 06:38:37.062  5673  9859 I AdvertisingIdClient: shouldSendLog -1
10-05 06:38:37.062  5673  9859 I AdvertisingIdClient: GetInfoInternal elapse 18ms
10-05 06:38:37.072  1291  1291 D BoundBrokerSvc: onRebind: Intent { act=com.google.android.gms.common.telemetry.service.START dat=chimera-action:/... xflg=0x4 cmp=com.google.android.gms/.chimera.PersistentApiService }
10-05 06:38:37.110  5673  5673 I AdvertisingIdClient: getting error as 17: API: ClientTelemetry.API is not available on this device. Connection failed with: ConnectionResult{statusCode=API_DISABLED, resolution=null, message=null, clientMethodKey=null}
10-05 06:38:37.134   957  1079 V WindowManagerShell: Transition animation finished (aborted=false), notifying core (#38) android.os.BinderProxy@877288@0
10-05 06:38:37.144   704   728 V WindowManager: Finish Transition (#38): created at 10-05 06:38:34.370 collect-started=0.078ms request-sent=32.191ms started=58.797ms ready=836.783ms sent=2447.375ms commit=32.472ms finished=2769.547ms
10-05 06:38:37.144   704  1207 W ParceledListSlice: Element #55 is 25988 bytes.
10-05 06:38:37.144   957  1079 V WindowManagerShell: Track 0 became idle
10-05 06:38:37.144   957  1079 V WindowManagerShell: All active transition animations finished
10-05 06:38:37.150  1102  1102 D VRI[NexusLauncherActivity]: visibilityChanged oldVisibility=true newVisibility=false
10-05 06:38:37.160   704  1929 W ParceledListSlice: Element #79 is 17084 bytes.
10-05 06:38:37.160   704  1929 W ParceledListSlice: Element #80 is 20324 bytes.
10-05 06:38:37.169  1102  1102 D BaseDepthController: setSurface:
10-05 06:38:37.169  1102  1102 D BaseDepthController: 	mWaitingOnSurfaceValidity: false
10-05 06:38:37.169  1102  1102 D BaseDepthController: 	mBaseSurface: null
10-05 06:38:37.170  1102  1102 D BaseDepthController: mSurface is null and mCurrentBlur is: 0
10-05 06:38:37.175  1102  1102 D StateManager: goToState - fromState: Normal, toState: Normal, partial trace:
10-05 06:38:37.175  1102  1102 D StateManager: 	at com.android.launcher3.statemanager.StateManager.moveToRestState(go/retraceme 72a59688580715d19f0e415c69e80376c2f062d1648c80db6730905005a27c20:4)
10-05 06:38:37.175  1102  1102 D StateManager: 	at com.android.launcher3.statemanager.StateManager.moveToRestState(go/retraceme 72a59688580715d19f0e415c69e80376c2f062d1648c80db6730905005a27c20:1)
10-05 06:38:37.175  1102  1102 D StateManager: 	at com.android.launcher3.statemanager.StatefulActivity.onStop(go/retraceme 72a59688580715d19f0e415c69e80376c2f062d1648c80db6730905005a27c20:34)
10-05 06:38:37.176  1102  1102 D StatsLog: LAUNCHER_ONSTOP
10-05 06:38:37.180  1102  1102 D StatsLog: LAUNCHER_GOOGLE_SEARCH_RESTORE_LIST_SIZE_AFTER_ACTIVITY_RESTART
10-05 06:38:37.182  1102  1102 D NexusLauncherModelDelegate: notifySmartspaceEvent: SmartspaceTargetEvent{mSmartspaceTarget=null, mSmartspaceActionId='null', mEventType=7}
10-05 06:38:37.183  1102  1102 D NexusLauncherModelDelegate: notifySmartspaceEvent: SmartspaceTargetEvent{mSmartspaceTarget=null, mSmartspaceActionId='null', mEventType=7}
10-05 06:38:37.200   704  1955 W ParceledListSlice: Element #136 is 21352 bytes.
10-05 06:38:37.200   704  1955 W ParceledListSlice: Element #140 is 89776 bytes.
10-05 06:38:37.200   704  1955 W ParceledListSlice: Overly large reply size: 137384
10-05 06:38:37.227   704   912 D BackgroundInstallControlService: Package event received: 0
10-05 06:38:37.356   704  1955 I RemoteProvisionSysSvc: getRegistration(android.hardware.security.keymint.IRemotelyProvisionedComponent/default)
10-05 06:38:37.361   704   704 I RegistrationProxy: onServiceConnected: com.android.rkpdapp.service.RemoteProvisioningService
10-05 06:38:37.368   704  1207 W ParceledListSlice: Element #55 is 25988 bytes.
10-05 06:38:37.369   704  1955 W ParceledListSlice: Element #79 is 17084 bytes.
10-05 06:38:37.369   704  1955 W ParceledListSlice: Element #80 is 20324 bytes.
10-05 06:38:37.384  1291  3285 I FontLog : (REDACTED) Received query %s, URI %s
10-05 06:38:37.384  1291  3285 I FontLog : (REDACTED) Query [%s] resolved to %s
10-05 06:38:37.387  1291  3285 I FontLog : (REDACTED) Font PFD returned from cache for %s
10-05 06:38:37.387  1291  3285 I FontLog : (REDACTED) Fetch %s end status %s
10-05 06:38:37.391  1291  1302 I FontLog : (REDACTED) Pulling font file for id = %d, cache size = %d
10-05 06:38:37.405  1291  1302 I FontLog : (REDACTED) Received query %s, URI %s
10-05 06:38:37.406  1291  1302 I FontLog : (REDACTED) Query [%s] resolved to %s
10-05 06:38:37.406   704   722 W ParceledListSlice: Element #136 is 21352 bytes.
10-05 06:38:37.406   704   722 W ParceledListSlice: Element #140 is 89776 bytes.
10-05 06:38:37.406   704   722 W ParceledListSlice: Overly large reply size: 137384
10-05 06:38:37.409  1291  1302 I FontLog : (REDACTED) Fetch %s end status %s
10-05 06:38:37.431   704  1207 I RegistrationProxy: IGetRegistrationCallback.onSuccess
10-05 06:38:37.434  1291  1302 I FontLog : (REDACTED) Pulling font file for id = %d, cache size = %d
10-05 06:38:37.441  1291  1302 I FontLog : (REDACTED) Received query %s, URI %s
10-05 06:38:37.441  1291  1302 I FontLog : (REDACTED) Query [%s] resolved to %s
10-05 06:38:37.443  1291  1302 I FontLog : (REDACTED) Font PFD returned from cache for %s
10-05 06:38:37.443  1291  1302 I FontLog : (REDACTED) Fetch %s end status %s
10-05 06:38:37.443   704  1207 I RemoteProvisionSysSvc: Fetching key 10147 for client 192545611
10-05 06:38:37.443   704  1207 I RegistrationProxy: getKeyAsync operation started with callback 116814120
10-05 06:38:37.444  1291  1302 I FontLog : (REDACTED) Pulling font file for id = %d, cache size = %d
10-05 06:38:37.450  4712 10101 I RkpdRegistrationBinder: Key requested for : android.hardware.security.keymint.IRemotelyProvisionedComponent/default, clientUid: 1017, keyId: 10147, callback: 206824973
10-05 06:38:37.457  1291  1302 I FontLog : (REDACTED) Received query %s, URI %s
10-05 06:38:37.457  1291  1302 I FontLog : (REDACTED) Query [%s] resolved to %s
10-05 06:38:37.461  1291  1302 I FontLog : (REDACTED) Font PFD returned from cache for %s
10-05 06:38:37.461  1291  1302 I FontLog : (REDACTED) Fetch %s end status %s
10-05 06:38:37.467  4712 10101 I RkpdRegistrationBinder: Key successfully assigned to client
10-05 06:38:37.468  1291  4897 I FontLog : (REDACTED) Pulling font file for id = %d, cache size = %d
10-05 06:38:37.470   704   704 I RemoteProvisionSysSvc: Successfully fetched key for client 192545611
10-05 06:38:37.489  1291  4897 I FontLog : (REDACTED) Received query %s, URI %s
10-05 06:38:37.490  1291  4897 I FontLog : (REDACTED) Query [%s] resolved to %s
10-05 06:38:37.491  1291  4897 I FontLog : (REDACTED) Font PFD returned from cache for %s
10-05 06:38:37.494  1291  4897 I FontLog : (REDACTED) Fetch %s end status %s
10-05 06:38:37.506   270   270 D SoftKeymaster: system/keymaster/km_openssl/certificate_utils.cpp, Line 148: Using TAG_CERTIFICATE_NOT_BEFORE: 0
10-05 06:38:37.506   270   270 D SoftKeymaster: system/keymaster/km_openssl/certificate_utils.cpp, Line 154: Using TAG_CERTIFICATE_NOT_AFTER: 2461449600000
10-05 06:38:37.507   270   270 D SoftKeymaster: system/keymaster/km_openssl/certificate_utils.cpp, Line 159: Got certificate date params:  NotBefore = 0, NotAfter = 2461449600000
10-05 06:38:37.508  1291  4897 I FontLog : (REDACTED) Pulling font file for id = %d, cache size = %d
10-05 06:38:37.509   270   270 D SoftKeymaster: system/keymaster/km_openssl/certificate_utils.cpp, Line 273: Setting notBefore to 0
10-05 06:38:37.509   270   270 D SoftKeymaster: system/keymaster/km_openssl/certificate_utils.cpp, Line 282: Setting notAfter to 2461449600
10-05 06:38:37.566   704  1990 I RemoteProvisionSysSvc: getRegistration(android.hardware.security.keymint.IRemotelyProvisionedComponent/default)
10-05 06:38:37.570   704   704 I RegistrationProxy: onServiceConnected: com.android.rkpdapp.service.RemoteProvisioningService
10-05 06:38:37.575   704  1990 I RegistrationProxy: IGetRegistrationCallback.onSuccess
10-05 06:38:37.577   704  1649 I RemoteProvisionSysSvc: Fetching key 10146 for client 97875924
10-05 06:38:37.577   704  1649 I RegistrationProxy: getKeyAsync operation started with callback 140430717
10-05 06:38:37.582  4712 10106 I RkpdRegistrationBinder: Key requested for : android.hardware.security.keymint.IRemotelyProvisionedComponent/default, clientUid: 1017, keyId: 10146, callback: 262167312
10-05 06:38:37.601  9951 10047 D CompatChangeReporter: Compat change id reported: 263076149; UID 10219; state: ENABLED
10-05 06:38:37.603  4712 10106 I RkpdRegistrationBinder: Key successfully assigned to client
10-05 06:38:37.607   704   704 I RemoteProvisionSysSvc: Successfully fetched key for client 97875924
10-05 06:38:37.618   270   270 D SoftKeymaster: system/keymaster/km_openssl/certificate_utils.cpp, Line 148: Using TAG_CERTIFICATE_NOT_BEFORE: 0
10-05 06:38:37.618   270   270 D SoftKeymaster: system/keymaster/km_openssl/certificate_utils.cpp, Line 154: Using TAG_CERTIFICATE_NOT_AFTER: 2461449600000
10-05 06:38:37.618   270   270 D SoftKeymaster: system/keymaster/km_openssl/certificate_utils.cpp, Line 159: Got certificate date params:  NotBefore = 0, NotAfter = 2461449600000
10-05 06:38:37.618   270   270 D SoftKeymaster: system/keymaster/km_openssl/certificate_utils.cpp, Line 273: Setting notBefore to 0
10-05 06:38:37.618   270   270 D SoftKeymaster: system/keymaster/km_openssl/certificate_utils.cpp, Line 282: Setting notAfter to 2461449600
10-05 06:38:37.649  2233 10105 I Finsky  : [279] Integrity key attestation record generated successfully.
10-05 06:38:37.766  2369  7991 W libc    : Access denied finding property "persist.adb.tls_server.enable"
10-05 06:38:37.762  2369  2369 W binder:2369_E: type=1400 audit(0.0:419): avc:  denied  { read } for  name="u:object_r:system_adbd_prop:s0" dev="tmpfs" ino=334 scontext=u:r:gmscore_app:s0:c512,c768 tcontext=u:object_r:system_adbd_prop:s0 tclass=file permissive=0 app=com.google.android.gms
10-05 06:38:37.856  2369  7991 W SystemServiceRegistry: No service published for: persistent_data_block
10-05 06:38:37.904  9951  9951 I Ads     : JS: The jsLoaded GMSG has been sent (https://googleads.g.doubleclick.net/mads/static/sdk/native/sdk-core-v40.html:990)
10-05 06:38:37.904  9951  9951 I chromium: [INFO:CONSOLE:990] "The jsLoaded GMSG has been sent", source: https://googleads.g.doubleclick.net/mads/static/sdk/native/sdk-core-v40.html (990)
10-05 06:38:37.951   704  1929 V GrammaticalInflectionUtils: AttributionSource: android.content.AttributionSource@f3e01519 does not have READ_SYSTEM_GRAMMATICAL_GENDER permission.
10-05 06:38:37.951   704  1929 W OptProp : Cannot read opt property android.window.PROPERTY_COMPAT_ALLOW_USER_ASPECT_RATIO_OVERRIDE
10-05 06:38:37.952   704  1929 W OptProp : Cannot read opt property android.window.PROPERTY_COMPAT_ALLOW_USER_ASPECT_RATIO_FULLSCREEN_OVERRIDE
10-05 06:38:37.952   704  1929 W OptProp : Cannot read opt property android.window.PROPERTY_COMPAT_ALLOW_RESIZEABLE_ACTIVITY_OVERRIDES
10-05 06:38:37.953   704  1929 W OptProp : Cannot read opt property android.window.PROPERTY_COMPAT_ALLOW_MIN_ASPECT_RATIO_OVERRIDE
10-05 06:38:37.956   704  1929 W OptProp : Cannot read opt property android.window.PROPERTY_COMPAT_ALLOW_ORIENTATION_OVERRIDE
10-05 06:38:37.960   704  1929 I ActivityTaskManager: START u0 {flg=0x10008000 xflg=0x4 cmp=com.follgramer.diamantesproplayersgo/.MainActivity (has extras)} with LAUNCH_SINGLE_TASK from uid 10219 (sr=180174020) (BAL_ALLOW_VISIBLE_WINDOW) result code=0
10-05 06:38:37.963   704  1929 W ActivityTaskManager: Duplicate finish request for r=ActivityRecord{180174020 u0 com.follgramer.diamantesproplayersgo/.SplashActivity t12 f}}
10-05 06:38:37.968   957  1079 V WindowManagerShell: Transition requested (#39): android.os.BinderProxy@d408db8 TransitionRequestInfo { type = OPEN, triggerTask = TaskInfo{userId=0 taskId=12 effectiveUid=10219 displayId=0 isRunning=true baseIntent=Intent { flg=0x10800000 cmp=com.follgramer.diamantesproplayersgo/.SplashActivity } baseActivity=ComponentInfo{com.follgramer.diamantesproplayersgo/com.follgramer.diamantesproplayersgo.MainActivity} topActivity=ComponentInfo{com.follgramer.diamantesproplayersgo/com.follgramer.diamantesproplayersgo.MainActivity} origActivity=null realActivity=ComponentInfo{com.follgramer.diamantesproplayersgo/com.follgramer.diamantesproplayersgo.SplashActivity} numActivities=1 lastActiveTime=4952208 supportsMultiWindow=true resizeMode=1 isResizeable=true minWidth=-1 minHeight=-1 defaultMinSize=220 token=WCT{android.window.IWindowContainerToken$Stub$Proxy@3fa9791} topActivityType=1 pictureInPictureParams=null shouldDockBigOverlays=false launchIntoPipHostTaskId=-1 lastParentTaskIdBeforePip=-1 displayCutoutSafeInsets=Rect(0, 0 - 0, 0) topActivityInfo=ActivityInfo{706e6f6 com.follgramer.diamantesproplayersgo.MainActivity} launchCookies=[] positionInParent=Point(0, 0) parentTaskId=-1 isFocused=true isVisible=true isVisibleRequested=false isTopActivityNoDisplay=false isSleeping=false locusId=null displayAreaFeatureId=1 isTopActivityTransparent=false isActivityStackTransparent=false lastNonFullscreenBounds=Rect(284, 660 - 796, 1740) capturedLink=null capturedLinkTimestamp=0 requestedVisibleTypes=-9 topActivityRequestOpenInBrowserEducationTimestamp=0 appCompatTaskInfo=AppCompatTaskInfo { topActivityInSizeCompat=false eligibleForLetterboxEducation= false isLetterboxEducationEnabled= true isLetterboxDoubleTapEnabled= false eligibleForUserAspectRatioButton= false topActivityBoundsLetterboxed= false isFromLetterboxDoubleTap= false topActivityLetterboxVerticalPosition= -1 topActivityLetterboxHorizontalPosition= -1 topActivityLetterboxWidth=-1 topActivityLetterboxHeight=-1 topActivityAppBounds=Rect(0, 0 - 1080, 2337) isUserFullscreenOverrideEnabled=false isSystemFullscreenOverrideEnabled=false hasMinAspectRatioOverride=false topActivityLetterboxBounds=null cameraCompatTaskInfo=CameraCompatTaskInfo { freeformCameraCompatMode=inactive}} topActivityMainWindowFrame=null}, pipChange = null, remoteTransition = null, displayChange = null, flags = 0, debugId = 39 }
10-05 06:38:37.973   554   573 I BpBinder: onLastStrongRef automatically unlinking death recipients: 
10-05 06:38:37.978   704  1929 W OptProp : Cannot read opt property android.window.PROPERTY_COMPAT_ENABLE_FAKE_FOCUS
10-05 06:38:37.988   704   912 D BackgroundInstallControlService: Package event received: 0
10-05 06:38:37.992   704   912 D BackgroundInstallControlService: Package event received: 0
10-05 06:38:37.992   957  1079 D ShellSplitScreen: logExit: no-op, mLoggerSessionId is null
10-05 06:38:37.996  9951  9951 I tesproplayersgo: AssetManager2(0x71a0bf6c0998) locale list changing from [] to [en-US]
10-05 06:38:37.997   704   912 D BackgroundInstallControlService: Package event received: 0
10-05 06:38:37.998   554   554 I BpBinder: onLastStrongRef automatically unlinking death recipients: 
10-05 06:38:38.003   957  1181 I ndroid.systemui: AssetManager2(0x71a0bf6fa9b8) locale list changing from [] to [en-US]
10-05 06:38:38.052  9951  9951 I tesproplayersgo: AssetManager2(0x71a0bf6d3bd8) locale list changing from [] to [en-US]
10-05 06:38:38.061  9951  9951 D MainActivity: === INICIANDO MAINACTIVITY ===
10-05 06:38:38.061  9951  9951 D MainActivity: Build Type: DEBUG
10-05 06:38:38.061  9951  9951 D MainActivity: Consent Completed: true
10-05 06:38:38.062  9951  9951 D MainActivity: AdMob Initialized: true
10-05 06:38:38.134   957  7228 V WindowManagerShell: onTransitionReady(transaction=3023656977793)
10-05 06:38:38.134   957  1079 V WindowManagerShell: onTransitionReady (#39) android.os.BinderProxy@d408db8: {id=39 t=OPEN f=0x0 trk=0 r=[0@Point(0, 0)] c=[
10-05 06:38:38.134   957  1079 V WindowManagerShell:         {m=OPEN f=FILLS_TASK|IS_BEHIND_STARTING_WINDOW leash=Surface(name=ActivityRecord{155676618 u0 com.follgramer.diamantesproplayersgo/.MainActivity)/@0x55f8701 sb=Rect(0, 0 - 0, 0) eb=Rect(0, 0 - 1080, 2400) epz=Point(1080, 2400) d=-1->0 r=-1->0:-1 bc=fffef7ff component=com.follgramer.diamantesproplayersgo/.MainActivity},
10-05 06:38:38.134   957  1079 V WindowManagerShell:         {m=CLOSE f=FILLS_TASK|IS_BEHIND_STARTING_WINDOW leash=Surface(name=ActivityRecord{180174020 u0 com.follgramer.diamantesproplayersgo/.SplashActivity)/@0x94f9a6 sb=Rect(0, 0 - 1080, 2400) eb=Rect(0, 0 - 1080, 2400) epz=Point(1080, 2400) d=0 bc=fffef7ff component=com.follgramer.diamantesproplayersgo/.SplashActivity}
10-05 06:38:38.134   957  1079 V WindowManagerShell:     ]}
10-05 06:38:38.135   957  1079 V WindowManagerShell: Playing animation for (#39) android.os.BinderProxy@d408db8@0
10-05 06:38:38.135   957  1079 V ShellRecents: RecentsTransitionHandler.startAnimation: no controller found
10-05 06:38:38.136   957  1079 V WindowManagerShell: Transition doesn't have explicit remote, search filters for match for {id=39 t=OPEN f=0x0 trk=0 r=[0@Point(0, 0)] c=[{m=OPEN f=FILLS_TASK|IS_BEHIND_STARTING_WINDOW leash=Surface(name=ActivityRecord{155676618 u0 com.follgramer.diamantesproplayersgo/.MainActivity)/@0x55f8701 sb=Rect(0, 0 - 0, 0) eb=Rect(0, 0 - 1080, 2400) epz=Point(1080, 2400) d=-1->0 r=-1->0:-1 bc=fffef7ff component=com.follgramer.diamantesproplayersgo/.MainActivity},{m=CLOSE f=FILLS_TASK|IS_BEHIND_STARTING_WINDOW leash=Surface(name=ActivityRecord{180174020 u0 com.follgramer.diamantesproplayersgo/.SplashActivity)/@0x94f9a6 sb=Rect(0, 0 - 1080, 2400) eb=Rect(0, 0 - 1080, 2400) epz=Point(1080, 2400) d=0 bc=fffef7ff component=com.follgramer.diamantesproplayersgo/.SplashActivity}]}
10-05 06:38:38.136   957  1079 V WindowManagerShell:  Checking filter Pair{{types=[] flags=0x0] notFlags=0x0 checks=[{atype=undefined independent=true modes=[CLOSE,TO_BACK] flags=IN_TASK_WITH_EMBEDDED_ACTIVITY mustBeTask=false order=ANY topActivity=null launchCookie=null taskFragmentToken=android.os.BinderProxy@e3ddefe windowingMode=undefined}]} RemoteTransition { remoteTransition = android.window.IRemoteTransition$Stub$Proxy@bd865f, appThread = android.app.IApplicationThread$Stub$Proxy@c1d58ac, debugName = overlayBackTransition }}
10-05 06:38:38.136   957  1079 V WindowManagerShell:  Checking filter Pair{{types=[] flags=0x0] notFlags=0x0 checks=[{atype=dream independent=true modes=[OPEN,TO_FRONT] flags=NONE mustBeTask=false order=ANY topActivity=null launchCookie=null windowingMode=undefined},{atype=home independent=true modes=[CLOSE,TO_BACK] flags=NONE mustBeTask=false order=ANY topActivity=null launchCookie=null windowingMode=undefined}]} RemoteTransition { remoteTransition = android.window.IRemoteTransition$Stub$Proxy@a8b5975, appThread = android.app.IApplicationThread$Stub$Proxy@814ed0a, debugName = LauncherToDream }}
10-05 06:38:38.136   957  1079 V WindowManagerShell:  Checking filter Pair{{types=[] flags=0x0] notFlags=0x100 checks=[{atype=home independent=true modes=[OPEN,TO_FRONT] flags=NONE mustBeTask=false order=TOP topActivity=ComponentInfo{com.google.android.apps.nexuslauncher/com.google.android.apps.nexuslauncher.NexusLauncherActivity} launchCookie=null windowingMode=undefined},{atype=standard independent=true modes=[CLOSE,TO_BACK] flags=NONE mustBeTask=false order=ANY topActivity=null launchCookie=null windowingMode=undefined},{NOT atype=undefined independent=true modes=[] flags=NONE mustBeTask=true order=ANY topActivity=null launchCookie=null customAnim=true windowingMode=undefined}]} RemoteTransition { remoteTransition = android.window.IRemoteTransition$Stub$Proxy@de297b, appThread = android.app.IApplicationThread$Stub$Proxy@f5d5398, debugName = QuickstepLaunchHome }}
10-05 06:38:38.136   957  1079 V WindowManagerShell:  Delegate animation for (#39) to null
10-05 06:38:38.136   957  1079 V WindowManagerShell: start default transition animation, info = {id=39 t=OPEN f=0x0 trk=0 r=[0@Point(0, 0)] c=[{m=OPEN f=FILLS_TASK|IS_BEHIND_STARTING_WINDOW leash=Surface(name=ActivityRecord{155676618 u0 com.follgramer.diamantesproplayersgo/.MainActivity)/@0x55f8701 sb=Rect(0, 0 - 0, 0) eb=Rect(0, 0 - 1080, 2400) epz=Point(1080, 2400) d=-1->0 r=-1->0:-1 bc=fffef7ff component=com.follgramer.diamantesproplayersgo/.MainActivity},{m=CLOSE f=FILLS_TASK|IS_BEHIND_STARTING_WINDOW leash=Surface(name=ActivityRecord{180174020 u0 com.follgramer.diamantesproplayersgo/.SplashActivity)/@0x94f9a6 sb=Rect(0, 0 - 1080, 2400) eb=Rect(0, 0 - 1080, 2400) epz=Point(1080, 2400) d=0 bc=fffef7ff component=com.follgramer.diamantesproplayersgo/.SplashActivity}]}
10-05 06:38:38.138   957  1079 V WindowManagerShell: loadAnimation: anim=android.view.animation.AnimationSet@ac6c383 animAttr=0x5 type=OPEN isEntrance=false
10-05 06:38:38.139   957  1079 V WindowManagerShell: loadAnimation: anim=android.view.animation.AnimationSet@417977e animAttr=0x4 type=OPEN isEntrance=true
10-05 06:38:38.141   957  1079 V WindowManagerShell:  animated by com.android.wm.shell.transition.DefaultTransitionHandler@8ae066e
10-05 06:38:38.158   704   728 V WindowManager: Sent Transition (#39) createdAt=10-05 06:38:37.953 via request=TransitionRequestInfo { type = OPEN, triggerTask = TaskInfo{userId=0 taskId=12 effectiveUid=10219 displayId=0 isRunning=true baseIntent=Intent { flg=0x10800000 cmp=com.follgramer.diamantesproplayersgo/.SplashActivity } baseActivity=ComponentInfo{com.follgramer.diamantesproplayersgo/com.follgramer.diamantesproplayersgo.MainActivity} topActivity=ComponentInfo{com.follgramer.diamantesproplayersgo/com.follgramer.diamantesproplayersgo.MainActivity} origActivity=null realActivity=ComponentInfo{com.follgramer.diamantesproplayersgo/com.follgramer.diamantesproplayersgo.SplashActivity} numActivities=1 lastActiveTime=4952208 supportsMultiWindow=true resizeMode=1 isResizeable=true minWidth=-1 minHeight=-1 defaultMinSize=220 token=WCT{RemoteToken{39d6b03 Task{3240e73 #12 type=standard A=10219:com.follgramer.diamantesproplayersgo}}} topActivityType=1 pictureInPictureParams=null shouldDockBigOverlays=false launchIntoPipHostTaskId=-1 lastParentTaskIdBeforePip=-1 displayCutoutSafeInsets=Rect(0, 0 - 0, 0) topActivityInfo=ActivityInfo{3397670 com.follgramer.diamantesproplayersgo.MainActivity} launchCookies=[] positionInParent=Point(0, 0) parentTaskId=-1 isFocused=true isVisible=true isVisibleRequested=false isTopActivityNoDisplay=false isSleeping=false locusId=null displayAreaFeatureId=1 isTopActivityTransparent=false isActivityStackTransparent=false lastNonFullscreenBounds=Rect(284, 660 - 796, 1740) capturedLink=null capturedLinkTimestamp=0 requestedVisibleTypes=-9 topActivityRequestOpenInBrowserEducationTimestamp=0 appCompatTaskInfo=AppCompatTaskInfo { topActivityInSizeCompat=false eligibleForLetterboxEducation= false isLetterboxEducationEnabled= true isLetterboxDoubleTapEnabled= false eligibleForUserAspectRatioButton= false topActivityBoundsLetterboxed= false isFromLetterboxDoubleTap= false topActivityLetterboxVerticalPosition= -1 topActivityLetterboxHorizontalPosition= -1 topActivityLetterboxWidth=-1 topActivityLetterboxHeight=-1 topActivityAppBounds=Rect(0, 0 - 1080, 2337) isUserFullscreenOverrideEnabled=false isSystemFullscreenOverrideEnabled=false hasMinAspectRatioOverride=false topActivityLetterboxBounds=null cameraCompatTaskInfo=CameraCompatTaskInfo { freeformCameraCompatMode=inactive}} topActivityMainWindowFrame=null}, pipChange = null, remoteTransition = null, displayChange = null, flags = 0, debugId = 39 }
10-05 06:38:38.158   704   728 V WindowManager:     startWCT=WindowContainerTransaction { changes= {} hops= [] errorCallbackToken=null taskFragmentOrganizer=null }
10-05 06:38:38.158   704   728 V WindowManager:     info={id=39 t=OPEN f=0x0 trk=0 r=[0@Point(0, 0)] c=[
10-05 06:38:38.158   704   728 V WindowManager:         {m=OPEN f=FILLS_TASK|IS_BEHIND_STARTING_WINDOW leash=Surface(name=ActivityRecord{155676618 u0 com.follgramer.diamantesproplayersgo/.MainActivity)/@0x9230fed sb=Rect(0, 0 - 0, 0) eb=Rect(0, 0 - 1080, 2400) epz=Point(1080, 2400) d=-1->0 r=-1->0:-1 bc=fffef7ff component=com.follgramer.diamantesproplayersgo/.MainActivity},
10-05 06:38:38.158   704   728 V WindowManager:         {m=CLOSE f=FILLS_TASK|IS_BEHIND_STARTING_WINDOW leash=Surface(name=ActivityRecord{180174020 u0 com.follgramer.diamantesproplayersgo/.SplashActivity)/@0xf307e04 sb=Rect(0, 0 - 1080, 2400) eb=Rect(0, 0 - 1080, 2400) epz=Point(1080, 2400) d=0 bc=fffef7ff component=com.follgramer.diamantesproplayersgo/.SplashActivity}
10-05 06:38:38.158   704   728 V WindowManager:     ]}
10-05 06:38:38.237  2369  7991 I EGL_emulation: Opening libGLESv1_CM_emulation.so
10-05 06:38:38.238  2369  7991 I EGL_emulation: Opening libGLESv2_emulation.so
10-05 06:38:38.281   704  1990 D FileUtils: Rounded bytes from 2067259392 to 4000000000
10-05 06:38:38.310  2233  3121 D DGInternalHandle: maybeAddInteractionEvents(): The EventCollector is not initialized. This means that the client hasn't intended to collect any interaction events so far.
10-05 06:38:38.353  1537  1545 W FuseDaemon: Reducing the number of considered missed Gc histogram windows from 159 to 100
10-05 06:38:38.482  9951  9951 I tesproplayersgo: AssetManager2(0x71a0bf6de7b8) locale list changing from [] to [en-US]
10-05 06:38:38.488  9951  9951 D MainActivity: Inicializando sistemas críticos...
10-05 06:38:38.488  9951  9951 D AUDIO_SETUP: AudioManager configured correctly
10-05 06:38:38.488  9951  9951 D MainActivity: ✅ AdMob correctamente inicializado desde SplashActivity
10-05 06:38:38.575  9951  9951 D FirebaseAuth: Notifying id token listeners about user ( 26xwj8EPEufQsDRaRizxJOcoPTw1 ).
10-05 06:38:38.586  2233  2627 I Finsky  : [63] requestIntegrityToken() finished for com.follgramer.diamantesproplayersgo.
10-05 06:38:38.590  9951  9966 I PlayCore: UID: [10219]  PID: [9951] OnRequestIntegrityTokenCallback : onRequestIntegrityToken
10-05 06:38:38.591  9951 10032 I PlayCore: UID: [10219]  PID: [9951] IntegrityService : Unbind from service.
10-05 06:38:38.616   957  1079 V WindowManagerShell: Transition animation finished (aborted=false), notifying core (#39) android.os.BinderProxy@d408db8@0
10-05 06:38:38.619   704   728 V WindowManager: Finish Transition (#39): created at 10-05 06:38:37.953 collect-started=0.044ms request-sent=4.208ms started=41.255ms ready=41.239ms sent=179.87ms commit=15.892ms finished=664.707ms
10-05 06:38:38.621   957  1079 V WindowManagerShell: Track 0 became idle
10-05 06:38:38.622   957  1079 V WindowManagerShell: All active transition animations finished
10-05 06:38:38.635  9951  9951 D FIREBASE_SETUP: Firebase configured correctly
10-05 06:38:38.657  9951  9951 D NotificationEventBus: Listener desuscrito. Total: 0
10-05 06:38:38.657  9951  9951 D NotificationEventBus: Listener suscrito. Total: 1
10-05 06:38:38.665   704  1990 I AppsFilter: interaction: PackageSetting{9af92af com.follgramer.diamantesproplayersgo/10219} -> PackageSetting{1a08d16 com.google.android.apps.nexuslauncher/10182} BLOCKED
10-05 06:38:38.672  9951  9951 D MainActivity: Badge updated: 0
10-05 06:38:38.734  5673  5673 D BoundBrokerSvc: onUnbind: Intent { act=com.google.android.gms.ads.identifier.service.EVENT_ATTESTATION dat=chimera-action:/... xflg=0x4 cmp=com.google.android.gms/.chimera.GmsBoundBrokerService }
10-05 06:38:38.870  9951  9951 D SessionManager: Player ID obtenido: No configurado
10-05 06:38:38.871  9951  9951 D SessionManager: SessionManager inicializado
10-05 06:38:38.877  9951  9951 D SessionManager: Validación de datos completada
10-05 06:38:38.878  9951  9951 D SessionManager: Player ID obtenido: No configurado
10-05 06:38:38.878  9951  9951 D SessionManager: Giros obtenidos: 10
10-05 06:38:38.879  9951  9951 D SessionManager: Estado actual - Player ID: No configurado, Giros: 10
10-05 06:38:38.923  9951  9951 E DEVICE_ID: ==========================================
10-05 06:38:38.923  9951  9951 E DEVICE_ID: ID de Dispositivo de Prueba (AdMob): F9C1540151B5789BE4ADD3DF55FA783D
10-05 06:38:38.923  9951  9951 E DEVICE_ID: ⚠ SOLO PARA DEBUG - En RELEASE no aparecerá
10-05 06:38:38.923  9951  9951 E DEVICE_ID: ==========================================
10-05 06:38:38.923  9951  9951 D MainActivity: Sistemas críticos inicializados correctamente
10-05 06:38:38.927  9951  9951 D MainActivity: Badge updated: 0
10-05 06:38:38.930  9951  9951 D MainActivity: onResume - Verificando estado
10-05 06:38:38.931  9951  9951 D SessionManager: Giros obtenidos: 10
10-05 06:38:38.931  9951  9951 D SessionManager: Giros obtenidos: 10
10-05 06:38:38.932  9951  9951 D MainActivity: Badge updated: 0
10-05 06:38:38.933  9951  9951 D MainActivity: Resumiendo banners...
10-05 06:38:38.935  9951  9951 D BannerHelper: ▶️ 0 banners resumidos
10-05 06:38:38.936  9951  9951 D MainActivity: 📬 Unread notifications: 0
10-05 06:38:38.949  9951  9951 D StrictMode: StrictMode policy violation; ~duration=430 ms: android.os.strictmode.DiskReadViolation
10-05 06:38:38.949  9951  9951 D StrictMode: 	at android.os.StrictMode$AndroidBlockGuardPolicy.onReadFromDisk(StrictMode.java:1728)
10-05 06:38:38.949  9951  9951 D StrictMode: 	at libcore.io.BlockGuardOs.open(BlockGuardOs.java:269)
10-05 06:38:38.949  9951  9951 D StrictMode: 	at libcore.io.ForwardingOs.open(ForwardingOs.java:568)
10-05 06:38:38.949  9951  9951 D StrictMode: 	at android.app.ActivityThread$AndroidOs.open(ActivityThread.java:8953)
10-05 06:38:38.949  9951  9951 D StrictMode: 	at libcore.io.IoBridge.open(IoBridge.java:560)
10-05 06:38:38.949  9951  9951 D StrictMode: 	at java.io.RandomAccessFile.<init>(RandomAccessFile.java:307)
10-05 06:38:38.949  9951  9951 D StrictMode: 	at java.util.zip.ZipFile$Source.<init>(ZipFile.java:1458)
10-05 06:38:38.949  9951  9951 D StrictMode: 	at java.util.zip.ZipFile$Source.get(ZipFile.java:1414)
10-05 06:38:38.949  9951  9951 D StrictMode: 	at java.util.zip.ZipFile$CleanableResource.<init>(ZipFile.java:783)
10-05 06:38:38.949  9951  9951 D StrictMode: 	at java.util.zip.ZipFile.<init>(ZipFile.java:285)
10-05 06:38:38.949  9951  9951 D StrictMode: 	at java.util.zip.ZipFile.<init>(ZipFile.java:247)
10-05 06:38:38.949  9951  9951 D StrictMode: 	at java.util.jar.JarFile.<init>(JarFile.java:183)
10-05 06:38:38.949  9951  9951 D StrictMode: 	at java.util.jar.JarFile.<init>(JarFile.java:176)
10-05 06:38:38.949  9951  9951 D StrictMode: 	at libcore.io.ClassPathURLStreamHandler.<init>(ClassPathURLStreamHandler.java:52)
10-05 06:38:38.949  9951  9951 D StrictMode: 	at dalvik.system.DexPathList$Element.maybeInit(DexPathList.java:752)
10-05 06:38:38.949  9951  9951 D StrictMode: 	at dalvik.system.DexPathList$Element.findResource(DexPathList.java:780)
10-05 06:38:38.949  9951  9951 D StrictMode: 	at dalvik.system.DexPathList.findResource(DexPathList.java:554)
10-05 06:38:38.949  9951  9951 D StrictMode: 	at dalvik.system.BaseDexClassLoader.findResource(BaseDexClassLoader.java:313)
10-05 06:38:38.949  9951  9951 D StrictMode: 	at java.lang.ClassLoader.getResource(ClassLoader.java:1390)
10-05 06:38:38.949  9951  9951 D StrictMode: 	at java.lang.ClassLoader.getResourceAsStream(ClassLoader.java:1704)
10-05 06:38:38.949  9951  9951 D StrictMode: 	at java.lang.Class.getResourceAsStream(Class.java:3118)
10-05 06:38:38.949  9951  9951 D StrictMode: 	at com.google.android.gms.common.internal.LibraryVersion.getVersion(com.google.android.gms:play-services-basement@@18.3.0:6)
10-05 06:38:38.949  9951  9951 D StrictMode: 	at com.google.android.gms.internal.firebase-auth-api.zzact.zza(com.google.firebase:firebase-auth@@23.0.0:17)
10-05 06:38:38.949  9951  9951 D StrictMode: 	at com.google.android.gms.internal.firebase-auth-api.zzaci.<init>(com.google.firebase:firebase-auth@@23.0.0:6)
10-05 06:38:38.949  9951  9951 D StrictMode: 	at com.google.android.gms.internal.firebase-auth-api.zzaak.<init>(com.google.firebase:firebase-auth@@23.0.0:292)
10-05 06:38:38.949  9951  9951 D StrictMode: 	at com.google.firebase.auth.FirebaseAuth.<init>(com.google.firebase:firebase-auth@@23.0.0:318)
10-05 06:38:38.949  9951  9951 D StrictMode: 	at com.google.firebase.auth.internal.zzaa.<init>(com.google.firebase:firebase-auth@@23.0.0:1)
10-05 06:38:38.949  9951  9951 D StrictMode: 	at com.google.firebase.auth.FirebaseAuthRegistrar.lambda$getComponents$0(com.google.firebase:firebase-auth@@23.0.0:11)
10-05 06:38:38.949  9951  9951 D StrictMode: 	at com.google.firebase.auth.zzag.create(Unknown Source:11)
10-05 06:38:38.949  9951  9951 D StrictMode: 	at com.google.firebase.components.ComponentRuntime.lambda$discoverComponents$0$com-google-firebase-components-ComponentRuntime(ComponentRuntime.java:160)
10-05 06:38:38.949  9951  9951 D StrictMode: 	at com.google.firebase.components.ComponentRuntime$$ExternalSyntheticLambda2.get(D8$$SyntheticClass:0)
10-05 06:38:38.949  9951  9951 D StrictMode: 	at com.google.firebase.components.Lazy.get(Lazy.java:53)
10-05 06:38:38.949  9951  9951 D StrictMode: 	at com.google.firebase.database.android.AndroidAuthTokenProvider.lambda$new$0$com-google-firebase-database-android-AndroidAuthTokenProvider(AndroidAuthTokenProvider.java:37)
10-05 06:38:38.949  9951  9951 D StrictMode: 	at com.google.firebase.database.android.AndroidAuthTokenProvider$$ExternalSyntheticLambda1.handle(D8$$SyntheticClass:0)
10-05 06:38:38.949  9951  9951 D StrictMode: 	at com.google.firebase.components.OptionalProvider.whenAvailable(OptionalProvider.java:77)
10-05 06:38:38.949  9951  9951 D StrictMode: 	at com.google.firebase.database.android.AndroidAuthTokenProvider.<init>(AndroidAuthTokenProvider.java:37)
10-05 06:38:38.949  9951  9951 D StrictMode: 	at com.google.firebase.database.FirebaseDatabaseComponent.<init>(FirebaseDatabaseComponent.java:49)
10-05 06:38:38.949  9951  9951 D StrictMode: 	at com.google.firebase.database.DatabaseRegistrar.lambda$getComponents$0(DatabaseRegistrar.java:48)
10-05 06:38:38.949  9951  9951 D StrictMode: 	at com.google.firebase.database.DatabaseRegistrar$$ExternalSyntheticLambda0.create(D8$$SyntheticClass:0)
10-05 06:38:38.949  9951  9951 D StrictMode: 	at com.google.firebase.tracing.ComponentMonitor.lambda$processRegistrar$0(ComponentMonitor.java:38)
10-05 06:38:38.949  9951  9951 D StrictMode: 	at com.google.firebase.tracing.ComponentMonitor$$ExternalSyntheticLambda0.create(D8$$SyntheticClass:0)
10-05 06:38:38.949  9951  9951 D StrictMode: 	at com.google.firebase.components.ComponentRuntime.lambda$discoverComponents$0$com-google-firebase-components-ComponentRuntime(ComponentRuntime.java:160)
10-05 06:38:38.949  9951  9951 D StrictMode: 	at com.google.firebase.components.ComponentRuntime$$ExternalSyntheticLambda2.get(D8$$SyntheticClass:0)
10-05 06:38:38.949  9951  9951 D StrictMode: 	at com.google.firebase.components.Lazy.get(Lazy.java:53)
10-05 06:38:38.949  9951  9951 D StrictMode: 	at com.google.firebase.components.ComponentContainer.get(ComponentContainer.java:48)
10-05 06:38:38.949  9951  9951 D StrictMode: 	at com.google.firebase.components.ComponentContainer.get(ComponentContainer.java:24)
10-05 06:38:38.949  9951  9951 D StrictMode: 	at com.google.firebase.FirebaseApp.get(FirebaseApp.java:333)
10-05 06:38:38.949  9951  9951 D StrictMode: 	at com.google.firebase.database.FirebaseDatabase.getInstance(FirebaseDatabase.java:115)
10-05 06:38:38.949  9951  9951 D StrictMode: 	at com.google.firebase.database.FirebaseDatabase.getInstance(FirebaseDatabase.java:75)
10-05 06:38:38.949  9951  9951 D StrictMode: 	at com.follgramer.diamantesproplayersgo.MainActivity.setupFirebase(MainActivity.kt:698)
10-05 06:38:38.949  9951  9951 D StrictMode: 	at com.follgramer.diamantesproplayersgo.MainActivity.initializeCriticalSystems(MainActivity.kt:215)
10-05 06:38:38.949  9951  9951 D StrictMode: 	at com.follgramer.diamantesproplayersgo.MainActivity.onCreate(MainActivity.kt:166)
10-05 06:38:38.949  9951  9951 D StrictMode: 	at android.app.Activity.performCreate(Activity.java:9155)
10-05 06:38:38.949  9951  9951 D StrictMode: 	at android.app.Activity.performCreate(Activity.java:9133)
10-05 06:38:38.949  9951  9951 D StrictMode: 	at android.app.Instrumentation.callActivityOnCreate(Instrumentation.java:1521)
10-05 06:38:38.949  9951  9951 D StrictMode: 	at android.app.ActivityThread.performLaunchActivity(ActivityThread.java:4262)
10-05 06:38:38.949  9951  9951 D StrictMode: 	at android.app.ActivityThread.handleLaunchActivity(ActivityThread.java:4467)
10-05 06:38:38.949  9951  9951 D StrictMode: 	at android.app.servertransaction.LaunchActivityItem.execute(LaunchActivityItem.java:222)
10-05 06:38:38.949  9951  9951 D StrictMode: 	at android.app.servertransaction.TransactionExecutor.executeNonLifecycleItem(TransactionExecutor.java:133)
10-05 06:38:38.949  9951  9951 D StrictMode: 	at android.app.servertransaction.TransactionExecutor.executeTransactionItems(TransactionExecutor.java:103)
10-05 06:38:38.949  9951  9951 D StrictMode: 	at android.app.servertransaction.TransactionExecutor.execute(TransactionExecutor.java:80)
10-05 06:38:38.949  9951  9951 D StrictMode: 	at android.app.ActivityThread$H.handleMessage(ActivityThread.java:2823)
10-05 06:38:38.949  9951  9951 D StrictMode: 	at android.os.Handler.dispatchMessage(Handler.java:110)
10-05 06:38:38.949  9951  9951 D StrictMode: 	at android.os.Looper.loopOnce(Looper.java:248)
10-05 06:38:38.949  9951  9951 D StrictMode: 	at android.os.Looper.loop(Looper.java:338)
10-05 06:38:38.949  9951  9951 D StrictMode: 	at android.app.ActivityThread.main(ActivityThread.java:9067)
10-05 06:38:38.949  9951  9951 D StrictMode: 	at java.lang.reflect.Method.invoke(Native Method)
10-05 06:38:38.949  9951  9951 D StrictMode: 	at com.android.internal.os.RuntimeInit$MethodAndArgsCaller.run(RuntimeInit.java:593)
10-05 06:38:38.949  9951  9951 D StrictMode: 	at com.android.internal.os.ZygoteInit.main(ZygoteInit.java:932)
10-05 06:38:38.951  9951  9951 D StrictMode: StrictMode policy violation; ~duration=430 ms: android.os.strictmode.DiskReadViolation
10-05 06:38:38.951  9951  9951 D StrictMode: 	at android.os.StrictMode$AndroidBlockGuardPolicy.onReadFromDisk(StrictMode.java:1728)
10-05 06:38:38.951  9951  9951 D StrictMode: 	at libcore.io.BlockGuardOs.fstat(BlockGuardOs.java:194)
10-05 06:38:38.951  9951  9951 D StrictMode: 	at libcore.io.ForwardingOs.fstat(ForwardingOs.java:261)
10-05 06:38:38.951  9951  9951 D StrictMode: 	at libcore.io.IoBridge.open(IoBridge.java:563)
10-05 06:38:38.951  9951  9951 D StrictMode: 	at java.io.RandomAccessFile.<init>(RandomAccessFile.java:307)
10-05 06:38:38.951  9951  9951 D StrictMode: 	at java.util.zip.ZipFile$Source.<init>(ZipFile.java:1458)
10-05 06:38:38.951  9951  9951 D StrictMode: 	at java.util.zip.ZipFile$Source.get(ZipFile.java:1414)
10-05 06:38:38.951  9951  9951 D StrictMode: 	at java.util.zip.ZipFile$CleanableResource.<init>(ZipFile.java:783)
10-05 06:38:38.951  9951  9951 D StrictMode: 	at java.util.zip.ZipFile.<init>(ZipFile.java:285)
10-05 06:38:38.951  9951  9951 D StrictMode: 	at java.util.zip.ZipFile.<init>(ZipFile.java:247)
10-05 06:38:38.951  9951  9951 D StrictMode: 	at java.util.jar.JarFile.<init>(JarFile.java:183)
10-05 06:38:38.951  9951  9951 D StrictMode: 	at java.util.jar.JarFile.<init>(JarFile.java:176)
10-05 06:38:38.951  9951  9951 D StrictMode: 	at libcore.io.ClassPathURLStreamHandler.<init>(ClassPathURLStreamHandler.java:52)
10-05 06:38:38.951  9951  9951 D StrictMode: 	at dalvik.system.DexPathList$Element.maybeInit(DexPathList.java:752)
10-05 06:38:38.951  9951  9951 D StrictMode: 	at dalvik.system.DexPathList$Element.findResource(DexPathList.java:780)
10-05 06:38:38.951  9951  9951 D StrictMode: 	at dalvik.system.DexPathList.findResource(DexPathList.java:554)
10-05 06:38:38.951  9951  9951 D StrictMode: 	at dalvik.system.BaseDexClassLoader.findResource(BaseDexClassLoader.java:313)
10-05 06:38:38.951  9951  9951 D StrictMode: 	at java.lang.ClassLoader.getResource(ClassLoader.java:1390)
10-05 06:38:38.951  9951  9951 D StrictMode: 	at java.lang.ClassLoader.getResourceAsStream(ClassLoader.java:1704)
10-05 06:38:38.951  9951  9951 D StrictMode: 	at java.lang.Class.getResourceAsStream(Class.java:3118)
10-05 06:38:38.951  9951  9951 D StrictMode: 	at com.google.android.gms.common.internal.LibraryVersion.getVersion(com.google.android.gms:play-services-basement@@18.3.0:6)
10-05 06:38:38.951  9951  9951 D StrictMode: 	at com.google.android.gms.internal.firebase-auth-api.zzact.zza(com.google.firebase:firebase-auth@@23.0.0:17)
10-05 06:38:38.951  9951  9951 D StrictMode: 	at com.google.android.gms.internal.firebase-auth-api.zzaci.<init>(com.google.firebase:firebase-auth@@23.0.0:6)
10-05 06:38:38.951  9951  9951 D StrictMode: 	at com.google.android.gms.internal.firebase-auth-api.zzaak.<init>(com.google.firebase:firebase-auth@@23.0.0:292)
10-05 06:38:38.951  9951  9951 D StrictMode: 	at com.google.firebase.auth.FirebaseAuth.<init>(com.google.firebase:firebase-auth@@23.0.0:318)
10-05 06:38:38.951  9951  9951 D StrictMode: 	at com.google.firebase.auth.internal.zzaa.<init>(com.google.firebase:firebase-auth@@23.0.0:1)
10-05 06:38:38.951  9951  9951 D StrictMode: 	at com.google.firebase.auth.FirebaseAuthRegistrar.lambda$getComponents$0(com.google.firebase:firebase-auth@@23.0.0:11)
10-05 06:38:38.951  9951  9951 D StrictMode: 	at com.google.firebase.auth.zzag.create(Unknown Source:11)
10-05 06:38:38.951  9951  9951 D StrictMode: 	at com.google.firebase.components.ComponentRuntime.lambda$discoverComponents$0$com-google-firebase-components-ComponentRuntime(ComponentRuntime.java:160)
10-05 06:38:38.951  9951  9951 D StrictMode: 	at com.google.firebase.components.ComponentRuntime$$ExternalSyntheticLambda2.get(D8$$SyntheticClass:0)
10-05 06:38:38.951  9951  9951 D StrictMode: 	at com.google.firebase.components.Lazy.get(Lazy.java:53)
10-05 06:38:38.951  9951  9951 D StrictMode: 	at com.google.firebase.database.android.AndroidAuthTokenProvider.lambda$new$0$com-google-firebase-database-android-AndroidAuthTokenProvider(AndroidAuthTokenProvider.java:37)
10-05 06:38:38.951  9951  9951 D StrictMode: 	at com.google.firebase.database.android.AndroidAuthTokenProvider$$ExternalSyntheticLambda1.handle(D8$$SyntheticClass:0)
10-05 06:38:38.951  9951  9951 D StrictMode: 	at com.google.firebase.components.OptionalProvider.whenAvailable(OptionalProvider.java:77)
10-05 06:38:38.951  9951  9951 D StrictMode: 	at com.google.firebase.database.android.AndroidAuthTokenProvider.<init>(AndroidAuthTokenProvider.java:37)
10-05 06:38:38.951  9951  9951 D StrictMode: 	at com.google.firebase.database.FirebaseDatabaseComponent.<init>(FirebaseDatabaseComponent.java:49)
10-05 06:38:38.951  9951  9951 D StrictMode: 	at com.google.firebase.database.DatabaseRegistrar.lambda$getComponents$0(DatabaseRegistrar.java:48)
10-05 06:38:38.951  9951  9951 D StrictMode: 	at com.google.firebase.database.DatabaseRegistrar$$ExternalSyntheticLambda0.create(D8$$SyntheticClass:0)
10-05 06:38:38.951  9951  9951 D StrictMode: 	at com.google.firebase.tracing.ComponentMonitor.lambda$processRegistrar$0(ComponentMonitor.java:38)
10-05 06:38:38.951  9951  9951 D StrictMode: 	at com.google.firebase.tracing.ComponentMonitor$$ExternalSyntheticLambda0.create(D8$$SyntheticClass:0)
10-05 06:38:38.951  9951  9951 D StrictMode: 	at com.google.firebase.components.ComponentRuntime.lambda$discoverComponents$0$com-google-firebase-components-ComponentRuntime(ComponentRuntime.java:160)
10-05 06:38:38.951  9951  9951 D StrictMode: 	at com.google.firebase.components.ComponentRuntime$$ExternalSyntheticLambda2.get(D8$$SyntheticClass:0)
10-05 06:38:38.951  9951  9951 D StrictMode: 	at com.google.firebase.components.Lazy.get(Lazy.java:53)
10-05 06:38:38.951  9951  9951 D StrictMode: 	at com.google.firebase.components.ComponentContainer.get(ComponentContainer.java:48)
10-05 06:38:38.951  9951  9951 D StrictMode: 	at com.google.firebase.components.ComponentContainer.get(ComponentContainer.java:24)
10-05 06:38:38.951  9951  9951 D StrictMode: 	at com.google.firebase.FirebaseApp.get(FirebaseApp.java:333)
10-05 06:38:38.951  9951  9951 D StrictMode: 	at com.google.firebase.database.FirebaseDatabase.getInstance(FirebaseDatabase.java:115)
10-05 06:38:38.951  9951  9951 D StrictMode: 	at com.google.firebase.database.FirebaseDatabase.getInstance(FirebaseDatabase.java:75)
10-05 06:38:38.951  9951  9951 D StrictMode: 	at com.follgramer.diamantesproplayersgo.MainActivity.setupFirebase(MainActivity.kt:698)
10-05 06:38:38.951  9951  9951 D StrictMode: 	at com.follgramer.diamantesproplayersgo.MainActivity.initializeCriticalSystems(MainActivity.kt:215)
10-05 06:38:38.951  9951  9951 D StrictMode: 	at com.follgramer.diamantesproplayersgo.MainActivity.onCreate(MainActivity.kt:166)
10-05 06:38:38.951  9951  9951 D StrictMode: 	at android.app.Activity.performCreate(Activity.java:9155)
10-05 06:38:38.951  9951  9951 D StrictMode: 	at android.app.Activity.performCreate(Activity.java:9133)
10-05 06:38:38.951  9951  9951 D StrictMode: 	at android.app.Instrumentation.callActivityOnCreate(Instrumentation.java:1521)
10-05 06:38:38.951  9951  9951 D StrictMode: 	at android.app.ActivityThread.performLaunchActivity(ActivityThread.java:4262)
10-05 06:38:38.951  9951  9951 D StrictMode: 	at android.app.ActivityThread.handleLaunchActivity(ActivityThread.java:4467)
10-05 06:38:38.951  9951  9951 D StrictMode: 	at android.app.servertransaction.LaunchActivityItem.execute(LaunchActivityItem.java:222)
10-05 06:38:38.951  9951  9951 D StrictMode: 	at android.app.servertransaction.TransactionExecutor.executeNonLifecycleItem(TransactionExecutor.java:133)
10-05 06:38:38.951  9951  9951 D StrictMode: 	at android.app.servertransaction.TransactionExecutor.executeTransactionItems(TransactionExecutor.java:103)
10-05 06:38:38.951  9951  9951 D StrictMode: 	at android.app.servertransaction.TransactionExecutor.execute(TransactionExecutor.java:80)
10-05 06:38:38.951  9951  9951 D StrictMode: 	at android.app.ActivityThread$H.handleMessage(ActivityThread.java:2823)
10-05 06:38:38.951  9951  9951 D StrictMode: 	at android.os.Handler.dispatchMessage(Handler.java:110)
10-05 06:38:38.951  9951  9951 D StrictMode: 	at android.os.Looper.loopOnce(Looper.java:248)
10-05 06:38:38.951  9951  9951 D StrictMode: 	at android.os.Looper.loop(Looper.java:338)
10-05 06:38:38.951  9951  9951 D StrictMode: 	at android.app.ActivityThread.main(ActivityThread.java:9067)
10-05 06:38:38.951  9951  9951 D StrictMode: 	at java.lang.reflect.Method.invoke(Native Method)
10-05 06:38:38.951  9951  9951 D StrictMode: 	at com.android.internal.os.RuntimeInit$MethodAndArgsCaller.run(RuntimeInit.java:593)
10-05 06:38:38.951  9951  9951 D StrictMode: 	at com.android.internal.os.ZygoteInit.main(ZygoteInit.java:932)
10-05 06:38:38.952  9951  9951 D StrictMode: StrictMode policy violation; ~duration=430 ms: android.os.strictmode.DiskReadViolation
10-05 06:38:38.952  9951  9951 D StrictMode: 	at android.os.StrictMode$AndroidBlockGuardPolicy.onReadFromDisk(StrictMode.java:1728)
10-05 06:38:38.952  9951  9951 D StrictMode: 	at libcore.io.BlockGuardOs.fstat(BlockGuardOs.java:194)
10-05 06:38:38.952  9951  9951 D StrictMode: 	at libcore.io.ForwardingOs.fstat(ForwardingOs.java:261)
10-05 06:38:38.952  9951  9951 D StrictMode: 	at java.io.RandomAccessFile.length(RandomAccessFile.java:653)
10-05 06:38:38.952  9951  9951 D StrictMode: 	at java.util.zip.ZipFile$Source.findEND(ZipFile.java:1543)
10-05 06:38:38.952  9951  9951 D StrictMode: 	at java.util.zip.ZipFile$Source.initCEN(ZipFile.java:1643)
10-05 06:38:38.952  9951  9951 D StrictMode: 	at java.util.zip.ZipFile$Source.<init>(ZipFile.java:1461)
10-05 06:38:38.952  9951  9951 D StrictMode: 	at java.util.zip.ZipFile$Source.get(ZipFile.java:1414)
10-05 06:38:38.952  9951  9951 D StrictMode: 	at java.util.zip.ZipFile$CleanableResource.<init>(ZipFile.java:783)
10-05 06:38:38.952  9951  9951 D StrictMode: 	at java.util.zip.ZipFile.<init>(ZipFile.java:285)
10-05 06:38:38.952  9951  9951 D StrictMode: 	at java.util.zip.ZipFile.<init>(ZipFile.java:247)
10-05 06:38:38.952  9951  9951 D StrictMode: 	at java.util.jar.JarFile.<init>(JarFile.java:183)
10-05 06:38:38.952  9951  9951 D StrictMode: 	at java.util.jar.JarFile.<init>(JarFile.java:176)
10-05 06:38:38.952  9951  9951 D StrictMode: 	at libcore.io.ClassPathURLStreamHandler.<init>(ClassPathURLStreamHandler.java:52)
10-05 06:38:38.952  9951  9951 D StrictMode: 	at dalvik.system.DexPathList$Element.maybeInit(DexPathList.java:752)
10-05 06:38:38.952  9951  9951 D StrictMode: 	at dalvik.system.DexPathList$Element.findResource(DexPathList.java:780)
10-05 06:38:38.952  9951  9951 D StrictMode: 	at dalvik.system.DexPathList.findResource(DexPathList.java:554)
10-05 06:38:38.952  9951  9951 D StrictMode: 	at dalvik.system.BaseDexClassLoader.findResource(BaseDexClassLoader.java:313)
10-05 06:38:38.952  9951  9951 D StrictMode: 	at java.lang.ClassLoader.getResource(ClassLoader.java:1390)
10-05 06:38:38.952  9951  9951 D StrictMode: 	at java.lang.ClassLoader.getResourceAsStream(ClassLoader.java:1704)
10-05 06:38:38.952  9951  9951 D StrictMode: 	at java.lang.Class.getResourceAsStream(Class.java:3118)
