10-05 06:38:38.957  9951  9951 D StrictMode: 	at com.follgramer.diamantesproplayersgo.MainActivity.initializeCriticalSystems(MainActivity.kt:215)
10-05 06:38:38.957  9951  9951 D StrictMode: 	at com.follgramer.diamantesproplayersgo.MainActivity.onCreate(MainActivity.kt:166)
10-05 06:38:38.957  9951  9951 D StrictMode: 	at android.app.Activity.performCreate(Activity.java:9155)
10-05 06:38:38.957  9951  9951 D StrictMode: 	at android.app.Activity.performCreate(Activity.java:9133)
10-05 06:38:38.957  9951  9951 D StrictMode: 	at android.app.Instrumentation.callActivityOnCreate(Instrumentation.java:1521)
10-05 06:38:38.957  9951  9951 D StrictMode: 	at android.app.ActivityThread.performLaunchActivity(ActivityThread.java:4262)
10-05 06:38:38.957  9951  9951 D StrictMode: 	at android.app.ActivityThread.handleLaunchActivity(ActivityThread.java:4467)
10-05 06:38:38.957  9951  9951 D StrictMode: 	at android.app.servertransaction.LaunchActivityItem.execute(LaunchActivityItem.java:222)
10-05 06:38:38.957  9951  9951 D StrictMode: 	at android.app.servertransaction.TransactionExecutor.executeNonLifecycleItem(TransactionExecutor.java:133)
10-05 06:38:38.957  9951  9951 D StrictMode: 	at android.app.servertransaction.TransactionExecutor.executeTransactionItems(TransactionExecutor.java:103)
10-05 06:38:38.957  9951  9951 D StrictMode: 	at android.app.servertransaction.TransactionExecutor.execute(TransactionExecutor.java:80)
10-05 06:38:38.957  9951  9951 D StrictMode: 	at android.app.ActivityThread$H.handleMessage(ActivityThread.java:2823)
10-05 06:38:38.957  9951  9951 D StrictMode: 	at android.os.Handler.dispatchMessage(Handler.java:110)
10-05 06:38:38.957  9951  9951 D StrictMode: 	at android.os.Looper.loopOnce(Looper.java:248)
10-05 06:38:38.957  9951  9951 D StrictMode: 	at android.os.Looper.loop(Looper.java:338)
10-05 06:38:38.957  9951  9951 D StrictMode: 	at android.app.ActivityThread.main(ActivityThread.java:9067)
10-05 06:38:38.957  9951  9951 D StrictMode: 	at java.lang.reflect.Method.invoke(Native Method)
10-05 06:38:38.957  9951  9951 D StrictMode: 	at com.android.internal.os.RuntimeInit$MethodAndArgsCaller.run(RuntimeInit.java:593)
10-05 06:38:38.957  9951  9951 D StrictMode: 	at com.android.internal.os.ZygoteInit.main(ZygoteInit.java:932)
10-05 06:38:38.958  9951  9951 D StrictMode: StrictMode policy violation; ~duration=430 ms: android.os.strictmode.DiskReadViolation
10-05 06:38:38.958  9951  9951 D StrictMode: 	at android.os.StrictMode$AndroidBlockGuardPolicy.onReadFromDisk(StrictMode.java:1728)
10-05 06:38:38.958  9951  9951 D StrictMode: 	at sun.nio.ch.FileChannelImpl.map(FileChannelImpl.java:980)
10-05 06:38:38.958  9951  9951 D StrictMode: 	at java.util.zip.ZipFile$Source.initCEN(ZipFile.java:1666)
10-05 06:38:38.958  9951  9951 D StrictMode: 	at java.util.zip.ZipFile$Source.<init>(ZipFile.java:1461)
10-05 06:38:38.958  9951  9951 D StrictMode: 	at java.util.zip.ZipFile$Source.get(ZipFile.java:1414)
10-05 06:38:38.958  9951  9951 D StrictMode: 	at java.util.zip.ZipFile$CleanableResource.<init>(ZipFile.java:783)
10-05 06:38:38.958  9951  9951 D StrictMode: 	at java.util.zip.ZipFile.<init>(ZipFile.java:285)
10-05 06:38:38.958  9951  9951 D StrictMode: 	at java.util.zip.ZipFile.<init>(ZipFile.java:247)
10-05 06:38:38.958  9951  9951 D StrictMode: 	at java.util.jar.JarFile.<init>(JarFile.java:183)
10-05 06:38:38.958  9951  9951 D StrictMode: 	at java.util.jar.JarFile.<init>(JarFile.java:176)
10-05 06:38:38.958  9951  9951 D StrictMode: 	at libcore.io.ClassPathURLStreamHandler.<init>(ClassPathURLStreamHandler.java:52)
10-05 06:38:38.958  9951  9951 D StrictMode: 	at dalvik.system.DexPathList$Element.maybeInit(DexPathList.java:752)
10-05 06:38:38.958  9951  9951 D StrictMode: 	at dalvik.system.DexPathList$Element.findResource(DexPathList.java:780)
10-05 06:38:38.958  9951  9951 D StrictMode: 	at dalvik.system.DexPathList.findResource(DexPathList.java:554)
10-05 06:38:38.958  9951  9951 D StrictMode: 	at dalvik.system.BaseDexClassLoader.findResource(BaseDexClassLoader.java:313)
10-05 06:38:38.958  9951  9951 D StrictMode: 	at java.lang.ClassLoader.getResource(ClassLoader.java:1390)
10-05 06:38:38.958  9951  9951 D StrictMode: 	at java.lang.ClassLoader.getResourceAsStream(ClassLoader.java:1704)
10-05 06:38:38.958  9951  9951 D StrictMode: 	at java.lang.Class.getResourceAsStream(Class.java:3118)
10-05 06:38:38.958  9951  9951 D StrictMode: 	at com.google.android.gms.common.internal.LibraryVersion.getVersion(com.google.android.gms:play-services-basement@@18.3.0:6)
10-05 06:38:38.958  9951  9951 D StrictMode: 	at com.google.android.gms.internal.firebase-auth-api.zzact.zza(com.google.firebase:firebase-auth@@23.0.0:17)
10-05 06:38:38.958  9951  9951 D StrictMode: 	at com.google.android.gms.internal.firebase-auth-api.zzaci.<init>(com.google.firebase:firebase-auth@@23.0.0:6)
10-05 06:38:38.958  9951  9951 D StrictMode: 	at com.google.android.gms.internal.firebase-auth-api.zzaak.<init>(com.google.firebase:firebase-auth@@23.0.0:292)
10-05 06:38:38.958  9951  9951 D StrictMode: 	at com.google.firebase.auth.FirebaseAuth.<init>(com.google.firebase:firebase-auth@@23.0.0:318)
10-05 06:38:38.958  9951  9951 D StrictMode: 	at com.google.firebase.auth.internal.zzaa.<init>(com.google.firebase:firebase-auth@@23.0.0:1)
10-05 06:38:38.958  9951  9951 D StrictMode: 	at com.google.firebase.auth.FirebaseAuthRegistrar.lambda$getComponents$0(com.google.firebase:firebase-auth@@23.0.0:11)
10-05 06:38:38.958  9951  9951 D StrictMode: 	at com.google.firebase.auth.zzag.create(Unknown Source:11)
10-05 06:38:38.958  9951  9951 D StrictMode: 	at com.google.firebase.components.ComponentRuntime.lambda$discoverComponents$0$com-google-firebase-components-ComponentRuntime(ComponentRuntime.java:160)
10-05 06:38:38.958  9951  9951 D StrictMode: 	at com.google.firebase.components.ComponentRuntime$$ExternalSyntheticLambda2.get(D8$$SyntheticClass:0)
10-05 06:38:38.958  9951  9951 D StrictMode: 	at com.google.firebase.components.Lazy.get(Lazy.java:53)
10-05 06:38:38.958  9951  9951 D StrictMode: 	at com.google.firebase.database.android.AndroidAuthTokenProvider.lambda$new$0$com-google-firebase-database-android-AndroidAuthTokenProvider(AndroidAuthTokenProvider.java:37)
10-05 06:38:38.958  9951  9951 D StrictMode: 	at com.google.firebase.database.android.AndroidAuthTokenProvider$$ExternalSyntheticLambda1.handle(D8$$SyntheticClass:0)
10-05 06:38:38.958  9951  9951 D StrictMode: 	at com.google.firebase.components.OptionalProvider.whenAvailable(OptionalProvider.java:77)
10-05 06:38:38.958  9951  9951 D StrictMode: 	at com.google.firebase.database.android.AndroidAuthTokenProvider.<init>(AndroidAuthTokenProvider.java:37)
10-05 06:38:38.958  9951  9951 D StrictMode: 	at com.google.firebase.database.FirebaseDatabaseComponent.<init>(FirebaseDatabaseComponent.java:49)
10-05 06:38:38.958  9951  9951 D StrictMode: 	at com.google.firebase.database.DatabaseRegistrar.lambda$getComponents$0(DatabaseRegistrar.java:48)
10-05 06:38:38.958  9951  9951 D StrictMode: 	at com.google.firebase.database.DatabaseRegistrar$$ExternalSyntheticLambda0.create(D8$$SyntheticClass:0)
10-05 06:38:38.958  9951  9951 D StrictMode: 	at com.google.firebase.tracing.ComponentMonitor.lambda$processRegistrar$0(ComponentMonitor.java:38)
10-05 06:38:38.958  9951  9951 D StrictMode: 	at com.google.firebase.tracing.ComponentMonitor$$ExternalSyntheticLambda0.create(D8$$SyntheticClass:0)
10-05 06:38:38.958  9951  9951 D StrictMode: 	at com.google.firebase.components.ComponentRuntime.lambda$discoverComponents$0$com-google-firebase-components-ComponentRuntime(ComponentRuntime.java:160)
10-05 06:38:38.958  9951  9951 D StrictMode: 	at com.google.firebase.components.ComponentRuntime$$ExternalSyntheticLambda2.get(D8$$SyntheticClass:0)
10-05 06:38:38.958  9951  9951 D StrictMode: 	at com.google.firebase.components.Lazy.get(Lazy.java:53)
10-05 06:38:38.958  9951  9951 D StrictMode: 	at com.google.firebase.components.ComponentContainer.get(ComponentContainer.java:48)
10-05 06:38:38.958  9951  9951 D StrictMode: 	at com.google.firebase.components.ComponentContainer.get(ComponentContainer.java:24)
10-05 06:38:38.958  9951  9951 D StrictMode: 	at com.google.firebase.FirebaseApp.get(FirebaseApp.java:333)
10-05 06:38:38.958  9951  9951 D StrictMode: 	at com.google.firebase.database.FirebaseDatabase.getInstance(FirebaseDatabase.java:115)
10-05 06:38:38.958  9951  9951 D StrictMode: 	at com.google.firebase.database.FirebaseDatabase.getInstance(FirebaseDatabase.java:75)
10-05 06:38:38.958  9951  9951 D StrictMode: 	at com.follgramer.diamantesproplayersgo.MainActivity.setupFirebase(MainActivity.kt:698)
10-05 06:38:38.958  9951  9951 D StrictMode: 	at com.follgramer.diamantesproplayersgo.MainActivity.initializeCriticalSystems(MainActivity.kt:215)
10-05 06:38:38.958  9951  9951 D StrictMode: 	at com.follgramer.diamantesproplayersgo.MainActivity.onCreate(MainActivity.kt:166)
10-05 06:38:38.958  9951  9951 D StrictMode: 	at android.app.Activity.performCreate(Activity.java:9155)
10-05 06:38:38.958  9951  9951 D StrictMode: 	at android.app.Activity.performCreate(Activity.java:9133)
10-05 06:38:38.958  9951  9951 D StrictMode: 	at android.app.Instrumentation.callActivityOnCreate(Instrumentation.java:1521)
10-05 06:38:38.958  9951  9951 D StrictMode: 	at android.app.ActivityThread.performLaunchActivity(ActivityThread.java:4262)
10-05 06:38:38.958  9951  9951 D StrictMode: 	at android.app.ActivityThread.handleLaunchActivity(ActivityThread.java:4467)
10-05 06:38:38.958  9951  9951 D StrictMode: 	at android.app.servertransaction.LaunchActivityItem.execute(LaunchActivityItem.java:222)
10-05 06:38:38.958  9951  9951 D StrictMode: 	at android.app.servertransaction.TransactionExecutor.executeNonLifecycleItem(TransactionExecutor.java:133)
10-05 06:38:38.958  9951  9951 D StrictMode: 	at android.app.servertransaction.TransactionExecutor.executeTransactionItems(TransactionExecutor.java:103)
10-05 06:38:38.958  9951  9951 D StrictMode: 	at android.app.servertransaction.TransactionExecutor.execute(TransactionExecutor.java:80)
10-05 06:38:38.958  9951  9951 D StrictMode: 	at android.app.ActivityThread$H.handleMessage(ActivityThread.java:2823)
10-05 06:38:38.958  9951  9951 D StrictMode: 	at android.os.Handler.dispatchMessage(Handler.java:110)
10-05 06:38:38.958  9951  9951 D StrictMode: 	at android.os.Looper.loopOnce(Looper.java:248)
10-05 06:38:38.958  9951  9951 D StrictMode: 	at android.os.Looper.loop(Looper.java:338)
10-05 06:38:38.958  9951  9951 D StrictMode: 	at android.app.ActivityThread.main(ActivityThread.java:9067)
10-05 06:38:38.958  9951  9951 D StrictMode: 	at java.lang.reflect.Method.invoke(Native Method)
10-05 06:38:38.958  9951  9951 D StrictMode: 	at com.android.internal.os.RuntimeInit$MethodAndArgsCaller.run(RuntimeInit.java:593)
10-05 06:38:38.958  9951  9951 D StrictMode: 	at com.android.internal.os.ZygoteInit.main(ZygoteInit.java:932)
10-05 06:38:38.959  9951  9951 D StrictMode: StrictMode policy violation; ~duration=408 ms: android.os.strictmode.DiskReadViolation
10-05 06:38:38.959  9951  9951 D StrictMode: 	at android.os.StrictMode$AndroidBlockGuardPolicy.onReadFromDisk(StrictMode.java:1728)
10-05 06:38:38.959  9951  9951 D StrictMode: 	at libcore.io.BlockGuardOs.lseek(BlockGuardOs.java:242)
10-05 06:38:38.959  9951  9951 D StrictMode: 	at libcore.io.ForwardingOs.lseek(ForwardingOs.java:469)
10-05 06:38:38.959  9951  9951 D StrictMode: 	at java.io.RandomAccessFile.seek(RandomAccessFile.java:635)
10-05 06:38:38.959  9951  9951 D StrictMode: 	at java.util.zip.ZipFile$Source.readFullyAt(ZipFile.java:1507)
10-05 06:38:38.959  9951  9951 D StrictMode: 	at java.util.zip.ZipFile$Source.<init>(ZipFile.java:1463)
10-05 06:38:38.959  9951  9951 D StrictMode: 	at java.util.zip.ZipFile$Source.get(ZipFile.java:1414)
10-05 06:38:38.959  9951  9951 D StrictMode: 	at java.util.zip.ZipFile$CleanableResource.<init>(ZipFile.java:783)
10-05 06:38:38.959  9951  9951 D StrictMode: 	at java.util.zip.ZipFile.<init>(ZipFile.java:285)
10-05 06:38:38.959  9951  9951 D StrictMode: 	at java.util.zip.ZipFile.<init>(ZipFile.java:247)
10-05 06:38:38.959  9951  9951 D StrictMode: 	at java.util.jar.JarFile.<init>(JarFile.java:183)
10-05 06:38:38.959  9951  9951 D StrictMode: 	at java.util.jar.JarFile.<init>(JarFile.java:176)
10-05 06:38:38.959  9951  9951 D StrictMode: 	at libcore.io.ClassPathURLStreamHandler.<init>(ClassPathURLStreamHandler.java:52)
10-05 06:38:38.959  9951  9951 D StrictMode: 	at dalvik.system.DexPathList$Element.maybeInit(DexPathList.java:752)
10-05 06:38:38.959  9951  9951 D StrictMode: 	at dalvik.system.DexPathList$Element.findResource(DexPathList.java:780)
10-05 06:38:38.959  9951  9951 D StrictMode: 	at dalvik.system.DexPathList.findResource(DexPathList.java:554)
10-05 06:38:38.959  9951  9951 D StrictMode: 	at dalvik.system.BaseDexClassLoader.findResource(BaseDexClassLoader.java:313)
10-05 06:38:38.959  9951  9951 D StrictMode: 	at java.lang.ClassLoader.getResource(ClassLoader.java:1390)
10-05 06:38:38.959  9951  9951 D StrictMode: 	at java.lang.ClassLoader.getResourceAsStream(ClassLoader.java:1704)
10-05 06:38:38.959  9951  9951 D StrictMode: 	at java.lang.Class.getResourceAsStream(Class.java:3118)
10-05 06:38:38.959  9951  9951 D StrictMode: 	at com.google.android.gms.common.internal.LibraryVersion.getVersion(com.google.android.gms:play-services-basement@@18.3.0:6)
10-05 06:38:38.959  9951  9951 D StrictMode: 	at com.google.android.gms.internal.firebase-auth-api.zzact.zza(com.google.firebase:firebase-auth@@23.0.0:17)
10-05 06:38:38.959  9951  9951 D StrictMode: 	at com.google.android.gms.internal.firebase-auth-api.zzaci.<init>(com.google.firebase:firebase-auth@@23.0.0:6)
10-05 06:38:38.959  9951  9951 D StrictMode: 	at com.google.android.gms.internal.firebase-auth-api.zzaak.<init>(com.google.firebase:firebase-auth@@23.0.0:292)
10-05 06:38:38.959  9951  9951 D StrictMode: 	at com.google.firebase.auth.FirebaseAuth.<init>(com.google.firebase:firebase-auth@@23.0.0:318)
10-05 06:38:38.959  9951  9951 D StrictMode: 	at com.google.firebase.auth.internal.zzaa.<init>(com.google.firebase:firebase-auth@@23.0.0:1)
10-05 06:38:38.959  9951  9951 D StrictMode: 	at com.google.firebase.auth.FirebaseAuthRegistrar.lambda$getComponents$0(com.google.firebase:firebase-auth@@23.0.0:11)
10-05 06:38:38.959  9951  9951 D StrictMode: 	at com.google.firebase.auth.zzag.create(Unknown Source:11)
10-05 06:38:38.959  9951  9951 D StrictMode: 	at com.google.firebase.components.ComponentRuntime.lambda$discoverComponents$0$com-google-firebase-components-ComponentRuntime(ComponentRuntime.java:160)
10-05 06:38:38.959  9951  9951 D StrictMode: 	at com.google.firebase.components.ComponentRuntime$$ExternalSyntheticLambda2.get(D8$$SyntheticClass:0)
10-05 06:38:38.959  9951  9951 D StrictMode: 	at com.google.firebase.components.Lazy.get(Lazy.java:53)
10-05 06:38:38.959  9951  9951 D StrictMode: 	at com.google.firebase.database.android.AndroidAuthTokenProvider.lambda$new$0$com-google-firebase-database-android-AndroidAuthTokenProvider(AndroidAuthTokenProvider.java:37)
10-05 06:38:38.959  9951  9951 D StrictMode: 	at com.google.firebase.database.android.AndroidAuthTokenProvider$$ExternalSyntheticLambda1.handle(D8$$SyntheticClass:0)
10-05 06:38:38.959  9951  9951 D StrictMode: 	at com.google.firebase.components.OptionalProvider.whenAvailable(OptionalProvider.java:77)
10-05 06:38:38.959  9951  9951 D StrictMode: 	at com.google.firebase.database.android.AndroidAuthTokenProvider.<init>(AndroidAuthTokenProvider.java:37)
10-05 06:38:38.959  9951  9951 D StrictMode: 	at com.google.firebase.database.FirebaseDatabaseComponent.<init>(FirebaseDatabaseComponent.java:49)
10-05 06:38:38.959  9951  9951 D StrictMode: 	at com.google.firebase.database.DatabaseRegistrar.lambda$getComponents$0(DatabaseRegistrar.java:48)
10-05 06:38:38.959  9951  9951 D StrictMode: 	at com.google.firebase.database.DatabaseRegistrar$$ExternalSyntheticLambda0.create(D8$$SyntheticClass:0)
10-05 06:38:38.959  9951  9951 D StrictMode: 	at com.google.firebase.tracing.ComponentMonitor.lambda$processRegistrar$0(ComponentMonitor.java:38)
10-05 06:38:38.959  9951  9951 D StrictMode: 	at com.google.firebase.tracing.ComponentMonitor$$ExternalSyntheticLambda0.create(D8$$SyntheticClass:0)
10-05 06:38:38.959  9951  9951 D StrictMode: 	at com.google.firebase.components.ComponentRuntime.lambda$discoverComponents$0$com-google-firebase-components-ComponentRuntime(ComponentRuntime.java:160)
10-05 06:38:38.959  9951  9951 D StrictMode: 	at com.google.firebase.components.ComponentRuntime$$ExternalSyntheticLambda2.get(D8$$SyntheticClass:0)
10-05 06:38:38.959  9951  9951 D StrictMode: 	at com.google.firebase.components.Lazy.get(Lazy.java:53)
10-05 06:38:38.959  9951  9951 D StrictMode: 	at com.google.firebase.components.ComponentContainer.get(ComponentContainer.java:48)
10-05 06:38:38.959  9951  9951 D StrictMode: 	at com.google.firebase.components.ComponentContainer.get(ComponentContainer.java:24)
10-05 06:38:38.959  9951  9951 D StrictMode: 	at com.google.firebase.FirebaseApp.get(FirebaseApp.java:333)
10-05 06:38:38.959  9951  9951 D StrictMode: 	at com.google.firebase.database.FirebaseDatabase.getInstance(FirebaseDatabase.java:115)
10-05 06:38:38.959  9951  9951 D StrictMode: 	at com.google.firebase.database.FirebaseDatabase.getInstance(FirebaseDatabase.java:75)
10-05 06:38:38.959  9951  9951 D StrictMode: 	at com.follgramer.diamantesproplayersgo.MainActivity.setupFirebase(MainActivity.kt:698)
10-05 06:38:38.959  9951  9951 D StrictMode: 	at com.follgramer.diamantesproplayersgo.MainActivity.initializeCriticalSystems(MainActivity.kt:215)
10-05 06:38:38.959  9951  9951 D StrictMode: 	at com.follgramer.diamantesproplayersgo.MainActivity.onCreate(MainActivity.kt:166)
10-05 06:38:38.959  9951  9951 D StrictMode: 	at android.app.Activity.performCreate(Activity.java:9155)
10-05 06:38:38.959  9951  9951 D StrictMode: 	at android.app.Activity.performCreate(Activity.java:9133)
10-05 06:38:38.959  9951  9951 D StrictMode: 	at android.app.Instrumentation.callActivityOnCreate(Instrumentation.java:1521)
10-05 06:38:38.959  9951  9951 D StrictMode: 	at android.app.ActivityThread.performLaunchActivity(ActivityThread.java:4262)
10-05 06:38:38.959  9951  9951 D StrictMode: 	at android.app.ActivityThread.handleLaunchActivity(ActivityThread.java:4467)
10-05 06:38:38.959  9951  9951 D StrictMode: 	at android.app.servertransaction.LaunchActivityItem.execute(LaunchActivityItem.java:222)
10-05 06:38:38.959  9951  9951 D StrictMode: 	at android.app.servertransaction.TransactionExecutor.executeNonLifecycleItem(TransactionExecutor.java:133)
10-05 06:38:38.959  9951  9951 D StrictMode: 	at android.app.servertransaction.TransactionExecutor.executeTransactionItems(TransactionExecutor.java:103)
10-05 06:38:38.959  9951  9951 D StrictMode: 	at android.app.servertransaction.TransactionExecutor.execute(TransactionExecutor.java:80)
10-05 06:38:38.959  9951  9951 D StrictMode: 	at android.app.ActivityThread$H.handleMessage(ActivityThread.java:2823)
10-05 06:38:38.959  9951  9951 D StrictMode: 	at android.os.Handler.dispatchMessage(Handler.java:110)
10-05 06:38:38.959  9951  9951 D StrictMode: 	at android.os.Looper.loopOnce(Looper.java:248)
10-05 06:38:38.959  9951  9951 D StrictMode: 	at android.os.Looper.loop(Looper.java:338)
10-05 06:38:38.959  9951  9951 D StrictMode: 	at android.app.ActivityThread.main(ActivityThread.java:9067)
10-05 06:38:38.959  9951  9951 D StrictMode: 	at java.lang.reflect.Method.invoke(Native Method)
10-05 06:38:38.959  9951  9951 D StrictMode: 	at com.android.internal.os.RuntimeInit$MethodAndArgsCaller.run(RuntimeInit.java:593)
10-05 06:38:38.959  9951  9951 D StrictMode: 	at com.android.internal.os.ZygoteInit.main(ZygoteInit.java:932)
10-05 06:38:38.959  9951  9951 I Choreographer: Skipped 57 frames!  The application may be doing too much work on its main thread.
10-05 06:38:38.963   704   722 D CoreBackPreview: Window{bb4f359 u0 com.follgramer.diamantesproplayersgo/com.follgramer.diamantesproplayersgo.MainActivity}: Setting back callback OnBackInvokedCallbackInfo{mCallback=android.window.IOnBackInvokedCallback$Stub$Proxy@a329b2a, mPriority=-1, mIsAnimationCallback=false, mOverrideBehavior=0}
10-05 06:38:39.084   704   728 I ActivityTaskManager: Displayed com.follgramer.diamantesproplayersgo/.MainActivity for user 0: +1s144ms
10-05 06:38:39.089  9951  9951 D VRI[SplashActivity]: visibilityChanged oldVisibility=true newVisibility=false
10-05 06:38:39.092  9951  9951 D MainActivity: Configurando basic UI...
10-05 06:38:39.092  9951  9983 W DiamantesApp: Error obteniendo token: Error returned from API. code: 403 body: App attestation failed.
10-05 06:38:39.101  9951  9965 I HWUI    : Davey! duration=1084ms; Flags=1, FrameTimelineVsyncId=729495, IntendedVsync=4952250083312, Vsync=4953200083274, InputEventId=0, HandleInputStart=4953212918400, AnimationStart=4953212999300, PerformTraversalsStart=4953214219200, DrawStart=4953298581200, FrameDeadline=4952266749978, FrameStartTime=4953212483600, FrameInterval=16666666, WorkloadTarget=16666666, SyncQueued=4953304626600, SyncStart=4953305324500, IssueDrawCommandsStart=4953305443800, SwapBuffers=4953332134400, FrameCompleted=4953335520600, DequeueBufferDuration=21600, QueueBufferDuration=770700, GpuCompleted=4953335520600, SwapBuffersCompleted=4953333372600, DisplayPresentTime=72057594021150720, CommandSubmissionCompleted=4953332134400, 
10-05 06:38:39.115  9951  9951 W HWUI    : Image decoding logging dropped!
10-05 06:38:39.116  9951  9951 D NAV_COLORS: ✅ NavigationView colors configured
10-05 06:38:39.121   704   722 D CoreBackPreview: Window{bb4f359 u0 com.follgramer.diamantesproplayersgo/com.follgramer.diamantesproplayersgo.MainActivity}: Setting back callback OnBackInvokedCallbackInfo{mCallback=android.window.IOnBackInvokedCallback$Stub$Proxy@980ecd0, mPriority=0, mIsAnimationCallback=true, mOverrideBehavior=0}
10-05 06:38:39.122  9951  9951 D SessionManager: Giros obtenidos: 10
10-05 06:38:39.123  9951  9951 D SessionManager: Player ID obtenido: No configurado
10-05 06:38:39.123  9951  9951 D SessionManager: Giros obtenidos: 10
10-05 06:38:39.124  9951  9951 D MainActivity: Basic UI configurado correctamente
10-05 06:38:39.125  9951  9951 D MainActivity: onCreate completado exitosamente
10-05 06:38:39.152  9951  9955 I tesproplayersgo: Compiler allocated 5042KB to compile void android.view.ViewRootImpl.performTraversals()
10-05 06:38:39.160  1421  1421 I GoogleInputMethodService: GoogleInputMethodService.onFinishInput():2043 
10-05 06:38:39.161   704   722 I ImeTracker: system_server:d158bdd8: onRequestHide at ORIGIN_SERVER reason IME_REQUESTED_CHANGED_LISTENER fromUser false
10-05 06:38:39.161  1421  1421 I Module  : DeviceLockedStatusModuleProvider$Module.updateDeviceLockedStatus():100 repeatCheckTimes = 0, locked = false
10-05 06:38:39.162  1421  1421 I GoogleInputMethodService: GoogleInputMethodService.onStartInput():1293 onStartInput(EditorInfo{EditorInfo{packageName=com.follgramer.diamantesproplayersgo, inputType=0, inputTypeString=NULL, enableLearning=false, autoCorrection=false, autoComplete=false, imeOptions=0, privateImeOptions=null, actionName=UNSPECIFIED, actionLabel=null, initialSelStart=-1, initialSelEnd=-1, initialCapsMode=0, label=null, fieldId=0, fieldName=null, extras=null, hintText=null, hintLocales=[]}}, false)
10-05 06:38:39.162  1421  1421 I EmojiCompatManager: EmojiCompatManager.getEmojiCompatIfLoaded():343 EmojiCompat.init() was never called.
10-05 06:38:39.162  1421  1421 I EmojiCompatManager: java.lang.IllegalStateException: EmojiCompat is not initialized. Please call EmojiCompat.init() first
10-05 06:38:39.162  1421  1421 I EmojiCompatManager: 	at asx.p(PG:6)
10-05 06:38:39.162  1421  1421 I EmojiCompatManager: 	at axb.b(PG:13)
10-05 06:38:39.162  1421  1421 I EmojiCompatManager: 	at jnr.b(PG:2)
10-05 06:38:39.162  1421  1421 I EmojiCompatManager: 	at jnr.c(PG:4)
10-05 06:38:39.162  1421  1421 I EmojiCompatManager: 	at jnr.f(PG:3)
10-05 06:38:39.162  1421  1421 I EmojiCompatManager: 	at jnx.c(PG:3)
10-05 06:38:39.162  1421  1421 I EmojiCompatManager: 	at kif.cz(PG:47)
10-05 06:38:39.162  1421  1421 I EmojiCompatManager: 	at lhl.run(PG:1025)
10-05 06:38:39.162  1421  1421 I EmojiCompatManager: 	at jaf.execute(PG:12)
10-05 06:38:39.162  1421  1421 I EmojiCompatManager: 	at nco.v(PG:13)
10-05 06:38:39.162  1421  1421 I EmojiCompatManager: 	at lhn.m(PG:96)
10-05 06:38:39.162  1421  1421 I EmojiCompatManager: 	at lhn.k(PG:25)
10-05 06:38:39.162  1421  1421 I EmojiCompatManager: 	at kgn.onStartInput(PG:250)
10-05 06:38:39.162  1421  1421 I EmojiCompatManager: 	at android.inputmethodservice.InputMethodService.doStartInput(InputMethodService.java:3521)
10-05 06:38:39.162  1421  1421 I EmojiCompatManager: 	at android.inputmethodservice.InputMethodService$InputMethodImpl.startInput(InputMethodService.java:879)
10-05 06:38:39.162  1421  1421 I EmojiCompatManager: 	at android.inputmethodservice.InputMethodService$InputMethodImpl.dispatchStartInput(InputMethodService.java:908)
10-05 06:38:39.162  1421  1421 I EmojiCompatManager: 	at android.inputmethodservice.IInputMethodWrapper.executeMessage(IInputMethodWrapper.java:201)
10-05 06:38:39.162  1421  1421 I EmojiCompatManager: 	at com.android.internal.os.HandlerCaller$MyHandler.handleMessage(HandlerCaller.java:44)
10-05 06:38:39.162  1421  1421 I EmojiCompatManager: 	at android.os.Handler.dispatchMessage(Handler.java:110)
10-05 06:38:39.162  1421  1421 I EmojiCompatManager: 	at android.os.Looper.loopOnce(Looper.java:248)
10-05 06:38:39.162  1421  1421 I EmojiCompatManager: 	at android.os.Looper.loop(Looper.java:338)
10-05 06:38:39.162  1421  1421 I EmojiCompatManager: 	at android.app.ActivityThread.main(ActivityThread.java:9067)
10-05 06:38:39.162  1421  1421 I EmojiCompatManager: 	at java.lang.reflect.Method.invoke(Native Method)
10-05 06:38:39.162  1421  1421 I EmojiCompatManager: 	at com.android.internal.os.RuntimeInit$MethodAndArgsCaller.run(RuntimeInit.java:593)
10-05 06:38:39.162  1421  1421 I EmojiCompatManager: 	at com.android.internal.os.ZygoteInit.main(ZygoteInit.java:932)
10-05 06:38:39.163  1421  1421 I Module  : DeviceLockedStatusModuleProvider$Module.updateDeviceLockedStatus():100 repeatCheckTimes = 1, locked = false
10-05 06:38:39.163   704   731 I ImeTracker: system_server:d158bdd8: onCancelled at PHASE_SERVER_SHOULD_HIDE
10-05 06:38:39.165   704   722 W PackageConfigPersister: App-specific configuration not found for packageName: com.follgramer.diamantesproplayersgo and userId: 0
10-05 06:38:39.187  9951  9951 W WindowOnBackDispatcher: sendCancelIfRunning: isInProgress=false callback=android.app.Activity$$ExternalSyntheticLambda0@d500299
10-05 06:38:39.187   704   722 D CoreBackPreview: Window{fb306bf u0 com.follgramer.diamantesproplayersgo/com.follgramer.diamantesproplayersgo.SplashActivity}: Setting back callback null
10-05 06:38:39.188  9951  9951 D ViewRootImpl: Skipping stats log for color mode
10-05 06:38:39.193   704   912 D BackgroundInstallControlService: Package event received: 0
10-05 06:38:39.258  1291  1291 D BoundBrokerSvc: onUnbind: Intent { act=com.google.android.gms.presencemanager.service.START dat=chimera-action:/... xflg=0x4 cmp=com.google.android.gms/.chimera.PersistentApiService }
10-05 06:38:39.259  1291  1291 D BoundBrokerSvc: onUnbind: Intent { act=com.google.android.gms.presencemanager.service.INTERNAL_IDENTITY dat=chimera-action:/... xflg=0x4 cmp=com.google.android.gms/.chimera.PersistentApiService }
10-05 06:38:39.609  9951  9983 D DiamantesApp: Usuario ya autenticado: 26xwj8EP...
10-05 06:38:39.609  9951  9983 D DiamantesApp: Iniciando pre-carga del TOP 5...
10-05 06:38:39.610  9951  9983 D DiamantesApp: Stack completo de Firebase inicializado correctamente
10-05 06:38:39.808  9951  9951 D DiamantesApp: TOP 5 pre-cargado: 5 jugadores
10-05 06:38:39.809  9951  9951 D DiamantesApp:   1. 1234567 - 1 pases
10-05 06:38:39.809  9951  9951 D DiamantesApp:   2. 123456 - 1 pases
10-05 06:38:39.809  9951  9951 D DiamantesApp:   3. 12345 - 1 pases
10-05 06:38:39.809  9951  9951 D DiamantesApp:   4. 123465 - 1 pases
10-05 06:38:39.809  9951  9951 D DiamantesApp:   5. 1213215 - 0 pases
10-05 06:38:41.095  9951 10129 D ProfileInstaller: Installing profile for com.follgramer.diamantesproplayersgo
10-05 06:38:41.133  9951  9983 D ADVERTISING_ID: Advertising ID inicializado: 9a17a108...
10-05 06:38:41.133  9951  9983 D ADVERTISING_ID: Limit Ad Tracking: false
10-05 06:38:41.133  9951  9951 D MainActivity: AdMob confirmado listo
10-05 06:38:41.134  9951  9983 D SessionManager: Player ID obtenido: No configurado
10-05 06:38:41.136  9951  9951 D AdManager: AdManager inicializado
10-05 06:38:41.603  1092  1296 D SatelliteController: iisInCarrierRoamingNbIotNtn: satellite is disabled
10-05 06:38:41.975   704   863 D InetDiagMessage: Destroyed 0 sockets, proto=IPPROTO_TCP, family=AF_INET, states=14
10-05 06:38:41.975   704   863 D InetDiagMessage: Destroyed 0 sockets, proto=IPPROTO_TCP, family=AF_INET6, states=14
10-05 06:38:41.975   704   863 D InetDiagMessage: Destroyed live tcp sockets for uids={10167} in 1ms
10-05 06:38:41.975   704   863 D InetDiagMessage: Destroyed 0 sockets, proto=IPPROTO_TCP, family=AF_INET, states=14
10-05 06:38:41.975   704   863 D InetDiagMessage: Destroyed 0 sockets, proto=IPPROTO_TCP, family=AF_INET6, states=14
10-05 06:38:41.975   704   863 D InetDiagMessage: Destroyed live tcp sockets for uids={20167} in 0ms
10-05 06:38:42.139  9951  9951 D AdIds   : Interstitial: ca-app-pub-3940256099942544/1033173712 (TEST)
10-05 06:38:42.139  9951  9951 D AdManager: Cargando interstitial: ca-app-pub-3940256099942544/1033173712
10-05 06:38:42.140  9951  9951 D AdIds   : Rewarded: ca-app-pub-3940256099942544/5224354917 (TEST)
10-05 06:38:42.140  9951  9951 D AdManager: Cargando rewarded: ca-app-pub-3940256099942544/5224354917
10-05 06:38:42.159  9951 10131 D GASS    : Clearcut logging disabled
10-05 06:38:42.162  9951 10130 I Ads     : This request is sent from a test device.
10-05 06:38:42.180   704   912 D BackgroundInstallControlService: Package event received: 0
10-05 06:38:42.182  9951 10007 D zzawx   : File /data/user/0/com.follgramer.diamantesproplayersgo/cache/1743000482668.dex not found. No need for deletion
10-05 06:38:42.192   704  1929 D ConnectivityService: requestNetwork for uid/pid:10219/9951 activeRequest: null callbackRequest: 322 [NetworkRequest [ REQUEST id=323, [ Capabilities: INTERNET&NOT_RESTRICTED&TRUSTED&NOT_VCN_MANAGED&NOT_BANDWIDTH_CONSTRAINED Uid: 10219 RequestorUid: 10219 RequestorPkg: com.follgramer.diamantesproplayersgo UnderlyingNetworks: Null] ]] callback flags: 0 order: 2147483647 isUidTracked: false declaredMethods: AVAIL|LOST|NC
10-05 06:38:42.195   704   863 D ConnectivityService: NetReassign [323 : null → 100] [c 2] [a 0] [i 0]
10-05 06:38:42.195   704   857 D WifiNetworkFactory: got request NetworkRequest [ REQUEST id=323, [ Capabilities: INTERNET&NOT_RESTRICTED&TRUSTED&NOT_VCN_MANAGED&NOT_BANDWIDTH_CONSTRAINED Uid: 10219 RequestorUid: 10219 RequestorPkg: com.follgramer.diamantesproplayersgo UnderlyingNetworks: Null] ]
10-05 06:38:42.195   704   857 D UntrustedWifiNetworkFactory: got request NetworkRequest [ REQUEST id=323, [ Capabilities: INTERNET&NOT_RESTRICTED&TRUSTED&NOT_VCN_MANAGED&NOT_BANDWIDTH_CONSTRAINED Uid: 10219 RequestorUid: 10219 RequestorPkg: com.follgramer.diamantesproplayersgo UnderlyingNetworks: Null] ]
10-05 06:38:42.195   704   857 D OemPaidWifiNetworkFactory: got request NetworkRequest [ REQUEST id=323, [ Capabilities: INTERNET&NOT_RESTRICTED&TRUSTED&NOT_VCN_MANAGED&NOT_BANDWIDTH_CONSTRAINED Uid: 10219 RequestorUid: 10219 RequestorPkg: com.follgramer.diamantesproplayersgo UnderlyingNetworks: Null] ]
10-05 06:38:42.196   704   857 D MultiInternetWifiNetworkFactory: got request NetworkRequest [ REQUEST id=323, [ Capabilities: INTERNET&NOT_RESTRICTED&TRUSTED&NOT_VCN_MANAGED&NOT_BANDWIDTH_CONSTRAINED Uid: 10219 RequestorUid: 10219 RequestorPkg: com.follgramer.diamantesproplayersgo UnderlyingNetworks: Null] ]
10-05 06:38:42.202  5673  6083 W SQLiteLog: (28) double-quoted string literal: "1759473522201"
10-05 06:38:42.202  5673  6083 W SQLiteLog: (28) double-quoted string literal: "1"
10-05 06:38:42.204  5673  5862 W SQLiteLog: (28) double-quoted string literal: "1759473522203"
10-05 06:38:42.204  5673  5862 W SQLiteLog: (28) double-quoted string literal: "1"
10-05 06:38:42.205  9951 10158 D GASS    : Clearcut logging disabled
10-05 06:38:42.205   704  1929 D ConnectivityService: requestNetwork for uid/pid:10219/9951 activeRequest: null callbackRequest: 324 [NetworkRequest [ REQUEST id=325, [ Capabilities: INTERNET&NOT_RESTRICTED&TRUSTED&NOT_VCN_MANAGED&NOT_BANDWIDTH_CONSTRAINED Uid: 10219 RequestorUid: 10219 RequestorPkg: com.follgramer.diamantesproplayersgo UnderlyingNetworks: Null] ]] callback flags: 0 order: 2147483647 isUidTracked: false declaredMethods: AVAIL|LOST|NC
10-05 06:38:42.205   704   863 D ConnectivityService: NetReassign [325 : null → 100] [c 0] [a 0] [i 0]
10-05 06:38:42.206   704   857 D WifiNetworkFactory: got request NetworkRequest [ REQUEST id=325, [ Capabilities: INTERNET&NOT_RESTRICTED&TRUSTED&NOT_VCN_MANAGED&NOT_BANDWIDTH_CONSTRAINED Uid: 10219 RequestorUid: 10219 RequestorPkg: com.follgramer.diamantesproplayersgo UnderlyingNetworks: Null] ]
10-05 06:38:42.206   704   857 D UntrustedWifiNetworkFactory: got request NetworkRequest [ REQUEST id=325, [ Capabilities: INTERNET&NOT_RESTRICTED&TRUSTED&NOT_VCN_MANAGED&NOT_BANDWIDTH_CONSTRAINED Uid: 10219 RequestorUid: 10219 RequestorPkg: com.follgramer.diamantesproplayersgo UnderlyingNetworks: Null] ]
10-05 06:38:42.206   704   857 D OemPaidWifiNetworkFactory: got request NetworkRequest [ REQUEST id=325, [ Capabilities: INTERNET&NOT_RESTRICTED&TRUSTED&NOT_VCN_MANAGED&NOT_BANDWIDTH_CONSTRAINED Uid: 10219 RequestorUid: 10219 RequestorPkg: com.follgramer.diamantesproplayersgo UnderlyingNetworks: Null] ]
10-05 06:38:42.206   704   857 D MultiInternetWifiNetworkFactory: got request NetworkRequest [ REQUEST id=325, [ Capabilities: INTERNET&NOT_RESTRICTED&TRUSTED&NOT_VCN_MANAGED&NOT_BANDWIDTH_CONSTRAINED Uid: 10219 RequestorUid: 10219 RequestorPkg: com.follgramer.diamantesproplayersgo UnderlyingNetworks: Null] ]
10-05 06:38:42.221  5673  5862 W SQLiteLog: (28) double-quoted string literal: "1759473522221"
10-05 06:38:42.221  5673  5862 W SQLiteLog: (28) double-quoted string literal: "1"
10-05 06:38:42.225   704  1929 D FileUtils: Rounded bytes from 2067259392 to 4000000000
10-05 06:38:42.329  9951  9974 E tesproplayersgo: No package ID 6a found for resource ID 0x6a0b000f.
10-05 06:38:42.331   704  1990 I AppsFilter: interaction: PackageSetting{9af92af com.follgramer.diamantesproplayersgo/10219} -> PackageSetting{710e395 com.google.android.apps.maps/10160} BLOCKED
10-05 06:38:42.351   704   912 D BackgroundInstallControlService: Package event received: 0
10-05 06:38:42.356  5673  5673 D BoundBrokerSvc: onBind: Intent { act=com.google.android.gms.ads.service.CACHE xflg=0x4 pkg=com.google.android.gms }
10-05 06:38:42.356  5673  5673 D BoundBrokerSvc: Loading bound service for intent: Intent { act=com.google.android.gms.ads.service.CACHE xflg=0x4 pkg=com.google.android.gms }
10-05 06:38:42.369  9951 10130 I Ads     : This request is sent from a test device.
10-05 06:38:42.373  9951 10167 W ConnectionStatusConfig: Dynamic lookup for intent failed for action: com.google.android.gms.ads.service.START
10-05 06:38:42.374   704   912 D BackgroundInstallControlService: Package event received: 0
10-05 06:38:42.375   704  1929 D FileUtils: Rounded bytes from 2067259392 to 4000000000
10-05 06:38:42.375  5673  5673 D BoundBrokerSvc: onBind: Intent { act=com.google.android.gms.ads.service.START xflg=0x4 pkg=com.google.android.gms }
10-05 06:38:42.375  5673  5673 D BoundBrokerSvc: Loading bound service for intent: Intent { act=com.google.android.gms.ads.service.START xflg=0x4 pkg=com.google.android.gms }
10-05 06:38:42.398  9951 10009 W Ads     : Not retrying to fetch app settings
10-05 06:38:42.403  5673  9870 W SQLiteLog: (28) double-quoted string literal: "1759473522403"
10-05 06:38:42.403  5673  9870 W SQLiteLog: (28) double-quoted string literal: "1"
10-05 06:38:42.411  5673  9868 W SQLiteLog: (28) double-quoted string literal: "1759473522411"
10-05 06:38:42.411  5673  9868 W SQLiteLog: (28) double-quoted string literal: "1"
10-05 06:38:42.416  5673  9870 I Ads     : SDK version: afma-sdk-a-v252530000.252530000.0
10-05 06:38:42.418  5673  9870 I Ads     : HTTP timeout: 60000 milliseconds.
10-05 06:38:42.420  5673 10170 I Ads     : SDK version: afma-sdk-a-v252530000.252530000.0
10-05 06:38:42.420  5673 10170 I Ads     : HTTP timeout: 60000 milliseconds.
10-05 06:38:43.031  5673  5679 W System  : A resource failed to call close. 
10-05 06:38:43.073  9951  9951 I Ads     : Created omid javascript session service.
10-05 06:38:43.182  9951  9951 D MainActivity: Finalizando inicialización de UI...
10-05 06:38:43.205  9951  9951 D TOP5_FIREBASE: 📜 Displaying TOP 5 from cache (5 players)
10-05 06:38:43.208  9951  9951 D LeaderboardAdapter: Datos actualizados: 5 items, total con anuncios: 6
10-05 06:38:43.225  9951  9951 D MainActivity: 📲 Intent received: Bundle[{consent_completed=true, admob_initialized=true}]
10-05 06:38:43.225  9951  9951 D MainActivity: Intent with no known action
10-05 06:38:43.225  9951  9951 D MainActivity: UI inicializada completamente
10-05 06:38:43.235  9951  9951 D StrictMode: StrictMode policy violation; ~duration=14 ms: android.os.strictmode.DiskReadViolation
10-05 06:38:43.235  9951  9951 D StrictMode: 	at android.os.StrictMode$AndroidBlockGuardPolicy.onReadFromDisk(StrictMode.java:1728)
10-05 06:38:43.235  9951  9951 D StrictMode: 	at libcore.io.BlockGuardOs.access(BlockGuardOs.java:74)
10-05 06:38:43.235  9951  9951 D StrictMode: 	at libcore.io.ForwardingOs.access(ForwardingOs.java:128)
10-05 06:38:43.235  9951  9951 D StrictMode: 	at android.app.ActivityThread$AndroidOs.access(ActivityThread.java:8944)
10-05 06:38:43.235  9951  9951 D StrictMode: 	at java.io.UnixFileSystem.checkAccess(UnixFileSystem.java:332)
10-05 06:38:43.235  9951  9951 D StrictMode: 	at java.io.File.exists(File.java:829)
10-05 06:38:43.235  9951  9951 D StrictMode: 	at android.app.ContextImpl.getDataDir(ContextImpl.java:3347)
10-05 06:38:43.235  9951  9951 D StrictMode: 	at android.app.ContextImpl.getPreferencesDir(ContextImpl.java:763)
10-05 06:38:43.235  9951  9951 D StrictMode: 	at android.app.ContextImpl.getSharedPreferencesPath(ContextImpl.java:990)
10-05 06:38:43.235  9951  9951 D StrictMode: 	at android.app.ContextImpl.getSharedPreferences(ContextImpl.java:605)
10-05 06:38:43.235  9951  9951 D StrictMode: 	at android.content.ContextWrapper.getSharedPreferences(ContextWrapper.java:223)
10-05 06:38:43.235  9951  9951 D StrictMode: 	at android.content.ContextWrapper.getSharedPreferences(ContextWrapper.java:223)
10-05 06:38:43.235  9951  9951 D StrictMode: 	at com.follgramer.diamantesproplayersgo.ui.Onboarding.shouldShow(Onboarding.kt:17)
10-05 06:38:43.235  9951  9951 D StrictMode: 	at com.follgramer.diamantesproplayersgo.ui.Onboarding.showIfNeeded(Onboarding.kt:22)
10-05 06:38:43.235  9951  9951 D StrictMode: 	at com.follgramer.diamantesproplayersgo.MainActivity.finalizeUIInitialization(MainActivity.kt:515)
10-05 06:38:43.235  9951  9951 D StrictMode: 	at com.follgramer.diamantesproplayersgo.MainActivity.access$finalizeUIInitialization(MainActivity.kt:94)
10-05 06:38:43.235  9951  9951 D StrictMode: 	at com.follgramer.diamantesproplayersgo.MainActivity$scheduleBackgroundInitialization$1$2.invokeSuspend(MainActivity.kt:441)
10-05 06:38:43.235  9951  9951 D StrictMode: 	at kotlin.coroutines.jvm.internal.BaseContinuationImpl.resumeWith(ContinuationImpl.kt:33)
10-05 06:38:43.235  9951  9951 D StrictMode: 	at kotlinx.coroutines.DispatchedTaskKt.resume(DispatchedTask.kt:235)
10-05 06:38:43.235  9951  9951 D StrictMode: 	at kotlinx.coroutines.DispatchedTaskKt.dispatch(DispatchedTask.kt:168)
10-05 06:38:43.235  9951  9951 D StrictMode: 	at kotlinx.coroutines.CancellableContinuationImpl.dispatchResume(CancellableContinuationImpl.kt:474)
10-05 06:38:43.235  9951  9951 D StrictMode: 	at kotlinx.coroutines.CancellableContinuationImpl.resumeImpl(CancellableContinuationImpl.kt:508)
10-05 06:38:43.235  9951  9951 D StrictMode: 	at kotlinx.coroutines.CancellableContinuationImpl.resumeImpl$default(CancellableContinuationImpl.kt:497)
10-05 06:38:43.235  9951  9951 D StrictMode: 	at kotlinx.coroutines.CancellableContinuationImpl.resumeUndispatched(CancellableContinuationImpl.kt:595)
10-05 06:38:43.235  9951  9951 D StrictMode: 	at kotlinx.coroutines.android.HandlerContext$scheduleResumeAfterDelay$$inlined$Runnable$1.run(Runnable.kt:19)
10-05 06:38:43.235  9951  9951 D StrictMode: 	at android.os.Handler.handleCallback(Handler.java:995)
10-05 06:38:43.235  9951  9951 D StrictMode: 	at android.os.Handler.dispatchMessage(Handler.java:103)
10-05 06:38:43.235  9951  9951 D StrictMode: 	at android.os.Looper.loopOnce(Looper.java:248)
10-05 06:38:43.235  9951  9951 D StrictMode: 	at android.os.Looper.loop(Looper.java:338)
10-05 06:38:43.235  9951  9951 D StrictMode: 	at android.app.ActivityThread.main(ActivityThread.java:9067)
10-05 06:38:43.235  9951  9951 D StrictMode: 	at java.lang.reflect.Method.invoke(Native Method)
10-05 06:38:43.235  9951  9951 D StrictMode: 	at com.android.internal.os.RuntimeInit$MethodAndArgsCaller.run(RuntimeInit.java:593)
10-05 06:38:43.235  9951  9951 D StrictMode: 	at com.android.internal.os.ZygoteInit.main(ZygoteInit.java:932)
10-05 06:38:43.235  9951  9951 D StrictMode: StrictMode policy violation; ~duration=14 ms: android.os.strictmode.DiskReadViolation
10-05 06:38:43.235  9951  9951 D StrictMode: 	at android.os.StrictMode$AndroidBlockGuardPolicy.onReadFromDisk(StrictMode.java:1728)
10-05 06:38:43.235  9951  9951 D StrictMode: 	at libcore.io.BlockGuardOs.access(BlockGuardOs.java:74)
10-05 06:38:43.235  9951  9951 D StrictMode: 	at libcore.io.ForwardingOs.access(ForwardingOs.java:128)
10-05 06:38:43.235  9951  9951 D StrictMode: 	at android.app.ActivityThread$AndroidOs.access(ActivityThread.java:8944)
10-05 06:38:43.235  9951  9951 D StrictMode: 	at java.io.UnixFileSystem.checkAccess(UnixFileSystem.java:332)
10-05 06:38:43.235  9951  9951 D StrictMode: 	at java.io.File.exists(File.java:829)
10-05 06:38:43.235  9951  9951 D StrictMode: 	at android.app.ContextImpl.ensurePrivateDirExists(ContextImpl.java:818)
10-05 06:38:43.235  9951  9951 D StrictMode: 	at android.app.ContextImpl.ensurePrivateDirExists(ContextImpl.java:809)
10-05 06:38:43.235  9951  9951 D StrictMode: 	at android.app.ContextImpl.getPreferencesDir(ContextImpl.java:765)
10-05 06:38:43.235  9951  9951 D StrictMode: 	at android.app.ContextImpl.getSharedPreferencesPath(ContextImpl.java:990)
10-05 06:38:43.235  9951  9951 D StrictMode: 	at android.app.ContextImpl.getSharedPreferences(ContextImpl.java:605)
10-05 06:38:43.235  9951  9951 D StrictMode: 	at android.content.ContextWrapper.getSharedPreferences(ContextWrapper.java:223)
10-05 06:38:43.235  9951  9951 D StrictMode: 	at android.content.ContextWrapper.getSharedPreferences(ContextWrapper.java:223)
10-05 06:38:43.235  9951  9951 D StrictMode: 	at com.follgramer.diamantesproplayersgo.ui.Onboarding.shouldShow(Onboarding.kt:17)
10-05 06:38:43.235  9951  9951 D StrictMode: 	at com.follgramer.diamantesproplayersgo.ui.Onboarding.showIfNeeded(Onboarding.kt:22)
10-05 06:38:43.235  9951  9951 D StrictMode: 	at com.follgramer.diamantesproplayersgo.MainActivity.finalizeUIInitialization(MainActivity.kt:515)
10-05 06:38:43.235  9951  9951 D StrictMode: 	at com.follgramer.diamantesproplayersgo.MainActivity.access$finalizeUIInitialization(MainActivity.kt:94)
10-05 06:38:43.235  9951  9951 D StrictMode: 	at com.follgramer.diamantesproplayersgo.MainActivity$scheduleBackgroundInitialization$1$2.invokeSuspend(MainActivity.kt:441)
10-05 06:38:43.235  9951  9951 D StrictMode: 	at kotlin.coroutines.jvm.internal.BaseContinuationImpl.resumeWith(ContinuationImpl.kt:33)
10-05 06:38:43.235  9951  9951 D StrictMode: 	at kotlinx.coroutines.DispatchedTaskKt.resume(DispatchedTask.kt:235)
10-05 06:38:43.235  9951  9951 D StrictMode: 	at kotlinx.coroutines.DispatchedTaskKt.dispatch(DispatchedTask.kt:168)
10-05 06:38:43.235  9951  9951 D StrictMode: 	at kotlinx.coroutines.CancellableContinuationImpl.dispatchResume(CancellableContinuationImpl.kt:474)
10-05 06:38:43.235  9951  9951 D StrictMode: 	at kotlinx.coroutines.CancellableContinuationImpl.resumeImpl(CancellableContinuationImpl.kt:508)
10-05 06:38:43.235  9951  9951 D StrictMode: 	at kotlinx.coroutines.CancellableContinuationImpl.resumeImpl$default(CancellableContinuationImpl.kt:497)
10-05 06:38:43.235  9951  9951 D StrictMode: 	at kotlinx.coroutines.CancellableContinuationImpl.resumeUndispatched(CancellableContinuationImpl.kt:595)
10-05 06:38:43.235  9951  9951 D StrictMode: 	at kotlinx.coroutines.android.HandlerContext$scheduleResumeAfterDelay$$inlined$Runnable$1.run(Runnable.kt:19)
10-05 06:38:43.235  9951  9951 D StrictMode: 	at android.os.Handler.handleCallback(Handler.java:995)
10-05 06:38:43.235  9951  9951 D StrictMode: 	at android.os.Handler.dispatchMessage(Handler.java:103)
10-05 06:38:43.235  9951  9951 D StrictMode: 	at android.os.Looper.loopOnce(Looper.java:248)
10-05 06:38:43.235  9951  9951 D StrictMode: 	at android.os.Looper.loop(Looper.java:338)
10-05 06:38:43.235  9951  9951 D StrictMode: 	at android.app.ActivityThread.main(ActivityThread.java:9067)
10-05 06:38:43.235  9951  9951 D StrictMode: 	at java.lang.reflect.Method.invoke(Native Method)
10-05 06:38:43.235  9951  9951 D StrictMode: 	at com.android.internal.os.RuntimeInit$MethodAndArgsCaller.run(RuntimeInit.java:593)
10-05 06:38:43.235  9951  9951 D StrictMode: 	at com.android.internal.os.ZygoteInit.main(ZygoteInit.java:932)
10-05 06:38:43.236  9951  9951 D StrictMode: StrictMode policy violation; ~duration=14 ms: android.os.strictmode.DiskReadViolation
10-05 06:38:43.236  9951  9951 D StrictMode: 	at android.os.StrictMode$AndroidBlockGuardPolicy.onReadFromDisk(StrictMode.java:1728)
10-05 06:38:43.236  9951  9951 D StrictMode: 	at android.app.SharedPreferencesImpl.awaitLoadedLocked(SharedPreferencesImpl.java:283)
10-05 06:38:43.236  9951  9951 D StrictMode: 	at android.app.SharedPreferencesImpl.getBoolean(SharedPreferencesImpl.java:352)
10-05 06:38:43.236  9951  9951 D StrictMode: 	at com.follgramer.diamantesproplayersgo.ui.Onboarding.shouldShow(Onboarding.kt:18)
10-05 06:38:43.236  9951  9951 D StrictMode: 	at com.follgramer.diamantesproplayersgo.ui.Onboarding.showIfNeeded(Onboarding.kt:22)
10-05 06:38:43.236  9951  9951 D StrictMode: 	at com.follgramer.diamantesproplayersgo.MainActivity.finalizeUIInitialization(MainActivity.kt:515)
10-05 06:38:43.236  9951  9951 D StrictMode: 	at com.follgramer.diamantesproplayersgo.MainActivity.access$finalizeUIInitialization(MainActivity.kt:94)
10-05 06:38:43.236  9951  9951 D StrictMode: 	at com.follgramer.diamantesproplayersgo.MainActivity$scheduleBackgroundInitialization$1$2.invokeSuspend(MainActivity.kt:441)
10-05 06:38:43.236  9951  9951 D StrictMode: 	at kotlin.coroutines.jvm.internal.BaseContinuationImpl.resumeWith(ContinuationImpl.kt:33)
10-05 06:38:43.236  9951  9951 D StrictMode: 	at kotlinx.coroutines.DispatchedTaskKt.resume(DispatchedTask.kt:235)
10-05 06:38:43.236  9951  9951 D StrictMode: 	at kotlinx.coroutines.DispatchedTaskKt.dispatch(DispatchedTask.kt:168)
10-05 06:38:43.236  9951  9951 D StrictMode: 	at kotlinx.coroutines.CancellableContinuationImpl.dispatchResume(CancellableContinuationImpl.kt:474)
10-05 06:38:43.236  9951  9951 D StrictMode: 	at kotlinx.coroutines.CancellableContinuationImpl.resumeImpl(CancellableContinuationImpl.kt:508)
10-05 06:38:43.236  9951  9951 D StrictMode: 	at kotlinx.coroutines.CancellableContinuationImpl.resumeImpl$default(CancellableContinuationImpl.kt:497)
10-05 06:38:43.236  9951  9951 D StrictMode: 	at kotlinx.coroutines.CancellableContinuationImpl.resumeUndispatched(CancellableContinuationImpl.kt:595)
10-05 06:38:43.236  9951  9951 D StrictMode: 	at kotlinx.coroutines.android.HandlerContext$scheduleResumeAfterDelay$$inlined$Runnable$1.run(Runnable.kt:19)
10-05 06:38:43.236  9951  9951 D StrictMode: 	at android.os.Handler.handleCallback(Handler.java:995)
10-05 06:38:43.236  9951  9951 D StrictMode: 	at android.os.Handler.dispatchMessage(Handler.java:103)
10-05 06:38:43.236  9951  9951 D StrictMode: 	at android.os.Looper.loopOnce(Looper.java:248)
10-05 06:38:43.236  9951  9951 D StrictMode: 	at android.os.Looper.loop(Looper.java:338)
10-05 06:38:43.236  9951  9951 D StrictMode: 	at android.app.ActivityThread.main(ActivityThread.java:9067)
10-05 06:38:43.236  9951  9951 D StrictMode: 	at java.lang.reflect.Method.invoke(Native Method)
10-05 06:38:43.236  9951  9951 D StrictMode: 	at com.android.internal.os.RuntimeInit$MethodAndArgsCaller.run(RuntimeInit.java:593)
10-05 06:38:43.236  9951  9951 D StrictMode: 	at com.android.internal.os.ZygoteInit.main(ZygoteInit.java:932)
10-05 06:38:43.289  9951  9951 D LeaderboardAdapter: Datos actualizados: 23 items, total con anuncios: 30
10-05 06:38:43.328  1291  1291 D BoundBrokerSvc: onUnbind: Intent { act=com.google.android.gms.common.telemetry.service.START dat=chimera-action:/... xflg=0x4 cmp=com.google.android.gms/.chimera.PersistentApiService }
10-05 06:38:43.407  9951  9951 D WinnersAdapter: Datos actualizados: 10 items, total con anuncios: 13
10-05 06:38:43.432  9951  9951 I Ads     : JS: The jsLoaded GMSG has been sent (https://googleads.g.doubleclick.net/mads/static/sdk/native/sdk-core-v40.html:990)
10-05 06:38:43.432  9951  9951 I chromium: [INFO:CONSOLE:990] "The jsLoaded GMSG has been sent", source: https://googleads.g.doubleclick.net/mads/static/sdk/native/sdk-core-v40.html (990)
