10-05 06:38:43.482  9951  9951 W Ads     : JS: An iframe which has both allow-scripts and allow-same-origin for its sandbox attribute can escape its sandboxing. (about:srcdoc:0)
10-05 06:38:43.482  9951  9951 I chromium: [INFO:CONSOLE:0] "An iframe which has both allow-scripts and allow-same-origin for its sandbox attribute can escape its sandboxing.", source: about:srcdoc (0)
10-05 06:38:43.636  9951  9951 W Ads     : JS: An iframe which has both allow-scripts and allow-same-origin for its sandbox attribute can escape its sandboxing. (about:srcdoc:0)
10-05 06:38:43.636  9951  9951 I chromium: [INFO:CONSOLE:0] "An iframe which has both allow-scripts and allow-same-origin for its sandbox attribute can escape its sandboxing.", source: about:srcdoc (0)
10-05 06:38:43.734  9951  9951 D AdManager: ✅ Rewarded pre-cargado exitosamente
10-05 06:38:43.735  9951  9996 D CompatChangeReporter: Compat change id reported: 247079863; UID 10219; state: ENABLED
10-05 06:38:43.758  9951  9951 D AdManager: ✅ Interstitial pre-cargado exitosamente
10-05 06:38:43.927  9951  9951 D MainActivity: Badge updated: 0
10-05 06:38:44.181   704   806 D ActivityManager: freezing 5553 com.google.android.googlequicksearchbox:search
10-05 06:38:44.725  9951  9956 W tesproplayersgo: Cleared Reference was only reachable from finalizer (only reported once)
10-05 06:38:44.880  9951  9956 I tesproplayersgo: Background concurrent mark compact GC freed 20MB AllocSpace bytes, 136(7332KB) LOS objects, 49% free, 14MB/28MB, paused 988us,3.215ms total 199.892ms
10-05 06:38:44.883  9951  9957 W JavaBinder: BinderProxy is being destroyed but the application did not call unlinkToDeath to unlink all of its death recipients beforehand.  Releasing leaked death recipient: com.google.android.play.integrity.internal.t
10-05 06:38:44.883  9951  9957 I BpBinder: onLastStrongRef automatically unlinking death recipients: 
10-05 06:38:45.212  9951  9951 D CommunicationManager: Sorteo listener configurado
10-05 06:38:45.387  9951  9951 D CommunicationManager: Sorteo data changed
10-05 06:38:45.751  9951  9951 E Ads     : JS: Uncaught (in promise) TypeError: this.Fc is not a function (https://googleads.g.doubleclick.net/mads/mraid.js:137)
10-05 06:38:45.751  9951  9951 I chromium: [INFO:CONSOLE:137] "Uncaught (in promise) TypeError: this.Fc is not a function", source: https://googleads.g.doubleclick.net/mads/mraid.js (137)
10-05 06:38:45.753  9951  9951 E Ads     : JS: Uncaught (in promise) TypeError: this.Fc is not a function (https://googleads.g.doubleclick.net/mads/mraid.js:137)
10-05 06:38:45.753  9951  9951 I chromium: [INFO:CONSOLE:137] "Uncaught (in promise) TypeError: this.Fc is not a function", source: https://googleads.g.doubleclick.net/mads/mraid.js (137)
10-05 06:38:46.226  9951  9951 D MainActivity: 🎯 Preparando carga de banners...
10-05 06:38:46.226  9951  9951 D MainActivity: ✅ Condiciones cumplidas, iniciando carga de banners...
10-05 06:38:46.227  9951  9951 D MainActivity: 📤 Cargando banner superior...
10-05 06:38:46.227  9951  9951 D BannerHelper: ═══════════════════════════════════════
10-05 06:38:46.227  9951  9951 D BannerHelper: 🎯 attachAdaptiveBanner INICIADO
10-05 06:38:46.227  9951  9951 D BannerHelper: ═══════════════════════════════════════
10-05 06:38:46.227  9951  9951 D BannerHelper: Container ID: 112655588
10-05 06:38:46.227  9951  9951 D BannerHelper: Container Width: 1016px
10-05 06:38:46.227  9951  9951 D BannerHelper: Container Height: 131px
10-05 06:38:46.227  9951  9951 D BannerHelper: Container Visible: true
10-05 06:38:46.227  9951  9951 D BannerHelper: Activity: MainActivity
10-05 06:38:46.227  9951  9951 D BannerHelper: 🔧 Configurando visibilidad y altura del contenedor...
10-05 06:38:46.228  9951  9951 D BannerHelper: ✅ Contenedor configurado - Height: -2
10-05 06:38:46.228  9951  9951 D BannerHelper: 🔐 Consentimiento verificado: true
10-05 06:38:46.228  9951  9951 D BannerHelper: ✅ AdMob listo y consentimiento obtenido
10-05 06:38:46.228  9951  9951 D BannerHelper: 🚀 Iniciando proceso de carga de banner...
10-05 06:38:46.228  9951  9951 D BannerHelper: 📌 Container: BANNER TOP
10-05 06:38:46.237  9951  9951 D AdIds   : Banner Top solicitado:
10-05 06:38:46.237  9951  9951 D AdIds   : ID: ca-app-pub-3940256099942544/6300978111
10-05 06:38:46.237  9951  9951 D AdIds   : Modo: TEST
10-05 06:38:46.237  9951  9951 D AdIds   : BuildConfig.DEBUG: true
10-05 06:38:46.237  9951  9951 D AdIds   : BuildConfig.USE_TEST_ADS: true
10-05 06:38:46.237  9951  9951 D BannerHelper: 📌 Ad Unit ID seleccionado: ca-app-pub-3940256099942544/6300978111
10-05 06:38:46.238  9951  9951 D BannerHelper: 📏 Tamaño de banner calculado:
10-05 06:38:46.238  9951  9951 D BannerHelper:    Screen: 1080px
10-05 06:38:46.238  9951  9951 D BannerHelper:    Container: 1016px
10-05 06:38:46.238  9951  9951 D BannerHelper:    Density: 2.625
10-05 06:38:46.238  9951  9951 D BannerHelper:    Ad Width: 387dp
10-05 06:38:46.240  9951  9951 D BannerHelper: 📝 Configuración del banner:
10-05 06:38:46.240  9951  9951 D BannerHelper:    Ad Unit ID: ca-app-pub-3940256099942544/6300978111
10-05 06:38:46.240  9951  9951 D BannerHelper:    Ad Size: 387x60 dp
10-05 06:38:46.243  9951  9951 D BannerHelper: ✅ AdView agregado al contenedor
10-05 06:38:46.245  9951  9951 D BannerHelper: 📤 Enviando solicitud de banner...
10-05 06:38:46.245  9951  9951 D BannerHelper:    Timestamp: 1759646326245
10-05 06:38:46.255  9951 10130 I Ads     : This request is sent from a test device.
10-05 06:38:46.264   704  1990 D FileUtils: Rounded bytes from 2067259392 to 4000000000
10-05 06:38:46.283  9951 10014 W Ads     : Not retrying to fetch app settings
10-05 06:38:46.294  5673 10173 W SQLiteLog: (28) double-quoted string literal: "1759473526294"
10-05 06:38:46.294  5673 10173 W SQLiteLog: (28) double-quoted string literal: "1"
10-05 06:38:46.302  5673 10173 I Ads     : SDK version: afma-sdk-a-v252530000.252530000.0
10-05 06:38:46.302  5673 10173 I Ads     : HTTP timeout: 60000 milliseconds.
10-05 06:38:46.754  9951  9951 E Ads     : JS: Uncaught (in promise) TypeError: this.Fc is not a function (https://googleads.g.doubleclick.net/mads/mraid.js:137)
10-05 06:38:46.754  9951  9951 I chromium: [INFO:CONSOLE:137] "Uncaught (in promise) TypeError: this.Fc is not a function", source: https://googleads.g.doubleclick.net/mads/mraid.js (137)
10-05 06:38:46.754  9951  9951 E Ads     : JS: Uncaught (in promise) TypeError: this.Fc is not a function (https://googleads.g.doubleclick.net/mads/mraid.js:137)
10-05 06:38:46.754  9951  9951 I chromium: [INFO:CONSOLE:137] "Uncaught (in promise) TypeError: this.Fc is not a function", source: https://googleads.g.doubleclick.net/mads/mraid.js (137)
10-05 06:38:46.805  5673  5679 W System  : A resource failed to call close. 
10-05 06:38:46.971   704   806 D ActivityManager: freezing 6709 com.google.android.webview:webview_service
10-05 06:38:46.973   704   863 D InetDiagMessage: Destroyed 0 sockets, proto=IPPROTO_TCP, family=AF_INET, states=14
10-05 06:38:46.973   704   863 D InetDiagMessage: Destroyed 0 sockets, proto=IPPROTO_TCP, family=AF_INET6, states=14
10-05 06:38:46.973   704   863 D InetDiagMessage: Destroyed live tcp sockets for uids={10167} in 1ms
10-05 06:38:47.228  9951  9951 D MainActivity: ✅ Proceso de carga de banners completado
10-05 06:38:47.234  9951  9951 D MainActivity: 📤 Cargando banner inferior...
10-05 06:38:47.234  9951  9951 D BannerHelper: ═══════════════════════════════════════
10-05 06:38:47.234  9951  9951 D BannerHelper: 🎯 attachAdaptiveBanner INICIADO
10-05 06:38:47.234  9951  9951 D BannerHelper: ═══════════════════════════════════════
10-05 06:38:47.234  9951  9951 D BannerHelper: Container ID: 189441728
10-05 06:38:47.234  9951  9951 D BannerHelper: Container Width: 1080px
10-05 06:38:47.234  9951  9951 D BannerHelper: Container Height: 131px
10-05 06:38:47.235  9951  9951 D BannerHelper: Container Visible: true
10-05 06:38:47.235  9951  9951 D BannerHelper: Activity: MainActivity
10-05 06:38:47.235  9951  9951 D BannerHelper: 🔧 Configurando visibilidad y altura del contenedor...
10-05 06:38:47.235  9951  9951 D BannerHelper: ✅ Contenedor configurado - Height: -2
10-05 06:38:47.235  9951  9951 D BannerHelper: 🔐 Consentimiento verificado: true
10-05 06:38:47.235  9951  9951 D BannerHelper: ✅ AdMob listo y consentimiento obtenido
10-05 06:38:47.235  9951  9951 D BannerHelper: 🚀 Iniciando proceso de carga de banner...
10-05 06:38:47.235  9951  9951 D BannerHelper: 📌 Container: BANNER BOTTOM
10-05 06:38:47.235  9951  9951 D AdIds   : Banner Bottom: ca-app-pub-3940256099942544/6300978111 (TEST)
10-05 06:38:47.235  9951  9951 D BannerHelper: 📌 Ad Unit ID seleccionado: ca-app-pub-3940256099942544/6300978111
10-05 06:38:47.235  9951  9951 D BannerHelper: 📏 Tamaño de banner calculado:
10-05 06:38:47.235  9951  9951 D BannerHelper:    Screen: 1080px
10-05 06:38:47.235  9951  9951 D BannerHelper:    Container: 1080px
10-05 06:38:47.235  9951  9951 D BannerHelper:    Density: 2.625
10-05 06:38:47.235  9951  9951 D BannerHelper:    Ad Width: 411dp
10-05 06:38:47.235  9951  9951 D BannerHelper: 📝 Configuración del banner:
10-05 06:38:47.235  9951  9951 D BannerHelper:    Ad Unit ID: ca-app-pub-3940256099942544/6300978111
10-05 06:38:47.236  9951  9951 D BannerHelper:    Ad Size: 411x64 dp
10-05 06:38:47.236  9951  9951 D BannerHelper: ✅ AdView agregado al contenedor
10-05 06:38:47.236  9951  9951 D BannerHelper: 📤 Enviando solicitud de banner...
10-05 06:38:47.236  9951  9951 D BannerHelper:    Timestamp: 1759646327236
10-05 06:38:47.240  9951 10130 I Ads     : This request is sent from a test device.
10-05 06:38:47.242   704  1990 D FileUtils: Rounded bytes from 2067259392 to 4000000000
10-05 06:38:47.259  9951 10015 W Ads     : Not retrying to fetch app settings
10-05 06:38:47.270  5673  9872 W SQLiteLog: (28) double-quoted string literal: "1759473527270"
10-05 06:38:47.270  5673  9872 W SQLiteLog: (28) double-quoted string literal: "1"
10-05 06:38:47.278  5673  9872 I Ads     : SDK version: afma-sdk-a-v252530000.252530000.0
10-05 06:38:47.278  5673  9872 I Ads     : HTTP timeout: 60000 milliseconds.
10-05 06:38:47.375  9951  9951 D BannerHelper: ═══════════════════════════════════════
10-05 06:38:47.375  9951  9951 D BannerHelper: ✅ ¡BANNER CARGADO EXITOSAMENTE!
10-05 06:38:47.375  9951  9951 D BannerHelper: ═══════════════════════════════════════
10-05 06:38:47.375  9951  9951 D BannerHelper: Container ID: 112655588
10-05 06:38:47.375  9951  9951 D BannerHelper: Ad Unit ID: ca-app-pub-3940256099942544/6300978111
10-05 06:38:47.375  9951  9951 D BannerHelper: AdView Measured Size: 1016x157px
10-05 06:38:47.375  9951  9951 D BannerHelper: AdView Size: 1016x0px
10-05 06:38:47.375  9951  9951 D BannerHelper: Container Size: 1016x131px
10-05 06:38:47.376  9951  9951 D BannerHelper: ✅ Banner completamente visible y renderizado
10-05 06:38:47.400  9951  9951 D BannerHelper: Post-layout AdView Size: 1016x157px
10-05 06:38:47.682  9951  9951 D BannerHelper: 👁️ Impresión registrada
10-05 06:38:47.755  9951  9951 E Ads     : JS: Uncaught (in promise) TypeError: this.Fc is not a function (https://googleads.g.doubleclick.net/mads/mraid.js:137)
10-05 06:38:47.755  9951  9951 I chromium: [INFO:CONSOLE:137] "Uncaught (in promise) TypeError: this.Fc is not a function", source: https://googleads.g.doubleclick.net/mads/mraid.js (137)
10-05 06:38:47.756  9951  9951 E Ads     : JS: Uncaught (in promise) TypeError: this.Fc is not a function (https://googleads.g.doubleclick.net/mads/mraid.js:137)
10-05 06:38:47.756  9951  9951 I chromium: [INFO:CONSOLE:137] "Uncaught (in promise) TypeError: this.Fc is not a function", source: https://googleads.g.doubleclick.net/mads/mraid.js (137)
10-05 06:38:47.758  5673  9859 D AdvertisingIdClient: AdvertisingIdClient already created.
10-05 06:38:47.761  5673  9859 I AdvertisingIdClient: shouldSendLog -1
10-05 06:38:47.761  5673  9859 I AdvertisingIdClient: GetInfoInternal elapse 3ms
10-05 06:38:47.766  1291  1291 D BoundBrokerSvc: onRebind: Intent { act=com.google.android.gms.common.telemetry.service.START dat=chimera-action:/... xflg=0x4 cmp=com.google.android.gms/.chimera.PersistentApiService }
10-05 06:38:47.785  5673  5673 I AdvertisingIdClient: getting error as 17: API: ClientTelemetry.API is not available on this device. Connection failed with: ConnectionResult{statusCode=API_DISABLED, resolution=null, message=null, clientMethodKey=null}
10-05 06:38:47.797  5673  5679 W System  : A resource failed to call close. 
10-05 06:38:48.017  5673  5673 D BoundBrokerSvc: onUnbind: Intent { act=com.google.android.gms.ads.service.START xflg=0x4 pkg=com.google.android.gms }
10-05 06:38:48.044  9951  9951 D BannerHelper: ═══════════════════════════════════════
10-05 06:38:48.044  9951  9951 D BannerHelper: ✅ ¡BANNER CARGADO EXITOSAMENTE!
10-05 06:38:48.044  9951  9951 D BannerHelper: ═══════════════════════════════════════
10-05 06:38:48.044  9951  9951 D BannerHelper: Container ID: 189441728
10-05 06:38:48.044  9951  9951 D BannerHelper: Ad Unit ID: ca-app-pub-3940256099942544/6300978111
10-05 06:38:48.044  9951  9951 D BannerHelper: AdView Measured Size: 1080x168px
10-05 06:38:48.044  9951  9951 D BannerHelper: AdView Size: 1080x0px
10-05 06:38:48.044  9951  9951 D BannerHelper: Container Size: 1080x131px
10-05 06:38:48.044  9951  9951 D BannerHelper: ✅ Banner completamente visible y renderizado
10-05 06:38:48.054  9951  9951 D BannerHelper: 👁️ Impresión registrada
10-05 06:38:48.059  9951  9951 D BannerHelper: Post-layout AdView Size: 1080x168px
10-05 06:38:48.752  9951  9951 E Ads     : JS: Uncaught (in promise) TypeError: this.Fc is not a function (https://googleads.g.doubleclick.net/mads/mraid.js:137)
10-05 06:38:48.752  9951  9951 I chromium: [INFO:CONSOLE:137] "Uncaught (in promise) TypeError: this.Fc is not a function", source: https://googleads.g.doubleclick.net/mads/mraid.js (137)
10-05 06:38:48.752  9951  9951 E Ads     : JS: Uncaught (in promise) TypeError: this.Fc is not a function (https://googleads.g.doubleclick.net/mads/mraid.js:137)
10-05 06:38:48.752  9951  9951 I chromium: [INFO:CONSOLE:137] "Uncaught (in promise) TypeError: this.Fc is not a function", source: https://googleads.g.doubleclick.net/mads/mraid.js (137)
10-05 06:38:48.856   267 10096 I keystore2: system/security/keystore2/watchdog/src/lib.rs:377 - Watchdog thread idle -> terminating. Have a great day.
10-05 06:38:48.931  9951  9951 D MainActivity: Badge updated: 0
10-05 06:38:49.585  5673  5673 D BoundBrokerSvc: onUnbind: Intent { act=com.google.android.gms.feedback.internal.IFeedbackService dat=chimera-action:/... xflg=0x4 cmp=com.google.android.gms/.chimera.GmsBoundBrokerService }
10-05 06:38:49.751  9951  9951 E Ads     : JS: Uncaught (in promise) TypeError: this.Fc is not a function (https://googleads.g.doubleclick.net/mads/mraid.js:137)
10-05 06:38:49.752  9951  9951 I chromium: [INFO:CONSOLE:137] "Uncaught (in promise) TypeError: this.Fc is not a function", source: https://googleads.g.doubleclick.net/mads/mraid.js (137)
10-05 06:38:49.752  9951  9951 E Ads     : JS: Uncaught (in promise) TypeError: this.Fc is not a function (https://googleads.g.doubleclick.net/mads/mraid.js:137)
10-05 06:38:49.752  9951  9951 I chromium: [INFO:CONSOLE:137] "Uncaught (in promise) TypeError: this.Fc is not a function", source: https://googleads.g.doubleclick.net/mads/mraid.js (137)
10-05 06:38:49.973   957  1079 D ShellBackPreview: Finishing gesture with event action: 1
10-05 06:38:49.973   957  1079 D ShellBackPreview: onGestureFinished called while no gesture is started
10-05 06:38:50.046   550   650 D AudioFlinger: mixer(0x78d923144770) throttle end: throttle time(37)
10-05 06:38:50.050   704  1649 W AS.PlaybackActivityMon: No piid assigned for invalid/internal port id 15
10-05 06:38:50.752  9951  9951 E Ads     : JS: Uncaught (in promise) TypeError: this.Fc is not a function (https://googleads.g.doubleclick.net/mads/mraid.js:137)
10-05 06:38:50.752  9951  9951 I chromium: [INFO:CONSOLE:137] "Uncaught (in promise) TypeError: this.Fc is not a function", source: https://googleads.g.doubleclick.net/mads/mraid.js (137)
10-05 06:38:50.752  9951  9951 E Ads     : JS: Uncaught (in promise) TypeError: this.Fc is not a function (https://googleads.g.doubleclick.net/mads/mraid.js:137)
10-05 06:38:50.752  9951  9951 I chromium: [INFO:CONSOLE:137] "Uncaught (in promise) TypeError: this.Fc is not a function", source: https://googleads.g.doubleclick.net/mads/mraid.js (137)
10-05 06:38:51.594  1092  1296 D SatelliteController: iisInCarrierRoamingNbIotNtn: satellite is disabled
10-05 06:38:51.752  9951  9951 E Ads     : JS: Uncaught (in promise) TypeError: this.Fc is not a function (https://googleads.g.doubleclick.net/mads/mraid.js:137)
10-05 06:38:51.752  9951  9951 I chromium: [INFO:CONSOLE:137] "Uncaught (in promise) TypeError: this.Fc is not a function", source: https://googleads.g.doubleclick.net/mads/mraid.js (137)
10-05 06:38:51.752  9951  9951 E Ads     : JS: Uncaught (in promise) TypeError: this.Fc is not a function (https://googleads.g.doubleclick.net/mads/mraid.js:137)
10-05 06:38:51.752  9951  9951 I chromium: [INFO:CONSOLE:137] "Uncaught (in promise) TypeError: this.Fc is not a function", source: https://googleads.g.doubleclick.net/mads/mraid.js (137)
10-05 06:38:51.820   704  1649 W AS.PlaybackActivityMon: No piid assigned for invalid/internal port id 15
10-05 06:38:51.839   550   650 D AudioFlinger: mixer(0x78d923144770) throttle end: throttle time(34)
10-05 06:38:51.884  5673  5673 D BoundBrokerSvc: onUnbind: Intent { act=com.google.android.gms.safetynet.service.START xflg=0x4 pkg=com.google.android.gms }
10-05 06:38:52.083  9951  9951 D AdManager: Interstitial ready: true
10-05 06:38:52.208   704   722 V GrammaticalInflectionUtils: AttributionSource: android.content.AttributionSource@f3e01519 does not have READ_SYSTEM_GRAMMATICAL_GENDER permission.
10-05 06:38:52.208   704   722 W OptProp : Cannot read opt property android.window.PROPERTY_COMPAT_ALLOW_USER_ASPECT_RATIO_OVERRIDE
10-05 06:38:52.208   704   722 W OptProp : Cannot read opt property android.window.PROPERTY_COMPAT_ALLOW_USER_ASPECT_RATIO_FULLSCREEN_OVERRIDE
10-05 06:38:52.208   704   722 W OptProp : Cannot read opt property android.window.PROPERTY_COMPAT_ALLOW_RESIZEABLE_ACTIVITY_OVERRIDES
10-05 06:38:52.208   704   722 W OptProp : Cannot read opt property android.window.PROPERTY_COMPAT_ALLOW_MIN_ASPECT_RATIO_OVERRIDE
10-05 06:38:52.210   704   722 W OptProp : Cannot read opt property android.window.PROPERTY_COMPAT_ALLOW_ORIENTATION_OVERRIDE
10-05 06:38:52.212   554   677 I BpBinder: onLastStrongRef automatically unlinking death recipients: 
10-05 06:38:52.214   704   722 I ActivityTaskManager: START u0 {xflg=0x4 cmp=com.follgramer.diamantesproplayersgo/com.google.android.gms.ads.AdActivity (has extras)} with LAUNCH_MULTIPLE from uid 10219 (sr=155676618) (BAL_ALLOW_VISIBLE_WINDOW) result code=0
10-05 06:38:52.215   957  1079 V WindowManagerShell: Transition requested (#40): android.os.BinderProxy@573271 TransitionRequestInfo { type = OPEN, triggerTask = TaskInfo{userId=0 taskId=12 effectiveUid=10219 displayId=0 isRunning=true baseIntent=Intent { flg=0x10800000 cmp=com.follgramer.diamantesproplayersgo/.SplashActivity } baseActivity=ComponentInfo{com.follgramer.diamantesproplayersgo/com.follgramer.diamantesproplayersgo.MainActivity} topActivity=ComponentInfo{com.follgramer.diamantesproplayersgo/com.google.android.gms.ads.AdActivity} origActivity=null realActivity=ComponentInfo{com.follgramer.diamantesproplayersgo/com.follgramer.diamantesproplayersgo.SplashActivity} numActivities=2 lastActiveTime=4966465 supportsMultiWindow=true resizeMode=1 isResizeable=true minWidth=-1 minHeight=-1 defaultMinSize=220 token=WCT{android.window.IWindowContainerToken$Stub$Proxy@ae51856} topActivityType=1 pictureInPictureParams=null shouldDockBigOverlays=false launchIntoPipHostTaskId=-1 lastParentTaskIdBeforePip=-1 displayCutoutSafeInsets=Rect(0, 0 - 0, 0) topActivityInfo=ActivityInfo{979c0d7 com.google.android.gms.ads.AdActivity} launchCookies=[] positionInParent=Point(0, 0) parentTaskId=-1 isFocused=true isVisible=true isVisibleRequested=true isTopActivityNoDisplay=false isSleeping=false locusId=null displayAreaFeatureId=1 isTopActivityTransparent=true isActivityStackTransparent=false lastNonFullscreenBounds=Rect(284, 660 - 796, 1740) capturedLink=null capturedLinkTimestamp=0 requestedVisibleTypes=-9 topActivityRequestOpenInBrowserEducationTimestamp=0 appCompatTaskInfo=AppCompatTaskInfo { topActivityInSizeCompat=false eligibleForLetterboxEducation= false isLetterboxEducationEnabled= true isLetterboxDoubleTapEnabled= false eligibleForUserAspectRatioButton= false topActivityBoundsLetterboxed= false isFromLetterboxDoubleTap= false topActivityLetterboxVerticalPosition= -1 topActivityLetterboxHorizontalPosition= -1 topActivityLetterboxWidth=-1 topActivityLetterboxHeight=-1 topActivityAppBounds=Rect(0, 0 - 1080, 2337) isUserFullscreenOverrideEnabled=false isSystemFullscreenOverrideEnabled=false hasMinAspectRatioOverride=false topActivityLetterboxBounds=null cameraCompatTaskInfo=CameraCompatTaskInfo { freeformCameraCompatMode=inactive}} topActivityMainWindowFrame=null}, pipChange = null, remoteTransition = null, displayChange = null, flags = 0, debugId = 40 }
10-05 06:38:52.215   957  1079 D ShellSplitScreen: logExit: no-op, mLoggerSessionId is null
10-05 06:38:52.225  9951  9951 D MainActivity: Pausando banners...
10-05 06:38:52.226  9951  9951 D BannerHelper: ⏸️ 2 banners pausados
10-05 06:38:52.229   704  1649 W OptProp : Cannot read opt property android.window.PROPERTY_COMPAT_ENABLE_FAKE_FOCUS
10-05 06:38:52.231   554   554 I BpBinder: onLastStrongRef automatically unlinking death recipients: 
10-05 06:38:52.235   704   912 D BackgroundInstallControlService: Package event received: 0
10-05 06:38:52.240   704   912 D BackgroundInstallControlService: Package event received: 0
10-05 06:38:52.241   704   912 D BackgroundInstallControlService: Package event received: 0
10-05 06:38:52.269  9951  9951 D AdManager: Interstitial mostrado
10-05 06:38:52.270  9951  9951 D AdManager: Impresión de interstitial registrada
10-05 06:38:52.273   704   722 W OptProp : Cannot read opt property android.window.PROPERTY_COMPAT_IGNORE_REQUESTED_ORIENTATION
10-05 06:38:52.273   704   722 W OptProp : Cannot read opt property android.window.PROPERTY_COMPAT_ALLOW_IGNORING_ORIENTATION_REQUEST_WHEN_LOOP_DETECTED
10-05 06:38:52.290  9951  9951 W HWUI    : Image decoding logging dropped!
10-05 06:38:52.291  9951  9951 W HWUI    : Image decoding logging dropped!
10-05 06:38:52.292  9951  9951 W HWUI    : Image decoding logging dropped!
10-05 06:38:52.293  9951  9951 W HWUI    : Image decoding logging dropped!
10-05 06:38:52.294  9951  9951 W HWUI    : Image decoding logging dropped!
10-05 06:38:52.311  9951  9951 D InsetsController: Setting requestedVisibleTypes to -16 (was -9)
10-05 06:38:52.320   704  1929 W WindowManager: Failed looking up window session=Session{b038f60 9951:u0a10219} callers=com.android.server.wm.WindowManagerService.windowForClientLocked:6410 com.android.server.wm.Session.updateRequestedVisibleTypes:700 android.view.IWindowSession$Stub.onTransact:1023 
10-05 06:38:52.329   704  1649 D CoreBackPreview: Window{38270fd u0 com.follgramer.diamantesproplayersgo/com.google.android.gms.ads.AdActivity}: Setting back callback OnBackInvokedCallbackInfo{mCallback=android.window.IOnBackInvokedCallback$Stub$Proxy@66ea043, mPriority=-1, mIsAnimationCallback=false, mOverrideBehavior=0}
10-05 06:38:52.356  1291  1291 D BoundBrokerSvc: onRebind: Intent { act=com.google.android.gms.libs.gmscorelogger.service.START dat=chimera-action:/... xflg=0x4 cmp=com.google.android.gms/.chimera.PersistentDirectBootAwareApiService }
10-05 06:38:52.396   957  7165 V WindowManagerShell: onTransitionReady(transaction=3023656977837)
10-05 06:38:52.396   704   728 I ActivityTaskManager: Displayed com.follgramer.diamantesproplayersgo/com.google.android.gms.ads.AdActivity for user 0: +186ms
10-05 06:38:52.396   957  1079 V WindowManagerShell: onTransitionReady (#40) android.os.BinderProxy@573271: {id=40 t=OPEN f=0x0 trk=0 r=[0@Point(0, 0)] c=[
10-05 06:38:52.396   957  1079 V WindowManagerShell:         {m=OPEN f=TRANSLUCENT|FILLS_TASK leash=Surface(name=ActivityRecord{245430721 u0 com.follgramer.diamantesproplayersgo/com.google.android.gms.ads.AdActivity)/@0xee2cdc4 sb=Rect(0, 0 - 0, 0) eb=Rect(0, 0 - 1080, 2400) epz=Point(1080, 2400) d=-1->0 r=-1->0:-1 bc=ff000000 component=com.follgramer.diamantesproplayersgo/com.google.android.gms.ads.AdActivity opt={t=FROM_STYLE mUserId=0}}
10-05 06:38:52.396   957  1079 V WindowManagerShell:     ]}
10-05 06:38:52.396   957  1079 V WindowManagerShell: Playing animation for (#40) android.os.BinderProxy@573271@0
10-05 06:38:52.396   704   728 V WindowManager: Sent Transition (#40) createdAt=10-05 06:38:52.208 via request=TransitionRequestInfo { type = OPEN, triggerTask = TaskInfo{userId=0 taskId=12 effectiveUid=10219 displayId=0 isRunning=true baseIntent=Intent { flg=0x10800000 cmp=com.follgramer.diamantesproplayersgo/.SplashActivity } baseActivity=ComponentInfo{com.follgramer.diamantesproplayersgo/com.follgramer.diamantesproplayersgo.MainActivity} topActivity=ComponentInfo{com.follgramer.diamantesproplayersgo/com.google.android.gms.ads.AdActivity} origActivity=null realActivity=ComponentInfo{com.follgramer.diamantesproplayersgo/com.follgramer.diamantesproplayersgo.SplashActivity} numActivities=2 lastActiveTime=4966465 supportsMultiWindow=true resizeMode=1 isResizeable=true minWidth=-1 minHeight=-1 defaultMinSize=220 token=WCT{RemoteToken{39d6b03 Task{3240e73 #12 type=standard A=10219:com.follgramer.diamantesproplayersgo}}} topActivityType=1 pictureInPictureParams=null shouldDockBigOverlays=false launchIntoPipHostTaskId=-1 lastParentTaskIdBeforePip=-1 displayCutoutSafeInsets=Rect(0, 0 - 0, 0) topActivityInfo=ActivityInfo{ccabdd8 com.google.android.gms.ads.AdActivity} launchCookies=[] positionInParent=Point(0, 0) parentTaskId=-1 isFocused=true isVisible=true isVisibleRequested=true isTopActivityNoDisplay=false isSleeping=false locusId=null displayAreaFeatureId=1 isTopActivityTransparent=true isActivityStackTransparent=false lastNonFullscreenBounds=Rect(284, 660 - 796, 1740) capturedLink=null capturedLinkTimestamp=0 requestedVisibleTypes=-9 topActivityRequestOpenInBrowserEducationTimestamp=0 appCompatTaskInfo=AppCompatTaskInfo { topActivityInSizeCompat=false eligibleForLetterboxEducation= false isLetterboxEducationEnabled= true isLetterboxDoubleTapEnabled= false eligibleForUserAspectRatioButton= false topActivityBoundsLetterboxed= false isFromLetterboxDoubleTap= false topActivityLetterboxVerticalPosition= -1 topActivityLetterboxHorizontalPosition= -1 topActivityLetterboxWidth=-1 topActivityLetterboxHeight=-1 topActivityAppBounds=Rect(0, 0 - 1080, 2337) isUserFullscreenOverrideEnabled=false isSystemFullscreenOverrideEnabled=false hasMinAspectRatioOverride=false topActivityLetterboxBounds=null cameraCompatTaskInfo=CameraCompatTaskInfo { freeformCameraCompatMode=inactive}} topActivityMainWindowFrame=null}, pipChange = null, remoteTransition = null, displayChange = null, flags = 0, debugId = 40 }
10-05 06:38:52.396   704   728 V WindowManager:     startWCT=WindowContainerTransaction { changes= {} hops= [] errorCallbackToken=null taskFragmentOrganizer=null }
10-05 06:38:52.396   704   728 V WindowManager:     info={id=40 t=OPEN f=0x0 trk=0 r=[0@Point(0, 0)] c=[
10-05 06:38:52.396   704   728 V WindowManager:         {m=OPEN f=TRANSLUCENT|FILLS_TASK leash=Surface(name=ActivityRecord{245430721 u0 com.follgramer.diamantesproplayersgo/com.google.android.gms.ads.AdActivity)/@0xbab3d4a sb=Rect(0, 0 - 0, 0) eb=Rect(0, 0 - 1080, 2400) epz=Point(1080, 2400) d=-1->0 r=-1->0:-1 bc=ff000000 component=com.follgramer.diamantesproplayersgo/com.google.android.gms.ads.AdActivity opt={t=FROM_STYLE mUserId=0}}
10-05 06:38:52.396   704   728 V WindowManager:     ]}
10-05 06:38:52.396   957  1079 V ShellRecents: RecentsTransitionHandler.startAnimation: no controller found
10-05 06:38:52.396   957  1079 V WindowManagerShell: Transition doesn't have explicit remote, search filters for match for {id=40 t=OPEN f=0x0 trk=0 r=[0@Point(0, 0)] c=[{m=OPEN f=TRANSLUCENT|FILLS_TASK leash=Surface(name=ActivityRecord{245430721 u0 com.follgramer.diamantesproplayersgo/com.google.android.gms.ads.AdActivity)/@0xee2cdc4 sb=Rect(0, 0 - 0, 0) eb=Rect(0, 0 - 1080, 2400) epz=Point(1080, 2400) d=-1->0 r=-1->0:-1 bc=ff000000 component=com.follgramer.diamantesproplayersgo/com.google.android.gms.ads.AdActivity opt={t=FROM_STYLE mUserId=0}}]}
10-05 06:38:52.396   957  1079 V WindowManagerShell:  Checking filter Pair{{types=[] flags=0x0] notFlags=0x0 checks=[{atype=undefined independent=true modes=[CLOSE,TO_BACK] flags=IN_TASK_WITH_EMBEDDED_ACTIVITY mustBeTask=false order=ANY topActivity=null launchCookie=null taskFragmentToken=android.os.BinderProxy@e3ddefe windowingMode=undefined}]} RemoteTransition { remoteTransition = android.window.IRemoteTransition$Stub$Proxy@bd865f, appThread = android.app.IApplicationThread$Stub$Proxy@c1d58ac, debugName = overlayBackTransition }}
10-05 06:38:52.397   957  1079 V WindowManagerShell:  Checking filter Pair{{types=[] flags=0x0] notFlags=0x0 checks=[{atype=dream independent=true modes=[OPEN,TO_FRONT] flags=NONE mustBeTask=false order=ANY topActivity=null launchCookie=null windowingMode=undefined},{atype=home independent=true modes=[CLOSE,TO_BACK] flags=NONE mustBeTask=false order=ANY topActivity=null launchCookie=null windowingMode=undefined}]} RemoteTransition { remoteTransition = android.window.IRemoteTransition$Stub$Proxy@a8b5975, appThread = android.app.IApplicationThread$Stub$Proxy@814ed0a, debugName = LauncherToDream }}
10-05 06:38:52.397   957  1079 V WindowManagerShell:  Checking filter Pair{{types=[] flags=0x0] notFlags=0x100 checks=[{atype=home independent=true modes=[OPEN,TO_FRONT] flags=NONE mustBeTask=false order=TOP topActivity=ComponentInfo{com.google.android.apps.nexuslauncher/com.google.android.apps.nexuslauncher.NexusLauncherActivity} launchCookie=null windowingMode=undefined},{atype=standard independent=true modes=[CLOSE,TO_BACK] flags=NONE mustBeTask=false order=ANY topActivity=null launchCookie=null windowingMode=undefined},{NOT atype=undefined independent=true modes=[] flags=NONE mustBeTask=true order=ANY topActivity=null launchCookie=null customAnim=true windowingMode=undefined}]} RemoteTransition { remoteTransition = android.window.IRemoteTransition$Stub$Proxy@de297b, appThread = android.app.IApplicationThread$Stub$Proxy@f5d5398, debugName = QuickstepLaunchHome }}
10-05 06:38:52.397   957  1079 V WindowManagerShell:  Delegate animation for (#40) to null
10-05 06:38:52.397   957  1079 V WindowManagerShell: start default transition animation, info = {id=40 t=OPEN f=0x0 trk=0 r=[0@Point(0, 0)] c=[{m=OPEN f=TRANSLUCENT|FILLS_TASK leash=Surface(name=ActivityRecord{245430721 u0 com.follgramer.diamantesproplayersgo/com.google.android.gms.ads.AdActivity)/@0xee2cdc4 sb=Rect(0, 0 - 0, 0) eb=Rect(0, 0 - 1080, 2400) epz=Point(1080, 2400) d=-1->0 r=-1->0:-1 bc=ff000000 component=com.follgramer.diamantesproplayersgo/com.google.android.gms.ads.AdActivity opt={t=FROM_STYLE mUserId=0}}]}
10-05 06:38:52.404   957  1079 V WindowManagerShell: loadAnimation: anim=null animAttr=0x4 type=OPEN isEntrance=true
10-05 06:38:52.405   957  1079 V WindowManagerShell: Transition animation finished (aborted=false), notifying core (#40) android.os.BinderProxy@573271@0
10-05 06:38:52.407   704   728 V WindowManager: Finish Transition (#40): created at 10-05 06:38:52.208 collect-started=0.423ms request-sent=4.949ms started=9.466ms ready=25.459ms sent=186.765ms finished=198.745ms
10-05 06:38:52.412   957  1079 V WindowManagerShell: Track 0 became idle
10-05 06:38:52.412   957  1079 V WindowManagerShell: All active transition animations finished
10-05 06:38:52.412   957  1079 V WindowManagerShell:  animated by com.android.wm.shell.transition.DefaultTransitionHandler@8ae066e
10-05 06:38:52.412   957  1079 V WindowManagerShell: Track 0 became idle
10-05 06:38:52.412   957  1079 V WindowManagerShell: All active transition animations finished
10-05 06:38:52.442   704   825 I ImeTracker: com.follgramer.diamantesproplayersgo:b292efd: onRequestHide at ORIGIN_SERVER reason HIDE_UNSPECIFIED_WINDOW fromUser false
10-05 06:38:52.444  1421  1421 I GoogleInputMethodService: GoogleInputMethodService.onFinishInput():2043 
10-05 06:38:52.446   704  1649 I ImeTracker: system_server:e138555b: onRequestHide at ORIGIN_SERVER reason IME_REQUESTED_CHANGED_LISTENER fromUser false
10-05 06:38:52.447  1421  1421 I Module  : DeviceLockedStatusModuleProvider$Module.updateDeviceLockedStatus():100 repeatCheckTimes = 0, locked = false
10-05 06:38:52.447   704   731 I ImeTracker: system_server:e138555b: onCancelled at PHASE_SERVER_SHOULD_HIDE
10-05 06:38:52.451  1421  1421 I GoogleInputMethodService: GoogleInputMethodService.onStartInput():1293 onStartInput(EditorInfo{EditorInfo{packageName=com.follgramer.diamantesproplayersgo, inputType=0, inputTypeString=NULL, enableLearning=false, autoCorrection=false, autoComplete=false, imeOptions=0, privateImeOptions=null, actionName=UNSPECIFIED, actionLabel=null, initialSelStart=-1, initialSelEnd=-1, initialCapsMode=0, label=null, fieldId=0, fieldName=null, extras=null, hintText=null, hintLocales=[]}}, false)
10-05 06:38:52.452  1421  1421 I EmojiCompatManager: EmojiCompatManager.getEmojiCompatIfLoaded():343 EmojiCompat.init() was never called.
10-05 06:38:52.452  1421  1421 I EmojiCompatManager: java.lang.IllegalStateException: EmojiCompat is not initialized. Please call EmojiCompat.init() first
10-05 06:38:52.452  1421  1421 I EmojiCompatManager: 	at asx.p(PG:6)
10-05 06:38:52.452  1421  1421 I EmojiCompatManager: 	at axb.b(PG:13)
10-05 06:38:52.452  1421  1421 I EmojiCompatManager: 	at jnr.b(PG:2)
10-05 06:38:52.452  1421  1421 I EmojiCompatManager: 	at jnr.c(PG:4)
10-05 06:38:52.452  1421  1421 I EmojiCompatManager: 	at jnr.f(PG:3)
10-05 06:38:52.452  1421  1421 I EmojiCompatManager: 	at jnx.c(PG:3)
10-05 06:38:52.452  1421  1421 I EmojiCompatManager: 	at kif.cz(PG:47)
10-05 06:38:52.452  1421  1421 I EmojiCompatManager: 	at lhl.run(PG:1025)
10-05 06:38:52.452  1421  1421 I EmojiCompatManager: 	at jaf.execute(PG:12)
10-05 06:38:52.452  1421  1421 I EmojiCompatManager: 	at nco.v(PG:13)
10-05 06:38:52.452  1421  1421 I EmojiCompatManager: 	at lhn.m(PG:96)
10-05 06:38:52.452  1421  1421 I EmojiCompatManager: 	at lhn.k(PG:25)
10-05 06:38:52.452  1421  1421 I EmojiCompatManager: 	at kgn.onStartInput(PG:250)
10-05 06:38:52.452  1421  1421 I EmojiCompatManager: 	at android.inputmethodservice.InputMethodService.doStartInput(InputMethodService.java:3521)
10-05 06:38:52.452  1421  1421 I EmojiCompatManager: 	at android.inputmethodservice.InputMethodService$InputMethodImpl.startInput(InputMethodService.java:879)
10-05 06:38:52.452  1421  1421 I EmojiCompatManager: 	at android.inputmethodservice.InputMethodService$InputMethodImpl.dispatchStartInput(InputMethodService.java:908)
10-05 06:38:52.452  1421  1421 I EmojiCompatManager: 	at android.inputmethodservice.IInputMethodWrapper.executeMessage(IInputMethodWrapper.java:201)
10-05 06:38:52.452  1421  1421 I EmojiCompatManager: 	at com.android.internal.os.HandlerCaller$MyHandler.handleMessage(HandlerCaller.java:44)
10-05 06:38:52.452  1421  1421 I EmojiCompatManager: 	at android.os.Handler.dispatchMessage(Handler.java:110)
10-05 06:38:52.452  1421  1421 I EmojiCompatManager: 	at android.os.Looper.loopOnce(Looper.java:248)
10-05 06:38:52.452  1421  1421 I EmojiCompatManager: 	at android.os.Looper.loop(Looper.java:338)
10-05 06:38:52.452  1421  1421 I EmojiCompatManager: 	at android.app.ActivityThread.main(ActivityThread.java:9067)
10-05 06:38:52.452  1421  1421 I EmojiCompatManager: 	at java.lang.reflect.Method.invoke(Native Method)
10-05 06:38:52.452  1421  1421 I EmojiCompatManager: 	at com.android.internal.os.RuntimeInit$MethodAndArgsCaller.run(RuntimeInit.java:593)
10-05 06:38:52.452  1421  1421 I EmojiCompatManager: 	at com.android.internal.os.ZygoteInit.main(ZygoteInit.java:932)
10-05 06:38:52.454  1421  1421 I Module  : DeviceLockedStatusModuleProvider$Module.updateDeviceLockedStatus():100 repeatCheckTimes = 1, locked = false
10-05 06:38:52.456   704   722 W PackageConfigPersister: App-specific configuration not found for packageName: com.follgramer.diamantesproplayersgo and userId: 0
10-05 06:38:52.477  9951  9951 D InsetsController: hide(ime(), fromIme=false)
10-05 06:38:52.478  9951  9951 I ImeTracker: com.follgramer.diamantesproplayersgo:b292efd: onCancelled at PHASE_CLIENT_ALREADY_HIDDEN
10-05 06:38:52.601  9951  9956 I tesproplayersgo: Background concurrent mark compact GC freed 10MB AllocSpace bytes, 99(2848KB) LOS objects, 49% free, 14MB/29MB, paused 6.436ms,5.129ms total 119.594ms
10-05 06:38:52.641   704   731 W IPCThreadState: Sending oneway calls to frozen process.
10-05 06:38:52.641   704   731 W IPCThreadState: Sending oneway calls to frozen process.
10-05 06:38:52.754  9951  9951 E Ads     : JS: Uncaught (in promise) TypeError: this.Fc is not a function (https://googleads.g.doubleclick.net/mads/mraid.js:137)
10-05 06:38:52.754  9951  9951 I chromium: [INFO:CONSOLE:137] "Uncaught (in promise) TypeError: this.Fc is not a function", source: https://googleads.g.doubleclick.net/mads/mraid.js (137)
10-05 06:38:52.783  1291  1291 D BoundBrokerSvc: onUnbind: Intent { act=com.google.android.gms.common.telemetry.service.START dat=chimera-action:/... xflg=0x4 cmp=com.google.android.gms/.chimera.PersistentApiService }
10-05 06:38:52.838  9951 10225 W InteractionJankMonitor: Initializing without READ_DEVICE_CONFIG permission. enabled=false, interval=1, missedFrameThreshold=3, frameTimeThreshold=64, package=com.follgramer.diamantesproplayersgo
10-05 06:38:53.455   704   806 D ActivityManager: freezing 2369 com.google.android.gms.unstable
10-05 06:38:53.696   704   806 D ActivityManager: freezing 5629 com.google.android.permissioncontroller
10-05 06:38:53.700   704   863 D InetDiagMessage: Destroyed 0 sockets, proto=IPPROTO_TCP, family=AF_INET, states=14
10-05 06:38:53.700   704   863 D InetDiagMessage: Destroyed 0 sockets, proto=IPPROTO_TCP, family=AF_INET6, states=14
10-05 06:38:53.701   704   863 D InetDiagMessage: Destroyed live tcp sockets for uids={10215} in 1ms
10-05 06:38:53.751  9951  9951 E Ads     : JS: Uncaught (in promise) TypeError: this.Fc is not a function (https://googleads.g.doubleclick.net/mads/mraid.js:137)
10-05 06:38:53.751  9951  9951 I chromium: [INFO:CONSOLE:137] "Uncaught (in promise) TypeError: this.Fc is not a function", source: https://googleads.g.doubleclick.net/mads/mraid.js (137)
10-05 06:38:53.938  9951  9951 D MainActivity: Badge updated: 0
10-05 06:38:54.752  9951  9951 E Ads     : JS: Uncaught (in promise) TypeError: this.Fc is not a function (https://googleads.g.doubleclick.net/mads/mraid.js:137)
10-05 06:38:54.752  9951  9951 I chromium: [INFO:CONSOLE:137] "Uncaught (in promise) TypeError: this.Fc is not a function", source: https://googleads.g.doubleclick.net/mads/mraid.js (137)
10-05 06:38:54.910   489  7006 D android.hardware.audio@7.1-impl.ranchu: threadLoop: entering standby, frames: 2612288
10-05 06:38:54.910   489  7006 D android.hardware.audio@7.1-impl.ranchu: ~TinyalsaSink: joining consumeThread
10-05 06:38:54.932   489 10220 D android.hardware.audio@7.1-impl.ranchu: consumeThread: exiting
10-05 06:38:54.932   489  7006 D android.hardware.audio@7.1-impl.ranchu: ~TinyalsaSink: stopping PCM stream
10-05 06:38:55.750  9951  9951 E Ads     : JS: Uncaught (in promise) TypeError: this.Fc is not a function (https://googleads.g.doubleclick.net/mads/mraid.js:137)
10-05 06:38:55.750  9951  9951 I chromium: [INFO:CONSOLE:137] "Uncaught (in promise) TypeError: this.Fc is not a function", source: https://googleads.g.doubleclick.net/mads/mraid.js (137)
10-05 06:38:56.753  9951  9951 E Ads     : JS: Uncaught (in promise) TypeError: this.Fc is not a function (https://googleads.g.doubleclick.net/mads/mraid.js:137)
10-05 06:38:56.753  9951  9951 I chromium: [INFO:CONSOLE:137] "Uncaught (in promise) TypeError: this.Fc is not a function", source: https://googleads.g.doubleclick.net/mads/mraid.js (137)
10-05 06:38:57.748  9951  9951 E Ads     : JS: Uncaught (in promise) TypeError: this.Fc is not a function (https://googleads.g.doubleclick.net/mads/mraid.js:137)
10-05 06:38:57.748  9951  9951 I chromium: [INFO:CONSOLE:137] "Uncaught (in promise) TypeError: this.Fc is not a function", source: https://googleads.g.doubleclick.net/mads/mraid.js (137)
10-05 06:38:58.243  5673  5673 D BoundBrokerSvc: onUnbind: Intent { act=com.google.android.gms.safebrowsing.SafeBrowsingService.START dat=chimera-action:/... xflg=0x4 cmp=com.google.android.gms/.chimera.GmsBoundBrokerService }
10-05 06:38:58.263  1421  1421 I GoogleInputMethodService: GoogleInputMethodService.onFinishInput():2043 
10-05 06:38:58.264  1421  1421 I Module  : DeviceLockedStatusModuleProvider$Module.updateDeviceLockedStatus():100 repeatCheckTimes = 0, locked = false
10-05 06:38:58.266  1421  1421 I GoogleInputMethodService: GoogleInputMethodService.onStartInput():1293 onStartInput(EditorInfo{EditorInfo{packageName=com.follgramer.diamantesproplayersgo, inputType=0, inputTypeString=NULL, enableLearning=false, autoCorrection=false, autoComplete=false, imeOptions=12000000, privateImeOptions=null, actionName=UNSPECIFIED, actionLabel=null, initialSelStart=-1, initialSelEnd=-1, initialCapsMode=0, label=null, fieldId=0, fieldName=null, extras=null, hintText=null, hintLocales=[]}}, false)
10-05 06:38:58.267  1421  1421 I EmojiCompatManager: EmojiCompatManager.getEmojiCompatIfLoaded():343 EmojiCompat.init() was never called.
10-05 06:38:58.267  1421  1421 I EmojiCompatManager: java.lang.IllegalStateException: EmojiCompat is not initialized. Please call EmojiCompat.init() first
10-05 06:38:58.267  1421  1421 I EmojiCompatManager: 	at asx.p(PG:6)
10-05 06:38:58.267  1421  1421 I EmojiCompatManager: 	at axb.b(PG:13)
10-05 06:38:58.267  1421  1421 I EmojiCompatManager: 	at jnr.b(PG:2)
10-05 06:38:58.267  1421  1421 I EmojiCompatManager: 	at jnr.c(PG:4)
10-05 06:38:58.267  1421  1421 I EmojiCompatManager: 	at jnr.f(PG:3)
10-05 06:38:58.267  1421  1421 I EmojiCompatManager: 	at jnx.c(PG:3)
10-05 06:38:58.267  1421  1421 I EmojiCompatManager: 	at kif.cz(PG:47)
10-05 06:38:58.267  1421  1421 I EmojiCompatManager: 	at lhl.run(PG:1025)
10-05 06:38:58.267  1421  1421 I EmojiCompatManager: 	at jaf.execute(PG:12)
10-05 06:38:58.267  1421  1421 I EmojiCompatManager: 	at nco.v(PG:13)
10-05 06:38:58.267  1421  1421 I EmojiCompatManager: 	at lhn.m(PG:96)
10-05 06:38:58.267  1421  1421 I EmojiCompatManager: 	at lhn.k(PG:25)
10-05 06:38:58.267  1421  1421 I EmojiCompatManager: 	at kgn.onStartInput(PG:250)
10-05 06:38:58.267  1421  1421 I EmojiCompatManager: 	at android.inputmethodservice.InputMethodService.doStartInput(InputMethodService.java:3521)
10-05 06:38:58.267  1421  1421 I EmojiCompatManager: 	at android.inputmethodservice.InputMethodService$InputMethodImpl.startInput(InputMethodService.java:879)
10-05 06:38:58.267  1421  1421 I EmojiCompatManager: 	at android.inputmethodservice.InputMethodService$InputMethodImpl.dispatchStartInput(InputMethodService.java:908)
10-05 06:38:58.267  1421  1421 I EmojiCompatManager: 	at android.inputmethodservice.IInputMethodWrapper.executeMessage(IInputMethodWrapper.java:201)
10-05 06:38:58.267  1421  1421 I EmojiCompatManager: 	at com.android.internal.os.HandlerCaller$MyHandler.handleMessage(HandlerCaller.java:44)
10-05 06:38:58.267  1421  1421 I EmojiCompatManager: 	at android.os.Handler.dispatchMessage(Handler.java:110)
10-05 06:38:58.267  1421  1421 I EmojiCompatManager: 	at android.os.Looper.loopOnce(Looper.java:248)
10-05 06:38:58.267  1421  1421 I EmojiCompatManager: 	at android.os.Looper.loop(Looper.java:338)
10-05 06:38:58.267  1421  1421 I EmojiCompatManager: 	at android.app.ActivityThread.main(ActivityThread.java:9067)
10-05 06:38:58.267  1421  1421 I EmojiCompatManager: 	at java.lang.reflect.Method.invoke(Native Method)
10-05 06:38:58.267  1421  1421 I EmojiCompatManager: 	at com.android.internal.os.RuntimeInit$MethodAndArgsCaller.run(RuntimeInit.java:593)
10-05 06:38:58.267  1421  1421 I EmojiCompatManager: 	at com.android.internal.os.ZygoteInit.main(ZygoteInit.java:932)
10-05 06:38:58.269   957  1079 V WindowManagerShell: Transition requested (#41): android.os.BinderProxy@cb263e2 TransitionRequestInfo { type = CLOSE, triggerTask = null, pipChange = null, remoteTransition = null, displayChange = null, flags = 0, debugId = 41 }
10-05 06:38:58.269  1421  1421 I Module  : DeviceLockedStatusModuleProvider$Module.updateDeviceLockedStatus():100 repeatCheckTimes = 1, locked = false
10-05 06:38:58.272   704   722 W PackageConfigPersister: App-specific configuration not found for packageName: com.follgramer.diamantesproplayersgo and userId: 0
10-05 06:38:58.279  9951  9951 D AdManager: Interstitial cerrado
10-05 06:38:58.280  9951  9951 D MainActivity: Intersticial cerrado
10-05 06:38:58.281   554   554 I BpBinder: onLastStrongRef automatically unlinking death recipients: 
10-05 06:38:58.289   704   912 D BackgroundInstallControlService: Package event received: 0
10-05 06:38:58.291   704   912 D BackgroundInstallControlService: Package event received: 0
10-05 06:38:58.292   704   912 D BackgroundInstallControlService: Package event received: 0
10-05 06:38:58.293   957  7165 V WindowManagerShell: onTransitionReady(transaction=3023656977853)
10-05 06:38:58.293   957  1079 V WindowManagerShell: onTransitionReady (#41) android.os.BinderProxy@cb263e2: {id=41 t=CLOSE f=0x0 trk=0 r=[0@Point(0, 0)] c=[
10-05 06:38:58.293   957  1079 V WindowManagerShell:         {m=CLOSE f=TRANSLUCENT|FILLS_TASK leash=Surface(name=ActivityRecord{245430721 u0 com.follgramer.diamantesproplayersgo/com.google.android.gms.ads.AdActivity)/@0x52f9373 sb=Rect(0, 0 - 1080, 2400) eb=Rect(0, 0 - 1080, 2400) epz=Point(1080, 2400) d=0 bc=ff000000 component=com.follgramer.diamantesproplayersgo/com.google.android.gms.ads.AdActivity opt={t=FROM_STYLE mUserId=0}}
10-05 06:38:58.293   957  1079 V WindowManagerShell:     ]}
10-05 06:38:58.293   957  1079 V WindowManagerShell: Playing animation for (#41) android.os.BinderProxy@cb263e2@0
10-05 06:38:58.294   704   728 V WindowManager: Sent Transition (#41) createdAt=10-05 06:38:58.267 via request=TransitionRequestInfo { type = CLOSE, triggerTask = null, pipChange = null, remoteTransition = null, displayChange = null, flags = 0, debugId = 41 }
10-05 06:38:58.294   704   728 V WindowManager:     startWCT=WindowContainerTransaction { changes= {} hops= [] errorCallbackToken=null taskFragmentOrganizer=null }
10-05 06:38:58.294   704   728 V WindowManager:     info={id=41 t=CLOSE f=0x0 trk=0 r=[0@Point(0, 0)] c=[
10-05 06:38:58.294   704   728 V WindowManager:         {m=CLOSE f=TRANSLUCENT|FILLS_TASK leash=Surface(name=ActivityRecord{245430721 u0 com.follgramer.diamantesproplayersgo/com.google.android.gms.ads.AdActivity)/@0xbab3d4a sb=Rect(0, 0 - 1080, 2400) eb=Rect(0, 0 - 1080, 2400) epz=Point(1080, 2400) d=0 bc=ff000000 component=com.follgramer.diamantesproplayersgo/com.google.android.gms.ads.AdActivity opt={t=FROM_STYLE mUserId=0}}
10-05 06:38:58.294   704   728 V WindowManager:     ]}
10-05 06:38:58.295   957  1079 V ShellRecents: RecentsTransitionHandler.startAnimation: no controller found
10-05 06:38:58.295   957  1079 V WindowManagerShell: Transition doesn't have explicit remote, search filters for match for {id=41 t=CLOSE f=0x0 trk=0 r=[0@Point(0, 0)] c=[{m=CLOSE f=TRANSLUCENT|FILLS_TASK leash=Surface(name=ActivityRecord{245430721 u0 com.follgramer.diamantesproplayersgo/com.google.android.gms.ads.AdActivity)/@0x52f9373 sb=Rect(0, 0 - 1080, 2400) eb=Rect(0, 0 - 1080, 2400) epz=Point(1080, 2400) d=0 bc=ff000000 component=com.follgramer.diamantesproplayersgo/com.google.android.gms.ads.AdActivity opt={t=FROM_STYLE mUserId=0}}]}
10-05 06:38:58.295   957  1079 V WindowManagerShell:  Checking filter Pair{{types=[] flags=0x0] notFlags=0x0 checks=[{atype=undefined independent=true modes=[CLOSE,TO_BACK] flags=IN_TASK_WITH_EMBEDDED_ACTIVITY mustBeTask=false order=ANY topActivity=null launchCookie=null taskFragmentToken=android.os.BinderProxy@e3ddefe windowingMode=undefined}]} RemoteTransition { remoteTransition = android.window.IRemoteTransition$Stub$Proxy@bd865f, appThread = android.app.IApplicationThread$Stub$Proxy@c1d58ac, debugName = overlayBackTransition }}
10-05 06:38:58.295   957  1079 V WindowManagerShell:  Checking filter Pair{{types=[] flags=0x0] notFlags=0x0 checks=[{atype=dream independent=true modes=[OPEN,TO_FRONT] flags=NONE mustBeTask=false order=ANY topActivity=null launchCookie=null windowingMode=undefined},{atype=home independent=true modes=[CLOSE,TO_BACK] flags=NONE mustBeTask=false order=ANY topActivity=null launchCookie=null windowingMode=undefined}]} RemoteTransition { remoteTransition = android.window.IRemoteTransition$Stub$Proxy@a8b5975, appThread = android.app.IApplicationThread$Stub$Proxy@814ed0a, debugName = LauncherToDream }}
